HXR:PCLCLSGeneral:GlobalLogTrickleTrip_RBV
HXR:PCLCLSGeneral:LogHost_RBV
HXR:PCLCLSGeneral:LogHost
HXR:PCLCLSGeneral:LogPort_RBV
HXR:PCLCLSGeneral:LogPort
HXR:PCLCLSGeneral:LogMessageCount_RBV
HXR:PCDB:REFRESH_RBV
HXR:PCDB:REFRESH
HXR:PCDB:LAST_REFRESH_RBV
HXR:PCAccumulatedFastFaults_RBV
HXR:PCSuccessfulPreemptions_RBV
HXR:PC0RateBeamCnst:Veto_RBV
HXR:PC0RateBeamCnst:Apt:01:Height_RBV
HXR:PC0RateBeamCnst:Apt:01:Width_RBV
HXR:PC0RateBeamCnst:Apt:01:OK_RBV
HXR:PC0RateBeamCnst:Apt:02:Height_RBV
HXR:PC0RateBeamCnst:Apt:02:Width_RBV
HXR:PC0RateBeamCnst:Apt:02:OK_RBV
HXR:PC0RateBeamCnst:Apt:03:Height_RBV
HXR:PC0RateBeamCnst:Apt:03:Width_RBV
HXR:PC0RateBeamCnst:Apt:03:OK_RBV
HXR:PC0RateBeamCnst:Apt:04:Height_RBV
HXR:PC0RateBeamCnst:Apt:04:Width_RBV
HXR:PC0RateBeamCnst:Apt:04:OK_RBV
HXR:PC0RateBeamCnst:BeamClassRanges_RBV
HXR:PC0RateBeamCnst:BeamClass_RBV
HXR:PC0RateBeamCnst:Cohort_RBV
HXR:PC0RateBeamCnst:MachineMode_RBV
HXR:PC0RateBeamCnst:Rate_RBV
HXR:PC0RateBeamCnst:Transmission_RBV
HXR:PC0RateBeamCnst:PhotonEnergy_RBV
HXR:PC0RateBeamCnst:eVRanges_RBV
HXR:PC0RateBeamCnst:Valid_RBV
HXR:PCFullBeamCnst:Veto_RBV
HXR:PCFullBeamCnst:Apt:01:Height_RBV
HXR:PCFullBeamCnst:Apt:01:Width_RBV
HXR:PCFullBeamCnst:Apt:01:OK_RBV
HXR:PCFullBeamCnst:Apt:02:Height_RBV
HXR:PCFullBeamCnst:Apt:02:Width_RBV
HXR:PCFullBeamCnst:Apt:02:OK_RBV
HXR:PCFullBeamCnst:Apt:03:Height_RBV
HXR:PCFullBeamCnst:Apt:03:Width_RBV
HXR:PCFullBeamCnst:Apt:03:OK_RBV
HXR:PCFullBeamCnst:Apt:04:Height_RBV
HXR:PCFullBeamCnst:Apt:04:Width_RBV
HXR:PCFullBeamCnst:Apt:04:OK_RBV
HXR:PCFullBeamCnst:BeamClassRanges_RBV
HXR:PCFullBeamCnst:BeamClass_RBV
HXR:PCFullBeamCnst:Cohort_RBV
HXR:PCFullBeamCnst:MachineMode_RBV
HXR:PCFullBeamCnst:Rate_RBV
HXR:PCFullBeamCnst:Transmission_RBV
HXR:PCFullBeamCnst:PhotonEnergy_RBV
HXR:PCFullBeamCnst:eVRanges_RBV
HXR:PCFullBeamCnst:Valid_RBV
HXR:PCeVRangeCnst_RBV
HXR:PCK:eVRangeCnst_RBV
HXR:PCL:eVRangeCnst_RBV
HXR:PCeVRangeHyst_RBV
HXR:PCCurrentBP:Veto_RBV
HXR:PCCurrentBP:Apt:01:Height_RBV
HXR:PCCurrentBP:Apt:01:Width_RBV
HXR:PCCurrentBP:Apt:01:OK_RBV
HXR:PCCurrentBP:Apt:02:Height_RBV
HXR:PCCurrentBP:Apt:02:Width_RBV
HXR:PCCurrentBP:Apt:02:OK_RBV
HXR:PCCurrentBP:Apt:03:Height_RBV
HXR:PCCurrentBP:Apt:03:Width_RBV
HXR:PCCurrentBP:Apt:03:OK_RBV
HXR:PCCurrentBP:Apt:04:Height_RBV
HXR:PCCurrentBP:Apt:04:Width_RBV
HXR:PCCurrentBP:Apt:04:OK_RBV
HXR:PCCurrentBP:BeamClassRanges_RBV
HXR:PCCurrentBP:BeamClass_RBV
HXR:PCCurrentBP:Cohort_RBV
HXR:PCCurrentBP:MachineMode_RBV
HXR:PCCurrentBP:Rate_RBV
HXR:PCCurrentBP:Transmission_RBV
HXR:PCCurrentBP:PhotonEnergy_RBV
HXR:PCCurrentBP:eVRanges_RBV
HXR:PCCurrentBP:Valid_RBV
HXR:PCRequestedBP:Veto_RBV
HXR:PCRequestedBP:Apt:01:Height_RBV
HXR:PCRequestedBP:Apt:01:Width_RBV
HXR:PCRequestedBP:Apt:01:OK_RBV
HXR:PCRequestedBP:Apt:02:Height_RBV
HXR:PCRequestedBP:Apt:02:Width_RBV
HXR:PCRequestedBP:Apt:02:OK_RBV
HXR:PCRequestedBP:Apt:03:Height_RBV
HXR:PCRequestedBP:Apt:03:Width_RBV
HXR:PCRequestedBP:Apt:03:OK_RBV
HXR:PCRequestedBP:Apt:04:Height_RBV
HXR:PCRequestedBP:Apt:04:Width_RBV
HXR:PCRequestedBP:Apt:04:OK_RBV
HXR:PCRequestedBP:BeamClassRanges_RBV
HXR:PCRequestedBP:BeamClass_RBV
HXR:PCRequestedBP:Cohort_RBV
HXR:PCRequestedBP:MachineMode_RBV
HXR:PCRequestedBP:Rate_RBV
HXR:PCRequestedBP:Transmission_RBV
HXR:PCRequestedBP:PhotonEnergy_RBV
HXR:PCRequestedBP:eVRanges_RBV
HXR:PCRequestedBP:Valid_RBV
HXR:PC:01:EL5042:COE:CRCInvCh1:Goal_RBV
HXR:PC:01:EL5042:COE:CRCInvCh1:Goal
HXR:PC:01:EL5042:COE:CRCInvCh1:Val_RBV
HXR:PC:01:EL5042:COE:CRCInvCh1:Acc_RBV
HXR:PC:01:EL5042:COE:CRCInvCh1:Desc_RBV
HXR:PC:01:EL5042:COE:CRCInvCh1:Name_RBV
HXR:PC:01:EL5042:COE:CRCInvCh1:TLastUp_RBV
HXR:PC:01:EL5042:COE:CRCInvCh1:EU_RBV
HXR:PC:01:EL5042:COE:CRCInvCh2:Goal_RBV
HXR:PC:01:EL5042:COE:CRCInvCh2:Goal
HXR:PC:01:EL5042:COE:CRCInvCh2:Val_RBV
HXR:PC:01:EL5042:COE:CRCInvCh2:Acc_RBV
HXR:PC:01:EL5042:COE:CRCInvCh2:Desc_RBV
HXR:PC:01:EL5042:COE:CRCInvCh2:Name_RBV
HXR:PC:01:EL5042:COE:CRCInvCh2:TLastUp_RBV
HXR:PC:01:EL5042:COE:CRCInvCh2:EU_RBV
HXR:PC:01:EL5042:COE:CRCPolyCh1:Goal_RBV
HXR:PC:01:EL5042:COE:CRCPolyCh1:Goal
HXR:PC:01:EL5042:COE:CRCPolyCh1:Val_RBV
HXR:PC:01:EL5042:COE:CRCPolyCh1:Acc_RBV
HXR:PC:01:EL5042:COE:CRCPolyCh1:Desc_RBV
HXR:PC:01:EL5042:COE:CRCPolyCh1:Name_RBV
HXR:PC:01:EL5042:COE:CRCPolyCh1:TLastUp_RBV
HXR:PC:01:EL5042:COE:CRCPolyCh1:EU_RBV
HXR:PC:01:EL5042:COE:CRCPolyCh2:Goal_RBV
HXR:PC:01:EL5042:COE:CRCPolyCh2:Goal
HXR:PC:01:EL5042:COE:CRCPolyCh2:Val_RBV
HXR:PC:01:EL5042:COE:CRCPolyCh2:Acc_RBV
HXR:PC:01:EL5042:COE:CRCPolyCh2:Desc_RBV
HXR:PC:01:EL5042:COE:CRCPolyCh2:Name_RBV
HXR:PC:01:EL5042:COE:CRCPolyCh2:TLastUp_RBV
HXR:PC:01:EL5042:COE:CRCPolyCh2:EU_RBV
HXR:PC:01:EL5042:COE:ClkFreqCh1:Goal_RBV
HXR:PC:01:EL5042:COE:ClkFreqCh1:Goal
HXR:PC:01:EL5042:COE:ClkFreqCh1:Val_RBV
HXR:PC:01:EL5042:COE:ClkFreqCh1:Acc_RBV
HXR:PC:01:EL5042:COE:ClkFreqCh1:Desc_RBV
HXR:PC:01:EL5042:COE:ClkFreqCh1:Name_RBV
HXR:PC:01:EL5042:COE:ClkFreqCh1:TLastUp_RBV
HXR:PC:01:EL5042:COE:ClkFreqCh1:EU_RBV
HXR:PC:01:EL5042:COE:ClkFreqCh2:Goal_RBV
HXR:PC:01:EL5042:COE:ClkFreqCh2:Goal
HXR:PC:01:EL5042:COE:ClkFreqCh2:Val_RBV
HXR:PC:01:EL5042:COE:ClkFreqCh2:Acc_RBV
HXR:PC:01:EL5042:COE:ClkFreqCh2:Desc_RBV
HXR:PC:01:EL5042:COE:ClkFreqCh2:Name_RBV
HXR:PC:01:EL5042:COE:ClkFreqCh2:TLastUp_RBV
HXR:PC:01:EL5042:COE:ClkFreqCh2:EU_RBV
HXR:PC:01:EL5042:COE:CodeWord:Goal_RBV
HXR:PC:01:EL5042:COE:CodeWord:Goal
HXR:PC:01:EL5042:COE:CodeWord:Val_RBV
HXR:PC:01:EL5042:COE:CodeWord:Acc_RBV
HXR:PC:01:EL5042:COE:CodeWord:Desc_RBV
HXR:PC:01:EL5042:COE:CodeWord:Name_RBV
HXR:PC:01:EL5042:COE:CodeWord:TLastUp_RBV
HXR:PC:01:EL5042:COE:CodeWord:EU_RBV
HXR:PC:01:EL5042:COE:CodingCh1:Goal_RBV
HXR:PC:01:EL5042:COE:CodingCh1:Goal
HXR:PC:01:EL5042:COE:CodingCh1:Val_RBV
HXR:PC:01:EL5042:COE:CodingCh1:Acc_RBV
HXR:PC:01:EL5042:COE:CodingCh1:Desc_RBV
HXR:PC:01:EL5042:COE:CodingCh1:Name_RBV
HXR:PC:01:EL5042:COE:CodingCh1:TLastUp_RBV
HXR:PC:01:EL5042:COE:CodingCh1:EU_RBV
HXR:PC:01:EL5042:COE:CodingCh2:Goal_RBV
HXR:PC:01:EL5042:COE:CodingCh2:Goal
HXR:PC:01:EL5042:COE:CodingCh2:Val_RBV
HXR:PC:01:EL5042:COE:CodingCh2:Acc_RBV
HXR:PC:01:EL5042:COE:CodingCh2:Desc_RBV
HXR:PC:01:EL5042:COE:CodingCh2:Name_RBV
HXR:PC:01:EL5042:COE:CodingCh2:TLastUp_RBV
HXR:PC:01:EL5042:COE:CodingCh2:EU_RBV
HXR:PC:01:EL5042:COE:DataValCh1:Goal_RBV
HXR:PC:01:EL5042:COE:DataValCh1:Goal
HXR:PC:01:EL5042:COE:DataValCh1:Val_RBV
HXR:PC:01:EL5042:COE:DataValCh1:Acc_RBV
HXR:PC:01:EL5042:COE:DataValCh1:Desc_RBV
HXR:PC:01:EL5042:COE:DataValCh1:Name_RBV
HXR:PC:01:EL5042:COE:DataValCh1:TLastUp_RBV
HXR:PC:01:EL5042:COE:DataValCh1:EU_RBV
HXR:PC:01:EL5042:COE:DataValCh2:Goal_RBV
HXR:PC:01:EL5042:COE:DataValCh2:Goal
HXR:PC:01:EL5042:COE:DataValCh2:Val_RBV
HXR:PC:01:EL5042:COE:DataValCh2:Acc_RBV
HXR:PC:01:EL5042:COE:DataValCh2:Desc_RBV
HXR:PC:01:EL5042:COE:DataValCh2:Name_RBV
HXR:PC:01:EL5042:COE:DataValCh2:TLastUp_RBV
HXR:PC:01:EL5042:COE:DataValCh2:EU_RBV
HXR:PC:01:EL5042:COE:DevTypeCh1:Goal_RBV
HXR:PC:01:EL5042:COE:DevTypeCh1:Goal
HXR:PC:01:EL5042:COE:DevTypeCh1:Val_RBV
HXR:PC:01:EL5042:COE:DevTypeCh1:Acc_RBV
HXR:PC:01:EL5042:COE:DevTypeCh1:Desc_RBV
HXR:PC:01:EL5042:COE:DevTypeCh1:Name_RBV
HXR:PC:01:EL5042:COE:DevTypeCh1:TLastUp_RBV
HXR:PC:01:EL5042:COE:DevTypeCh1:EU_RBV
HXR:PC:01:EL5042:COE:DevTypeCh2:Goal_RBV
HXR:PC:01:EL5042:COE:DevTypeCh2:Goal
HXR:PC:01:EL5042:COE:DevTypeCh2:Val_RBV
HXR:PC:01:EL5042:COE:DevTypeCh2:Acc_RBV
HXR:PC:01:EL5042:COE:DevTypeCh2:Desc_RBV
HXR:PC:01:EL5042:COE:DevTypeCh2:Name_RBV
HXR:PC:01:EL5042:COE:DevTypeCh2:TLastUp_RBV
HXR:PC:01:EL5042:COE:DevTypeCh2:EU_RBV
HXR:PC:01:EL5042:COE:DisStatBitsCh1:Goal_RBV
HXR:PC:01:EL5042:COE:DisStatBitsCh1:Goal
HXR:PC:01:EL5042:COE:DisStatBitsCh1:Val_RBV
HXR:PC:01:EL5042:COE:DisStatBitsCh1:Acc_RBV
HXR:PC:01:EL5042:COE:DisStatBitsCh1:Desc_RBV
HXR:PC:01:EL5042:COE:DisStatBitsCh1:Name_RBV
HXR:PC:01:EL5042:COE:DisStatBitsCh1:TLastUp_RBV
HXR:PC:01:EL5042:COE:DisStatBitsCh1:EU_RBV
HXR:PC:01:EL5042:COE:DisStatBitsCh2:Goal_RBV
HXR:PC:01:EL5042:COE:DisStatBitsCh2:Goal
HXR:PC:01:EL5042:COE:DisStatBitsCh2:Val_RBV
HXR:PC:01:EL5042:COE:DisStatBitsCh2:Acc_RBV
HXR:PC:01:EL5042:COE:DisStatBitsCh2:Desc_RBV
HXR:PC:01:EL5042:COE:DisStatBitsCh2:Name_RBV
HXR:PC:01:EL5042:COE:DisStatBitsCh2:TLastUp_RBV
HXR:PC:01:EL5042:COE:DisStatBitsCh2:EU_RBV
HXR:PC:01:EL5042:COE:ErrCh1:Goal_RBV
HXR:PC:01:EL5042:COE:ErrCh1:Goal
HXR:PC:01:EL5042:COE:ErrCh1:Val_RBV
HXR:PC:01:EL5042:COE:ErrCh1:Acc_RBV
HXR:PC:01:EL5042:COE:ErrCh1:Desc_RBV
HXR:PC:01:EL5042:COE:ErrCh1:Name_RBV
HXR:PC:01:EL5042:COE:ErrCh1:TLastUp_RBV
HXR:PC:01:EL5042:COE:ErrCh1:EU_RBV
HXR:PC:01:EL5042:COE:ErrCh2:Goal_RBV
HXR:PC:01:EL5042:COE:ErrCh2:Goal
HXR:PC:01:EL5042:COE:ErrCh2:Val_RBV
HXR:PC:01:EL5042:COE:ErrCh2:Acc_RBV
HXR:PC:01:EL5042:COE:ErrCh2:Desc_RBV
HXR:PC:01:EL5042:COE:ErrCh2:Name_RBV
HXR:PC:01:EL5042:COE:ErrCh2:TLastUp_RBV
HXR:PC:01:EL5042:COE:ErrCh2:EU_RBV
HXR:PC:01:EL5042:COE:InvFbDirBiSSCh1:Goal_RBV
HXR:PC:01:EL5042:COE:InvFbDirBiSSCh1:Goal
HXR:PC:01:EL5042:COE:InvFbDirBiSSCh1:Val_RBV
HXR:PC:01:EL5042:COE:InvFbDirBiSSCh1:Acc_RBV
HXR:PC:01:EL5042:COE:InvFbDirBiSSCh1:Desc_RBV
HXR:PC:01:EL5042:COE:InvFbDirBiSSCh1:Name_RBV
HXR:PC:01:EL5042:COE:InvFbDirBiSSCh1:TLastUp_RBV
HXR:PC:01:EL5042:COE:InvFbDirBiSSCh1:EU_RBV
HXR:PC:01:EL5042:COE:InvFbDirBiSSCh2:Goal_RBV
HXR:PC:01:EL5042:COE:InvFbDirBiSSCh2:Goal
HXR:PC:01:EL5042:COE:InvFbDirBiSSCh2:Val_RBV
HXR:PC:01:EL5042:COE:InvFbDirBiSSCh2:Acc_RBV
HXR:PC:01:EL5042:COE:InvFbDirBiSSCh2:Desc_RBV
HXR:PC:01:EL5042:COE:InvFbDirBiSSCh2:Name_RBV
HXR:PC:01:EL5042:COE:InvFbDirBiSSCh2:TLastUp_RBV
HXR:PC:01:EL5042:COE:InvFbDirBiSSCh2:EU_RBV
HXR:PC:01:EL5042:COE:InvFbDirCh1:Goal_RBV
HXR:PC:01:EL5042:COE:InvFbDirCh1:Goal
HXR:PC:01:EL5042:COE:InvFbDirCh1:Val_RBV
HXR:PC:01:EL5042:COE:InvFbDirCh1:Acc_RBV
HXR:PC:01:EL5042:COE:InvFbDirCh1:Desc_RBV
HXR:PC:01:EL5042:COE:InvFbDirCh1:Name_RBV
HXR:PC:01:EL5042:COE:InvFbDirCh1:TLastUp_RBV
HXR:PC:01:EL5042:COE:InvFbDirCh1:EU_RBV
HXR:PC:01:EL5042:COE:InvFbDirCh2:Goal_RBV
HXR:PC:01:EL5042:COE:InvFbDirCh2:Goal
HXR:PC:01:EL5042:COE:InvFbDirCh2:Val_RBV
HXR:PC:01:EL5042:COE:InvFbDirCh2:Acc_RBV
HXR:PC:01:EL5042:COE:InvFbDirCh2:Desc_RBV
HXR:PC:01:EL5042:COE:InvFbDirCh2:Name_RBV
HXR:PC:01:EL5042:COE:InvFbDirCh2:TLastUp_RBV
HXR:PC:01:EL5042:COE:InvFbDirCh2:EU_RBV
HXR:PC:01:EL5042:COE:ModeCh1:Goal_RBV
HXR:PC:01:EL5042:COE:ModeCh1:Goal
HXR:PC:01:EL5042:COE:ModeCh1:Val_RBV
HXR:PC:01:EL5042:COE:ModeCh1:Acc_RBV
HXR:PC:01:EL5042:COE:ModeCh1:Desc_RBV
HXR:PC:01:EL5042:COE:ModeCh1:Name_RBV
HXR:PC:01:EL5042:COE:ModeCh1:TLastUp_RBV
HXR:PC:01:EL5042:COE:ModeCh1:EU_RBV
HXR:PC:01:EL5042:COE:ModeCh2:Goal_RBV
HXR:PC:01:EL5042:COE:ModeCh2:Goal
HXR:PC:01:EL5042:COE:ModeCh2:Val_RBV
HXR:PC:01:EL5042:COE:ModeCh2:Acc_RBV
HXR:PC:01:EL5042:COE:ModeCh2:Desc_RBV
HXR:PC:01:EL5042:COE:ModeCh2:Name_RBV
HXR:PC:01:EL5042:COE:ModeCh2:TLastUp_RBV
HXR:PC:01:EL5042:COE:ModeCh2:EU_RBV
HXR:PC:01:EL5042:COE:MBitsCh1:Goal_RBV
HXR:PC:01:EL5042:COE:MBitsCh1:Goal
HXR:PC:01:EL5042:COE:MBitsCh1:Val_RBV
HXR:PC:01:EL5042:COE:MBitsCh1:Acc_RBV
HXR:PC:01:EL5042:COE:MBitsCh1:Desc_RBV
HXR:PC:01:EL5042:COE:MBitsCh1:Name_RBV
HXR:PC:01:EL5042:COE:MBitsCh1:TLastUp_RBV
HXR:PC:01:EL5042:COE:MBitsCh1:EU_RBV
HXR:PC:01:EL5042:COE:MBitsCh2:Goal_RBV
HXR:PC:01:EL5042:COE:MBitsCh2:Goal
HXR:PC:01:EL5042:COE:MBitsCh2:Val_RBV
HXR:PC:01:EL5042:COE:MBitsCh2:Acc_RBV
HXR:PC:01:EL5042:COE:MBitsCh2:Desc_RBV
HXR:PC:01:EL5042:COE:MBitsCh2:Name_RBV
HXR:PC:01:EL5042:COE:MBitsCh2:TLastUp_RBV
HXR:PC:01:EL5042:COE:MBitsCh2:EU_RBV
HXR:PC:01:EL5042:COE:OffLSBBitCh1:Goal_RBV
HXR:PC:01:EL5042:COE:OffLSBBitCh1:Goal
HXR:PC:01:EL5042:COE:OffLSBBitCh1:Val_RBV
HXR:PC:01:EL5042:COE:OffLSBBitCh1:Acc_RBV
HXR:PC:01:EL5042:COE:OffLSBBitCh1:Desc_RBV
HXR:PC:01:EL5042:COE:OffLSBBitCh1:Name_RBV
HXR:PC:01:EL5042:COE:OffLSBBitCh1:TLastUp_RBV
HXR:PC:01:EL5042:COE:OffLSBBitCh1:EU_RBV
HXR:PC:01:EL5042:COE:OffLSBBitCh2:Goal_RBV
HXR:PC:01:EL5042:COE:OffLSBBitCh2:Goal
HXR:PC:01:EL5042:COE:OffLSBBitCh2:Val_RBV
HXR:PC:01:EL5042:COE:OffLSBBitCh2:Acc_RBV
HXR:PC:01:EL5042:COE:OffLSBBitCh2:Desc_RBV
HXR:PC:01:EL5042:COE:OffLSBBitCh2:Name_RBV
HXR:PC:01:EL5042:COE:OffLSBBitCh2:TLastUp_RBV
HXR:PC:01:EL5042:COE:OffLSBBitCh2:EU_RBV
HXR:PC:01:EL5042:COE:PSupPresCh1:Goal_RBV
HXR:PC:01:EL5042:COE:PSupPresCh1:Goal
HXR:PC:01:EL5042:COE:PSupPresCh1:Val_RBV
HXR:PC:01:EL5042:COE:PSupPresCh1:Acc_RBV
HXR:PC:01:EL5042:COE:PSupPresCh1:Desc_RBV
HXR:PC:01:EL5042:COE:PSupPresCh1:Name_RBV
HXR:PC:01:EL5042:COE:PSupPresCh1:TLastUp_RBV
HXR:PC:01:EL5042:COE:PSupPresCh1:EU_RBV
HXR:PC:01:EL5042:COE:PSupPresCh2:Goal_RBV
HXR:PC:01:EL5042:COE:PSupPresCh2:Goal
HXR:PC:01:EL5042:COE:PSupPresCh2:Val_RBV
HXR:PC:01:EL5042:COE:PSupPresCh2:Acc_RBV
HXR:PC:01:EL5042:COE:PSupPresCh2:Desc_RBV
HXR:PC:01:EL5042:COE:PSupPresCh2:Name_RBV
HXR:PC:01:EL5042:COE:PSupPresCh2:TLastUp_RBV
HXR:PC:01:EL5042:COE:PSupPresCh2:EU_RBV
HXR:PC:01:EL5042:COE:SCDErrCh1:Goal_RBV
HXR:PC:01:EL5042:COE:SCDErrCh1:Goal
HXR:PC:01:EL5042:COE:SCDErrCh1:Val_RBV
HXR:PC:01:EL5042:COE:SCDErrCh1:Acc_RBV
HXR:PC:01:EL5042:COE:SCDErrCh1:Desc_RBV
HXR:PC:01:EL5042:COE:SCDErrCh1:Name_RBV
HXR:PC:01:EL5042:COE:SCDErrCh1:TLastUp_RBV
HXR:PC:01:EL5042:COE:SCDErrCh1:EU_RBV
HXR:PC:01:EL5042:COE:SCDErrCh2:Goal_RBV
HXR:PC:01:EL5042:COE:SCDErrCh2:Goal
HXR:PC:01:EL5042:COE:SCDErrCh2:Val_RBV
HXR:PC:01:EL5042:COE:SCDErrCh2:Acc_RBV
HXR:PC:01:EL5042:COE:SCDErrCh2:Desc_RBV
HXR:PC:01:EL5042:COE:SCDErrCh2:Name_RBV
HXR:PC:01:EL5042:COE:SCDErrCh2:TLastUp_RBV
HXR:PC:01:EL5042:COE:SCDErrCh2:EU_RBV
HXR:PC:01:EL5042:COE:SBitsCh1:Goal_RBV
HXR:PC:01:EL5042:COE:SBitsCh1:Goal
HXR:PC:01:EL5042:COE:SBitsCh1:Val_RBV
HXR:PC:01:EL5042:COE:SBitsCh1:Acc_RBV
HXR:PC:01:EL5042:COE:SBitsCh1:Desc_RBV
HXR:PC:01:EL5042:COE:SBitsCh1:Name_RBV
HXR:PC:01:EL5042:COE:SBitsCh1:TLastUp_RBV
HXR:PC:01:EL5042:COE:SBitsCh1:EU_RBV
HXR:PC:01:EL5042:COE:SBitsCh2:Goal_RBV
HXR:PC:01:EL5042:COE:SBitsCh2:Goal
HXR:PC:01:EL5042:COE:SBitsCh2:Val_RBV
HXR:PC:01:EL5042:COE:SBitsCh2:Acc_RBV
HXR:PC:01:EL5042:COE:SBitsCh2:Desc_RBV
HXR:PC:01:EL5042:COE:SBitsCh2:Name_RBV
HXR:PC:01:EL5042:COE:SBitsCh2:TLastUp_RBV
HXR:PC:01:EL5042:COE:SBitsCh2:EU_RBV
HXR:PC:01:EL5042:COE:StatDiagCh1:Goal_RBV
HXR:PC:01:EL5042:COE:StatDiagCh1:Goal
HXR:PC:01:EL5042:COE:StatDiagCh1:Val_RBV
HXR:PC:01:EL5042:COE:StatDiagCh1:Acc_RBV
HXR:PC:01:EL5042:COE:StatDiagCh1:Desc_RBV
HXR:PC:01:EL5042:COE:StatDiagCh1:Name_RBV
HXR:PC:01:EL5042:COE:StatDiagCh1:TLastUp_RBV
HXR:PC:01:EL5042:COE:StatDiagCh1:EU_RBV
HXR:PC:01:EL5042:COE:StatDiagCh2:Goal_RBV
HXR:PC:01:EL5042:COE:StatDiagCh2:Goal
HXR:PC:01:EL5042:COE:StatDiagCh2:Val_RBV
HXR:PC:01:EL5042:COE:StatDiagCh2:Acc_RBV
HXR:PC:01:EL5042:COE:StatDiagCh2:Desc_RBV
HXR:PC:01:EL5042:COE:StatDiagCh2:Name_RBV
HXR:PC:01:EL5042:COE:StatDiagCh2:TLastUp_RBV
HXR:PC:01:EL5042:COE:StatDiagCh2:EU_RBV
HXR:PC:01:EL5042:COE:StatErrCh1:Goal_RBV
HXR:PC:01:EL5042:COE:StatErrCh1:Goal
HXR:PC:01:EL5042:COE:StatErrCh1:Val_RBV
HXR:PC:01:EL5042:COE:StatErrCh1:Acc_RBV
HXR:PC:01:EL5042:COE:StatErrCh1:Desc_RBV
HXR:PC:01:EL5042:COE:StatErrCh1:Name_RBV
HXR:PC:01:EL5042:COE:StatErrCh1:TLastUp_RBV
HXR:PC:01:EL5042:COE:StatErrCh1:EU_RBV
HXR:PC:01:EL5042:COE:StatErrCh2:Goal_RBV
HXR:PC:01:EL5042:COE:StatErrCh2:Goal
HXR:PC:01:EL5042:COE:StatErrCh2:Val_RBV
HXR:PC:01:EL5042:COE:StatErrCh2:Acc_RBV
HXR:PC:01:EL5042:COE:StatErrCh2:Desc_RBV
HXR:PC:01:EL5042:COE:StatErrCh2:Name_RBV
HXR:PC:01:EL5042:COE:StatErrCh2:TLastUp_RBV
HXR:PC:01:EL5042:COE:StatErrCh2:EU_RBV
HXR:PC:01:EL5042:COE:StInCyCCh1:Goal_RBV
HXR:PC:01:EL5042:COE:StInCyCCh1:Goal
HXR:PC:01:EL5042:COE:StInCyCCh1:Val_RBV
HXR:PC:01:EL5042:COE:StInCyCCh1:Acc_RBV
HXR:PC:01:EL5042:COE:StInCyCCh1:Desc_RBV
HXR:PC:01:EL5042:COE:StInCyCCh1:Name_RBV
HXR:PC:01:EL5042:COE:StInCyCCh1:TLastUp_RBV
HXR:PC:01:EL5042:COE:StInCyCCh1:EU_RBV
HXR:PC:01:EL5042:COE:StInCyCCh2:Goal_RBV
HXR:PC:01:EL5042:COE:StInCyCCh2:Goal
HXR:PC:01:EL5042:COE:StInCyCCh2:Val_RBV
HXR:PC:01:EL5042:COE:StInCyCCh2:Acc_RBV
HXR:PC:01:EL5042:COE:StInCyCCh2:Desc_RBV
HXR:PC:01:EL5042:COE:StInCyCCh2:Name_RBV
HXR:PC:01:EL5042:COE:StInCyCCh2:TLastUp_RBV
HXR:PC:01:EL5042:COE:StInCyCCh2:EU_RBV
HXR:PC:01:EL5042:COE:StatReadyCh1:Goal_RBV
HXR:PC:01:EL5042:COE:StatReadyCh1:Goal
HXR:PC:01:EL5042:COE:StatReadyCh1:Val_RBV
HXR:PC:01:EL5042:COE:StatReadyCh1:Acc_RBV
HXR:PC:01:EL5042:COE:StatReadyCh1:Desc_RBV
HXR:PC:01:EL5042:COE:StatReadyCh1:Name_RBV
HXR:PC:01:EL5042:COE:StatReadyCh1:TLastUp_RBV
HXR:PC:01:EL5042:COE:StatReadyCh1:EU_RBV
HXR:PC:01:EL5042:COE:StatReadyCh2:Goal_RBV
HXR:PC:01:EL5042:COE:StatReadyCh2:Goal
HXR:PC:01:EL5042:COE:StatReadyCh2:Val_RBV
HXR:PC:01:EL5042:COE:StatReadyCh2:Acc_RBV
HXR:PC:01:EL5042:COE:StatReadyCh2:Desc_RBV
HXR:PC:01:EL5042:COE:StatReadyCh2:Name_RBV
HXR:PC:01:EL5042:COE:StatReadyCh2:TLastUp_RBV
HXR:PC:01:EL5042:COE:StatReadyCh2:EU_RBV
HXR:PC:01:EL5042:COE:StTxPDOStCh1:Goal_RBV
HXR:PC:01:EL5042:COE:StTxPDOStCh1:Goal
HXR:PC:01:EL5042:COE:StTxPDOStCh1:Val_RBV
HXR:PC:01:EL5042:COE:StTxPDOStCh1:Acc_RBV
HXR:PC:01:EL5042:COE:StTxPDOStCh1:Desc_RBV
HXR:PC:01:EL5042:COE:StTxPDOStCh1:Name_RBV
HXR:PC:01:EL5042:COE:StTxPDOStCh1:TLastUp_RBV
HXR:PC:01:EL5042:COE:StTxPDOStCh1:EU_RBV
HXR:PC:01:EL5042:COE:StTxPDOStCh2:Goal_RBV
HXR:PC:01:EL5042:COE:StTxPDOStCh2:Goal
HXR:PC:01:EL5042:COE:StTxPDOStCh2:Val_RBV
HXR:PC:01:EL5042:COE:StTxPDOStCh2:Acc_RBV
HXR:PC:01:EL5042:COE:StTxPDOStCh2:Desc_RBV
HXR:PC:01:EL5042:COE:StTxPDOStCh2:Name_RBV
HXR:PC:01:EL5042:COE:StTxPDOStCh2:TLastUp_RBV
HXR:PC:01:EL5042:COE:StTxPDOStCh2:EU_RBV
HXR:PC:01:EL5042:COE:StatWarnCh1:Goal_RBV
HXR:PC:01:EL5042:COE:StatWarnCh1:Goal
HXR:PC:01:EL5042:COE:StatWarnCh1:Val_RBV
HXR:PC:01:EL5042:COE:StatWarnCh1:Acc_RBV
HXR:PC:01:EL5042:COE:StatWarnCh1:Desc_RBV
HXR:PC:01:EL5042:COE:StatWarnCh1:Name_RBV
HXR:PC:01:EL5042:COE:StatWarnCh1:TLastUp_RBV
HXR:PC:01:EL5042:COE:StatWarnCh1:EU_RBV
HXR:PC:01:EL5042:COE:StatWarnCh2:Goal_RBV
HXR:PC:01:EL5042:COE:StatWarnCh2:Goal
HXR:PC:01:EL5042:COE:StatWarnCh2:Val_RBV
HXR:PC:01:EL5042:COE:StatWarnCh2:Acc_RBV
HXR:PC:01:EL5042:COE:StatWarnCh2:Desc_RBV
HXR:PC:01:EL5042:COE:StatWarnCh2:Name_RBV
HXR:PC:01:EL5042:COE:StatWarnCh2:TLastUp_RBV
HXR:PC:01:EL5042:COE:StatWarnCh2:EU_RBV
HXR:PC:01:EL5042:COE:SupVoltCh1:Goal_RBV
HXR:PC:01:EL5042:COE:SupVoltCh1:Goal
HXR:PC:01:EL5042:COE:SupVoltCh1:Val_RBV
HXR:PC:01:EL5042:COE:SupVoltCh1:Acc_RBV
HXR:PC:01:EL5042:COE:SupVoltCh1:Desc_RBV
HXR:PC:01:EL5042:COE:SupVoltCh1:Name_RBV
HXR:PC:01:EL5042:COE:SupVoltCh1:TLastUp_RBV
HXR:PC:01:EL5042:COE:SupVoltCh1:EU_RBV
HXR:PC:01:EL5042:COE:SupVoltCh2:Goal_RBV
HXR:PC:01:EL5042:COE:SupVoltCh2:Goal
HXR:PC:01:EL5042:COE:SupVoltCh2:Val_RBV
HXR:PC:01:EL5042:COE:SupVoltCh2:Acc_RBV
HXR:PC:01:EL5042:COE:SupVoltCh2:Desc_RBV
HXR:PC:01:EL5042:COE:SupVoltCh2:Name_RBV
HXR:PC:01:EL5042:COE:SupVoltCh2:TLastUp_RBV
HXR:PC:01:EL5042:COE:SupVoltCh2:EU_RBV
HXR:PC:01:EL5042:COE:WDErrCh1:Goal_RBV
HXR:PC:01:EL5042:COE:WDErrCh1:Goal
HXR:PC:01:EL5042:COE:WDErrCh1:Val_RBV
HXR:PC:01:EL5042:COE:WDErrCh1:Acc_RBV
HXR:PC:01:EL5042:COE:WDErrCh1:Desc_RBV
HXR:PC:01:EL5042:COE:WDErrCh1:Name_RBV
HXR:PC:01:EL5042:COE:WDErrCh1:TLastUp_RBV
HXR:PC:01:EL5042:COE:WDErrCh1:EU_RBV
HXR:PC:01:EL5042:COE:WDErrCh2:Goal_RBV
HXR:PC:01:EL5042:COE:WDErrCh2:Goal
HXR:PC:01:EL5042:COE:WDErrCh2:Val_RBV
HXR:PC:01:EL5042:COE:WDErrCh2:Acc_RBV
HXR:PC:01:EL5042:COE:WDErrCh2:Desc_RBV
HXR:PC:01:EL5042:COE:WDErrCh2:Name_RBV
HXR:PC:01:EL5042:COE:WDErrCh2:TLastUp_RBV
HXR:PC:01:EL5042:COE:WDErrCh2:EU_RBV
HXR:PC:02:EL5042:COE:CRCInvCh1:Goal_RBV
HXR:PC:02:EL5042:COE:CRCInvCh1:Goal
HXR:PC:02:EL5042:COE:CRCInvCh1:Val_RBV
HXR:PC:02:EL5042:COE:CRCInvCh1:Acc_RBV
HXR:PC:02:EL5042:COE:CRCInvCh1:Desc_RBV
HXR:PC:02:EL5042:COE:CRCInvCh1:Name_RBV
HXR:PC:02:EL5042:COE:CRCInvCh1:TLastUp_RBV
HXR:PC:02:EL5042:COE:CRCInvCh1:EU_RBV
HXR:PC:02:EL5042:COE:CRCInvCh2:Goal_RBV
HXR:PC:02:EL5042:COE:CRCInvCh2:Goal
HXR:PC:02:EL5042:COE:CRCInvCh2:Val_RBV
HXR:PC:02:EL5042:COE:CRCInvCh2:Acc_RBV
HXR:PC:02:EL5042:COE:CRCInvCh2:Desc_RBV
HXR:PC:02:EL5042:COE:CRCInvCh2:Name_RBV
HXR:PC:02:EL5042:COE:CRCInvCh2:TLastUp_RBV
HXR:PC:02:EL5042:COE:CRCInvCh2:EU_RBV
HXR:PC:02:EL5042:COE:CRCPolyCh1:Goal_RBV
HXR:PC:02:EL5042:COE:CRCPolyCh1:Goal
HXR:PC:02:EL5042:COE:CRCPolyCh1:Val_RBV
HXR:PC:02:EL5042:COE:CRCPolyCh1:Acc_RBV
HXR:PC:02:EL5042:COE:CRCPolyCh1:Desc_RBV
HXR:PC:02:EL5042:COE:CRCPolyCh1:Name_RBV
HXR:PC:02:EL5042:COE:CRCPolyCh1:TLastUp_RBV
HXR:PC:02:EL5042:COE:CRCPolyCh1:EU_RBV
HXR:PC:02:EL5042:COE:CRCPolyCh2:Goal_RBV
HXR:PC:02:EL5042:COE:CRCPolyCh2:Goal
HXR:PC:02:EL5042:COE:CRCPolyCh2:Val_RBV
HXR:PC:02:EL5042:COE:CRCPolyCh2:Acc_RBV
HXR:PC:02:EL5042:COE:CRCPolyCh2:Desc_RBV
HXR:PC:02:EL5042:COE:CRCPolyCh2:Name_RBV
HXR:PC:02:EL5042:COE:CRCPolyCh2:TLastUp_RBV
HXR:PC:02:EL5042:COE:CRCPolyCh2:EU_RBV
HXR:PC:02:EL5042:COE:ClkFreqCh1:Goal_RBV
HXR:PC:02:EL5042:COE:ClkFreqCh1:Goal
HXR:PC:02:EL5042:COE:ClkFreqCh1:Val_RBV
HXR:PC:02:EL5042:COE:ClkFreqCh1:Acc_RBV
HXR:PC:02:EL5042:COE:ClkFreqCh1:Desc_RBV
HXR:PC:02:EL5042:COE:ClkFreqCh1:Name_RBV
HXR:PC:02:EL5042:COE:ClkFreqCh1:TLastUp_RBV
HXR:PC:02:EL5042:COE:ClkFreqCh1:EU_RBV
HXR:PC:02:EL5042:COE:ClkFreqCh2:Goal_RBV
HXR:PC:02:EL5042:COE:ClkFreqCh2:Goal
HXR:PC:02:EL5042:COE:ClkFreqCh2:Val_RBV
HXR:PC:02:EL5042:COE:ClkFreqCh2:Acc_RBV
HXR:PC:02:EL5042:COE:ClkFreqCh2:Desc_RBV
HXR:PC:02:EL5042:COE:ClkFreqCh2:Name_RBV
HXR:PC:02:EL5042:COE:ClkFreqCh2:TLastUp_RBV
HXR:PC:02:EL5042:COE:ClkFreqCh2:EU_RBV
HXR:PC:02:EL5042:COE:CodeWord:Goal_RBV
HXR:PC:02:EL5042:COE:CodeWord:Goal
HXR:PC:02:EL5042:COE:CodeWord:Val_RBV
HXR:PC:02:EL5042:COE:CodeWord:Acc_RBV
HXR:PC:02:EL5042:COE:CodeWord:Desc_RBV
HXR:PC:02:EL5042:COE:CodeWord:Name_RBV
HXR:PC:02:EL5042:COE:CodeWord:TLastUp_RBV
HXR:PC:02:EL5042:COE:CodeWord:EU_RBV
HXR:PC:02:EL5042:COE:CodingCh1:Goal_RBV
HXR:PC:02:EL5042:COE:CodingCh1:Goal
HXR:PC:02:EL5042:COE:CodingCh1:Val_RBV
HXR:PC:02:EL5042:COE:CodingCh1:Acc_RBV
HXR:PC:02:EL5042:COE:CodingCh1:Desc_RBV
HXR:PC:02:EL5042:COE:CodingCh1:Name_RBV
HXR:PC:02:EL5042:COE:CodingCh1:TLastUp_RBV
HXR:PC:02:EL5042:COE:CodingCh1:EU_RBV
HXR:PC:02:EL5042:COE:CodingCh2:Goal_RBV
HXR:PC:02:EL5042:COE:CodingCh2:Goal
HXR:PC:02:EL5042:COE:CodingCh2:Val_RBV
HXR:PC:02:EL5042:COE:CodingCh2:Acc_RBV
HXR:PC:02:EL5042:COE:CodingCh2:Desc_RBV
HXR:PC:02:EL5042:COE:CodingCh2:Name_RBV
HXR:PC:02:EL5042:COE:CodingCh2:TLastUp_RBV
HXR:PC:02:EL5042:COE:CodingCh2:EU_RBV
HXR:PC:02:EL5042:COE:DataValCh1:Goal_RBV
HXR:PC:02:EL5042:COE:DataValCh1:Goal
HXR:PC:02:EL5042:COE:DataValCh1:Val_RBV
HXR:PC:02:EL5042:COE:DataValCh1:Acc_RBV
HXR:PC:02:EL5042:COE:DataValCh1:Desc_RBV
HXR:PC:02:EL5042:COE:DataValCh1:Name_RBV
HXR:PC:02:EL5042:COE:DataValCh1:TLastUp_RBV
HXR:PC:02:EL5042:COE:DataValCh1:EU_RBV
HXR:PC:02:EL5042:COE:DataValCh2:Goal_RBV
HXR:PC:02:EL5042:COE:DataValCh2:Goal
HXR:PC:02:EL5042:COE:DataValCh2:Val_RBV
HXR:PC:02:EL5042:COE:DataValCh2:Acc_RBV
HXR:PC:02:EL5042:COE:DataValCh2:Desc_RBV
HXR:PC:02:EL5042:COE:DataValCh2:Name_RBV
HXR:PC:02:EL5042:COE:DataValCh2:TLastUp_RBV
HXR:PC:02:EL5042:COE:DataValCh2:EU_RBV
HXR:PC:02:EL5042:COE:DevTypeCh1:Goal_RBV
HXR:PC:02:EL5042:COE:DevTypeCh1:Goal
HXR:PC:02:EL5042:COE:DevTypeCh1:Val_RBV
HXR:PC:02:EL5042:COE:DevTypeCh1:Acc_RBV
HXR:PC:02:EL5042:COE:DevTypeCh1:Desc_RBV
HXR:PC:02:EL5042:COE:DevTypeCh1:Name_RBV
HXR:PC:02:EL5042:COE:DevTypeCh1:TLastUp_RBV
HXR:PC:02:EL5042:COE:DevTypeCh1:EU_RBV
HXR:PC:02:EL5042:COE:DevTypeCh2:Goal_RBV
HXR:PC:02:EL5042:COE:DevTypeCh2:Goal
HXR:PC:02:EL5042:COE:DevTypeCh2:Val_RBV
HXR:PC:02:EL5042:COE:DevTypeCh2:Acc_RBV
HXR:PC:02:EL5042:COE:DevTypeCh2:Desc_RBV
HXR:PC:02:EL5042:COE:DevTypeCh2:Name_RBV
HXR:PC:02:EL5042:COE:DevTypeCh2:TLastUp_RBV
HXR:PC:02:EL5042:COE:DevTypeCh2:EU_RBV
HXR:PC:02:EL5042:COE:DisStatBitsCh1:Goal_RBV
HXR:PC:02:EL5042:COE:DisStatBitsCh1:Goal
HXR:PC:02:EL5042:COE:DisStatBitsCh1:Val_RBV
HXR:PC:02:EL5042:COE:DisStatBitsCh1:Acc_RBV
HXR:PC:02:EL5042:COE:DisStatBitsCh1:Desc_RBV
HXR:PC:02:EL5042:COE:DisStatBitsCh1:Name_RBV
HXR:PC:02:EL5042:COE:DisStatBitsCh1:TLastUp_RBV
HXR:PC:02:EL5042:COE:DisStatBitsCh1:EU_RBV
HXR:PC:02:EL5042:COE:DisStatBitsCh2:Goal_RBV
HXR:PC:02:EL5042:COE:DisStatBitsCh2:Goal
HXR:PC:02:EL5042:COE:DisStatBitsCh2:Val_RBV
HXR:PC:02:EL5042:COE:DisStatBitsCh2:Acc_RBV
HXR:PC:02:EL5042:COE:DisStatBitsCh2:Desc_RBV
HXR:PC:02:EL5042:COE:DisStatBitsCh2:Name_RBV
HXR:PC:02:EL5042:COE:DisStatBitsCh2:TLastUp_RBV
HXR:PC:02:EL5042:COE:DisStatBitsCh2:EU_RBV
HXR:PC:02:EL5042:COE:ErrCh1:Goal_RBV
HXR:PC:02:EL5042:COE:ErrCh1:Goal
HXR:PC:02:EL5042:COE:ErrCh1:Val_RBV
HXR:PC:02:EL5042:COE:ErrCh1:Acc_RBV
HXR:PC:02:EL5042:COE:ErrCh1:Desc_RBV
HXR:PC:02:EL5042:COE:ErrCh1:Name_RBV
HXR:PC:02:EL5042:COE:ErrCh1:TLastUp_RBV
HXR:PC:02:EL5042:COE:ErrCh1:EU_RBV
HXR:PC:02:EL5042:COE:ErrCh2:Goal_RBV
HXR:PC:02:EL5042:COE:ErrCh2:Goal
HXR:PC:02:EL5042:COE:ErrCh2:Val_RBV
HXR:PC:02:EL5042:COE:ErrCh2:Acc_RBV
HXR:PC:02:EL5042:COE:ErrCh2:Desc_RBV
HXR:PC:02:EL5042:COE:ErrCh2:Name_RBV
HXR:PC:02:EL5042:COE:ErrCh2:TLastUp_RBV
HXR:PC:02:EL5042:COE:ErrCh2:EU_RBV
HXR:PC:02:EL5042:COE:InvFbDirBiSSCh1:Goal_RBV
HXR:PC:02:EL5042:COE:InvFbDirBiSSCh1:Goal
HXR:PC:02:EL5042:COE:InvFbDirBiSSCh1:Val_RBV
HXR:PC:02:EL5042:COE:InvFbDirBiSSCh1:Acc_RBV
HXR:PC:02:EL5042:COE:InvFbDirBiSSCh1:Desc_RBV
HXR:PC:02:EL5042:COE:InvFbDirBiSSCh1:Name_RBV
HXR:PC:02:EL5042:COE:InvFbDirBiSSCh1:TLastUp_RBV
HXR:PC:02:EL5042:COE:InvFbDirBiSSCh1:EU_RBV
HXR:PC:02:EL5042:COE:InvFbDirBiSSCh2:Goal_RBV
HXR:PC:02:EL5042:COE:InvFbDirBiSSCh2:Goal
HXR:PC:02:EL5042:COE:InvFbDirBiSSCh2:Val_RBV
HXR:PC:02:EL5042:COE:InvFbDirBiSSCh2:Acc_RBV
HXR:PC:02:EL5042:COE:InvFbDirBiSSCh2:Desc_RBV
HXR:PC:02:EL5042:COE:InvFbDirBiSSCh2:Name_RBV
HXR:PC:02:EL5042:COE:InvFbDirBiSSCh2:TLastUp_RBV
HXR:PC:02:EL5042:COE:InvFbDirBiSSCh2:EU_RBV
HXR:PC:02:EL5042:COE:InvFbDirCh1:Goal_RBV
HXR:PC:02:EL5042:COE:InvFbDirCh1:Goal
HXR:PC:02:EL5042:COE:InvFbDirCh1:Val_RBV
HXR:PC:02:EL5042:COE:InvFbDirCh1:Acc_RBV
HXR:PC:02:EL5042:COE:InvFbDirCh1:Desc_RBV
HXR:PC:02:EL5042:COE:InvFbDirCh1:Name_RBV
HXR:PC:02:EL5042:COE:InvFbDirCh1:TLastUp_RBV
HXR:PC:02:EL5042:COE:InvFbDirCh1:EU_RBV
HXR:PC:02:EL5042:COE:InvFbDirCh2:Goal_RBV
HXR:PC:02:EL5042:COE:InvFbDirCh2:Goal
HXR:PC:02:EL5042:COE:InvFbDirCh2:Val_RBV
HXR:PC:02:EL5042:COE:InvFbDirCh2:Acc_RBV
HXR:PC:02:EL5042:COE:InvFbDirCh2:Desc_RBV
HXR:PC:02:EL5042:COE:InvFbDirCh2:Name_RBV
HXR:PC:02:EL5042:COE:InvFbDirCh2:TLastUp_RBV
HXR:PC:02:EL5042:COE:InvFbDirCh2:EU_RBV
HXR:PC:02:EL5042:COE:ModeCh1:Goal_RBV
HXR:PC:02:EL5042:COE:ModeCh1:Goal
HXR:PC:02:EL5042:COE:ModeCh1:Val_RBV
HXR:PC:02:EL5042:COE:ModeCh1:Acc_RBV
HXR:PC:02:EL5042:COE:ModeCh1:Desc_RBV
HXR:PC:02:EL5042:COE:ModeCh1:Name_RBV
HXR:PC:02:EL5042:COE:ModeCh1:TLastUp_RBV
HXR:PC:02:EL5042:COE:ModeCh1:EU_RBV
HXR:PC:02:EL5042:COE:ModeCh2:Goal_RBV
HXR:PC:02:EL5042:COE:ModeCh2:Goal
HXR:PC:02:EL5042:COE:ModeCh2:Val_RBV
HXR:PC:02:EL5042:COE:ModeCh2:Acc_RBV
HXR:PC:02:EL5042:COE:ModeCh2:Desc_RBV
HXR:PC:02:EL5042:COE:ModeCh2:Name_RBV
HXR:PC:02:EL5042:COE:ModeCh2:TLastUp_RBV
HXR:PC:02:EL5042:COE:ModeCh2:EU_RBV
HXR:PC:02:EL5042:COE:MBitsCh1:Goal_RBV
HXR:PC:02:EL5042:COE:MBitsCh1:Goal
HXR:PC:02:EL5042:COE:MBitsCh1:Val_RBV
HXR:PC:02:EL5042:COE:MBitsCh1:Acc_RBV
HXR:PC:02:EL5042:COE:MBitsCh1:Desc_RBV
HXR:PC:02:EL5042:COE:MBitsCh1:Name_RBV
HXR:PC:02:EL5042:COE:MBitsCh1:TLastUp_RBV
HXR:PC:02:EL5042:COE:MBitsCh1:EU_RBV
HXR:PC:02:EL5042:COE:MBitsCh2:Goal_RBV
HXR:PC:02:EL5042:COE:MBitsCh2:Goal
HXR:PC:02:EL5042:COE:MBitsCh2:Val_RBV
HXR:PC:02:EL5042:COE:MBitsCh2:Acc_RBV
HXR:PC:02:EL5042:COE:MBitsCh2:Desc_RBV
HXR:PC:02:EL5042:COE:MBitsCh2:Name_RBV
HXR:PC:02:EL5042:COE:MBitsCh2:TLastUp_RBV
HXR:PC:02:EL5042:COE:MBitsCh2:EU_RBV
HXR:PC:02:EL5042:COE:OffLSBBitCh1:Goal_RBV
HXR:PC:02:EL5042:COE:OffLSBBitCh1:Goal
HXR:PC:02:EL5042:COE:OffLSBBitCh1:Val_RBV
HXR:PC:02:EL5042:COE:OffLSBBitCh1:Acc_RBV
HXR:PC:02:EL5042:COE:OffLSBBitCh1:Desc_RBV
HXR:PC:02:EL5042:COE:OffLSBBitCh1:Name_RBV
HXR:PC:02:EL5042:COE:OffLSBBitCh1:TLastUp_RBV
HXR:PC:02:EL5042:COE:OffLSBBitCh1:EU_RBV
HXR:PC:02:EL5042:COE:OffLSBBitCh2:Goal_RBV
HXR:PC:02:EL5042:COE:OffLSBBitCh2:Goal
HXR:PC:02:EL5042:COE:OffLSBBitCh2:Val_RBV
HXR:PC:02:EL5042:COE:OffLSBBitCh2:Acc_RBV
HXR:PC:02:EL5042:COE:OffLSBBitCh2:Desc_RBV
HXR:PC:02:EL5042:COE:OffLSBBitCh2:Name_RBV
HXR:PC:02:EL5042:COE:OffLSBBitCh2:TLastUp_RBV
HXR:PC:02:EL5042:COE:OffLSBBitCh2:EU_RBV
HXR:PC:02:EL5042:COE:PSupPresCh1:Goal_RBV
HXR:PC:02:EL5042:COE:PSupPresCh1:Goal
HXR:PC:02:EL5042:COE:PSupPresCh1:Val_RBV
HXR:PC:02:EL5042:COE:PSupPresCh1:Acc_RBV
HXR:PC:02:EL5042:COE:PSupPresCh1:Desc_RBV
HXR:PC:02:EL5042:COE:PSupPresCh1:Name_RBV
HXR:PC:02:EL5042:COE:PSupPresCh1:TLastUp_RBV
HXR:PC:02:EL5042:COE:PSupPresCh1:EU_RBV
HXR:PC:02:EL5042:COE:PSupPresCh2:Goal_RBV
HXR:PC:02:EL5042:COE:PSupPresCh2:Goal
HXR:PC:02:EL5042:COE:PSupPresCh2:Val_RBV
HXR:PC:02:EL5042:COE:PSupPresCh2:Acc_RBV
HXR:PC:02:EL5042:COE:PSupPresCh2:Desc_RBV
HXR:PC:02:EL5042:COE:PSupPresCh2:Name_RBV
HXR:PC:02:EL5042:COE:PSupPresCh2:TLastUp_RBV
HXR:PC:02:EL5042:COE:PSupPresCh2:EU_RBV
HXR:PC:02:EL5042:COE:SCDErrCh1:Goal_RBV
HXR:PC:02:EL5042:COE:SCDErrCh1:Goal
HXR:PC:02:EL5042:COE:SCDErrCh1:Val_RBV
HXR:PC:02:EL5042:COE:SCDErrCh1:Acc_RBV
HXR:PC:02:EL5042:COE:SCDErrCh1:Desc_RBV
HXR:PC:02:EL5042:COE:SCDErrCh1:Name_RBV
HXR:PC:02:EL5042:COE:SCDErrCh1:TLastUp_RBV
HXR:PC:02:EL5042:COE:SCDErrCh1:EU_RBV
HXR:PC:02:EL5042:COE:SCDErrCh2:Goal_RBV
HXR:PC:02:EL5042:COE:SCDErrCh2:Goal
HXR:PC:02:EL5042:COE:SCDErrCh2:Val_RBV
HXR:PC:02:EL5042:COE:SCDErrCh2:Acc_RBV
HXR:PC:02:EL5042:COE:SCDErrCh2:Desc_RBV
HXR:PC:02:EL5042:COE:SCDErrCh2:Name_RBV
HXR:PC:02:EL5042:COE:SCDErrCh2:TLastUp_RBV
HXR:PC:02:EL5042:COE:SCDErrCh2:EU_RBV
HXR:PC:02:EL5042:COE:SBitsCh1:Goal_RBV
HXR:PC:02:EL5042:COE:SBitsCh1:Goal
HXR:PC:02:EL5042:COE:SBitsCh1:Val_RBV
HXR:PC:02:EL5042:COE:SBitsCh1:Acc_RBV
HXR:PC:02:EL5042:COE:SBitsCh1:Desc_RBV
HXR:PC:02:EL5042:COE:SBitsCh1:Name_RBV
HXR:PC:02:EL5042:COE:SBitsCh1:TLastUp_RBV
HXR:PC:02:EL5042:COE:SBitsCh1:EU_RBV
HXR:PC:02:EL5042:COE:SBitsCh2:Goal_RBV
HXR:PC:02:EL5042:COE:SBitsCh2:Goal
HXR:PC:02:EL5042:COE:SBitsCh2:Val_RBV
HXR:PC:02:EL5042:COE:SBitsCh2:Acc_RBV
HXR:PC:02:EL5042:COE:SBitsCh2:Desc_RBV
HXR:PC:02:EL5042:COE:SBitsCh2:Name_RBV
HXR:PC:02:EL5042:COE:SBitsCh2:TLastUp_RBV
HXR:PC:02:EL5042:COE:SBitsCh2:EU_RBV
HXR:PC:02:EL5042:COE:StatDiagCh1:Goal_RBV
HXR:PC:02:EL5042:COE:StatDiagCh1:Goal
HXR:PC:02:EL5042:COE:StatDiagCh1:Val_RBV
HXR:PC:02:EL5042:COE:StatDiagCh1:Acc_RBV
HXR:PC:02:EL5042:COE:StatDiagCh1:Desc_RBV
HXR:PC:02:EL5042:COE:StatDiagCh1:Name_RBV
HXR:PC:02:EL5042:COE:StatDiagCh1:TLastUp_RBV
HXR:PC:02:EL5042:COE:StatDiagCh1:EU_RBV
HXR:PC:02:EL5042:COE:StatDiagCh2:Goal_RBV
HXR:PC:02:EL5042:COE:StatDiagCh2:Goal
HXR:PC:02:EL5042:COE:StatDiagCh2:Val_RBV
HXR:PC:02:EL5042:COE:StatDiagCh2:Acc_RBV
HXR:PC:02:EL5042:COE:StatDiagCh2:Desc_RBV
HXR:PC:02:EL5042:COE:StatDiagCh2:Name_RBV
HXR:PC:02:EL5042:COE:StatDiagCh2:TLastUp_RBV
HXR:PC:02:EL5042:COE:StatDiagCh2:EU_RBV
HXR:PC:02:EL5042:COE:StatErrCh1:Goal_RBV
HXR:PC:02:EL5042:COE:StatErrCh1:Goal
HXR:PC:02:EL5042:COE:StatErrCh1:Val_RBV
HXR:PC:02:EL5042:COE:StatErrCh1:Acc_RBV
HXR:PC:02:EL5042:COE:StatErrCh1:Desc_RBV
HXR:PC:02:EL5042:COE:StatErrCh1:Name_RBV
HXR:PC:02:EL5042:COE:StatErrCh1:TLastUp_RBV
HXR:PC:02:EL5042:COE:StatErrCh1:EU_RBV
HXR:PC:02:EL5042:COE:StatErrCh2:Goal_RBV
HXR:PC:02:EL5042:COE:StatErrCh2:Goal
HXR:PC:02:EL5042:COE:StatErrCh2:Val_RBV
HXR:PC:02:EL5042:COE:StatErrCh2:Acc_RBV
HXR:PC:02:EL5042:COE:StatErrCh2:Desc_RBV
HXR:PC:02:EL5042:COE:StatErrCh2:Name_RBV
HXR:PC:02:EL5042:COE:StatErrCh2:TLastUp_RBV
HXR:PC:02:EL5042:COE:StatErrCh2:EU_RBV
HXR:PC:02:EL5042:COE:StInCyCCh1:Goal_RBV
HXR:PC:02:EL5042:COE:StInCyCCh1:Goal
HXR:PC:02:EL5042:COE:StInCyCCh1:Val_RBV
HXR:PC:02:EL5042:COE:StInCyCCh1:Acc_RBV
HXR:PC:02:EL5042:COE:StInCyCCh1:Desc_RBV
HXR:PC:02:EL5042:COE:StInCyCCh1:Name_RBV
HXR:PC:02:EL5042:COE:StInCyCCh1:TLastUp_RBV
HXR:PC:02:EL5042:COE:StInCyCCh1:EU_RBV
HXR:PC:02:EL5042:COE:StInCyCCh2:Goal_RBV
HXR:PC:02:EL5042:COE:StInCyCCh2:Goal
HXR:PC:02:EL5042:COE:StInCyCCh2:Val_RBV
HXR:PC:02:EL5042:COE:StInCyCCh2:Acc_RBV
HXR:PC:02:EL5042:COE:StInCyCCh2:Desc_RBV
HXR:PC:02:EL5042:COE:StInCyCCh2:Name_RBV
HXR:PC:02:EL5042:COE:StInCyCCh2:TLastUp_RBV
HXR:PC:02:EL5042:COE:StInCyCCh2:EU_RBV
HXR:PC:02:EL5042:COE:StatReadyCh1:Goal_RBV
HXR:PC:02:EL5042:COE:StatReadyCh1:Goal
HXR:PC:02:EL5042:COE:StatReadyCh1:Val_RBV
HXR:PC:02:EL5042:COE:StatReadyCh1:Acc_RBV
HXR:PC:02:EL5042:COE:StatReadyCh1:Desc_RBV
HXR:PC:02:EL5042:COE:StatReadyCh1:Name_RBV
HXR:PC:02:EL5042:COE:StatReadyCh1:TLastUp_RBV
HXR:PC:02:EL5042:COE:StatReadyCh1:EU_RBV
HXR:PC:02:EL5042:COE:StatReadyCh2:Goal_RBV
HXR:PC:02:EL5042:COE:StatReadyCh2:Goal
HXR:PC:02:EL5042:COE:StatReadyCh2:Val_RBV
HXR:PC:02:EL5042:COE:StatReadyCh2:Acc_RBV
HXR:PC:02:EL5042:COE:StatReadyCh2:Desc_RBV
HXR:PC:02:EL5042:COE:StatReadyCh2:Name_RBV
HXR:PC:02:EL5042:COE:StatReadyCh2:TLastUp_RBV
HXR:PC:02:EL5042:COE:StatReadyCh2:EU_RBV
HXR:PC:02:EL5042:COE:StTxPDOStCh1:Goal_RBV
HXR:PC:02:EL5042:COE:StTxPDOStCh1:Goal
HXR:PC:02:EL5042:COE:StTxPDOStCh1:Val_RBV
HXR:PC:02:EL5042:COE:StTxPDOStCh1:Acc_RBV
HXR:PC:02:EL5042:COE:StTxPDOStCh1:Desc_RBV
HXR:PC:02:EL5042:COE:StTxPDOStCh1:Name_RBV
HXR:PC:02:EL5042:COE:StTxPDOStCh1:TLastUp_RBV
HXR:PC:02:EL5042:COE:StTxPDOStCh1:EU_RBV
HXR:PC:02:EL5042:COE:StTxPDOStCh2:Goal_RBV
HXR:PC:02:EL5042:COE:StTxPDOStCh2:Goal
HXR:PC:02:EL5042:COE:StTxPDOStCh2:Val_RBV
HXR:PC:02:EL5042:COE:StTxPDOStCh2:Acc_RBV
HXR:PC:02:EL5042:COE:StTxPDOStCh2:Desc_RBV
HXR:PC:02:EL5042:COE:StTxPDOStCh2:Name_RBV
HXR:PC:02:EL5042:COE:StTxPDOStCh2:TLastUp_RBV
HXR:PC:02:EL5042:COE:StTxPDOStCh2:EU_RBV
HXR:PC:02:EL5042:COE:StatWarnCh1:Goal_RBV
HXR:PC:02:EL5042:COE:StatWarnCh1:Goal
HXR:PC:02:EL5042:COE:StatWarnCh1:Val_RBV
HXR:PC:02:EL5042:COE:StatWarnCh1:Acc_RBV
HXR:PC:02:EL5042:COE:StatWarnCh1:Desc_RBV
HXR:PC:02:EL5042:COE:StatWarnCh1:Name_RBV
HXR:PC:02:EL5042:COE:StatWarnCh1:TLastUp_RBV
HXR:PC:02:EL5042:COE:StatWarnCh1:EU_RBV
HXR:PC:02:EL5042:COE:StatWarnCh2:Goal_RBV
HXR:PC:02:EL5042:COE:StatWarnCh2:Goal
HXR:PC:02:EL5042:COE:StatWarnCh2:Val_RBV
HXR:PC:02:EL5042:COE:StatWarnCh2:Acc_RBV
HXR:PC:02:EL5042:COE:StatWarnCh2:Desc_RBV
HXR:PC:02:EL5042:COE:StatWarnCh2:Name_RBV
HXR:PC:02:EL5042:COE:StatWarnCh2:TLastUp_RBV
HXR:PC:02:EL5042:COE:StatWarnCh2:EU_RBV
HXR:PC:02:EL5042:COE:SupVoltCh1:Goal_RBV
HXR:PC:02:EL5042:COE:SupVoltCh1:Goal
HXR:PC:02:EL5042:COE:SupVoltCh1:Val_RBV
HXR:PC:02:EL5042:COE:SupVoltCh1:Acc_RBV
HXR:PC:02:EL5042:COE:SupVoltCh1:Desc_RBV
HXR:PC:02:EL5042:COE:SupVoltCh1:Name_RBV
HXR:PC:02:EL5042:COE:SupVoltCh1:TLastUp_RBV
HXR:PC:02:EL5042:COE:SupVoltCh1:EU_RBV
HXR:PC:02:EL5042:COE:SupVoltCh2:Goal_RBV
HXR:PC:02:EL5042:COE:SupVoltCh2:Goal
HXR:PC:02:EL5042:COE:SupVoltCh2:Val_RBV
HXR:PC:02:EL5042:COE:SupVoltCh2:Acc_RBV
HXR:PC:02:EL5042:COE:SupVoltCh2:Desc_RBV
HXR:PC:02:EL5042:COE:SupVoltCh2:Name_RBV
HXR:PC:02:EL5042:COE:SupVoltCh2:TLastUp_RBV
HXR:PC:02:EL5042:COE:SupVoltCh2:EU_RBV
HXR:PC:02:EL5042:COE:WDErrCh1:Goal_RBV
HXR:PC:02:EL5042:COE:WDErrCh1:Goal
HXR:PC:02:EL5042:COE:WDErrCh1:Val_RBV
HXR:PC:02:EL5042:COE:WDErrCh1:Acc_RBV
HXR:PC:02:EL5042:COE:WDErrCh1:Desc_RBV
HXR:PC:02:EL5042:COE:WDErrCh1:Name_RBV
HXR:PC:02:EL5042:COE:WDErrCh1:TLastUp_RBV
HXR:PC:02:EL5042:COE:WDErrCh1:EU_RBV
HXR:PC:02:EL5042:COE:WDErrCh2:Goal_RBV
HXR:PC:02:EL5042:COE:WDErrCh2:Goal
HXR:PC:02:EL5042:COE:WDErrCh2:Val_RBV
HXR:PC:02:EL5042:COE:WDErrCh2:Acc_RBV
HXR:PC:02:EL5042:COE:WDErrCh2:Desc_RBV
HXR:PC:02:EL5042:COE:WDErrCh2:Name_RBV
HXR:PC:02:EL5042:COE:WDErrCh2:TLastUp_RBV
HXR:PC:02:EL5042:COE:WDErrCh2:EU_RBV
HXR:PC:01:EL5102:COE:CounterModeCh1:Goal_RBV
HXR:PC:01:EL5102:COE:CounterModeCh1:Goal
HXR:PC:01:EL5102:COE:CounterModeCh1:Val_RBV
HXR:PC:01:EL5102:COE:CounterModeCh1:Acc_RBV
HXR:PC:01:EL5102:COE:CounterModeCh1:Desc_RBV
HXR:PC:01:EL5102:COE:CounterModeCh1:Name_RBV
HXR:PC:01:EL5102:COE:CounterModeCh1:TLastUp_RBV
HXR:PC:01:EL5102:COE:CounterModeCh1:EU_RBV
HXR:PC:01:EL5102:COE:CounterModeCh2:Goal_RBV
HXR:PC:01:EL5102:COE:CounterModeCh2:Goal
HXR:PC:01:EL5102:COE:CounterModeCh2:Val_RBV
HXR:PC:01:EL5102:COE:CounterModeCh2:Acc_RBV
HXR:PC:01:EL5102:COE:CounterModeCh2:Desc_RBV
HXR:PC:01:EL5102:COE:CounterModeCh2:Name_RBV
HXR:PC:01:EL5102:COE:CounterModeCh2:TLastUp_RBV
HXR:PC:01:EL5102:COE:CounterModeCh2:EU_RBV
HXR:PC:01:EL5102:COE:COvflCh1:Goal_RBV
HXR:PC:01:EL5102:COE:COvflCh1:Goal
HXR:PC:01:EL5102:COE:COvflCh1:Val_RBV
HXR:PC:01:EL5102:COE:COvflCh1:Acc_RBV
HXR:PC:01:EL5102:COE:COvflCh1:Desc_RBV
HXR:PC:01:EL5102:COE:COvflCh1:Name_RBV
HXR:PC:01:EL5102:COE:COvflCh1:TLastUp_RBV
HXR:PC:01:EL5102:COE:COvflCh1:EU_RBV
HXR:PC:01:EL5102:COE:COvflCh2:Goal_RBV
HXR:PC:01:EL5102:COE:COvflCh2:Goal
HXR:PC:01:EL5102:COE:COvflCh2:Val_RBV
HXR:PC:01:EL5102:COE:COvflCh2:Acc_RBV
HXR:PC:01:EL5102:COE:COvflCh2:Desc_RBV
HXR:PC:01:EL5102:COE:COvflCh2:Name_RBV
HXR:PC:01:EL5102:COE:COvflCh2:TLastUp_RBV
HXR:PC:01:EL5102:COE:COvflCh2:EU_RBV
HXR:PC:01:EL5102:COE:CUndflCh1:Goal_RBV
HXR:PC:01:EL5102:COE:CUndflCh1:Goal
HXR:PC:01:EL5102:COE:CUndflCh1:Val_RBV
HXR:PC:01:EL5102:COE:CUndflCh1:Acc_RBV
HXR:PC:01:EL5102:COE:CUndflCh1:Desc_RBV
HXR:PC:01:EL5102:COE:CUndflCh1:Name_RBV
HXR:PC:01:EL5102:COE:CUndflCh1:TLastUp_RBV
HXR:PC:01:EL5102:COE:CUndflCh1:EU_RBV
HXR:PC:01:EL5102:COE:CUndflCh2:Goal_RBV
HXR:PC:01:EL5102:COE:CUndflCh2:Goal
HXR:PC:01:EL5102:COE:CUndflCh2:Val_RBV
HXR:PC:01:EL5102:COE:CUndflCh2:Acc_RBV
HXR:PC:01:EL5102:COE:CUndflCh2:Desc_RBV
HXR:PC:01:EL5102:COE:CUndflCh2:Name_RBV
HXR:PC:01:EL5102:COE:CUndflCh2:TLastUp_RBV
HXR:PC:01:EL5102:COE:CUndflCh2:EU_RBV
HXR:PC:01:EL5102:COE:CValCh1:Goal_RBV
HXR:PC:01:EL5102:COE:CValCh1:Goal
HXR:PC:01:EL5102:COE:CValCh1:Val_RBV
HXR:PC:01:EL5102:COE:CValCh1:Acc_RBV
HXR:PC:01:EL5102:COE:CValCh1:Desc_RBV
HXR:PC:01:EL5102:COE:CValCh1:Name_RBV
HXR:PC:01:EL5102:COE:CValCh1:TLastUp_RBV
HXR:PC:01:EL5102:COE:CValCh1:EU_RBV
HXR:PC:01:EL5102:COE:CValCh2:Goal_RBV
HXR:PC:01:EL5102:COE:CValCh2:Goal
HXR:PC:01:EL5102:COE:CValCh2:Val_RBV
HXR:PC:01:EL5102:COE:CValCh2:Acc_RBV
HXR:PC:01:EL5102:COE:CValCh2:Desc_RBV
HXR:PC:01:EL5102:COE:CValCh2:Name_RBV
HXR:PC:01:EL5102:COE:CValCh2:TLastUp_RBV
HXR:PC:01:EL5102:COE:CValCh2:EU_RBV
HXR:PC:01:EL5102:COE:CValOORCh1:Goal_RBV
HXR:PC:01:EL5102:COE:CValOORCh1:Goal
HXR:PC:01:EL5102:COE:CValOORCh1:Val_RBV
HXR:PC:01:EL5102:COE:CValOORCh1:Acc_RBV
HXR:PC:01:EL5102:COE:CValOORCh1:Desc_RBV
HXR:PC:01:EL5102:COE:CValOORCh1:Name_RBV
HXR:PC:01:EL5102:COE:CValOORCh1:TLastUp_RBV
HXR:PC:01:EL5102:COE:CValOORCh1:EU_RBV
HXR:PC:01:EL5102:COE:CValOORCh2:Goal_RBV
HXR:PC:01:EL5102:COE:CValOORCh2:Goal
HXR:PC:01:EL5102:COE:CValOORCh2:Val_RBV
HXR:PC:01:EL5102:COE:CValOORCh2:Acc_RBV
HXR:PC:01:EL5102:COE:CValOORCh2:Desc_RBV
HXR:PC:01:EL5102:COE:CValOORCh2:Name_RBV
HXR:PC:01:EL5102:COE:CValOORCh2:TLastUp_RBV
HXR:PC:01:EL5102:COE:CValOORCh2:EU_RBV
HXR:PC:01:EL5102:COE:DiagCh1:Goal_RBV
HXR:PC:01:EL5102:COE:DiagCh1:Goal
HXR:PC:01:EL5102:COE:DiagCh1:Val_RBV
HXR:PC:01:EL5102:COE:DiagCh1:Acc_RBV
HXR:PC:01:EL5102:COE:DiagCh1:Desc_RBV
HXR:PC:01:EL5102:COE:DiagCh1:Name_RBV
HXR:PC:01:EL5102:COE:DiagCh1:TLastUp_RBV
HXR:PC:01:EL5102:COE:DiagCh1:EU_RBV
HXR:PC:01:EL5102:COE:DiagCh2:Goal_RBV
HXR:PC:01:EL5102:COE:DiagCh2:Goal
HXR:PC:01:EL5102:COE:DiagCh2:Val_RBV
HXR:PC:01:EL5102:COE:DiagCh2:Acc_RBV
HXR:PC:01:EL5102:COE:DiagCh2:Desc_RBV
HXR:PC:01:EL5102:COE:DiagCh2:Name_RBV
HXR:PC:01:EL5102:COE:DiagCh2:TLastUp_RBV
HXR:PC:01:EL5102:COE:DiagCh2:EU_RBV
HXR:PC:01:EL5102:COE:DirInvDetCh1:Goal_RBV
HXR:PC:01:EL5102:COE:DirInvDetCh1:Goal
HXR:PC:01:EL5102:COE:DirInvDetCh1:Val_RBV
HXR:PC:01:EL5102:COE:DirInvDetCh1:Acc_RBV
HXR:PC:01:EL5102:COE:DirInvDetCh1:Desc_RBV
HXR:PC:01:EL5102:COE:DirInvDetCh1:Name_RBV
HXR:PC:01:EL5102:COE:DirInvDetCh1:TLastUp_RBV
HXR:PC:01:EL5102:COE:DirInvDetCh1:EU_RBV
HXR:PC:01:EL5102:COE:DirInvDetCh2:Goal_RBV
HXR:PC:01:EL5102:COE:DirInvDetCh2:Goal
HXR:PC:01:EL5102:COE:DirInvDetCh2:Val_RBV
HXR:PC:01:EL5102:COE:DirInvDetCh2:Acc_RBV
HXR:PC:01:EL5102:COE:DirInvDetCh2:Desc_RBV
HXR:PC:01:EL5102:COE:DirInvDetCh2:Name_RBV
HXR:PC:01:EL5102:COE:DirInvDetCh2:TLastUp_RBV
HXR:PC:01:EL5102:COE:DirInvDetCh2:EU_RBV
HXR:PC:01:EL5102:COE:DirInvHystCh1:Goal_RBV
HXR:PC:01:EL5102:COE:DirInvHystCh1:Goal
HXR:PC:01:EL5102:COE:DirInvHystCh1:Val_RBV
HXR:PC:01:EL5102:COE:DirInvHystCh1:Acc_RBV
HXR:PC:01:EL5102:COE:DirInvHystCh1:Desc_RBV
HXR:PC:01:EL5102:COE:DirInvHystCh1:Name_RBV
HXR:PC:01:EL5102:COE:DirInvHystCh1:TLastUp_RBV
HXR:PC:01:EL5102:COE:DirInvHystCh1:EU_RBV
HXR:PC:01:EL5102:COE:DirInvHystCh2:Goal_RBV
HXR:PC:01:EL5102:COE:DirInvHystCh2:Goal
HXR:PC:01:EL5102:COE:DirInvHystCh2:Val_RBV
HXR:PC:01:EL5102:COE:DirInvHystCh2:Acc_RBV
HXR:PC:01:EL5102:COE:DirInvHystCh2:Desc_RBV
HXR:PC:01:EL5102:COE:DirInvHystCh2:Name_RBV
HXR:PC:01:EL5102:COE:DirInvHystCh2:TLastUp_RBV
HXR:PC:01:EL5102:COE:DirInvHystCh2:EU_RBV
HXR:PC:01:EL5102:COE:DisFiltCh1:Goal_RBV
HXR:PC:01:EL5102:COE:DisFiltCh1:Goal
HXR:PC:01:EL5102:COE:DisFiltCh1:Val_RBV
HXR:PC:01:EL5102:COE:DisFiltCh1:Acc_RBV
HXR:PC:01:EL5102:COE:DisFiltCh1:Desc_RBV
HXR:PC:01:EL5102:COE:DisFiltCh1:Name_RBV
HXR:PC:01:EL5102:COE:DisFiltCh1:TLastUp_RBV
HXR:PC:01:EL5102:COE:DisFiltCh1:EU_RBV
HXR:PC:01:EL5102:COE:DisFiltCh2:Goal_RBV
HXR:PC:01:EL5102:COE:DisFiltCh2:Goal
HXR:PC:01:EL5102:COE:DisFiltCh2:Val_RBV
HXR:PC:01:EL5102:COE:DisFiltCh2:Acc_RBV
HXR:PC:01:EL5102:COE:DisFiltCh2:Desc_RBV
HXR:PC:01:EL5102:COE:DisFiltCh2:Name_RBV
HXR:PC:01:EL5102:COE:DisFiltCh2:TLastUp_RBV
HXR:PC:01:EL5102:COE:DisFiltCh2:EU_RBV
HXR:PC:01:EL5102:COE:DCycCh1:Goal_RBV
HXR:PC:01:EL5102:COE:DCycCh1:Goal
HXR:PC:01:EL5102:COE:DCycCh1:Val_RBV
HXR:PC:01:EL5102:COE:DCycCh1:Acc_RBV
HXR:PC:01:EL5102:COE:DCycCh1:Desc_RBV
HXR:PC:01:EL5102:COE:DCycCh1:Name_RBV
HXR:PC:01:EL5102:COE:DCycCh1:TLastUp_RBV
HXR:PC:01:EL5102:COE:DCycCh1:EU_RBV
HXR:PC:01:EL5102:COE:DCycCh2:Goal_RBV
HXR:PC:01:EL5102:COE:DCycCh2:Goal
HXR:PC:01:EL5102:COE:DCycCh2:Val_RBV
HXR:PC:01:EL5102:COE:DCycCh2:Acc_RBV
HXR:PC:01:EL5102:COE:DCycCh2:Desc_RBV
HXR:PC:01:EL5102:COE:DCycCh2:Name_RBV
HXR:PC:01:EL5102:COE:DCycCh2:TLastUp_RBV
HXR:PC:01:EL5102:COE:DCycCh2:EU_RBV
HXR:PC:01:EL5102:COE:DCycMaxCh1:Goal_RBV
HXR:PC:01:EL5102:COE:DCycMaxCh1:Goal
HXR:PC:01:EL5102:COE:DCycMaxCh1:Val_RBV
HXR:PC:01:EL5102:COE:DCycMaxCh1:Acc_RBV
HXR:PC:01:EL5102:COE:DCycMaxCh1:Desc_RBV
HXR:PC:01:EL5102:COE:DCycMaxCh1:Name_RBV
HXR:PC:01:EL5102:COE:DCycMaxCh1:TLastUp_RBV
HXR:PC:01:EL5102:COE:DCycMaxCh1:EU_RBV
HXR:PC:01:EL5102:COE:DCycMaxCh2:Goal_RBV
HXR:PC:01:EL5102:COE:DCycMaxCh2:Goal
HXR:PC:01:EL5102:COE:DCycMaxCh2:Val_RBV
HXR:PC:01:EL5102:COE:DCycMaxCh2:Acc_RBV
HXR:PC:01:EL5102:COE:DCycMaxCh2:Desc_RBV
HXR:PC:01:EL5102:COE:DCycMaxCh2:Name_RBV
HXR:PC:01:EL5102:COE:DCycMaxCh2:TLastUp_RBV
HXR:PC:01:EL5102:COE:DCycMaxCh2:EU_RBV
HXR:PC:01:EL5102:COE:DCycMinCh1:Goal_RBV
HXR:PC:01:EL5102:COE:DCycMinCh1:Goal
HXR:PC:01:EL5102:COE:DCycMinCh1:Val_RBV
HXR:PC:01:EL5102:COE:DCycMinCh1:Acc_RBV
HXR:PC:01:EL5102:COE:DCycMinCh1:Desc_RBV
HXR:PC:01:EL5102:COE:DCycMinCh1:Name_RBV
HXR:PC:01:EL5102:COE:DCycMinCh1:TLastUp_RBV
HXR:PC:01:EL5102:COE:DCycMinCh1:EU_RBV
HXR:PC:01:EL5102:COE:DCycMinCh2:Goal_RBV
HXR:PC:01:EL5102:COE:DCycMinCh2:Goal
HXR:PC:01:EL5102:COE:DCycMinCh2:Val_RBV
HXR:PC:01:EL5102:COE:DCycMinCh2:Acc_RBV
HXR:PC:01:EL5102:COE:DCycMinCh2:Desc_RBV
HXR:PC:01:EL5102:COE:DCycMinCh2:Name_RBV
HXR:PC:01:EL5102:COE:DCycMinCh2:TLastUp_RBV
HXR:PC:01:EL5102:COE:DCycMinCh2:EU_RBV
HXR:PC:01:EL5102:COE:EnCResCh1:Goal_RBV
HXR:PC:01:EL5102:COE:EnCResCh1:Goal
HXR:PC:01:EL5102:COE:EnCResCh1:Val_RBV
HXR:PC:01:EL5102:COE:EnCResCh1:Acc_RBV
HXR:PC:01:EL5102:COE:EnCResCh1:Desc_RBV
HXR:PC:01:EL5102:COE:EnCResCh1:Name_RBV
HXR:PC:01:EL5102:COE:EnCResCh1:TLastUp_RBV
HXR:PC:01:EL5102:COE:EnCResCh1:EU_RBV
HXR:PC:01:EL5102:COE:EnCResCh2:Goal_RBV
HXR:PC:01:EL5102:COE:EnCResCh2:Goal
HXR:PC:01:EL5102:COE:EnCResCh2:Val_RBV
HXR:PC:01:EL5102:COE:EnCResCh2:Acc_RBV
HXR:PC:01:EL5102:COE:EnCResCh2:Desc_RBV
HXR:PC:01:EL5102:COE:EnCResCh2:Name_RBV
HXR:PC:01:EL5102:COE:EnCResCh2:TLastUp_RBV
HXR:PC:01:EL5102:COE:EnCResCh2:EU_RBV
HXR:PC:01:EL5102:COE:EnContLaExt2Ch1:Goal_RBV
HXR:PC:01:EL5102:COE:EnContLaExt2Ch1:Goal
HXR:PC:01:EL5102:COE:EnContLaExt2Ch1:Val_RBV
HXR:PC:01:EL5102:COE:EnContLaExt2Ch1:Acc_RBV
HXR:PC:01:EL5102:COE:EnContLaExt2Ch1:Desc_RBV
HXR:PC:01:EL5102:COE:EnContLaExt2Ch1:Name_RBV
HXR:PC:01:EL5102:COE:EnContLaExt2Ch1:TLastUp_RBV
HXR:PC:01:EL5102:COE:EnContLaExt2Ch1:EU_RBV
HXR:PC:01:EL5102:COE:EnContLaExt2Ch2:Goal_RBV
HXR:PC:01:EL5102:COE:EnContLaExt2Ch2:Goal
HXR:PC:01:EL5102:COE:EnContLaExt2Ch2:Val_RBV
HXR:PC:01:EL5102:COE:EnContLaExt2Ch2:Acc_RBV
HXR:PC:01:EL5102:COE:EnContLaExt2Ch2:Desc_RBV
HXR:PC:01:EL5102:COE:EnContLaExt2Ch2:Name_RBV
HXR:PC:01:EL5102:COE:EnContLaExt2Ch2:TLastUp_RBV
HXR:PC:01:EL5102:COE:EnContLaExt2Ch2:EU_RBV
HXR:PC:01:EL5102:COE:EnContLaExtCh1:Goal_RBV
HXR:PC:01:EL5102:COE:EnContLaExtCh1:Goal
HXR:PC:01:EL5102:COE:EnContLaExtCh1:Val_RBV
HXR:PC:01:EL5102:COE:EnContLaExtCh1:Acc_RBV
HXR:PC:01:EL5102:COE:EnContLaExtCh1:Desc_RBV
HXR:PC:01:EL5102:COE:EnContLaExtCh1:Name_RBV
HXR:PC:01:EL5102:COE:EnContLaExtCh1:TLastUp_RBV
HXR:PC:01:EL5102:COE:EnContLaExtCh1:EU_RBV
HXR:PC:01:EL5102:COE:EnContLaExtCh2:Goal_RBV
HXR:PC:01:EL5102:COE:EnContLaExtCh2:Goal
HXR:PC:01:EL5102:COE:EnContLaExtCh2:Val_RBV
HXR:PC:01:EL5102:COE:EnContLaExtCh2:Acc_RBV
HXR:PC:01:EL5102:COE:EnContLaExtCh2:Desc_RBV
HXR:PC:01:EL5102:COE:EnContLaExtCh2:Name_RBV
HXR:PC:01:EL5102:COE:EnContLaExtCh2:TLastUp_RBV
HXR:PC:01:EL5102:COE:EnContLaExtCh2:EU_RBV
HXR:PC:01:EL5102:COE:EnEncPlausChkCh1:Goal_RBV
HXR:PC:01:EL5102:COE:EnEncPlausChkCh1:Goal
HXR:PC:01:EL5102:COE:EnEncPlausChkCh1:Val_RBV
HXR:PC:01:EL5102:COE:EnEncPlausChkCh1:Acc_RBV
HXR:PC:01:EL5102:COE:EnEncPlausChkCh1:Desc_RBV
HXR:PC:01:EL5102:COE:EnEncPlausChkCh1:Name_RBV
HXR:PC:01:EL5102:COE:EnEncPlausChkCh1:TLastUp_RBV
HXR:PC:01:EL5102:COE:EnEncPlausChkCh1:EU_RBV
HXR:PC:01:EL5102:COE:EnEncPlausChkCh2:Goal_RBV
HXR:PC:01:EL5102:COE:EnEncPlausChkCh2:Goal
HXR:PC:01:EL5102:COE:EnEncPlausChkCh2:Val_RBV
HXR:PC:01:EL5102:COE:EnEncPlausChkCh2:Acc_RBV
HXR:PC:01:EL5102:COE:EnEncPlausChkCh2:Desc_RBV
HXR:PC:01:EL5102:COE:EnEncPlausChkCh2:Name_RBV
HXR:PC:01:EL5102:COE:EnEncPlausChkCh2:TLastUp_RBV
HXR:PC:01:EL5102:COE:EnEncPlausChkCh2:EU_RBV
HXR:PC:01:EL5102:COE:EnExtResCh1:Goal_RBV
HXR:PC:01:EL5102:COE:EnExtResCh1:Goal
HXR:PC:01:EL5102:COE:EnExtResCh1:Val_RBV
HXR:PC:01:EL5102:COE:EnExtResCh1:Acc_RBV
HXR:PC:01:EL5102:COE:EnExtResCh1:Desc_RBV
HXR:PC:01:EL5102:COE:EnExtResCh1:Name_RBV
HXR:PC:01:EL5102:COE:EnExtResCh1:TLastUp_RBV
HXR:PC:01:EL5102:COE:EnExtResCh1:EU_RBV
HXR:PC:01:EL5102:COE:EnExtResCh2:Goal_RBV
HXR:PC:01:EL5102:COE:EnExtResCh2:Goal
HXR:PC:01:EL5102:COE:EnExtResCh2:Val_RBV
HXR:PC:01:EL5102:COE:EnExtResCh2:Acc_RBV
HXR:PC:01:EL5102:COE:EnExtResCh2:Desc_RBV
HXR:PC:01:EL5102:COE:EnExtResCh2:Name_RBV
HXR:PC:01:EL5102:COE:EnExtResCh2:TLastUp_RBV
HXR:PC:01:EL5102:COE:EnExtResCh2:EU_RBV
HXR:PC:01:EL5102:COE:EnLaCCh1:Goal_RBV
HXR:PC:01:EL5102:COE:EnLaCCh1:Goal
HXR:PC:01:EL5102:COE:EnLaCCh1:Val_RBV
HXR:PC:01:EL5102:COE:EnLaCCh1:Acc_RBV
HXR:PC:01:EL5102:COE:EnLaCCh1:Desc_RBV
HXR:PC:01:EL5102:COE:EnLaCCh1:Name_RBV
HXR:PC:01:EL5102:COE:EnLaCCh1:TLastUp_RBV
HXR:PC:01:EL5102:COE:EnLaCCh1:EU_RBV
HXR:PC:01:EL5102:COE:EnLaCCh2:Goal_RBV
HXR:PC:01:EL5102:COE:EnLaCCh2:Goal
HXR:PC:01:EL5102:COE:EnLaCCh2:Val_RBV
HXR:PC:01:EL5102:COE:EnLaCCh2:Acc_RBV
HXR:PC:01:EL5102:COE:EnLaCCh2:Desc_RBV
HXR:PC:01:EL5102:COE:EnLaCCh2:Name_RBV
HXR:PC:01:EL5102:COE:EnLaCCh2:TLastUp_RBV
HXR:PC:01:EL5102:COE:EnLaCCh2:EU_RBV
HXR:PC:01:EL5102:COE:EnLaExt2OnNegEdCh1:Goal_RBV
HXR:PC:01:EL5102:COE:EnLaExt2OnNegEdCh1:Goal
HXR:PC:01:EL5102:COE:EnLaExt2OnNegEdCh1:Val_RBV
HXR:PC:01:EL5102:COE:EnLaExt2OnNegEdCh1:Acc_RBV
HXR:PC:01:EL5102:COE:EnLaExt2OnNegEdCh1:Desc_RBV
HXR:PC:01:EL5102:COE:EnLaExt2OnNegEdCh1:Name_RBV
HXR:PC:01:EL5102:COE:EnLaExt2OnNegEdCh1:TLastUp_RBV
HXR:PC:01:EL5102:COE:EnLaExt2OnNegEdCh1:EU_RBV
HXR:PC:01:EL5102:COE:EnLaExt2OnNegEdCh2:Goal_RBV
HXR:PC:01:EL5102:COE:EnLaExt2OnNegEdCh2:Goal
HXR:PC:01:EL5102:COE:EnLaExt2OnNegEdCh2:Val_RBV
HXR:PC:01:EL5102:COE:EnLaExt2OnNegEdCh2:Acc_RBV
HXR:PC:01:EL5102:COE:EnLaExt2OnNegEdCh2:Desc_RBV
HXR:PC:01:EL5102:COE:EnLaExt2OnNegEdCh2:Name_RBV
HXR:PC:01:EL5102:COE:EnLaExt2OnNegEdCh2:TLastUp_RBV
HXR:PC:01:EL5102:COE:EnLaExt2OnNegEdCh2:EU_RBV
HXR:PC:01:EL5102:COE:EnLaExt2OnPosEdCh1:Goal_RBV
HXR:PC:01:EL5102:COE:EnLaExt2OnPosEdCh1:Goal
HXR:PC:01:EL5102:COE:EnLaExt2OnPosEdCh1:Val_RBV
HXR:PC:01:EL5102:COE:EnLaExt2OnPosEdCh1:Acc_RBV
HXR:PC:01:EL5102:COE:EnLaExt2OnPosEdCh1:Desc_RBV
HXR:PC:01:EL5102:COE:EnLaExt2OnPosEdCh1:Name_RBV
HXR:PC:01:EL5102:COE:EnLaExt2OnPosEdCh1:TLastUp_RBV
HXR:PC:01:EL5102:COE:EnLaExt2OnPosEdCh1:EU_RBV
HXR:PC:01:EL5102:COE:EnLaExt2OnPosEdCh2:Goal_RBV
HXR:PC:01:EL5102:COE:EnLaExt2OnPosEdCh2:Goal
HXR:PC:01:EL5102:COE:EnLaExt2OnPosEdCh2:Val_RBV
HXR:PC:01:EL5102:COE:EnLaExt2OnPosEdCh2:Acc_RBV
HXR:PC:01:EL5102:COE:EnLaExt2OnPosEdCh2:Desc_RBV
HXR:PC:01:EL5102:COE:EnLaExt2OnPosEdCh2:Name_RBV
HXR:PC:01:EL5102:COE:EnLaExt2OnPosEdCh2:TLastUp_RBV
HXR:PC:01:EL5102:COE:EnLaExt2OnPosEdCh2:EU_RBV
HXR:PC:01:EL5102:COE:EnLaExtNegEdCh1:Goal_RBV
HXR:PC:01:EL5102:COE:EnLaExtNegEdCh1:Goal
HXR:PC:01:EL5102:COE:EnLaExtNegEdCh1:Val_RBV
HXR:PC:01:EL5102:COE:EnLaExtNegEdCh1:Acc_RBV
HXR:PC:01:EL5102:COE:EnLaExtNegEdCh1:Desc_RBV
HXR:PC:01:EL5102:COE:EnLaExtNegEdCh1:Name_RBV
HXR:PC:01:EL5102:COE:EnLaExtNegEdCh1:TLastUp_RBV
HXR:PC:01:EL5102:COE:EnLaExtNegEdCh1:EU_RBV
HXR:PC:01:EL5102:COE:EnLaExtNegEdCh2:Goal_RBV
HXR:PC:01:EL5102:COE:EnLaExtNegEdCh2:Goal
HXR:PC:01:EL5102:COE:EnLaExtNegEdCh2:Val_RBV
HXR:PC:01:EL5102:COE:EnLaExtNegEdCh2:Acc_RBV
HXR:PC:01:EL5102:COE:EnLaExtNegEdCh2:Desc_RBV
HXR:PC:01:EL5102:COE:EnLaExtNegEdCh2:Name_RBV
HXR:PC:01:EL5102:COE:EnLaExtNegEdCh2:TLastUp_RBV
HXR:PC:01:EL5102:COE:EnLaExtNegEdCh2:EU_RBV
HXR:PC:01:EL5102:COE:EnLaExtPosEdCh1:Goal_RBV
HXR:PC:01:EL5102:COE:EnLaExtPosEdCh1:Goal
HXR:PC:01:EL5102:COE:EnLaExtPosEdCh1:Val_RBV
HXR:PC:01:EL5102:COE:EnLaExtPosEdCh1:Acc_RBV
HXR:PC:01:EL5102:COE:EnLaExtPosEdCh1:Desc_RBV
HXR:PC:01:EL5102:COE:EnLaExtPosEdCh1:Name_RBV
HXR:PC:01:EL5102:COE:EnLaExtPosEdCh1:TLastUp_RBV
HXR:PC:01:EL5102:COE:EnLaExtPosEdCh1:EU_RBV
HXR:PC:01:EL5102:COE:EnLaExtnPosEdCh2:Goal_RBV
HXR:PC:01:EL5102:COE:EnLaExtnPosEdCh2:Goal
HXR:PC:01:EL5102:COE:EnLaExtnPosEdCh2:Val_RBV
HXR:PC:01:EL5102:COE:EnLaExtnPosEdCh2:Acc_RBV
HXR:PC:01:EL5102:COE:EnLaExtnPosEdCh2:Desc_RBV
HXR:PC:01:EL5102:COE:EnLaExtnPosEdCh2:Name_RBV
HXR:PC:01:EL5102:COE:EnLaExtnPosEdCh2:TLastUp_RBV
HXR:PC:01:EL5102:COE:EnLaExtnPosEdCh2:EU_RBV
HXR:PC:01:EL5102:COE:EnMicroIncrCh1:Goal_RBV
HXR:PC:01:EL5102:COE:EnMicroIncrCh1:Goal
HXR:PC:01:EL5102:COE:EnMicroIncrCh1:Val_RBV
HXR:PC:01:EL5102:COE:EnMicroIncrCh1:Acc_RBV
HXR:PC:01:EL5102:COE:EnMicroIncrCh1:Desc_RBV
HXR:PC:01:EL5102:COE:EnMicroIncrCh1:Name_RBV
HXR:PC:01:EL5102:COE:EnMicroIncrCh1:TLastUp_RBV
HXR:PC:01:EL5102:COE:EnMicroIncrCh1:EU_RBV
HXR:PC:01:EL5102:COE:EnMicroIncrCh2:Goal_RBV
HXR:PC:01:EL5102:COE:EnMicroIncrCh2:Goal
HXR:PC:01:EL5102:COE:EnMicroIncrCh2:Val_RBV
HXR:PC:01:EL5102:COE:EnMicroIncrCh2:Acc_RBV
HXR:PC:01:EL5102:COE:EnMicroIncrCh2:Desc_RBV
HXR:PC:01:EL5102:COE:EnMicroIncrCh2:Name_RBV
HXR:PC:01:EL5102:COE:EnMicroIncrCh2:TLastUp_RBV
HXR:PC:01:EL5102:COE:EnMicroIncrCh2:EU_RBV
HXR:PC:01:EL5102:COE:EnPlausErrCCh1:Goal_RBV
HXR:PC:01:EL5102:COE:EnPlausErrCCh1:Goal
HXR:PC:01:EL5102:COE:EnPlausErrCCh1:Val_RBV
HXR:PC:01:EL5102:COE:EnPlausErrCCh1:Acc_RBV
HXR:PC:01:EL5102:COE:EnPlausErrCCh1:Desc_RBV
HXR:PC:01:EL5102:COE:EnPlausErrCCh1:Name_RBV
HXR:PC:01:EL5102:COE:EnPlausErrCCh1:TLastUp_RBV
HXR:PC:01:EL5102:COE:EnPlausErrCCh1:EU_RBV
HXR:PC:01:EL5102:COE:EncPlausErrCCh2:Goal_RBV
HXR:PC:01:EL5102:COE:EncPlausErrCCh2:Goal
HXR:PC:01:EL5102:COE:EncPlausErrCCh2:Val_RBV
HXR:PC:01:EL5102:COE:EncPlausErrCCh2:Acc_RBV
HXR:PC:01:EL5102:COE:EncPlausErrCCh2:Desc_RBV
HXR:PC:01:EL5102:COE:EncPlausErrCCh2:Name_RBV
HXR:PC:01:EL5102:COE:EncPlausErrCCh2:TLastUp_RBV
HXR:PC:01:EL5102:COE:EncPlausErrCCh2:EU_RBV
HXR:PC:01:EL5102:COE:ErrACh1:Goal_RBV
HXR:PC:01:EL5102:COE:ErrACh1:Goal
HXR:PC:01:EL5102:COE:ErrACh1:Val_RBV
HXR:PC:01:EL5102:COE:ErrACh1:Acc_RBV
HXR:PC:01:EL5102:COE:ErrACh1:Desc_RBV
HXR:PC:01:EL5102:COE:ErrACh1:Name_RBV
HXR:PC:01:EL5102:COE:ErrACh1:TLastUp_RBV
HXR:PC:01:EL5102:COE:ErrACh1:EU_RBV
HXR:PC:01:EL5102:COE:ErrACh2:Goal_RBV
HXR:PC:01:EL5102:COE:ErrACh2:Goal
HXR:PC:01:EL5102:COE:ErrACh2:Val_RBV
HXR:PC:01:EL5102:COE:ErrACh2:Acc_RBV
HXR:PC:01:EL5102:COE:ErrACh2:Desc_RBV
HXR:PC:01:EL5102:COE:ErrACh2:Name_RBV
HXR:PC:01:EL5102:COE:ErrACh2:TLastUp_RBV
HXR:PC:01:EL5102:COE:ErrACh2:EU_RBV
HXR:PC:01:EL5102:COE:ErrBCh1:Goal_RBV
HXR:PC:01:EL5102:COE:ErrBCh1:Goal
HXR:PC:01:EL5102:COE:ErrBCh1:Val_RBV
HXR:PC:01:EL5102:COE:ErrBCh1:Acc_RBV
HXR:PC:01:EL5102:COE:ErrBCh1:Desc_RBV
HXR:PC:01:EL5102:COE:ErrBCh1:Name_RBV
HXR:PC:01:EL5102:COE:ErrBCh1:TLastUp_RBV
HXR:PC:01:EL5102:COE:ErrBCh1:EU_RBV
HXR:PC:01:EL5102:COE:ErrBCh2:Goal_RBV
HXR:PC:01:EL5102:COE:ErrBCh2:Goal
HXR:PC:01:EL5102:COE:ErrBCh2:Val_RBV
HXR:PC:01:EL5102:COE:ErrBCh2:Acc_RBV
HXR:PC:01:EL5102:COE:ErrBCh2:Desc_RBV
HXR:PC:01:EL5102:COE:ErrBCh2:Name_RBV
HXR:PC:01:EL5102:COE:ErrBCh2:TLastUp_RBV
HXR:PC:01:EL5102:COE:ErrBCh2:EU_RBV
HXR:PC:01:EL5102:COE:ErrCCh1:Goal_RBV
HXR:PC:01:EL5102:COE:ErrCCh1:Goal
HXR:PC:01:EL5102:COE:ErrCCh1:Val_RBV
HXR:PC:01:EL5102:COE:ErrCCh1:Acc_RBV
HXR:PC:01:EL5102:COE:ErrCCh1:Desc_RBV
HXR:PC:01:EL5102:COE:ErrCCh1:Name_RBV
HXR:PC:01:EL5102:COE:ErrCCh1:TLastUp_RBV
HXR:PC:01:EL5102:COE:ErrCCh1:EU_RBV
HXR:PC:01:EL5102:COE:ErrCCh2:Goal_RBV
HXR:PC:01:EL5102:COE:ErrCCh2:Goal
HXR:PC:01:EL5102:COE:ErrCCh2:Val_RBV
HXR:PC:01:EL5102:COE:ErrCCh2:Acc_RBV
HXR:PC:01:EL5102:COE:ErrCCh2:Desc_RBV
HXR:PC:01:EL5102:COE:ErrCCh2:Name_RBV
HXR:PC:01:EL5102:COE:ErrCCh2:TLastUp_RBV
HXR:PC:01:EL5102:COE:ErrCCh2:EU_RBV
HXR:PC:01:EL5102:COE:ErrDetACh1:Goal_RBV
HXR:PC:01:EL5102:COE:ErrDetACh1:Goal
HXR:PC:01:EL5102:COE:ErrDetACh1:Val_RBV
HXR:PC:01:EL5102:COE:ErrDetACh1:Acc_RBV
HXR:PC:01:EL5102:COE:ErrDetACh1:Desc_RBV
HXR:PC:01:EL5102:COE:ErrDetACh1:Name_RBV
HXR:PC:01:EL5102:COE:ErrDetACh1:TLastUp_RBV
HXR:PC:01:EL5102:COE:ErrDetACh1:EU_RBV
HXR:PC:01:EL5102:COE:ErrDetACh2:Goal_RBV
HXR:PC:01:EL5102:COE:ErrDetACh2:Goal
HXR:PC:01:EL5102:COE:ErrDetACh2:Val_RBV
HXR:PC:01:EL5102:COE:ErrDetACh2:Acc_RBV
HXR:PC:01:EL5102:COE:ErrDetACh2:Desc_RBV
HXR:PC:01:EL5102:COE:ErrDetACh2:Name_RBV
HXR:PC:01:EL5102:COE:ErrDetACh2:TLastUp_RBV
HXR:PC:01:EL5102:COE:ErrDetACh2:EU_RBV
HXR:PC:01:EL5102:COE:ErrDetBCh1:Goal_RBV
HXR:PC:01:EL5102:COE:ErrDetBCh1:Goal
HXR:PC:01:EL5102:COE:ErrDetBCh1:Val_RBV
HXR:PC:01:EL5102:COE:ErrDetBCh1:Acc_RBV
HXR:PC:01:EL5102:COE:ErrDetBCh1:Desc_RBV
HXR:PC:01:EL5102:COE:ErrDetBCh1:Name_RBV
HXR:PC:01:EL5102:COE:ErrDetBCh1:TLastUp_RBV
HXR:PC:01:EL5102:COE:ErrDetBCh1:EU_RBV
HXR:PC:01:EL5102:COE:ErrDetBCh2:Goal_RBV
HXR:PC:01:EL5102:COE:ErrDetBCh2:Goal
HXR:PC:01:EL5102:COE:ErrDetBCh2:Val_RBV
HXR:PC:01:EL5102:COE:ErrDetBCh2:Acc_RBV
HXR:PC:01:EL5102:COE:ErrDetBCh2:Desc_RBV
HXR:PC:01:EL5102:COE:ErrDetBCh2:Name_RBV
HXR:PC:01:EL5102:COE:ErrDetBCh2:TLastUp_RBV
HXR:PC:01:EL5102:COE:ErrDetBCh2:EU_RBV
HXR:PC:01:EL5102:COE:ErrDetCCh1:Goal_RBV
HXR:PC:01:EL5102:COE:ErrDetCCh1:Goal
HXR:PC:01:EL5102:COE:ErrDetCCh1:Val_RBV
HXR:PC:01:EL5102:COE:ErrDetCCh1:Acc_RBV
HXR:PC:01:EL5102:COE:ErrDetCCh1:Desc_RBV
HXR:PC:01:EL5102:COE:ErrDetCCh1:Name_RBV
HXR:PC:01:EL5102:COE:ErrDetCCh1:TLastUp_RBV
HXR:PC:01:EL5102:COE:ErrDetCCh1:EU_RBV
HXR:PC:01:EL5102:COE:ErrDetCCh2:Goal_RBV
HXR:PC:01:EL5102:COE:ErrDetCCh2:Goal
HXR:PC:01:EL5102:COE:ErrDetCCh2:Val_RBV
HXR:PC:01:EL5102:COE:ErrDetCCh2:Acc_RBV
HXR:PC:01:EL5102:COE:ErrDetCCh2:Desc_RBV
HXR:PC:01:EL5102:COE:ErrDetCCh2:Name_RBV
HXR:PC:01:EL5102:COE:ErrDetCCh2:TLastUp_RBV
HXR:PC:01:EL5102:COE:ErrDetCCh2:EU_RBV
HXR:PC:01:EL5102:COE:ErrInStCh1:Goal_RBV
HXR:PC:01:EL5102:COE:ErrInStCh1:Goal
HXR:PC:01:EL5102:COE:ErrInStCh1:Val_RBV
HXR:PC:01:EL5102:COE:ErrInStCh1:Acc_RBV
HXR:PC:01:EL5102:COE:ErrInStCh1:Desc_RBV
HXR:PC:01:EL5102:COE:ErrInStCh1:Name_RBV
HXR:PC:01:EL5102:COE:ErrInStCh1:TLastUp_RBV
HXR:PC:01:EL5102:COE:ErrInStCh1:EU_RBV
HXR:PC:01:EL5102:COE:ErrInStCh2:Goal_RBV
HXR:PC:01:EL5102:COE:ErrInStCh2:Goal
HXR:PC:01:EL5102:COE:ErrInStCh2:Val_RBV
HXR:PC:01:EL5102:COE:ErrInStCh2:Acc_RBV
HXR:PC:01:EL5102:COE:ErrInStCh2:Desc_RBV
HXR:PC:01:EL5102:COE:ErrInStCh2:Name_RBV
HXR:PC:01:EL5102:COE:ErrInStCh2:TLastUp_RBV
HXR:PC:01:EL5102:COE:ErrInStCh2:EU_RBV
HXR:PC:01:EL5102:COE:EvalModeCh1:Goal_RBV
HXR:PC:01:EL5102:COE:EvalModeCh1:Goal
HXR:PC:01:EL5102:COE:EvalModeCh1:Val_RBV
HXR:PC:01:EL5102:COE:EvalModeCh1:Acc_RBV
HXR:PC:01:EL5102:COE:EvalModeCh1:Desc_RBV
HXR:PC:01:EL5102:COE:EvalModeCh1:Name_RBV
HXR:PC:01:EL5102:COE:EvalModeCh1:TLastUp_RBV
HXR:PC:01:EL5102:COE:EvalModeCh1:EU_RBV
HXR:PC:01:EL5102:COE:EvalModeCh2:Goal_RBV
HXR:PC:01:EL5102:COE:EvalModeCh2:Goal
HXR:PC:01:EL5102:COE:EvalModeCh2:Val_RBV
HXR:PC:01:EL5102:COE:EvalModeCh2:Acc_RBV
HXR:PC:01:EL5102:COE:EvalModeCh2:Desc_RBV
HXR:PC:01:EL5102:COE:EvalModeCh2:Name_RBV
HXR:PC:01:EL5102:COE:EvalModeCh2:TLastUp_RBV
HXR:PC:01:EL5102:COE:EvalModeCh2:EU_RBV
HXR:PC:01:EL5102:COE:ExtResPolCh1:Goal_RBV
HXR:PC:01:EL5102:COE:ExtResPolCh1:Goal
HXR:PC:01:EL5102:COE:ExtResPolCh1:Val_RBV
HXR:PC:01:EL5102:COE:ExtResPolCh1:Acc_RBV
HXR:PC:01:EL5102:COE:ExtResPolCh1:Desc_RBV
HXR:PC:01:EL5102:COE:ExtResPolCh1:Name_RBV
HXR:PC:01:EL5102:COE:ExtResPolCh1:TLastUp_RBV
HXR:PC:01:EL5102:COE:ExtResPolCh1:EU_RBV
HXR:PC:01:EL5102:COE:ExtResPolCh2:Goal_RBV
HXR:PC:01:EL5102:COE:ExtResPolCh2:Goal
HXR:PC:01:EL5102:COE:ExtResPolCh2:Val_RBV
HXR:PC:01:EL5102:COE:ExtResPolCh2:Acc_RBV
HXR:PC:01:EL5102:COE:ExtResPolCh2:Desc_RBV
HXR:PC:01:EL5102:COE:ExtResPolCh2:Name_RBV
HXR:PC:01:EL5102:COE:ExtResPolCh2:TLastUp_RBV
HXR:PC:01:EL5102:COE:ExtResPolCh2:EU_RBV
HXR:PC:01:EL5102:COE:ExtrStlCh1:Goal_RBV
HXR:PC:01:EL5102:COE:ExtrStlCh1:Goal
HXR:PC:01:EL5102:COE:ExtrStlCh1:Val_RBV
HXR:PC:01:EL5102:COE:ExtrStlCh1:Acc_RBV
HXR:PC:01:EL5102:COE:ExtrStlCh1:Desc_RBV
HXR:PC:01:EL5102:COE:ExtrStlCh1:Name_RBV
HXR:PC:01:EL5102:COE:ExtrStlCh1:TLastUp_RBV
HXR:PC:01:EL5102:COE:ExtrStlCh1:EU_RBV
HXR:PC:01:EL5102:COE:ExtrStlCh2:Goal_RBV
HXR:PC:01:EL5102:COE:ExtrStlCh2:Goal
HXR:PC:01:EL5102:COE:ExtrStlCh2:Val_RBV
HXR:PC:01:EL5102:COE:ExtrStlCh2:Acc_RBV
HXR:PC:01:EL5102:COE:ExtrStlCh2:Desc_RBV
HXR:PC:01:EL5102:COE:ExtrStlCh2:Name_RBV
HXR:PC:01:EL5102:COE:ExtrStlCh2:TLastUp_RBV
HXR:PC:01:EL5102:COE:ExtrStlCh2:EU_RBV
HXR:PC:01:EL5102:COE:FPowFailCh1:Goal_RBV
HXR:PC:01:EL5102:COE:FPowFailCh1:Goal
HXR:PC:01:EL5102:COE:FPowFailCh1:Val_RBV
HXR:PC:01:EL5102:COE:FPowFailCh1:Acc_RBV
HXR:PC:01:EL5102:COE:FPowFailCh1:Desc_RBV
HXR:PC:01:EL5102:COE:FPowFailCh1:Name_RBV
HXR:PC:01:EL5102:COE:FPowFailCh1:TLastUp_RBV
HXR:PC:01:EL5102:COE:FPowFailCh1:EU_RBV
HXR:PC:01:EL5102:COE:FPowFailCh2:Goal_RBV
HXR:PC:01:EL5102:COE:FPowFailCh2:Goal
HXR:PC:01:EL5102:COE:FPowFailCh2:Val_RBV
HXR:PC:01:EL5102:COE:FPowFailCh2:Acc_RBV
HXR:PC:01:EL5102:COE:FPowFailCh2:Desc_RBV
HXR:PC:01:EL5102:COE:FPowFailCh2:Name_RBV
HXR:PC:01:EL5102:COE:FPowFailCh2:TLastUp_RBV
HXR:PC:01:EL5102:COE:FPowFailCh2:EU_RBV
HXR:PC:01:EL5102:COE:FiltSetCh1:Goal_RBV
HXR:PC:01:EL5102:COE:FiltSetCh1:Goal
HXR:PC:01:EL5102:COE:FiltSetCh1:Val_RBV
HXR:PC:01:EL5102:COE:FiltSetCh1:Acc_RBV
HXR:PC:01:EL5102:COE:FiltSetCh1:Desc_RBV
HXR:PC:01:EL5102:COE:FiltSetCh1:Name_RBV
HXR:PC:01:EL5102:COE:FiltSetCh1:TLastUp_RBV
HXR:PC:01:EL5102:COE:FiltSetCh1:EU_RBV
HXR:PC:01:EL5102:COE:FiltSetCh2:Goal_RBV
HXR:PC:01:EL5102:COE:FiltSetCh2:Goal
HXR:PC:01:EL5102:COE:FiltSetCh2:Val_RBV
HXR:PC:01:EL5102:COE:FiltSetCh2:Acc_RBV
HXR:PC:01:EL5102:COE:FiltSetCh2:Desc_RBV
HXR:PC:01:EL5102:COE:FiltSetCh2:Name_RBV
HXR:PC:01:EL5102:COE:FiltSetCh2:TLastUp_RBV
HXR:PC:01:EL5102:COE:FiltSetCh2:EU_RBV
HXR:PC:01:EL5102:COE:FiltVioCCh1:Goal_RBV
HXR:PC:01:EL5102:COE:FiltVioCCh1:Goal
HXR:PC:01:EL5102:COE:FiltVioCCh1:Val_RBV
HXR:PC:01:EL5102:COE:FiltVioCCh1:Acc_RBV
HXR:PC:01:EL5102:COE:FiltVioCCh1:Desc_RBV
HXR:PC:01:EL5102:COE:FiltVioCCh1:Name_RBV
HXR:PC:01:EL5102:COE:FiltVioCCh1:TLastUp_RBV
HXR:PC:01:EL5102:COE:FiltVioCCh1:EU_RBV
HXR:PC:01:EL5102:COE:FiltVioCCh2:Goal_RBV
HXR:PC:01:EL5102:COE:FiltVioCCh2:Goal
HXR:PC:01:EL5102:COE:FiltVioCCh2:Val_RBV
HXR:PC:01:EL5102:COE:FiltVioCCh2:Acc_RBV
HXR:PC:01:EL5102:COE:FiltVioCCh2:Desc_RBV
HXR:PC:01:EL5102:COE:FiltVioCCh2:Name_RBV
HXR:PC:01:EL5102:COE:FiltVioCCh2:TLastUp_RBV
HXR:PC:01:EL5102:COE:FiltVioCCh2:EU_RBV
HXR:PC:01:EL5102:COE:FiltVioCExtLaCh1:Goal_RBV
HXR:PC:01:EL5102:COE:FiltVioCExtLaCh1:Goal
HXR:PC:01:EL5102:COE:FiltVioCExtLaCh1:Val_RBV
HXR:PC:01:EL5102:COE:FiltVioCExtLaCh1:Acc_RBV
HXR:PC:01:EL5102:COE:FiltVioCExtLaCh1:Desc_RBV
HXR:PC:01:EL5102:COE:FiltVioCExtLaCh1:Name_RBV
HXR:PC:01:EL5102:COE:FiltVioCExtLaCh1:TLastUp_RBV
HXR:PC:01:EL5102:COE:FiltVioCExtLaCh1:EU_RBV
HXR:PC:01:EL5102:COE:FiltVioCExtLaCh2:Goal_RBV
HXR:PC:01:EL5102:COE:FiltVioCExtLaCh2:Goal
HXR:PC:01:EL5102:COE:FiltVioCExtLaCh2:Val_RBV
HXR:PC:01:EL5102:COE:FiltVioCExtLaCh2:Acc_RBV
HXR:PC:01:EL5102:COE:FiltVioCExtLaCh2:Desc_RBV
HXR:PC:01:EL5102:COE:FiltVioCExtLaCh2:Name_RBV
HXR:PC:01:EL5102:COE:FiltVioCExtLaCh2:TLastUp_RBV
HXR:PC:01:EL5102:COE:FiltVioCExtLaCh2:EU_RBV
HXR:PC:01:EL5102:COE:FiltVioCInGateCh1:Goal_RBV
HXR:PC:01:EL5102:COE:FiltVioCInGateCh1:Goal
HXR:PC:01:EL5102:COE:FiltVioCInGateCh1:Val_RBV
HXR:PC:01:EL5102:COE:FiltVioCInGateCh1:Acc_RBV
HXR:PC:01:EL5102:COE:FiltVioCInGateCh1:Desc_RBV
HXR:PC:01:EL5102:COE:FiltVioCInGateCh1:Name_RBV
HXR:PC:01:EL5102:COE:FiltVioCInGateCh1:TLastUp_RBV
HXR:PC:01:EL5102:COE:FiltVioCInGateCh1:EU_RBV
HXR:PC:01:EL5102:COE:FiltVioCInGateCh2:Goal_RBV
HXR:PC:01:EL5102:COE:FiltVioCInGateCh2:Goal
HXR:PC:01:EL5102:COE:FiltVioCInGateCh2:Val_RBV
HXR:PC:01:EL5102:COE:FiltVioCInGateCh2:Acc_RBV
HXR:PC:01:EL5102:COE:FiltVioCInGateCh2:Desc_RBV
HXR:PC:01:EL5102:COE:FiltVioCInGateCh2:Name_RBV
HXR:PC:01:EL5102:COE:FiltVioCInGateCh2:TLastUp_RBV
HXR:PC:01:EL5102:COE:FiltVioCInGateCh2:EU_RBV
HXR:PC:01:EL5102:COE:FreqValCh1:Goal_RBV
HXR:PC:01:EL5102:COE:FreqValCh1:Goal
HXR:PC:01:EL5102:COE:FreqValCh1:Val_RBV
HXR:PC:01:EL5102:COE:FreqValCh1:Acc_RBV
HXR:PC:01:EL5102:COE:FreqValCh1:Desc_RBV
HXR:PC:01:EL5102:COE:FreqValCh1:Name_RBV
HXR:PC:01:EL5102:COE:FreqValCh1:TLastUp_RBV
HXR:PC:01:EL5102:COE:FreqValCh1:EU_RBV
HXR:PC:01:EL5102:COE:FreqValCh2:Goal_RBV
HXR:PC:01:EL5102:COE:FreqValCh2:Goal
HXR:PC:01:EL5102:COE:FreqValCh2:Val_RBV
HXR:PC:01:EL5102:COE:FreqValCh2:Acc_RBV
HXR:PC:01:EL5102:COE:FreqValCh2:Desc_RBV
HXR:PC:01:EL5102:COE:FreqValCh2:Name_RBV
HXR:PC:01:EL5102:COE:FreqValCh2:TLastUp_RBV
HXR:PC:01:EL5102:COE:FreqValCh2:EU_RBV
HXR:PC:01:EL5102:COE:GatePolCh1:Goal_RBV
HXR:PC:01:EL5102:COE:GatePolCh1:Goal
HXR:PC:01:EL5102:COE:GatePolCh1:Val_RBV
HXR:PC:01:EL5102:COE:GatePolCh1:Acc_RBV
HXR:PC:01:EL5102:COE:GatePolCh1:Desc_RBV
HXR:PC:01:EL5102:COE:GatePolCh1:Name_RBV
HXR:PC:01:EL5102:COE:GatePolCh1:TLastUp_RBV
HXR:PC:01:EL5102:COE:GatePolCh1:EU_RBV
HXR:PC:01:EL5102:COE:GatePolCh2:Goal_RBV
HXR:PC:01:EL5102:COE:GatePolCh2:Goal
HXR:PC:01:EL5102:COE:GatePolCh2:Val_RBV
HXR:PC:01:EL5102:COE:GatePolCh2:Acc_RBV
HXR:PC:01:EL5102:COE:GatePolCh2:Desc_RBV
HXR:PC:01:EL5102:COE:GatePolCh2:Name_RBV
HXR:PC:01:EL5102:COE:GatePolCh2:TLastUp_RBV
HXR:PC:01:EL5102:COE:GatePolCh2:EU_RBV
HXR:PC:01:EL5102:COE:InCycCCh1:Goal_RBV
HXR:PC:01:EL5102:COE:InCycCCh1:Goal
HXR:PC:01:EL5102:COE:InCycCCh1:Val_RBV
HXR:PC:01:EL5102:COE:InCycCCh1:Acc_RBV
HXR:PC:01:EL5102:COE:InCycCCh1:Desc_RBV
HXR:PC:01:EL5102:COE:InCycCCh1:Name_RBV
HXR:PC:01:EL5102:COE:InCycCCh1:TLastUp_RBV
HXR:PC:01:EL5102:COE:InCycCCh1:EU_RBV
HXR:PC:01:EL5102:COE:InCycCCh2:Goal_RBV
HXR:PC:01:EL5102:COE:InCycCCh2:Goal
HXR:PC:01:EL5102:COE:InCycCCh2:Val_RBV
HXR:PC:01:EL5102:COE:InCycCCh2:Acc_RBV
HXR:PC:01:EL5102:COE:InCycCCh2:Desc_RBV
HXR:PC:01:EL5102:COE:InCycCCh2:Name_RBV
HXR:PC:01:EL5102:COE:InCycCCh2:TLastUp_RBV
HXR:PC:01:EL5102:COE:InCycCCh2:EU_RBV
HXR:PC:01:EL5102:COE:LaCValCh1:Goal_RBV
HXR:PC:01:EL5102:COE:LaCValCh1:Goal
HXR:PC:01:EL5102:COE:LaCValCh1:Val_RBV
HXR:PC:01:EL5102:COE:LaCValCh1:Acc_RBV
HXR:PC:01:EL5102:COE:LaCValCh1:Desc_RBV
HXR:PC:01:EL5102:COE:LaCValCh1:Name_RBV
HXR:PC:01:EL5102:COE:LaCValCh1:TLastUp_RBV
HXR:PC:01:EL5102:COE:LaCValCh1:EU_RBV
HXR:PC:01:EL5102:COE:LaCValCh2:Goal_RBV
HXR:PC:01:EL5102:COE:LaCValCh2:Goal
HXR:PC:01:EL5102:COE:LaCValCh2:Val_RBV
HXR:PC:01:EL5102:COE:LaCValCh2:Acc_RBV
HXR:PC:01:EL5102:COE:LaCValCh2:Desc_RBV
HXR:PC:01:EL5102:COE:LaCValCh2:Name_RBV
HXR:PC:01:EL5102:COE:LaCValCh2:TLastUp_RBV
HXR:PC:01:EL5102:COE:LaCValCh2:EU_RBV
HXR:PC:01:EL5102:COE:LaExt2ValCh1:Goal_RBV
HXR:PC:01:EL5102:COE:LaExt2ValCh1:Goal
HXR:PC:01:EL5102:COE:LaExt2ValCh1:Val_RBV
HXR:PC:01:EL5102:COE:LaExt2ValCh1:Acc_RBV
HXR:PC:01:EL5102:COE:LaExt2ValCh1:Desc_RBV
HXR:PC:01:EL5102:COE:LaExt2ValCh1:Name_RBV
HXR:PC:01:EL5102:COE:LaExt2ValCh1:TLastUp_RBV
HXR:PC:01:EL5102:COE:LaExt2ValCh1:EU_RBV
HXR:PC:01:EL5102:COE:LaExt2ValCh2:Goal_RBV
HXR:PC:01:EL5102:COE:LaExt2ValCh2:Goal
HXR:PC:01:EL5102:COE:LaExt2ValCh2:Val_RBV
HXR:PC:01:EL5102:COE:LaExt2ValCh2:Acc_RBV
HXR:PC:01:EL5102:COE:LaExt2ValCh2:Desc_RBV
HXR:PC:01:EL5102:COE:LaExt2ValCh2:Name_RBV
HXR:PC:01:EL5102:COE:LaExt2ValCh2:TLastUp_RBV
HXR:PC:01:EL5102:COE:LaExt2ValCh2:EU_RBV
HXR:PC:01:EL5102:COE:LaExtValCh1:Goal_RBV
HXR:PC:01:EL5102:COE:LaExtValCh1:Goal
HXR:PC:01:EL5102:COE:LaExtValCh1:Val_RBV
HXR:PC:01:EL5102:COE:LaExtValCh1:Acc_RBV
HXR:PC:01:EL5102:COE:LaExtValCh1:Desc_RBV
HXR:PC:01:EL5102:COE:LaExtValCh1:Name_RBV
HXR:PC:01:EL5102:COE:LaExtValCh1:TLastUp_RBV
HXR:PC:01:EL5102:COE:LaExtValCh1:EU_RBV
HXR:PC:01:EL5102:COE:LaExtValCh2:Goal_RBV
HXR:PC:01:EL5102:COE:LaExtValCh2:Goal
HXR:PC:01:EL5102:COE:LaExtValCh2:Val_RBV
HXR:PC:01:EL5102:COE:LaExtValCh2:Acc_RBV
HXR:PC:01:EL5102:COE:LaExtValCh2:Desc_RBV
HXR:PC:01:EL5102:COE:LaExtValCh2:Name_RBV
HXR:PC:01:EL5102:COE:LaExtValCh2:TLastUp_RBV
HXR:PC:01:EL5102:COE:LaExtValCh2:EU_RBV
HXR:PC:01:EL5102:COE:LaVal2Ch1:Goal_RBV
HXR:PC:01:EL5102:COE:LaVal2Ch1:Goal
HXR:PC:01:EL5102:COE:LaVal2Ch1:Val_RBV
HXR:PC:01:EL5102:COE:LaVal2Ch1:Acc_RBV
HXR:PC:01:EL5102:COE:LaVal2Ch1:Desc_RBV
HXR:PC:01:EL5102:COE:LaVal2Ch1:Name_RBV
HXR:PC:01:EL5102:COE:LaVal2Ch1:TLastUp_RBV
HXR:PC:01:EL5102:COE:LaVal2Ch1:EU_RBV
HXR:PC:01:EL5102:COE:LaVal2Ch2:Goal_RBV
HXR:PC:01:EL5102:COE:LaVal2Ch2:Goal
HXR:PC:01:EL5102:COE:LaVal2Ch2:Val_RBV
HXR:PC:01:EL5102:COE:LaVal2Ch2:Acc_RBV
HXR:PC:01:EL5102:COE:LaVal2Ch2:Desc_RBV
HXR:PC:01:EL5102:COE:LaVal2Ch2:Name_RBV
HXR:PC:01:EL5102:COE:LaVal2Ch2:TLastUp_RBV
HXR:PC:01:EL5102:COE:LaVal2Ch2:EU_RBV
HXR:PC:01:EL5102:COE:LaValCh1:Goal_RBV
HXR:PC:01:EL5102:COE:LaValCh1:Goal
HXR:PC:01:EL5102:COE:LaValCh1:Val_RBV
HXR:PC:01:EL5102:COE:LaValCh1:Acc_RBV
HXR:PC:01:EL5102:COE:LaValCh1:Desc_RBV
HXR:PC:01:EL5102:COE:LaValCh1:Name_RBV
HXR:PC:01:EL5102:COE:LaValCh1:TLastUp_RBV
HXR:PC:01:EL5102:COE:LaValCh1:EU_RBV
HXR:PC:01:EL5102:COE:LaValCh2:Goal_RBV
HXR:PC:01:EL5102:COE:LaValCh2:Goal
HXR:PC:01:EL5102:COE:LaValCh2:Val_RBV
HXR:PC:01:EL5102:COE:LaValCh2:Acc_RBV
HXR:PC:01:EL5102:COE:LaValCh2:Desc_RBV
HXR:PC:01:EL5102:COE:LaValCh2:Name_RBV
HXR:PC:01:EL5102:COE:LaValCh2:TLastUp_RBV
HXR:PC:01:EL5102:COE:LaValCh2:EU_RBV
HXR:PC:01:EL5102:COE:LimCountValCh1:Goal_RBV
HXR:PC:01:EL5102:COE:LimCountValCh1:Goal
HXR:PC:01:EL5102:COE:LimCountValCh1:Val_RBV
HXR:PC:01:EL5102:COE:LimCountValCh1:Acc_RBV
HXR:PC:01:EL5102:COE:LimCountValCh1:Desc_RBV
HXR:PC:01:EL5102:COE:LimCountValCh1:Name_RBV
HXR:PC:01:EL5102:COE:LimCountValCh1:TLastUp_RBV
HXR:PC:01:EL5102:COE:LimCountValCh1:EU_RBV
HXR:PC:01:EL5102:COE:LimCountValCh2:Goal_RBV
HXR:PC:01:EL5102:COE:LimCountValCh2:Goal
HXR:PC:01:EL5102:COE:LimCountValCh2:Val_RBV
HXR:PC:01:EL5102:COE:LimCountValCh2:Acc_RBV
HXR:PC:01:EL5102:COE:LimCountValCh2:Desc_RBV
HXR:PC:01:EL5102:COE:LimCountValCh2:Name_RBV
HXR:PC:01:EL5102:COE:LimCountValCh2:TLastUp_RBV
HXR:PC:01:EL5102:COE:LimCountValCh2:EU_RBV
HXR:PC:01:EL5102:COE:OpnCirCh1:Goal_RBV
HXR:PC:01:EL5102:COE:OpnCirCh1:Goal
HXR:PC:01:EL5102:COE:OpnCirCh1:Val_RBV
HXR:PC:01:EL5102:COE:OpnCirCh1:Acc_RBV
HXR:PC:01:EL5102:COE:OpnCirCh1:Desc_RBV
HXR:PC:01:EL5102:COE:OpnCirCh1:Name_RBV
HXR:PC:01:EL5102:COE:OpnCirCh1:TLastUp_RBV
HXR:PC:01:EL5102:COE:OpnCirCh1:EU_RBV
HXR:PC:01:EL5102:COE:OpnCirCh2:Goal_RBV
HXR:PC:01:EL5102:COE:OpnCirCh2:Goal
HXR:PC:01:EL5102:COE:OpnCirCh2:Val_RBV
HXR:PC:01:EL5102:COE:OpnCirCh2:Acc_RBV
HXR:PC:01:EL5102:COE:OpnCirCh2:Desc_RBV
HXR:PC:01:EL5102:COE:OpnCirCh2:Name_RBV
HXR:PC:01:EL5102:COE:OpnCirCh2:TLastUp_RBV
HXR:PC:01:EL5102:COE:OpnCirCh2:EU_RBV
HXR:PC:01:EL5102:COE:PerValCh1:Goal_RBV
HXR:PC:01:EL5102:COE:PerValCh1:Goal
HXR:PC:01:EL5102:COE:PerValCh1:Val_RBV
HXR:PC:01:EL5102:COE:PerValCh1:Acc_RBV
HXR:PC:01:EL5102:COE:PerValCh1:Desc_RBV
HXR:PC:01:EL5102:COE:PerValCh1:Name_RBV
HXR:PC:01:EL5102:COE:PerValCh1:TLastUp_RBV
HXR:PC:01:EL5102:COE:PerValCh1:EU_RBV
HXR:PC:01:EL5102:COE:PerValCh2:Goal_RBV
HXR:PC:01:EL5102:COE:PerValCh2:Goal
HXR:PC:01:EL5102:COE:PerValCh2:Val_RBV
HXR:PC:01:EL5102:COE:PerValCh2:Acc_RBV
HXR:PC:01:EL5102:COE:PerValCh2:Desc_RBV
HXR:PC:01:EL5102:COE:PerValCh2:Name_RBV
HXR:PC:01:EL5102:COE:PerValCh2:TLastUp_RBV
HXR:PC:01:EL5102:COE:PerValCh2:EU_RBV
HXR:PC:01:EL5102:COE:ResCountValCh1:Goal_RBV
HXR:PC:01:EL5102:COE:ResCountValCh1:Goal
HXR:PC:01:EL5102:COE:ResCountValCh1:Val_RBV
HXR:PC:01:EL5102:COE:ResCountValCh1:Acc_RBV
HXR:PC:01:EL5102:COE:ResCountValCh1:Desc_RBV
HXR:PC:01:EL5102:COE:ResCountValCh1:Name_RBV
HXR:PC:01:EL5102:COE:ResCountValCh1:TLastUp_RBV
HXR:PC:01:EL5102:COE:ResCountValCh1:EU_RBV
HXR:PC:01:EL5102:COE:ResCountValCh2:Goal_RBV
HXR:PC:01:EL5102:COE:ResCountValCh2:Goal
HXR:PC:01:EL5102:COE:ResCountValCh2:Val_RBV
HXR:PC:01:EL5102:COE:ResCountValCh2:Acc_RBV
HXR:PC:01:EL5102:COE:ResCountValCh2:Desc_RBV
HXR:PC:01:EL5102:COE:ResCountValCh2:Name_RBV
HXR:PC:01:EL5102:COE:ResCountValCh2:TLastUp_RBV
HXR:PC:01:EL5102:COE:ResCountValCh2:EU_RBV
HXR:PC:01:EL5102:COE:RevOfRotCh1:Goal_RBV
HXR:PC:01:EL5102:COE:RevOfRotCh1:Goal
HXR:PC:01:EL5102:COE:RevOfRotCh1:Val_RBV
HXR:PC:01:EL5102:COE:RevOfRotCh1:Acc_RBV
HXR:PC:01:EL5102:COE:RevOfRotCh1:Desc_RBV
HXR:PC:01:EL5102:COE:RevOfRotCh1:Name_RBV
HXR:PC:01:EL5102:COE:RevOfRotCh1:TLastUp_RBV
HXR:PC:01:EL5102:COE:RevOfRotCh1:EU_RBV
HXR:PC:01:EL5102:COE:RevOfRotCh2:Goal_RBV
HXR:PC:01:EL5102:COE:RevOfRotCh2:Goal
HXR:PC:01:EL5102:COE:RevOfRotCh2:Val_RBV
HXR:PC:01:EL5102:COE:RevOfRotCh2:Acc_RBV
HXR:PC:01:EL5102:COE:RevOfRotCh2:Desc_RBV
HXR:PC:01:EL5102:COE:RevOfRotCh2:Name_RBV
HXR:PC:01:EL5102:COE:RevOfRotCh2:TLastUp_RBV
HXR:PC:01:EL5102:COE:RevOfRotCh2:EU_RBV
HXR:PC:01:EL5102:COE:SetCCh1:Goal_RBV
HXR:PC:01:EL5102:COE:SetCCh1:Goal
HXR:PC:01:EL5102:COE:SetCCh1:Val_RBV
HXR:PC:01:EL5102:COE:SetCCh1:Acc_RBV
HXR:PC:01:EL5102:COE:SetCCh1:Desc_RBV
HXR:PC:01:EL5102:COE:SetCCh1:Name_RBV
HXR:PC:01:EL5102:COE:SetCCh1:TLastUp_RBV
HXR:PC:01:EL5102:COE:SetCCh1:EU_RBV
HXR:PC:01:EL5102:COE:SetCCh2:Goal_RBV
HXR:PC:01:EL5102:COE:SetCCh2:Goal
HXR:PC:01:EL5102:COE:SetCCh2:Val_RBV
HXR:PC:01:EL5102:COE:SetCCh2:Acc_RBV
HXR:PC:01:EL5102:COE:SetCCh2:Desc_RBV
HXR:PC:01:EL5102:COE:SetCCh2:Name_RBV
HXR:PC:01:EL5102:COE:SetCCh2:TLastUp_RBV
HXR:PC:01:EL5102:COE:SetCCh2:EU_RBV
HXR:PC:01:EL5102:COE:SetCDoneCh1:Goal_RBV
HXR:PC:01:EL5102:COE:SetCDoneCh1:Goal
HXR:PC:01:EL5102:COE:SetCDoneCh1:Val_RBV
HXR:PC:01:EL5102:COE:SetCDoneCh1:Acc_RBV
HXR:PC:01:EL5102:COE:SetCDoneCh1:Desc_RBV
HXR:PC:01:EL5102:COE:SetCDoneCh1:Name_RBV
HXR:PC:01:EL5102:COE:SetCDoneCh1:TLastUp_RBV
HXR:PC:01:EL5102:COE:SetCDoneCh1:EU_RBV
HXR:PC:01:EL5102:COE:SetCDoneCh2:Goal_RBV
HXR:PC:01:EL5102:COE:SetCDoneCh2:Goal
HXR:PC:01:EL5102:COE:SetCDoneCh2:Val_RBV
HXR:PC:01:EL5102:COE:SetCDoneCh2:Acc_RBV
HXR:PC:01:EL5102:COE:SetCDoneCh2:Desc_RBV
HXR:PC:01:EL5102:COE:SetCDoneCh2:Name_RBV
HXR:PC:01:EL5102:COE:SetCDoneCh2:TLastUp_RBV
HXR:PC:01:EL5102:COE:SetCDoneCh2:EU_RBV
HXR:PC:01:EL5102:COE:SetCOnLaCCh1:Goal_RBV
HXR:PC:01:EL5102:COE:SetCOnLaCCh1:Goal
HXR:PC:01:EL5102:COE:SetCOnLaCCh1:Val_RBV
HXR:PC:01:EL5102:COE:SetCOnLaCCh1:Acc_RBV
HXR:PC:01:EL5102:COE:SetCOnLaCCh1:Desc_RBV
HXR:PC:01:EL5102:COE:SetCOnLaCCh1:Name_RBV
HXR:PC:01:EL5102:COE:SetCOnLaCCh1:TLastUp_RBV
HXR:PC:01:EL5102:COE:SetCOnLaCCh1:EU_RBV
HXR:PC:01:EL5102:COE:SetCOnLaCCh2:Goal_RBV
HXR:PC:01:EL5102:COE:SetCOnLaCCh2:Goal
HXR:PC:01:EL5102:COE:SetCOnLaCCh2:Val_RBV
HXR:PC:01:EL5102:COE:SetCOnLaCCh2:Acc_RBV
HXR:PC:01:EL5102:COE:SetCOnLaCCh2:Desc_RBV
HXR:PC:01:EL5102:COE:SetCOnLaCCh2:Name_RBV
HXR:PC:01:EL5102:COE:SetCOnLaCCh2:TLastUp_RBV
HXR:PC:01:EL5102:COE:SetCOnLaCCh2:EU_RBV
HXR:PC:01:EL5102:COE:SetCOnLaExtOnNegEdCh1:Goal_RBV
HXR:PC:01:EL5102:COE:SetCOnLaExtOnNegEdCh1:Goal
HXR:PC:01:EL5102:COE:SetCOnLaExtOnNegEdCh1:Val_RBV
HXR:PC:01:EL5102:COE:SetCOnLaExtOnNegEdCh1:Acc_RBV
HXR:PC:01:EL5102:COE:SetCOnLaExtOnNegEdCh1:Desc_RBV
HXR:PC:01:EL5102:COE:SetCOnLaExtOnNegEdCh1:Name_RBV
HXR:PC:01:EL5102:COE:SetCOnLaExtOnNegEdCh1:TLastUp_RBV
HXR:PC:01:EL5102:COE:SetCOnLaExtOnNegEdCh1:EU_RBV
HXR:PC:01:EL5102:COE:SetCOnLaExtOnNegeEdCh2:Goal_RBV
HXR:PC:01:EL5102:COE:SetCOnLaExtOnNegeEdCh2:Goal
HXR:PC:01:EL5102:COE:SetCOnLaExtOnNegeEdCh2:Val_RBV
HXR:PC:01:EL5102:COE:SetCOnLaExtOnNegeEdCh2:Acc_RBV
HXR:PC:01:EL5102:COE:SetCOnLaExtOnNegeEdCh2:Desc_RBV
HXR:PC:01:EL5102:COE:SetCOnLaExtOnNegeEdCh2:Name_RBV
HXR:PC:01:EL5102:COE:SetCOnLaExtOnNegeEdCh2:TLastUp_RBV
HXR:PC:01:EL5102:COE:SetCOnLaExtOnNegeEdCh2:EU_RBV
HXR:PC:01:EL5102:COE:SetCOnLaExtOnPosEdCh1:Goal_RBV
HXR:PC:01:EL5102:COE:SetCOnLaExtOnPosEdCh1:Goal
HXR:PC:01:EL5102:COE:SetCOnLaExtOnPosEdCh1:Val_RBV
HXR:PC:01:EL5102:COE:SetCOnLaExtOnPosEdCh1:Acc_RBV
HXR:PC:01:EL5102:COE:SetCOnLaExtOnPosEdCh1:Desc_RBV
HXR:PC:01:EL5102:COE:SetCOnLaExtOnPosEdCh1:Name_RBV
HXR:PC:01:EL5102:COE:SetCOnLaExtOnPosEdCh1:TLastUp_RBV
HXR:PC:01:EL5102:COE:SetCOnLaExtOnPosEdCh1:EU_RBV
HXR:PC:01:EL5102:COE:SetCOnLaExtOnPosEdCh2:Goal_RBV
HXR:PC:01:EL5102:COE:SetCOnLaExtOnPosEdCh2:Goal
HXR:PC:01:EL5102:COE:SetCOnLaExtOnPosEdCh2:Val_RBV
HXR:PC:01:EL5102:COE:SetCOnLaExtOnPosEdCh2:Acc_RBV
HXR:PC:01:EL5102:COE:SetCOnLaExtOnPosEdCh2:Desc_RBV
HXR:PC:01:EL5102:COE:SetCOnLaExtOnPosEdCh2:Name_RBV
HXR:PC:01:EL5102:COE:SetCOnLaExtOnPosEdCh2:TLastUp_RBV
HXR:PC:01:EL5102:COE:SetCOnLaExtOnPosEdCh2:EU_RBV
HXR:PC:01:EL5102:COE:SetCValCh1:Goal_RBV
HXR:PC:01:EL5102:COE:SetCValCh1:Goal
HXR:PC:01:EL5102:COE:SetCValCh1:Val_RBV
HXR:PC:01:EL5102:COE:SetCValCh1:Acc_RBV
HXR:PC:01:EL5102:COE:SetCValCh1:Desc_RBV
HXR:PC:01:EL5102:COE:SetCValCh1:Name_RBV
HXR:PC:01:EL5102:COE:SetCValCh1:TLastUp_RBV
HXR:PC:01:EL5102:COE:SetCValCh1:EU_RBV
HXR:PC:01:EL5102:COE:SetCValCh2:Goal_RBV
HXR:PC:01:EL5102:COE:SetCValCh2:Goal
HXR:PC:01:EL5102:COE:SetCValCh2:Val_RBV
HXR:PC:01:EL5102:COE:SetCValCh2:Acc_RBV
HXR:PC:01:EL5102:COE:SetCValCh2:Desc_RBV
HXR:PC:01:EL5102:COE:SetCValCh2:Name_RBV
HXR:PC:01:EL5102:COE:SetCValCh2:TLastUp_RBV
HXR:PC:01:EL5102:COE:SetCValCh2:EU_RBV
HXR:PC:01:EL5102:COE:SetSoftGateCh1:Goal_RBV
HXR:PC:01:EL5102:COE:SetSoftGateCh1:Goal
HXR:PC:01:EL5102:COE:SetSoftGateCh1:Val_RBV
HXR:PC:01:EL5102:COE:SetSoftGateCh1:Acc_RBV
HXR:PC:01:EL5102:COE:SetSoftGateCh1:Desc_RBV
HXR:PC:01:EL5102:COE:SetSoftGateCh1:Name_RBV
HXR:PC:01:EL5102:COE:SetSoftGateCh1:TLastUp_RBV
HXR:PC:01:EL5102:COE:SetSoftGateCh1:EU_RBV
HXR:PC:01:EL5102:COE:SetSoftGateCh2:Goal_RBV
HXR:PC:01:EL5102:COE:SetSoftGateCh2:Goal
HXR:PC:01:EL5102:COE:SetSoftGateCh2:Val_RBV
HXR:PC:01:EL5102:COE:SetSoftGateCh2:Acc_RBV
HXR:PC:01:EL5102:COE:SetSoftGateCh2:Desc_RBV
HXR:PC:01:EL5102:COE:SetSoftGateCh2:Name_RBV
HXR:PC:01:EL5102:COE:SetSoftGateCh2:TLastUp_RBV
HXR:PC:01:EL5102:COE:SetSoftGateCh2:EU_RBV
HXR:PC:01:EL5102:COE:SoGateValCh1:Goal_RBV
HXR:PC:01:EL5102:COE:SoGateValCh1:Goal
HXR:PC:01:EL5102:COE:SoGateValCh1:Val_RBV
HXR:PC:01:EL5102:COE:SoGateValCh1:Acc_RBV
HXR:PC:01:EL5102:COE:SoGateValCh1:Desc_RBV
HXR:PC:01:EL5102:COE:SoGateValCh1:Name_RBV
HXR:PC:01:EL5102:COE:SoGateValCh1:TLastUp_RBV
HXR:PC:01:EL5102:COE:SoGateValCh1:EU_RBV
HXR:PC:01:EL5102:COE:SoGateValCh2:Goal_RBV
HXR:PC:01:EL5102:COE:SoGateValCh2:Goal
HXR:PC:01:EL5102:COE:SoGateValCh2:Val_RBV
HXR:PC:01:EL5102:COE:SoGateValCh2:Acc_RBV
HXR:PC:01:EL5102:COE:SoGateValCh2:Desc_RBV
HXR:PC:01:EL5102:COE:SoGateValCh2:Name_RBV
HXR:PC:01:EL5102:COE:SoGateValCh2:TLastUp_RBV
HXR:PC:01:EL5102:COE:SoGateValCh2:EU_RBV
HXR:PC:01:EL5102:COE:StExtLaCh1_2:Goal_RBV
HXR:PC:01:EL5102:COE:StExtLaCh1_2:Goal
HXR:PC:01:EL5102:COE:StExtLaCh1_2:Val_RBV
HXR:PC:01:EL5102:COE:StExtLaCh1_2:Acc_RBV
HXR:PC:01:EL5102:COE:StExtLaCh1_2:Desc_RBV
HXR:PC:01:EL5102:COE:StExtLaCh1_2:Name_RBV
HXR:PC:01:EL5102:COE:StExtLaCh1_2:TLastUp_RBV
HXR:PC:01:EL5102:COE:StExtLaCh1_2:EU_RBV
HXR:PC:01:EL5102:COE:StExtLaCh2_2:Goal_RBV
HXR:PC:01:EL5102:COE:StExtLaCh2_2:Goal
HXR:PC:01:EL5102:COE:StExtLaCh2_2:Val_RBV
HXR:PC:01:EL5102:COE:StExtLaCh2_2:Acc_RBV
HXR:PC:01:EL5102:COE:StExtLaCh2_2:Desc_RBV
HXR:PC:01:EL5102:COE:StExtLaCh2_2:Name_RBV
HXR:PC:01:EL5102:COE:StExtLaCh2_2:TLastUp_RBV
HXR:PC:01:EL5102:COE:StExtLaCh2_2:EU_RBV
HXR:PC:01:EL5102:COE:StExtLaCh1:Goal_RBV
HXR:PC:01:EL5102:COE:StExtLaCh1:Goal
HXR:PC:01:EL5102:COE:StExtLaCh1:Val_RBV
HXR:PC:01:EL5102:COE:StExtLaCh1:Acc_RBV
HXR:PC:01:EL5102:COE:StExtLaCh1:Desc_RBV
HXR:PC:01:EL5102:COE:StExtLaCh1:Name_RBV
HXR:PC:01:EL5102:COE:StExtLaCh1:TLastUp_RBV
HXR:PC:01:EL5102:COE:StExtLaCh1:EU_RBV
HXR:PC:01:EL5102:COE:StExtLaCh2:Goal_RBV
HXR:PC:01:EL5102:COE:StExtLaCh2:Goal
HXR:PC:01:EL5102:COE:StExtLaCh2:Val_RBV
HXR:PC:01:EL5102:COE:StExtLaCh2:Acc_RBV
HXR:PC:01:EL5102:COE:StExtLaCh2:Desc_RBV
HXR:PC:01:EL5102:COE:StExtLaCh2:Name_RBV
HXR:PC:01:EL5102:COE:StExtLaCh2:TLastUp_RBV
HXR:PC:01:EL5102:COE:StExtLaCh2:EU_RBV
HXR:PC:01:EL5102:COE:StInACh1:Goal_RBV
HXR:PC:01:EL5102:COE:StInACh1:Goal
HXR:PC:01:EL5102:COE:StInACh1:Val_RBV
HXR:PC:01:EL5102:COE:StInACh1:Acc_RBV
HXR:PC:01:EL5102:COE:StInACh1:Desc_RBV
HXR:PC:01:EL5102:COE:StInACh1:Name_RBV
HXR:PC:01:EL5102:COE:StInACh1:TLastUp_RBV
HXR:PC:01:EL5102:COE:StInACh1:EU_RBV
HXR:PC:01:EL5102:COE:StInACh2:Goal_RBV
HXR:PC:01:EL5102:COE:StInACh2:Goal
HXR:PC:01:EL5102:COE:StInACh2:Val_RBV
HXR:PC:01:EL5102:COE:StInACh2:Acc_RBV
HXR:PC:01:EL5102:COE:StInACh2:Desc_RBV
HXR:PC:01:EL5102:COE:StInACh2:Name_RBV
HXR:PC:01:EL5102:COE:StInACh2:TLastUp_RBV
HXR:PC:01:EL5102:COE:StInACh2:EU_RBV
HXR:PC:01:EL5102:COE:StInBCh1:Goal_RBV
HXR:PC:01:EL5102:COE:StInBCh1:Goal
HXR:PC:01:EL5102:COE:StInBCh1:Val_RBV
HXR:PC:01:EL5102:COE:StInBCh1:Acc_RBV
HXR:PC:01:EL5102:COE:StInBCh1:Desc_RBV
HXR:PC:01:EL5102:COE:StInBCh1:Name_RBV
HXR:PC:01:EL5102:COE:StInBCh1:TLastUp_RBV
HXR:PC:01:EL5102:COE:StInBCh1:EU_RBV
HXR:PC:01:EL5102:COE:StInBCh2:Goal_RBV
HXR:PC:01:EL5102:COE:StInBCh2:Goal
HXR:PC:01:EL5102:COE:StInBCh2:Val_RBV
HXR:PC:01:EL5102:COE:StInBCh2:Acc_RBV
HXR:PC:01:EL5102:COE:StInBCh2:Desc_RBV
HXR:PC:01:EL5102:COE:StInBCh2:Name_RBV
HXR:PC:01:EL5102:COE:StInBCh2:TLastUp_RBV
HXR:PC:01:EL5102:COE:StInBCh2:EU_RBV
HXR:PC:01:EL5102:COE:StInCCh1:Goal_RBV
HXR:PC:01:EL5102:COE:StInCCh1:Goal
HXR:PC:01:EL5102:COE:StInCCh1:Val_RBV
HXR:PC:01:EL5102:COE:StInCCh1:Acc_RBV
HXR:PC:01:EL5102:COE:StInCCh1:Desc_RBV
HXR:PC:01:EL5102:COE:StInCCh1:Name_RBV
HXR:PC:01:EL5102:COE:StInCCh1:TLastUp_RBV
HXR:PC:01:EL5102:COE:StInCCh1:EU_RBV
HXR:PC:01:EL5102:COE:StInCCh2:Goal_RBV
HXR:PC:01:EL5102:COE:StInCCh2:Goal
HXR:PC:01:EL5102:COE:StInCCh2:Val_RBV
HXR:PC:01:EL5102:COE:StInCCh2:Acc_RBV
HXR:PC:01:EL5102:COE:StInCCh2:Desc_RBV
HXR:PC:01:EL5102:COE:StInCCh2:Name_RBV
HXR:PC:01:EL5102:COE:StInCCh2:TLastUp_RBV
HXR:PC:01:EL5102:COE:StInCCh2:EU_RBV
HXR:PC:01:EL5102:COE:StInGateCh1:Goal_RBV
HXR:PC:01:EL5102:COE:StInGateCh1:Goal
HXR:PC:01:EL5102:COE:StInGateCh1:Val_RBV
HXR:PC:01:EL5102:COE:StInGateCh1:Acc_RBV
HXR:PC:01:EL5102:COE:StInGateCh1:Desc_RBV
HXR:PC:01:EL5102:COE:StInGateCh1:Name_RBV
HXR:PC:01:EL5102:COE:StInGateCh1:TLastUp_RBV
HXR:PC:01:EL5102:COE:StInGateCh1:EU_RBV
HXR:PC:01:EL5102:COE:StInGateCh2:Goal_RBV
HXR:PC:01:EL5102:COE:StInGateCh2:Goal
HXR:PC:01:EL5102:COE:StInGateCh2:Val_RBV
HXR:PC:01:EL5102:COE:StInGateCh2:Acc_RBV
HXR:PC:01:EL5102:COE:StInGateCh2:Desc_RBV
HXR:PC:01:EL5102:COE:StInGateCh2:Name_RBV
HXR:PC:01:EL5102:COE:StInGateCh2:TLastUp_RBV
HXR:PC:01:EL5102:COE:StInGateCh2:EU_RBV
HXR:PC:01:EL5102:COE:StInStCh1:Goal_RBV
HXR:PC:01:EL5102:COE:StInStCh1:Goal
HXR:PC:01:EL5102:COE:StInStCh1:Val_RBV
HXR:PC:01:EL5102:COE:StInStCh1:Acc_RBV
HXR:PC:01:EL5102:COE:StInStCh1:Desc_RBV
HXR:PC:01:EL5102:COE:StInStCh1:Name_RBV
HXR:PC:01:EL5102:COE:StInStCh1:TLastUp_RBV
HXR:PC:01:EL5102:COE:StInStCh1:EU_RBV
HXR:PC:01:EL5102:COE:StIStCh2:Goal_RBV
HXR:PC:01:EL5102:COE:StIStCh2:Goal
HXR:PC:01:EL5102:COE:StIStCh2:Val_RBV
HXR:PC:01:EL5102:COE:StIStCh2:Acc_RBV
HXR:PC:01:EL5102:COE:StIStCh2:Desc_RBV
HXR:PC:01:EL5102:COE:StIStCh2:Name_RBV
HXR:PC:01:EL5102:COE:StIStCh2:TLastUp_RBV
HXR:PC:01:EL5102:COE:StIStCh2:EU_RBV
HXR:PC:01:EL5102:COE:SupVoltCh1:Goal_RBV
HXR:PC:01:EL5102:COE:SupVoltCh1:Goal
HXR:PC:01:EL5102:COE:SupVoltCh1:Val_RBV
HXR:PC:01:EL5102:COE:SupVoltCh1:Acc_RBV
HXR:PC:01:EL5102:COE:SupVoltCh1:Desc_RBV
HXR:PC:01:EL5102:COE:SupVoltCh1:Name_RBV
HXR:PC:01:EL5102:COE:SupVoltCh1:TLastUp_RBV
HXR:PC:01:EL5102:COE:SupVoltCh1:EU_RBV
HXR:PC:01:EL5102:COE:SupVoltCh2:Goal_RBV
HXR:PC:01:EL5102:COE:SupVoltCh2:Goal
HXR:PC:01:EL5102:COE:SupVoltCh2:Val_RBV
HXR:PC:01:EL5102:COE:SupVoltCh2:Acc_RBV
HXR:PC:01:EL5102:COE:SupVoltCh2:Desc_RBV
HXR:PC:01:EL5102:COE:SupVoltCh2:Name_RBV
HXR:PC:01:EL5102:COE:SupVoltCh2:TLastUp_RBV
HXR:PC:01:EL5102:COE:SupVoltCh2:EU_RBV
HXR:PC:01:EL5102:COE:TxPDOStCh1:Goal_RBV
HXR:PC:01:EL5102:COE:TxPDOStCh1:Goal
HXR:PC:01:EL5102:COE:TxPDOStCh1:Val_RBV
HXR:PC:01:EL5102:COE:TxPDOStCh1:Acc_RBV
HXR:PC:01:EL5102:COE:TxPDOStCh1:Desc_RBV
HXR:PC:01:EL5102:COE:TxPDOStCh1:Name_RBV
HXR:PC:01:EL5102:COE:TxPDOStCh1:TLastUp_RBV
HXR:PC:01:EL5102:COE:TxPDOStCh1:EU_RBV
HXR:PC:01:EL5102:COE:TxPDOStCh2:Goal_RBV
HXR:PC:01:EL5102:COE:TxPDOStCh2:Goal
HXR:PC:01:EL5102:COE:TxPDOStCh2:Val_RBV
HXR:PC:01:EL5102:COE:TxPDOStCh2:Acc_RBV
HXR:PC:01:EL5102:COE:TxPDOStCh2:Desc_RBV
HXR:PC:01:EL5102:COE:TxPDOStCh2:Name_RBV
HXR:PC:01:EL5102:COE:TxPDOStCh2:TLastUp_RBV
HXR:PC:01:EL5102:COE:TxPDOStCh2:EU_RBV
HXR:PC:01:EL7047:COE:BaseFreq:Goal_RBV
HXR:PC:01:EL7047:COE:BaseFreq:Goal
HXR:PC:01:EL7047:COE:BaseFreq:Val_RBV
HXR:PC:01:EL7047:COE:BaseFreq:Acc_RBV
HXR:PC:01:EL7047:COE:BaseFreq:Desc_RBV
HXR:PC:01:EL7047:COE:BaseFreq:Name_RBV
HXR:PC:01:EL7047:COE:BaseFreq:TLastUp_RBV
HXR:PC:01:EL7047:COE:BaseFreq:EU_RBV
HXR:PC:01:EL7047:COE:ConfErr:Goal_RBV
HXR:PC:01:EL7047:COE:ConfErr:Goal
HXR:PC:01:EL7047:COE:ConfErr:Val_RBV
HXR:PC:01:EL7047:COE:ConfErr:Acc_RBV
HXR:PC:01:EL7047:COE:ConfErr:Desc_RBV
HXR:PC:01:EL7047:COE:ConfErr:Name_RBV
HXR:PC:01:EL7047:COE:ConfErr:TLastUp_RBV
HXR:PC:01:EL7047:COE:ConfErr:EU_RBV
HXR:PC:01:EL7047:COE:CtrlVolt:Goal_RBV
HXR:PC:01:EL7047:COE:CtrlVolt:Goal
HXR:PC:01:EL7047:COE:CtrlVolt:Val_RBV
HXR:PC:01:EL7047:COE:CtrlVolt:Acc_RBV
HXR:PC:01:EL7047:COE:CtrlVolt:Desc_RBV
HXR:PC:01:EL7047:COE:CtrlVolt:Name_RBV
HXR:PC:01:EL7047:COE:CtrlVolt:TLastUp_RBV
HXR:PC:01:EL7047:COE:CtrlVolt:EU_RBV
HXR:PC:01:EL7047:COE:EncInc:Goal_RBV
HXR:PC:01:EL7047:COE:EncInc:Goal
HXR:PC:01:EL7047:COE:EncInc:Val_RBV
HXR:PC:01:EL7047:COE:EncInc:Acc_RBV
HXR:PC:01:EL7047:COE:EncInc:Desc_RBV
HXR:PC:01:EL7047:COE:EncInc:Name_RBV
HXR:PC:01:EL7047:COE:EncInc:TLastUp_RBV
HXR:PC:01:EL7047:COE:EncInc:EU_RBV
HXR:PC:01:EL7047:COE:FbType:Goal_RBV
HXR:PC:01:EL7047:COE:FbType:Goal
HXR:PC:01:EL7047:COE:FbType:Val_RBV
HXR:PC:01:EL7047:COE:FbType:Acc_RBV
HXR:PC:01:EL7047:COE:FbType:Desc_RBV
HXR:PC:01:EL7047:COE:FbType:Name_RBV
HXR:PC:01:EL7047:COE:FbType:TLastUp_RBV
HXR:PC:01:EL7047:COE:FbType:EU_RBV
HXR:PC:01:EL7047:COE:HoldCur:Goal_RBV
HXR:PC:01:EL7047:COE:HoldCur:Goal
HXR:PC:01:EL7047:COE:HoldCur:Val_RBV
HXR:PC:01:EL7047:COE:HoldCur:Acc_RBV
HXR:PC:01:EL7047:COE:HoldCur:Desc_RBV
HXR:PC:01:EL7047:COE:HoldCur:Name_RBV
HXR:PC:01:EL7047:COE:HoldCur:TLastUp_RBV
HXR:PC:01:EL7047:COE:HoldCur:EU_RBV
HXR:PC:01:EL7047:COE:IntT:Goal_RBV
HXR:PC:01:EL7047:COE:IntT:Goal
HXR:PC:01:EL7047:COE:IntT:Val_RBV
HXR:PC:01:EL7047:COE:IntT:Acc_RBV
HXR:PC:01:EL7047:COE:IntT:Desc_RBV
HXR:PC:01:EL7047:COE:IntT:Name_RBV
HXR:PC:01:EL7047:COE:IntT:TLastUp_RBV
HXR:PC:01:EL7047:COE:IntT:EU_RBV
HXR:PC:01:EL7047:COE:MiscErr:Goal_RBV
HXR:PC:01:EL7047:COE:MiscErr:Goal
HXR:PC:01:EL7047:COE:MiscErr:Val_RBV
HXR:PC:01:EL7047:COE:MiscErr:Acc_RBV
HXR:PC:01:EL7047:COE:MiscErr:Desc_RBV
HXR:PC:01:EL7047:COE:MiscErr:Name_RBV
HXR:PC:01:EL7047:COE:MiscErr:TLastUp_RBV
HXR:PC:01:EL7047:COE:MiscErr:EU_RBV
HXR:PC:01:EL7047:COE:MotBackEMF:Goal_RBV
HXR:PC:01:EL7047:COE:MotBackEMF:Goal
HXR:PC:01:EL7047:COE:MotBackEMF:Val_RBV
HXR:PC:01:EL7047:COE:MotBackEMF:Acc_RBV
HXR:PC:01:EL7047:COE:MotBackEMF:Desc_RBV
HXR:PC:01:EL7047:COE:MotBackEMF:Name_RBV
HXR:PC:01:EL7047:COE:MotBackEMF:TLastUp_RBV
HXR:PC:01:EL7047:COE:MotBackEMF:EU_RBV
HXR:PC:01:EL7047:COE:MotFullSteps:Goal_RBV
HXR:PC:01:EL7047:COE:MotFullSteps:Goal
HXR:PC:01:EL7047:COE:MotFullSteps:Val_RBV
HXR:PC:01:EL7047:COE:MotFullSteps:Acc_RBV
HXR:PC:01:EL7047:COE:MotFullSteps:Desc_RBV
HXR:PC:01:EL7047:COE:MotFullSteps:Name_RBV
HXR:PC:01:EL7047:COE:MotFullSteps:TLastUp_RBV
HXR:PC:01:EL7047:COE:MotFullSteps:EU_RBV
HXR:PC:01:EL7047:COE:MotStall:Goal_RBV
HXR:PC:01:EL7047:COE:MotStall:Goal
HXR:PC:01:EL7047:COE:MotStall:Val_RBV
HXR:PC:01:EL7047:COE:MotStall:Acc_RBV
HXR:PC:01:EL7047:COE:MotStall:Desc_RBV
HXR:PC:01:EL7047:COE:MotStall:Name_RBV
HXR:PC:01:EL7047:COE:MotStall:TLastUp_RBV
HXR:PC:01:EL7047:COE:MotStall:EU_RBV
HXR:PC:01:EL7047:COE:MotVolt:Goal_RBV
HXR:PC:01:EL7047:COE:MotVolt:Goal
HXR:PC:01:EL7047:COE:MotVolt:Val_RBV
HXR:PC:01:EL7047:COE:MotVolt:Acc_RBV
HXR:PC:01:EL7047:COE:MotVolt:Desc_RBV
HXR:PC:01:EL7047:COE:MotVolt:Name_RBV
HXR:PC:01:EL7047:COE:MotVolt:TLastUp_RBV
HXR:PC:01:EL7047:COE:MotVolt:EU_RBV
HXR:PC:01:EL7047:COE:Induct:Goal_RBV
HXR:PC:01:EL7047:COE:Induct:Goal
HXR:PC:01:EL7047:COE:Induct:Val_RBV
HXR:PC:01:EL7047:COE:Induct:Acc_RBV
HXR:PC:01:EL7047:COE:Induct:Desc_RBV
HXR:PC:01:EL7047:COE:Induct:Name_RBV
HXR:PC:01:EL7047:COE:Induct:TLastUp_RBV
HXR:PC:01:EL7047:COE:Induct:EU_RBV
HXR:PC:01:EL7047:COE:WindResist:Goal_RBV
HXR:PC:01:EL7047:COE:WindResist:Goal
HXR:PC:01:EL7047:COE:WindResist:Val_RBV
HXR:PC:01:EL7047:COE:WindResist:Acc_RBV
HXR:PC:01:EL7047:COE:WindResist:Desc_RBV
HXR:PC:01:EL7047:COE:WindResist:Name_RBV
HXR:PC:01:EL7047:COE:WindResist:TLastUp_RBV
HXR:PC:01:EL7047:COE:WindResist:EU_RBV
HXR:PC:01:EL7047:COE:NoCtlPower:Goal_RBV
HXR:PC:01:EL7047:COE:NoCtlPower:Goal
HXR:PC:01:EL7047:COE:NoCtlPower:Val_RBV
HXR:PC:01:EL7047:COE:NoCtlPower:Acc_RBV
HXR:PC:01:EL7047:COE:NoCtlPower:Desc_RBV
HXR:PC:01:EL7047:COE:NoCtlPower:Name_RBV
HXR:PC:01:EL7047:COE:NoCtlPower:TLastUp_RBV
HXR:PC:01:EL7047:COE:NoCtlPower:EU_RBV
HXR:PC:01:EL7047:COE:NomSupVolt:Goal_RBV
HXR:PC:01:EL7047:COE:NomSupVolt:Goal
HXR:PC:01:EL7047:COE:NomSupVolt:Val_RBV
HXR:PC:01:EL7047:COE:NomSupVolt:Acc_RBV
HXR:PC:01:EL7047:COE:NomSupVolt:Desc_RBV
HXR:PC:01:EL7047:COE:NomSupVolt:Name_RBV
HXR:PC:01:EL7047:COE:NomSupVolt:TLastUp_RBV
HXR:PC:01:EL7047:COE:NomSupVolt:EU_RBV
HXR:PC:01:EL7047:COE:OpLoadA:Goal_RBV
HXR:PC:01:EL7047:COE:OpLoadA:Goal
HXR:PC:01:EL7047:COE:OpLoadA:Val_RBV
HXR:PC:01:EL7047:COE:OpLoadA:Acc_RBV
HXR:PC:01:EL7047:COE:OpLoadA:Desc_RBV
HXR:PC:01:EL7047:COE:OpLoadA:Name_RBV
HXR:PC:01:EL7047:COE:OpLoadA:TLastUp_RBV
HXR:PC:01:EL7047:COE:OpLoadA:EU_RBV
HXR:PC:01:EL7047:COE:OpLoadB:Goal_RBV
HXR:PC:01:EL7047:COE:OpLoadB:Goal
HXR:PC:01:EL7047:COE:OpLoadB:Val_RBV
HXR:PC:01:EL7047:COE:OpLoadB:Acc_RBV
HXR:PC:01:EL7047:COE:OpLoadB:Desc_RBV
HXR:PC:01:EL7047:COE:OpLoadB:Name_RBV
HXR:PC:01:EL7047:COE:OpLoadB:TLastUp_RBV
HXR:PC:01:EL7047:COE:OpLoadB:EU_RBV
HXR:PC:01:EL7047:COE:OverT:Goal_RBV
HXR:PC:01:EL7047:COE:OverT:Goal
HXR:PC:01:EL7047:COE:OverT:Val_RBV
HXR:PC:01:EL7047:COE:OverT:Acc_RBV
HXR:PC:01:EL7047:COE:OverT:Desc_RBV
HXR:PC:01:EL7047:COE:OverT:Name_RBV
HXR:PC:01:EL7047:COE:OverT:TLastUp_RBV
HXR:PC:01:EL7047:COE:OverT:EU_RBV
HXR:PC:01:EL7047:COE:OverVolt:Goal_RBV
HXR:PC:01:EL7047:COE:OverVolt:Goal
HXR:PC:01:EL7047:COE:OverVolt:Val_RBV
HXR:PC:01:EL7047:COE:OverVolt:Acc_RBV
HXR:PC:01:EL7047:COE:OverVolt:Desc_RBV
HXR:PC:01:EL7047:COE:OverVolt:Name_RBV
HXR:PC:01:EL7047:COE:OverVolt:TLastUp_RBV
HXR:PC:01:EL7047:COE:OverVolt:EU_RBV
HXR:PC:01:EL7047:COE:PeakCur:Goal_RBV
HXR:PC:01:EL7047:COE:PeakCur:Goal
HXR:PC:01:EL7047:COE:PeakCur:Val_RBV
HXR:PC:01:EL7047:COE:PeakCur:Acc_RBV
HXR:PC:01:EL7047:COE:PeakCur:Desc_RBV
HXR:PC:01:EL7047:COE:PeakCur:Name_RBV
HXR:PC:01:EL7047:COE:PeakCur:TLastUp_RBV
HXR:PC:01:EL7047:COE:PeakCur:EU_RBV
HXR:PC:01:EL7047:COE:Sat:Goal_RBV
HXR:PC:01:EL7047:COE:Sat:Goal
HXR:PC:01:EL7047:COE:Sat:Val_RBV
HXR:PC:01:EL7047:COE:Sat:Acc_RBV
HXR:PC:01:EL7047:COE:Sat:Desc_RBV
HXR:PC:01:EL7047:COE:Sat:Name_RBV
HXR:PC:01:EL7047:COE:Sat:TLastUp_RBV
HXR:PC:01:EL7047:COE:Sat:EU_RBV
HXR:PC:01:EL7047:COE:ShortCirc:Goal_RBV
HXR:PC:01:EL7047:COE:ShortCirc:Goal
HXR:PC:01:EL7047:COE:ShortCirc:Val_RBV
HXR:PC:01:EL7047:COE:ShortCirc:Acc_RBV
HXR:PC:01:EL7047:COE:ShortCirc:Desc_RBV
HXR:PC:01:EL7047:COE:ShortCirc:Name_RBV
HXR:PC:01:EL7047:COE:ShortCirc:TLastUp_RBV
HXR:PC:01:EL7047:COE:ShortCirc:EU_RBV
HXR:PC:01:EL7047:COE:TorqOver:Goal_RBV
HXR:PC:01:EL7047:COE:TorqOver:Goal
HXR:PC:01:EL7047:COE:TorqOver:Val_RBV
HXR:PC:01:EL7047:COE:TorqOver:Acc_RBV
HXR:PC:01:EL7047:COE:TorqOver:Desc_RBV
HXR:PC:01:EL7047:COE:TorqOver:Name_RBV
HXR:PC:01:EL7047:COE:TorqOver:TLastUp_RBV
HXR:PC:01:EL7047:COE:TorqOver:EU_RBV
HXR:PC:01:EL7047:COE:UndVolt:Goal_RBV
HXR:PC:01:EL7047:COE:UndVolt:Goal
HXR:PC:01:EL7047:COE:UndVolt:Val_RBV
HXR:PC:01:EL7047:COE:UndVolt:Acc_RBV
HXR:PC:01:EL7047:COE:UndVolt:Desc_RBV
HXR:PC:01:EL7047:COE:UndVolt:Name_RBV
HXR:PC:01:EL7047:COE:UndVolt:TLastUp_RBV
HXR:PC:01:EL7047:COE:UndVolt:EU_RBV
HXR:PC:02:EL7047:COE:BaseFreq:Goal_RBV
HXR:PC:02:EL7047:COE:BaseFreq:Goal
HXR:PC:02:EL7047:COE:BaseFreq:Val_RBV
HXR:PC:02:EL7047:COE:BaseFreq:Acc_RBV
HXR:PC:02:EL7047:COE:BaseFreq:Desc_RBV
HXR:PC:02:EL7047:COE:BaseFreq:Name_RBV
HXR:PC:02:EL7047:COE:BaseFreq:TLastUp_RBV
HXR:PC:02:EL7047:COE:BaseFreq:EU_RBV
HXR:PC:02:EL7047:COE:ConfErr:Goal_RBV
HXR:PC:02:EL7047:COE:ConfErr:Goal
HXR:PC:02:EL7047:COE:ConfErr:Val_RBV
HXR:PC:02:EL7047:COE:ConfErr:Acc_RBV
HXR:PC:02:EL7047:COE:ConfErr:Desc_RBV
HXR:PC:02:EL7047:COE:ConfErr:Name_RBV
HXR:PC:02:EL7047:COE:ConfErr:TLastUp_RBV
HXR:PC:02:EL7047:COE:ConfErr:EU_RBV
HXR:PC:02:EL7047:COE:CtrlVolt:Goal_RBV
HXR:PC:02:EL7047:COE:CtrlVolt:Goal
HXR:PC:02:EL7047:COE:CtrlVolt:Val_RBV
HXR:PC:02:EL7047:COE:CtrlVolt:Acc_RBV
HXR:PC:02:EL7047:COE:CtrlVolt:Desc_RBV
HXR:PC:02:EL7047:COE:CtrlVolt:Name_RBV
HXR:PC:02:EL7047:COE:CtrlVolt:TLastUp_RBV
HXR:PC:02:EL7047:COE:CtrlVolt:EU_RBV
HXR:PC:02:EL7047:COE:EncInc:Goal_RBV
HXR:PC:02:EL7047:COE:EncInc:Goal
HXR:PC:02:EL7047:COE:EncInc:Val_RBV
HXR:PC:02:EL7047:COE:EncInc:Acc_RBV
HXR:PC:02:EL7047:COE:EncInc:Desc_RBV
HXR:PC:02:EL7047:COE:EncInc:Name_RBV
HXR:PC:02:EL7047:COE:EncInc:TLastUp_RBV
HXR:PC:02:EL7047:COE:EncInc:EU_RBV
HXR:PC:02:EL7047:COE:FbType:Goal_RBV
HXR:PC:02:EL7047:COE:FbType:Goal
HXR:PC:02:EL7047:COE:FbType:Val_RBV
HXR:PC:02:EL7047:COE:FbType:Acc_RBV
HXR:PC:02:EL7047:COE:FbType:Desc_RBV
HXR:PC:02:EL7047:COE:FbType:Name_RBV
HXR:PC:02:EL7047:COE:FbType:TLastUp_RBV
HXR:PC:02:EL7047:COE:FbType:EU_RBV
HXR:PC:02:EL7047:COE:HoldCur:Goal_RBV
HXR:PC:02:EL7047:COE:HoldCur:Goal
HXR:PC:02:EL7047:COE:HoldCur:Val_RBV
HXR:PC:02:EL7047:COE:HoldCur:Acc_RBV
HXR:PC:02:EL7047:COE:HoldCur:Desc_RBV
HXR:PC:02:EL7047:COE:HoldCur:Name_RBV
HXR:PC:02:EL7047:COE:HoldCur:TLastUp_RBV
HXR:PC:02:EL7047:COE:HoldCur:EU_RBV
HXR:PC:02:EL7047:COE:IntT:Goal_RBV
HXR:PC:02:EL7047:COE:IntT:Goal
HXR:PC:02:EL7047:COE:IntT:Val_RBV
HXR:PC:02:EL7047:COE:IntT:Acc_RBV
HXR:PC:02:EL7047:COE:IntT:Desc_RBV
HXR:PC:02:EL7047:COE:IntT:Name_RBV
HXR:PC:02:EL7047:COE:IntT:TLastUp_RBV
HXR:PC:02:EL7047:COE:IntT:EU_RBV
HXR:PC:02:EL7047:COE:MiscErr:Goal_RBV
HXR:PC:02:EL7047:COE:MiscErr:Goal
HXR:PC:02:EL7047:COE:MiscErr:Val_RBV
HXR:PC:02:EL7047:COE:MiscErr:Acc_RBV
HXR:PC:02:EL7047:COE:MiscErr:Desc_RBV
HXR:PC:02:EL7047:COE:MiscErr:Name_RBV
HXR:PC:02:EL7047:COE:MiscErr:TLastUp_RBV
HXR:PC:02:EL7047:COE:MiscErr:EU_RBV
HXR:PC:02:EL7047:COE:MotBackEMF:Goal_RBV
HXR:PC:02:EL7047:COE:MotBackEMF:Goal
HXR:PC:02:EL7047:COE:MotBackEMF:Val_RBV
HXR:PC:02:EL7047:COE:MotBackEMF:Acc_RBV
HXR:PC:02:EL7047:COE:MotBackEMF:Desc_RBV
HXR:PC:02:EL7047:COE:MotBackEMF:Name_RBV
HXR:PC:02:EL7047:COE:MotBackEMF:TLastUp_RBV
HXR:PC:02:EL7047:COE:MotBackEMF:EU_RBV
HXR:PC:02:EL7047:COE:MotFullSteps:Goal_RBV
HXR:PC:02:EL7047:COE:MotFullSteps:Goal
HXR:PC:02:EL7047:COE:MotFullSteps:Val_RBV
HXR:PC:02:EL7047:COE:MotFullSteps:Acc_RBV
HXR:PC:02:EL7047:COE:MotFullSteps:Desc_RBV
HXR:PC:02:EL7047:COE:MotFullSteps:Name_RBV
HXR:PC:02:EL7047:COE:MotFullSteps:TLastUp_RBV
HXR:PC:02:EL7047:COE:MotFullSteps:EU_RBV
HXR:PC:02:EL7047:COE:MotStall:Goal_RBV
HXR:PC:02:EL7047:COE:MotStall:Goal
HXR:PC:02:EL7047:COE:MotStall:Val_RBV
HXR:PC:02:EL7047:COE:MotStall:Acc_RBV
HXR:PC:02:EL7047:COE:MotStall:Desc_RBV
HXR:PC:02:EL7047:COE:MotStall:Name_RBV
HXR:PC:02:EL7047:COE:MotStall:TLastUp_RBV
HXR:PC:02:EL7047:COE:MotStall:EU_RBV
HXR:PC:02:EL7047:COE:MotVolt:Goal_RBV
HXR:PC:02:EL7047:COE:MotVolt:Goal
HXR:PC:02:EL7047:COE:MotVolt:Val_RBV
HXR:PC:02:EL7047:COE:MotVolt:Acc_RBV
HXR:PC:02:EL7047:COE:MotVolt:Desc_RBV
HXR:PC:02:EL7047:COE:MotVolt:Name_RBV
HXR:PC:02:EL7047:COE:MotVolt:TLastUp_RBV
HXR:PC:02:EL7047:COE:MotVolt:EU_RBV
HXR:PC:02:EL7047:COE:Induct:Goal_RBV
HXR:PC:02:EL7047:COE:Induct:Goal
HXR:PC:02:EL7047:COE:Induct:Val_RBV
HXR:PC:02:EL7047:COE:Induct:Acc_RBV
HXR:PC:02:EL7047:COE:Induct:Desc_RBV
HXR:PC:02:EL7047:COE:Induct:Name_RBV
HXR:PC:02:EL7047:COE:Induct:TLastUp_RBV
HXR:PC:02:EL7047:COE:Induct:EU_RBV
HXR:PC:02:EL7047:COE:WindResist:Goal_RBV
HXR:PC:02:EL7047:COE:WindResist:Goal
HXR:PC:02:EL7047:COE:WindResist:Val_RBV
HXR:PC:02:EL7047:COE:WindResist:Acc_RBV
HXR:PC:02:EL7047:COE:WindResist:Desc_RBV
HXR:PC:02:EL7047:COE:WindResist:Name_RBV
HXR:PC:02:EL7047:COE:WindResist:TLastUp_RBV
HXR:PC:02:EL7047:COE:WindResist:EU_RBV
HXR:PC:02:EL7047:COE:NoCtlPower:Goal_RBV
HXR:PC:02:EL7047:COE:NoCtlPower:Goal
HXR:PC:02:EL7047:COE:NoCtlPower:Val_RBV
HXR:PC:02:EL7047:COE:NoCtlPower:Acc_RBV
HXR:PC:02:EL7047:COE:NoCtlPower:Desc_RBV
HXR:PC:02:EL7047:COE:NoCtlPower:Name_RBV
HXR:PC:02:EL7047:COE:NoCtlPower:TLastUp_RBV
HXR:PC:02:EL7047:COE:NoCtlPower:EU_RBV
HXR:PC:02:EL7047:COE:NomSupVolt:Goal_RBV
HXR:PC:02:EL7047:COE:NomSupVolt:Goal
HXR:PC:02:EL7047:COE:NomSupVolt:Val_RBV
HXR:PC:02:EL7047:COE:NomSupVolt:Acc_RBV
HXR:PC:02:EL7047:COE:NomSupVolt:Desc_RBV
HXR:PC:02:EL7047:COE:NomSupVolt:Name_RBV
HXR:PC:02:EL7047:COE:NomSupVolt:TLastUp_RBV
HXR:PC:02:EL7047:COE:NomSupVolt:EU_RBV
HXR:PC:02:EL7047:COE:OpLoadA:Goal_RBV
HXR:PC:02:EL7047:COE:OpLoadA:Goal
HXR:PC:02:EL7047:COE:OpLoadA:Val_RBV
HXR:PC:02:EL7047:COE:OpLoadA:Acc_RBV
HXR:PC:02:EL7047:COE:OpLoadA:Desc_RBV
HXR:PC:02:EL7047:COE:OpLoadA:Name_RBV
HXR:PC:02:EL7047:COE:OpLoadA:TLastUp_RBV
HXR:PC:02:EL7047:COE:OpLoadA:EU_RBV
HXR:PC:02:EL7047:COE:OpLoadB:Goal_RBV
HXR:PC:02:EL7047:COE:OpLoadB:Goal
HXR:PC:02:EL7047:COE:OpLoadB:Val_RBV
HXR:PC:02:EL7047:COE:OpLoadB:Acc_RBV
HXR:PC:02:EL7047:COE:OpLoadB:Desc_RBV
HXR:PC:02:EL7047:COE:OpLoadB:Name_RBV
HXR:PC:02:EL7047:COE:OpLoadB:TLastUp_RBV
HXR:PC:02:EL7047:COE:OpLoadB:EU_RBV
HXR:PC:02:EL7047:COE:OverT:Goal_RBV
HXR:PC:02:EL7047:COE:OverT:Goal
HXR:PC:02:EL7047:COE:OverT:Val_RBV
HXR:PC:02:EL7047:COE:OverT:Acc_RBV
HXR:PC:02:EL7047:COE:OverT:Desc_RBV
HXR:PC:02:EL7047:COE:OverT:Name_RBV
HXR:PC:02:EL7047:COE:OverT:TLastUp_RBV
HXR:PC:02:EL7047:COE:OverT:EU_RBV
HXR:PC:02:EL7047:COE:OverVolt:Goal_RBV
HXR:PC:02:EL7047:COE:OverVolt:Goal
HXR:PC:02:EL7047:COE:OverVolt:Val_RBV
HXR:PC:02:EL7047:COE:OverVolt:Acc_RBV
HXR:PC:02:EL7047:COE:OverVolt:Desc_RBV
HXR:PC:02:EL7047:COE:OverVolt:Name_RBV
HXR:PC:02:EL7047:COE:OverVolt:TLastUp_RBV
HXR:PC:02:EL7047:COE:OverVolt:EU_RBV
HXR:PC:02:EL7047:COE:PeakCur:Goal_RBV
HXR:PC:02:EL7047:COE:PeakCur:Goal
HXR:PC:02:EL7047:COE:PeakCur:Val_RBV
HXR:PC:02:EL7047:COE:PeakCur:Acc_RBV
HXR:PC:02:EL7047:COE:PeakCur:Desc_RBV
HXR:PC:02:EL7047:COE:PeakCur:Name_RBV
HXR:PC:02:EL7047:COE:PeakCur:TLastUp_RBV
HXR:PC:02:EL7047:COE:PeakCur:EU_RBV
HXR:PC:02:EL7047:COE:Sat:Goal_RBV
HXR:PC:02:EL7047:COE:Sat:Goal
HXR:PC:02:EL7047:COE:Sat:Val_RBV
HXR:PC:02:EL7047:COE:Sat:Acc_RBV
HXR:PC:02:EL7047:COE:Sat:Desc_RBV
HXR:PC:02:EL7047:COE:Sat:Name_RBV
HXR:PC:02:EL7047:COE:Sat:TLastUp_RBV
HXR:PC:02:EL7047:COE:Sat:EU_RBV
HXR:PC:02:EL7047:COE:ShortCirc:Goal_RBV
HXR:PC:02:EL7047:COE:ShortCirc:Goal
HXR:PC:02:EL7047:COE:ShortCirc:Val_RBV
HXR:PC:02:EL7047:COE:ShortCirc:Acc_RBV
HXR:PC:02:EL7047:COE:ShortCirc:Desc_RBV
HXR:PC:02:EL7047:COE:ShortCirc:Name_RBV
HXR:PC:02:EL7047:COE:ShortCirc:TLastUp_RBV
HXR:PC:02:EL7047:COE:ShortCirc:EU_RBV
HXR:PC:02:EL7047:COE:TorqOver:Goal_RBV
HXR:PC:02:EL7047:COE:TorqOver:Goal
HXR:PC:02:EL7047:COE:TorqOver:Val_RBV
HXR:PC:02:EL7047:COE:TorqOver:Acc_RBV
HXR:PC:02:EL7047:COE:TorqOver:Desc_RBV
HXR:PC:02:EL7047:COE:TorqOver:Name_RBV
HXR:PC:02:EL7047:COE:TorqOver:TLastUp_RBV
HXR:PC:02:EL7047:COE:TorqOver:EU_RBV
HXR:PC:02:EL7047:COE:UndVolt:Goal_RBV
HXR:PC:02:EL7047:COE:UndVolt:Goal
HXR:PC:02:EL7047:COE:UndVolt:Val_RBV
HXR:PC:02:EL7047:COE:UndVolt:Acc_RBV
HXR:PC:02:EL7047:COE:UndVolt:Desc_RBV
HXR:PC:02:EL7047:COE:UndVolt:Name_RBV
HXR:PC:02:EL7047:COE:UndVolt:TLastUp_RBV
HXR:PC:02:EL7047:COE:UndVolt:EU_RBV
HXR:PC:01:EL7062:COE:AccLimCh1:Goal_RBV
HXR:PC:01:EL7062:COE:AccLimCh1:Goal
HXR:PC:01:EL7062:COE:AccLimCh1:Val_RBV
HXR:PC:01:EL7062:COE:AccLimCh1:Acc_RBV
HXR:PC:01:EL7062:COE:AccLimCh1:Desc_RBV
HXR:PC:01:EL7062:COE:AccLimCh1:Name_RBV
HXR:PC:01:EL7062:COE:AccLimCh1:TLastUp_RBV
HXR:PC:01:EL7062:COE:AccLimCh1:EU_RBV
HXR:PC:01:EL7062:COE:AccLimCh2:Goal_RBV
HXR:PC:01:EL7062:COE:AccLimCh2:Goal
HXR:PC:01:EL7062:COE:AccLimCh2:Val_RBV
HXR:PC:01:EL7062:COE:AccLimCh2:Acc_RBV
HXR:PC:01:EL7062:COE:AccLimCh2:Desc_RBV
HXR:PC:01:EL7062:COE:AccLimCh2:Name_RBV
HXR:PC:01:EL7062:COE:AccLimCh2:TLastUp_RBV
HXR:PC:01:EL7062:COE:AccLimCh2:EU_RBV
HXR:PC:01:EL7062:COE:ActMotBrStCh1:Goal_RBV
HXR:PC:01:EL7062:COE:ActMotBrStCh1:Goal
HXR:PC:01:EL7062:COE:ActMotBrStCh1:Val_RBV
HXR:PC:01:EL7062:COE:ActMotBrStCh1:Acc_RBV
HXR:PC:01:EL7062:COE:ActMotBrStCh1:Desc_RBV
HXR:PC:01:EL7062:COE:ActMotBrStCh1:Name_RBV
HXR:PC:01:EL7062:COE:ActMotBrStCh1:TLastUp_RBV
HXR:PC:01:EL7062:COE:ActMotBrStCh1:EU_RBV
HXR:PC:01:EL7062:COE:ActMotBrStCh2:Goal_RBV
HXR:PC:01:EL7062:COE:ActMotBrStCh2:Goal
HXR:PC:01:EL7062:COE:ActMotBrStCh2:Val_RBV
HXR:PC:01:EL7062:COE:ActMotBrStCh2:Acc_RBV
HXR:PC:01:EL7062:COE:ActMotBrStCh2:Desc_RBV
HXR:PC:01:EL7062:COE:ActMotBrStCh2:Name_RBV
HXR:PC:01:EL7062:COE:ActMotBrStCh2:TLastUp_RBV
HXR:PC:01:EL7062:COE:ActMotBrStCh2:EU_RBV
HXR:PC:01:EL7062:COE:AmpOvCurThCh1:Goal_RBV
HXR:PC:01:EL7062:COE:AmpOvCurThCh1:Goal
HXR:PC:01:EL7062:COE:AmpOvCurThCh1:Val_RBV
HXR:PC:01:EL7062:COE:AmpOvCurThCh1:Acc_RBV
HXR:PC:01:EL7062:COE:AmpOvCurThCh1:Desc_RBV
HXR:PC:01:EL7062:COE:AmpOvCurThCh1:Name_RBV
HXR:PC:01:EL7062:COE:AmpOvCurThCh1:TLastUp_RBV
HXR:PC:01:EL7062:COE:AmpOvCurThCh1:EU_RBV
HXR:PC:01:EL7062:COE:AmpOvCurThCh2:Goal_RBV
HXR:PC:01:EL7062:COE:AmpOvCurThCh2:Goal
HXR:PC:01:EL7062:COE:AmpOvCurThCh2:Val_RBV
HXR:PC:01:EL7062:COE:AmpOvCurThCh2:Acc_RBV
HXR:PC:01:EL7062:COE:AmpOvCurThCh2:Desc_RBV
HXR:PC:01:EL7062:COE:AmpOvCurThCh2:Name_RBV
HXR:PC:01:EL7062:COE:AmpOvCurThCh2:TLastUp_RBV
HXR:PC:01:EL7062:COE:AmpOvCurThCh2:EU_RBV
HXR:PC:01:EL7062:COE:AmpRateCurCh1:Goal_RBV
HXR:PC:01:EL7062:COE:AmpRateCurCh1:Goal
HXR:PC:01:EL7062:COE:AmpRateCurCh1:Val_RBV
HXR:PC:01:EL7062:COE:AmpRateCurCh1:Acc_RBV
HXR:PC:01:EL7062:COE:AmpRateCurCh1:Desc_RBV
HXR:PC:01:EL7062:COE:AmpRateCurCh1:Name_RBV
HXR:PC:01:EL7062:COE:AmpRateCurCh1:TLastUp_RBV
HXR:PC:01:EL7062:COE:AmpRateCurCh1:EU_RBV
HXR:PC:01:EL7062:COE:AmpRateCurCh2:Goal_RBV
HXR:PC:01:EL7062:COE:AmpRateCurCh2:Goal
HXR:PC:01:EL7062:COE:AmpRateCurCh2:Val_RBV
HXR:PC:01:EL7062:COE:AmpRateCurCh2:Acc_RBV
HXR:PC:01:EL7062:COE:AmpRateCurCh2:Desc_RBV
HXR:PC:01:EL7062:COE:AmpRateCurCh2:Name_RBV
HXR:PC:01:EL7062:COE:AmpRateCurCh2:TLastUp_RBV
HXR:PC:01:EL7062:COE:AmpRateCurCh2:EU_RBV
HXR:PC:01:EL7062:COE:AmpRateCurWFanCh1:Goal_RBV
HXR:PC:01:EL7062:COE:AmpRateCurWFanCh1:Goal
HXR:PC:01:EL7062:COE:AmpRateCurWFanCh1:Val_RBV
HXR:PC:01:EL7062:COE:AmpRateCurWFanCh1:Acc_RBV
HXR:PC:01:EL7062:COE:AmpRateCurWFanCh1:Desc_RBV
HXR:PC:01:EL7062:COE:AmpRateCurWFanCh1:Name_RBV
HXR:PC:01:EL7062:COE:AmpRateCurWFanCh1:TLastUp_RBV
HXR:PC:01:EL7062:COE:AmpRateCurWFanCh1:EU_RBV
HXR:PC:01:EL7062:COE:AmpRateCurWFanCh2:Goal_RBV
HXR:PC:01:EL7062:COE:AmpRateCurWFanCh2:Goal
HXR:PC:01:EL7062:COE:AmpRateCurWFanCh2:Val_RBV
HXR:PC:01:EL7062:COE:AmpRateCurWFanCh2:Acc_RBV
HXR:PC:01:EL7062:COE:AmpRateCurWFanCh2:Desc_RBV
HXR:PC:01:EL7062:COE:AmpRateCurWFanCh2:Name_RBV
HXR:PC:01:EL7062:COE:AmpRateCurWFanCh2:TLastUp_RBV
HXR:PC:01:EL7062:COE:AmpRateCurWFanCh2:EU_RBV
HXR:PC:01:EL7062:COE:AmpRateSumCurCh1:Goal_RBV
HXR:PC:01:EL7062:COE:AmpRateSumCurCh1:Goal
HXR:PC:01:EL7062:COE:AmpRateSumCurCh1:Val_RBV
HXR:PC:01:EL7062:COE:AmpRateSumCurCh1:Acc_RBV
HXR:PC:01:EL7062:COE:AmpRateSumCurCh1:Desc_RBV
HXR:PC:01:EL7062:COE:AmpRateSumCurCh1:Name_RBV
HXR:PC:01:EL7062:COE:AmpRateSumCurCh1:TLastUp_RBV
HXR:PC:01:EL7062:COE:AmpRateSumCurCh1:EU_RBV
HXR:PC:01:EL7062:COE:AmpRateSumCurCh2:Goal_RBV
HXR:PC:01:EL7062:COE:AmpRateSumCurCh2:Goal
HXR:PC:01:EL7062:COE:AmpRateSumCurCh2:Val_RBV
HXR:PC:01:EL7062:COE:AmpRateSumCurCh2:Acc_RBV
HXR:PC:01:EL7062:COE:AmpRateSumCurCh2:Desc_RBV
HXR:PC:01:EL7062:COE:AmpRateSumCurCh2:Name_RBV
HXR:PC:01:EL7062:COE:AmpRateSumCurCh2:TLastUp_RBV
HXR:PC:01:EL7062:COE:AmpRateSumCurCh2:EU_RBV
HXR:PC:01:EL7062:COE:AmpRateSumCurWithFanCh1:Goal_RBV
HXR:PC:01:EL7062:COE:AmpRateSumCurWithFanCh1:Goal
HXR:PC:01:EL7062:COE:AmpRateSumCurWithFanCh1:Val_RBV
HXR:PC:01:EL7062:COE:AmpRateSumCurWithFanCh1:Acc_RBV
HXR:PC:01:EL7062:COE:AmpRateSumCurWithFanCh1:Desc_RBV
HXR:PC:01:EL7062:COE:AmpRateSumCurWithFanCh1:Name_RBV
HXR:PC:01:EL7062:COE:AmpRateSumCurWithFanCh1:TLastUp_RBV
HXR:PC:01:EL7062:COE:AmpRateSumCurWithFanCh1:EU_RBV
HXR:PC:01:EL7062:COE:AmpRateSumCurWFanCh2:Goal_RBV
HXR:PC:01:EL7062:COE:AmpRateSumCurWFanCh2:Goal
HXR:PC:01:EL7062:COE:AmpRateSumCurWFanCh2:Val_RBV
HXR:PC:01:EL7062:COE:AmpRateSumCurWFanCh2:Acc_RBV
HXR:PC:01:EL7062:COE:AmpRateSumCurWFanCh2:Desc_RBV
HXR:PC:01:EL7062:COE:AmpRateSumCurWFanCh2:Name_RBV
HXR:PC:01:EL7062:COE:AmpRateSumCurWFanCh2:TLastUp_RBV
HXR:PC:01:EL7062:COE:AmpRateSumCurWFanCh2:EU_RBV
HXR:PC:01:EL7062:COE:AmpT:Goal_RBV
HXR:PC:01:EL7062:COE:AmpT:Goal
HXR:PC:01:EL7062:COE:AmpT:Val_RBV
HXR:PC:01:EL7062:COE:AmpT:Acc_RBV
HXR:PC:01:EL7062:COE:AmpT:Desc_RBV
HXR:PC:01:EL7062:COE:AmpT:Name_RBV
HXR:PC:01:EL7062:COE:AmpT:TLastUp_RBV
HXR:PC:01:EL7062:COE:AmpT:EU_RBV
HXR:PC:01:EL7062:COE:AmpTErrLel:Goal_RBV
HXR:PC:01:EL7062:COE:AmpTErrLel:Goal
HXR:PC:01:EL7062:COE:AmpTErrLel:Val_RBV
HXR:PC:01:EL7062:COE:AmpTErrLel:Acc_RBV
HXR:PC:01:EL7062:COE:AmpTErrLel:Desc_RBV
HXR:PC:01:EL7062:COE:AmpTErrLel:Name_RBV
HXR:PC:01:EL7062:COE:AmpTErrLel:TLastUp_RBV
HXR:PC:01:EL7062:COE:AmpTErrLel:EU_RBV
HXR:PC:01:EL7062:COE:AmpTWarnLev:Goal_RBV
HXR:PC:01:EL7062:COE:AmpTWarnLev:Goal
HXR:PC:01:EL7062:COE:AmpTWarnLev:Val_RBV
HXR:PC:01:EL7062:COE:AmpTWarnLev:Acc_RBV
HXR:PC:01:EL7062:COE:AmpTWarnLev:Desc_RBV
HXR:PC:01:EL7062:COE:AmpTWarnLev:Name_RBV
HXR:PC:01:EL7062:COE:AmpTWarnLev:TLastUp_RBV
HXR:PC:01:EL7062:COE:AmpTWarnLev:EU_RBV
HXR:PC:01:EL7062:COE:AppDelCh1:Goal_RBV
HXR:PC:01:EL7062:COE:AppDelCh1:Goal
HXR:PC:01:EL7062:COE:AppDelCh1:Val_RBV
HXR:PC:01:EL7062:COE:AppDelCh1:Acc_RBV
HXR:PC:01:EL7062:COE:AppDelCh1:Desc_RBV
HXR:PC:01:EL7062:COE:AppDelCh1:Name_RBV
HXR:PC:01:EL7062:COE:AppDelCh1:TLastUp_RBV
HXR:PC:01:EL7062:COE:AppDelCh1:EU_RBV
HXR:PC:01:EL7062:COE:AppDelCh2:Goal_RBV
HXR:PC:01:EL7062:COE:AppDelCh2:Goal
HXR:PC:01:EL7062:COE:AppDelCh2:Val_RBV
HXR:PC:01:EL7062:COE:AppDelCh2:Acc_RBV
HXR:PC:01:EL7062:COE:AppDelCh2:Desc_RBV
HXR:PC:01:EL7062:COE:AppDelCh2:Name_RBV
HXR:PC:01:EL7062:COE:AppDelCh2:TLastUp_RBV
HXR:PC:01:EL7062:COE:AppDelCh2:EU_RBV
HXR:PC:01:EL7062:COE:BrInertCh1:Goal_RBV
HXR:PC:01:EL7062:COE:BrInertCh1:Goal
HXR:PC:01:EL7062:COE:BrInertCh1:Val_RBV
HXR:PC:01:EL7062:COE:BrInertCh1:Acc_RBV
HXR:PC:01:EL7062:COE:BrInertCh1:Desc_RBV
HXR:PC:01:EL7062:COE:BrInertCh1:Name_RBV
HXR:PC:01:EL7062:COE:BrInertCh1:TLastUp_RBV
HXR:PC:01:EL7062:COE:BrInertCh1:EU_RBV
HXR:PC:01:EL7062:COE:BrInertCh2:Goal_RBV
HXR:PC:01:EL7062:COE:BrInertCh2:Goal
HXR:PC:01:EL7062:COE:BrInertCh2:Val_RBV
HXR:PC:01:EL7062:COE:BrInertCh2:Acc_RBV
HXR:PC:01:EL7062:COE:BrInertCh2:Desc_RBV
HXR:PC:01:EL7062:COE:BrInertCh2:Name_RBV
HXR:PC:01:EL7062:COE:BrInertCh2:TLastUp_RBV
HXR:PC:01:EL7062:COE:BrInertCh2:EU_RBV
HXR:PC:01:EL7062:COE:BrOpCh1:Goal_RBV
HXR:PC:01:EL7062:COE:BrOpCh1:Goal
HXR:PC:01:EL7062:COE:BrOpCh1:Val_RBV
HXR:PC:01:EL7062:COE:BrOpCh1:Acc_RBV
HXR:PC:01:EL7062:COE:BrOpCh1:Desc_RBV
HXR:PC:01:EL7062:COE:BrOpCh1:Name_RBV
HXR:PC:01:EL7062:COE:BrOpCh1:TLastUp_RBV
HXR:PC:01:EL7062:COE:BrOpCh1:EU_RBV
HXR:PC:01:EL7062:COE:BrOpCh2:Goal_RBV
HXR:PC:01:EL7062:COE:BrOpCh2:Goal
HXR:PC:01:EL7062:COE:BrOpCh2:Val_RBV
HXR:PC:01:EL7062:COE:BrOpCh2:Acc_RBV
HXR:PC:01:EL7062:COE:BrOpCh2:Desc_RBV
HXR:PC:01:EL7062:COE:BrOpCh2:Name_RBV
HXR:PC:01:EL7062:COE:BrOpCh2:TLastUp_RBV
HXR:PC:01:EL7062:COE:BrOpCh2:EU_RBV
HXR:PC:01:EL7062:COE:CogCompSupCh1:Goal_RBV
HXR:PC:01:EL7062:COE:CogCompSupCh1:Goal
HXR:PC:01:EL7062:COE:CogCompSupCh1:Val_RBV
HXR:PC:01:EL7062:COE:CogCompSupCh1:Acc_RBV
HXR:PC:01:EL7062:COE:CogCompSupCh1:Desc_RBV
HXR:PC:01:EL7062:COE:CogCompSupCh1:Name_RBV
HXR:PC:01:EL7062:COE:CogCompSupCh1:TLastUp_RBV
HXR:PC:01:EL7062:COE:CogCompSupCh1:EU_RBV
HXR:PC:01:EL7062:COE:CogCompSupCh2:Goal_RBV
HXR:PC:01:EL7062:COE:CogCompSupCh2:Goal
HXR:PC:01:EL7062:COE:CogCompSupCh2:Val_RBV
HXR:PC:01:EL7062:COE:CogCompSupCh2:Acc_RBV
HXR:PC:01:EL7062:COE:CogCompSupCh2:Desc_RBV
HXR:PC:01:EL7062:COE:CogCompSupCh2:Name_RBV
HXR:PC:01:EL7062:COE:CogCompSupCh2:TLastUp_RBV
HXR:PC:01:EL7062:COE:CogCompSupCh2:EU_RBV
HXR:PC:01:EL7062:COE:CommTypeCh1:Goal_RBV
HXR:PC:01:EL7062:COE:CommTypeCh1:Goal
HXR:PC:01:EL7062:COE:CommTypeCh1:Val_RBV
HXR:PC:01:EL7062:COE:CommTypeCh1:Acc_RBV
HXR:PC:01:EL7062:COE:CommTypeCh1:Desc_RBV
HXR:PC:01:EL7062:COE:CommTypeCh1:Name_RBV
HXR:PC:01:EL7062:COE:CommTypeCh1:TLastUp_RBV
HXR:PC:01:EL7062:COE:CommTypeCh1:EU_RBV
HXR:PC:01:EL7062:COE:CommTypeCh2:Goal_RBV
HXR:PC:01:EL7062:COE:CommTypeCh2:Goal
HXR:PC:01:EL7062:COE:CommTypeCh2:Val_RBV
HXR:PC:01:EL7062:COE:CommTypeCh2:Acc_RBV
HXR:PC:01:EL7062:COE:CommTypeCh2:Desc_RBV
HXR:PC:01:EL7062:COE:CommTypeCh2:Name_RBV
HXR:PC:01:EL7062:COE:CommTypeCh2:TLastUp_RBV
HXR:PC:01:EL7062:COE:CommTypeCh2:EU_RBV
HXR:PC:01:EL7062:COE:ConfMotCurCh1:Goal_RBV
HXR:PC:01:EL7062:COE:ConfMotCurCh1:Goal
HXR:PC:01:EL7062:COE:ConfMotCurCh1:Val_RBV
HXR:PC:01:EL7062:COE:ConfMotCurCh1:Acc_RBV
HXR:PC:01:EL7062:COE:ConfMotCurCh1:Desc_RBV
HXR:PC:01:EL7062:COE:ConfMotCurCh1:Name_RBV
HXR:PC:01:EL7062:COE:ConfMotCurCh1:TLastUp_RBV
HXR:PC:01:EL7062:COE:ConfMotCurCh1:EU_RBV
HXR:PC:01:EL7062:COE:ConfMotCurCh2:Goal_RBV
HXR:PC:01:EL7062:COE:ConfMotCurCh2:Goal
HXR:PC:01:EL7062:COE:ConfMotCurCh2:Val_RBV
HXR:PC:01:EL7062:COE:ConfMotCurCh2:Acc_RBV
HXR:PC:01:EL7062:COE:ConfMotCurCh2:Desc_RBV
HXR:PC:01:EL7062:COE:ConfMotCurCh2:Name_RBV
HXR:PC:01:EL7062:COE:ConfMotCurCh2:TLastUp_RBV
HXR:PC:01:EL7062:COE:ConfMotCurCh2:EU_RBV
HXR:PC:01:EL7062:COE:CLoopIntTCh1:Goal_RBV
HXR:PC:01:EL7062:COE:CLoopIntTCh1:Goal
HXR:PC:01:EL7062:COE:CLoopIntTCh1:Val_RBV
HXR:PC:01:EL7062:COE:CLoopIntTCh1:Acc_RBV
HXR:PC:01:EL7062:COE:CLoopIntTCh1:Desc_RBV
HXR:PC:01:EL7062:COE:CLoopIntTCh1:Name_RBV
HXR:PC:01:EL7062:COE:CLoopIntTCh1:TLastUp_RBV
HXR:PC:01:EL7062:COE:CLoopIntTCh1:EU_RBV
HXR:PC:01:EL7062:COE:CLoopIntTCh2:Goal_RBV
HXR:PC:01:EL7062:COE:CLoopIntTCh2:Goal
HXR:PC:01:EL7062:COE:CLoopIntTCh2:Val_RBV
HXR:PC:01:EL7062:COE:CLoopIntTCh2:Acc_RBV
HXR:PC:01:EL7062:COE:CLoopIntTCh2:Desc_RBV
HXR:PC:01:EL7062:COE:CLoopIntTCh2:Name_RBV
HXR:PC:01:EL7062:COE:CLoopIntTCh2:TLastUp_RBV
HXR:PC:01:EL7062:COE:CLoopIntTCh2:EU_RBV
HXR:PC:01:EL7062:COE:CLoopPGainCh1:Goal_RBV
HXR:PC:01:EL7062:COE:CLoopPGainCh1:Goal
HXR:PC:01:EL7062:COE:CLoopPGainCh1:Val_RBV
HXR:PC:01:EL7062:COE:CLoopPGainCh1:Acc_RBV
HXR:PC:01:EL7062:COE:CLoopPGainCh1:Desc_RBV
HXR:PC:01:EL7062:COE:CLoopPGainCh1:Name_RBV
HXR:PC:01:EL7062:COE:CLoopPGainCh1:TLastUp_RBV
HXR:PC:01:EL7062:COE:CLoopPGainCh1:EU_RBV
HXR:PC:01:EL7062:COE:CLoopPGainCh2:Goal_RBV
HXR:PC:01:EL7062:COE:CLoopPGainCh2:Goal
HXR:PC:01:EL7062:COE:CLoopPGainCh2:Val_RBV
HXR:PC:01:EL7062:COE:CLoopPGainCh2:Acc_RBV
HXR:PC:01:EL7062:COE:CLoopPGainCh2:Desc_RBV
HXR:PC:01:EL7062:COE:CLoopPGainCh2:Name_RBV
HXR:PC:01:EL7062:COE:CLoopPGainCh2:TLastUp_RBV
HXR:PC:01:EL7062:COE:CLoopPGainCh2:EU_RBV
HXR:PC:01:EL7062:COE:DCLinkV:Goal_RBV
HXR:PC:01:EL7062:COE:DCLinkV:Goal
HXR:PC:01:EL7062:COE:DCLinkV:Val_RBV
HXR:PC:01:EL7062:COE:DCLinkV:Acc_RBV
HXR:PC:01:EL7062:COE:DCLinkV:Desc_RBV
HXR:PC:01:EL7062:COE:DCLinkV:Name_RBV
HXR:PC:01:EL7062:COE:DCLinkV:TLastUp_RBV
HXR:PC:01:EL7062:COE:DCLinkV:EU_RBV
HXR:PC:01:EL7062:COE:EmAppTOCh1:Goal_RBV
HXR:PC:01:EL7062:COE:EmAppTOCh1:Goal
HXR:PC:01:EL7062:COE:EmAppTOCh1:Val_RBV
HXR:PC:01:EL7062:COE:EmAppTOCh1:Acc_RBV
HXR:PC:01:EL7062:COE:EmAppTOCh1:Desc_RBV
HXR:PC:01:EL7062:COE:EmAppTOCh1:Name_RBV
HXR:PC:01:EL7062:COE:EmAppTOCh1:TLastUp_RBV
HXR:PC:01:EL7062:COE:EmAppTOCh1:EU_RBV
HXR:PC:01:EL7062:COE:EmAppTOCh2:Goal_RBV
HXR:PC:01:EL7062:COE:EmAppTOCh2:Goal
HXR:PC:01:EL7062:COE:EmAppTOCh2:Val_RBV
HXR:PC:01:EL7062:COE:EmAppTOCh2:Acc_RBV
HXR:PC:01:EL7062:COE:EmAppTOCh2:Desc_RBV
HXR:PC:01:EL7062:COE:EmAppTOCh2:Name_RBV
HXR:PC:01:EL7062:COE:EmAppTOCh2:TLastUp_RBV
HXR:PC:01:EL7062:COE:EmAppTOCh2:EU_RBV
HXR:PC:01:EL7062:COE:EnInCycCCh1:Goal_RBV
HXR:PC:01:EL7062:COE:EnInCycCCh1:Goal
HXR:PC:01:EL7062:COE:EnInCycCCh1:Val_RBV
HXR:PC:01:EL7062:COE:EnInCycCCh1:Acc_RBV
HXR:PC:01:EL7062:COE:EnInCycCCh1:Desc_RBV
HXR:PC:01:EL7062:COE:EnInCycCCh1:Name_RBV
HXR:PC:01:EL7062:COE:EnInCycCCh1:TLastUp_RBV
HXR:PC:01:EL7062:COE:EnInCycCCh1:EU_RBV
HXR:PC:01:EL7062:COE:EnInCycCCh2:Goal_RBV
HXR:PC:01:EL7062:COE:EnInCycCCh2:Goal
HXR:PC:01:EL7062:COE:EnInCycCCh2:Val_RBV
HXR:PC:01:EL7062:COE:EnInCycCCh2:Acc_RBV
HXR:PC:01:EL7062:COE:EnInCycCCh2:Desc_RBV
HXR:PC:01:EL7062:COE:EnInCycCCh2:Name_RBV
HXR:PC:01:EL7062:COE:EnInCycCCh2:TLastUp_RBV
HXR:PC:01:EL7062:COE:EnInCycCCh2:EU_RBV
HXR:PC:01:EL7062:COE:EnManOvCh1:Goal_RBV
HXR:PC:01:EL7062:COE:EnManOvCh1:Goal
HXR:PC:01:EL7062:COE:EnManOvCh1:Val_RBV
HXR:PC:01:EL7062:COE:EnManOvCh1:Acc_RBV
HXR:PC:01:EL7062:COE:EnManOvCh1:Desc_RBV
HXR:PC:01:EL7062:COE:EnManOvCh1:Name_RBV
HXR:PC:01:EL7062:COE:EnManOvCh1:TLastUp_RBV
HXR:PC:01:EL7062:COE:EnManOvCh1:EU_RBV
HXR:PC:01:EL7062:COE:EnManOvCh2:Goal_RBV
HXR:PC:01:EL7062:COE:EnManOvCh2:Goal
HXR:PC:01:EL7062:COE:EnManOvCh2:Val_RBV
HXR:PC:01:EL7062:COE:EnManOvCh2:Acc_RBV
HXR:PC:01:EL7062:COE:EnManOvCh2:Desc_RBV
HXR:PC:01:EL7062:COE:EnManOvCh2:Name_RBV
HXR:PC:01:EL7062:COE:EnManOvCh2:TLastUp_RBV
HXR:PC:01:EL7062:COE:EnManOvCh2:EU_RBV
HXR:PC:01:EL7062:COE:EnTxPDOTogCh1:Goal_RBV
HXR:PC:01:EL7062:COE:EnTxPDOTogCh1:Goal
HXR:PC:01:EL7062:COE:EnTxPDOTogCh1:Val_RBV
HXR:PC:01:EL7062:COE:EnTxPDOTogCh1:Acc_RBV
HXR:PC:01:EL7062:COE:EnTxPDOTogCh1:Desc_RBV
HXR:PC:01:EL7062:COE:EnTxPDOTogCh1:Name_RBV
HXR:PC:01:EL7062:COE:EnTxPDOTogCh1:TLastUp_RBV
HXR:PC:01:EL7062:COE:EnTxPDOTogCh1:EU_RBV
HXR:PC:01:EL7062:COE:EnTxPDOTogCh2:Goal_RBV
HXR:PC:01:EL7062:COE:EnTxPDOTogCh2:Goal
HXR:PC:01:EL7062:COE:EnTxPDOTogCh2:Val_RBV
HXR:PC:01:EL7062:COE:EnTxPDOTogCh2:Acc_RBV
HXR:PC:01:EL7062:COE:EnTxPDOTogCh2:Desc_RBV
HXR:PC:01:EL7062:COE:EnTxPDOTogCh2:Name_RBV
HXR:PC:01:EL7062:COE:EnTxPDOTogCh2:TLastUp_RBV
HXR:PC:01:EL7062:COE:EnTxPDOTogCh2:EU_RBV
HXR:PC:01:EL7062:COE:EncIncPerRevCh1:Goal_RBV
HXR:PC:01:EL7062:COE:EncIncPerRevCh1:Goal
HXR:PC:01:EL7062:COE:EncIncPerRevCh1:Val_RBV
HXR:PC:01:EL7062:COE:EncIncPerRevCh1:Acc_RBV
HXR:PC:01:EL7062:COE:EncIncPerRevCh1:Desc_RBV
HXR:PC:01:EL7062:COE:EncIncPerRevCh1:Name_RBV
HXR:PC:01:EL7062:COE:EncIncPerRevCh1:TLastUp_RBV
HXR:PC:01:EL7062:COE:EncIncPerRevCh1:EU_RBV
HXR:PC:01:EL7062:COE:EncIncPerRevCh2:Goal_RBV
HXR:PC:01:EL7062:COE:EncIncPerRevCh2:Goal
HXR:PC:01:EL7062:COE:EncIncPerRevCh2:Val_RBV
HXR:PC:01:EL7062:COE:EncIncPerRevCh2:Acc_RBV
HXR:PC:01:EL7062:COE:EncIncPerRevCh2:Desc_RBV
HXR:PC:01:EL7062:COE:EncIncPerRevCh2:Name_RBV
HXR:PC:01:EL7062:COE:EncIncPerRevCh2:TLastUp_RBV
HXR:PC:01:EL7062:COE:EncIncPerRevCh2:EU_RBV
HXR:PC:01:EL7062:COE:EncTypeCh1:Goal_RBV
HXR:PC:01:EL7062:COE:EncTypeCh1:Goal
HXR:PC:01:EL7062:COE:EncTypeCh1:Val_RBV
HXR:PC:01:EL7062:COE:EncTypeCh1:Acc_RBV
HXR:PC:01:EL7062:COE:EncTypeCh1:Desc_RBV
HXR:PC:01:EL7062:COE:EncTypeCh1:Name_RBV
HXR:PC:01:EL7062:COE:EncTypeCh1:TLastUp_RBV
HXR:PC:01:EL7062:COE:EncTypeCh1:EU_RBV
HXR:PC:01:EL7062:COE:EncTypeCh2:Goal_RBV
HXR:PC:01:EL7062:COE:EncTypeCh2:Goal
HXR:PC:01:EL7062:COE:EncTypeCh2:Val_RBV
HXR:PC:01:EL7062:COE:EncTypeCh2:Acc_RBV
HXR:PC:01:EL7062:COE:EncTypeCh2:Desc_RBV
HXR:PC:01:EL7062:COE:EncTypeCh2:Name_RBV
HXR:PC:01:EL7062:COE:EncTypeCh2:TLastUp_RBV
HXR:PC:01:EL7062:COE:EncTypeCh2:EU_RBV
HXR:PC:01:EL7062:COE:ErrSuppMaskCh1:Goal_RBV
HXR:PC:01:EL7062:COE:ErrSuppMaskCh1:Goal
HXR:PC:01:EL7062:COE:ErrSuppMaskCh1:Val_RBV
HXR:PC:01:EL7062:COE:ErrSuppMaskCh1:Acc_RBV
HXR:PC:01:EL7062:COE:ErrSuppMaskCh1:Desc_RBV
HXR:PC:01:EL7062:COE:ErrSuppMaskCh1:Name_RBV
HXR:PC:01:EL7062:COE:ErrSuppMaskCh1:TLastUp_RBV
HXR:PC:01:EL7062:COE:ErrSuppMaskCh1:EU_RBV
HXR:PC:01:EL7062:COE:ErrSuppMaskCh2:Goal_RBV
HXR:PC:01:EL7062:COE:ErrSuppMaskCh2:Goal
HXR:PC:01:EL7062:COE:ErrSuppMaskCh2:Val_RBV
HXR:PC:01:EL7062:COE:ErrSuppMaskCh2:Acc_RBV
HXR:PC:01:EL7062:COE:ErrSuppMaskCh2:Desc_RBV
HXR:PC:01:EL7062:COE:ErrSuppMaskCh2:Name_RBV
HXR:PC:01:EL7062:COE:ErrSuppMaskCh2:TLastUp_RBV
HXR:PC:01:EL7062:COE:ErrSuppMaskCh2:EU_RBV
HXR:PC:01:EL7062:COE:FanConf:Goal_RBV
HXR:PC:01:EL7062:COE:FanConf:Goal
HXR:PC:01:EL7062:COE:FanConf:Val_RBV
HXR:PC:01:EL7062:COE:FanConf:Acc_RBV
HXR:PC:01:EL7062:COE:FanConf:Desc_RBV
HXR:PC:01:EL7062:COE:FanConf:Name_RBV
HXR:PC:01:EL7062:COE:FanConf:TLastUp_RBV
HXR:PC:01:EL7062:COE:FanConf:EU_RBV
HXR:PC:01:EL7062:COE:FaultReCodeCh1:Goal_RBV
HXR:PC:01:EL7062:COE:FaultReCodeCh1:Goal
HXR:PC:01:EL7062:COE:FaultReCodeCh1:Val_RBV
HXR:PC:01:EL7062:COE:FaultReCodeCh1:Acc_RBV
HXR:PC:01:EL7062:COE:FaultReCodeCh1:Desc_RBV
HXR:PC:01:EL7062:COE:FaultReCodeCh1:Name_RBV
HXR:PC:01:EL7062:COE:FaultReCodeCh1:TLastUp_RBV
HXR:PC:01:EL7062:COE:FaultReCodeCh1:EU_RBV
HXR:PC:01:EL7062:COE:FaultReCodeCh2:Goal_RBV
HXR:PC:01:EL7062:COE:FaultReCodeCh2:Goal
HXR:PC:01:EL7062:COE:FaultReCodeCh2:Val_RBV
HXR:PC:01:EL7062:COE:FaultReCodeCh2:Acc_RBV
HXR:PC:01:EL7062:COE:FaultReCodeCh2:Desc_RBV
HXR:PC:01:EL7062:COE:FaultReCodeCh2:Name_RBV
HXR:PC:01:EL7062:COE:FaultReCodeCh2:TLastUp_RBV
HXR:PC:01:EL7062:COE:FaultReCodeCh2:EU_RBV
HXR:PC:01:EL7062:COE:FeatBits:Goal_RBV
HXR:PC:01:EL7062:COE:FeatBits:Goal
HXR:PC:01:EL7062:COE:FeatBits:Val_RBV
HXR:PC:01:EL7062:COE:FeatBits:Acc_RBV
HXR:PC:01:EL7062:COE:FeatBits:Desc_RBV
HXR:PC:01:EL7062:COE:FeatBits:Name_RBV
HXR:PC:01:EL7062:COE:FeatBits:TLastUp_RBV
HXR:PC:01:EL7062:COE:FeatBits:EU_RBV
HXR:PC:01:EL7062:COE:FeatBitsCh1:Goal_RBV
HXR:PC:01:EL7062:COE:FeatBitsCh1:Goal
HXR:PC:01:EL7062:COE:FeatBitsCh1:Val_RBV
HXR:PC:01:EL7062:COE:FeatBitsCh1:Acc_RBV
HXR:PC:01:EL7062:COE:FeatBitsCh1:Desc_RBV
HXR:PC:01:EL7062:COE:FeatBitsCh1:Name_RBV
HXR:PC:01:EL7062:COE:FeatBitsCh1:TLastUp_RBV
HXR:PC:01:EL7062:COE:FeatBitsCh1:EU_RBV
HXR:PC:01:EL7062:COE:FeatBitsCh2:Goal_RBV
HXR:PC:01:EL7062:COE:FeatBitsCh2:Goal
HXR:PC:01:EL7062:COE:FeatBitsCh2:Val_RBV
HXR:PC:01:EL7062:COE:FeatBitsCh2:Acc_RBV
HXR:PC:01:EL7062:COE:FeatBitsCh2:Desc_RBV
HXR:PC:01:EL7062:COE:FeatBitsCh2:Name_RBV
HXR:PC:01:EL7062:COE:FeatBitsCh2:TLastUp_RBV
HXR:PC:01:EL7062:COE:FeatBitsCh2:EU_RBV
HXR:PC:01:EL7062:COE:FindCommTCh1:Goal_RBV
HXR:PC:01:EL7062:COE:FindCommTCh1:Goal
HXR:PC:01:EL7062:COE:FindCommTCh1:Val_RBV
HXR:PC:01:EL7062:COE:FindCommTCh1:Acc_RBV
HXR:PC:01:EL7062:COE:FindCommTCh1:Desc_RBV
HXR:PC:01:EL7062:COE:FindCommTCh1:Name_RBV
HXR:PC:01:EL7062:COE:FindCommTCh1:TLastUp_RBV
HXR:PC:01:EL7062:COE:FindCommTCh1:EU_RBV
HXR:PC:01:EL7062:COE:FindCommTCh2:Goal_RBV
HXR:PC:01:EL7062:COE:FindCommTCh2:Goal
HXR:PC:01:EL7062:COE:FindCommTCh2:Val_RBV
HXR:PC:01:EL7062:COE:FindCommTCh2:Acc_RBV
HXR:PC:01:EL7062:COE:FindCommTCh2:Desc_RBV
HXR:PC:01:EL7062:COE:FindCommTCh2:Name_RBV
HXR:PC:01:EL7062:COE:FindCommTCh2:TLastUp_RBV
HXR:PC:01:EL7062:COE:FindCommTCh2:EU_RBV
HXR:PC:01:EL7062:COE:FolErrTOCh1:Goal_RBV
HXR:PC:01:EL7062:COE:FolErrTOCh1:Goal
HXR:PC:01:EL7062:COE:FolErrTOCh1:Val_RBV
HXR:PC:01:EL7062:COE:FolErrTOCh1:Acc_RBV
HXR:PC:01:EL7062:COE:FolErrTOCh1:Desc_RBV
HXR:PC:01:EL7062:COE:FolErrTOCh1:Name_RBV
HXR:PC:01:EL7062:COE:FolErrTOCh1:TLastUp_RBV
HXR:PC:01:EL7062:COE:FolErrTOCh1:EU_RBV
HXR:PC:01:EL7062:COE:FolErrTOCh2:Goal_RBV
HXR:PC:01:EL7062:COE:FolErrTOCh2:Goal
HXR:PC:01:EL7062:COE:FolErrTOCh2:Val_RBV
HXR:PC:01:EL7062:COE:FolErrTOCh2:Acc_RBV
HXR:PC:01:EL7062:COE:FolErrTOCh2:Desc_RBV
HXR:PC:01:EL7062:COE:FolErrTOCh2:Name_RBV
HXR:PC:01:EL7062:COE:FolErrTOCh2:TLastUp_RBV
HXR:PC:01:EL7062:COE:FolErrTOCh2:EU_RBV
HXR:PC:01:EL7062:COE:FolErrWinCh1:Goal_RBV
HXR:PC:01:EL7062:COE:FolErrWinCh1:Goal
HXR:PC:01:EL7062:COE:FolErrWinCh1:Val_RBV
HXR:PC:01:EL7062:COE:FolErrWinCh1:Acc_RBV
HXR:PC:01:EL7062:COE:FolErrWinCh1:Desc_RBV
HXR:PC:01:EL7062:COE:FolErrWinCh1:Name_RBV
HXR:PC:01:EL7062:COE:FolErrWinCh1:TLastUp_RBV
HXR:PC:01:EL7062:COE:FolErrWinCh1:EU_RBV
HXR:PC:01:EL7062:COE:FolErrWinCh2:Goal_RBV
HXR:PC:01:EL7062:COE:FolErrWinCh2:Goal
HXR:PC:01:EL7062:COE:FolErrWinCh2:Val_RBV
HXR:PC:01:EL7062:COE:FolErrWinCh2:Acc_RBV
HXR:PC:01:EL7062:COE:FolErrWinCh2:Desc_RBV
HXR:PC:01:EL7062:COE:FolErrWinCh2:Name_RBV
HXR:PC:01:EL7062:COE:FolErrWinCh2:TLastUp_RBV
HXR:PC:01:EL7062:COE:FolErrWinCh2:EU_RBV
HXR:PC:01:EL7062:COE:GRatioDrCh1:Goal_RBV
HXR:PC:01:EL7062:COE:GRatioDrCh1:Goal
HXR:PC:01:EL7062:COE:GRatioDrCh1:Val_RBV
HXR:PC:01:EL7062:COE:GRatioDrCh1:Acc_RBV
HXR:PC:01:EL7062:COE:GRatioDrCh1:Desc_RBV
HXR:PC:01:EL7062:COE:GRatioDrCh1:Name_RBV
HXR:PC:01:EL7062:COE:GRatioDrCh1:TLastUp_RBV
HXR:PC:01:EL7062:COE:GRatioDrCh1:EU_RBV
HXR:PC:01:EL7062:COE:GRatioDrCh2:Goal_RBV
HXR:PC:01:EL7062:COE:GRatioDrCh2:Goal
HXR:PC:01:EL7062:COE:GRatioDrCh2:Val_RBV
HXR:PC:01:EL7062:COE:GRatioDrCh2:Acc_RBV
HXR:PC:01:EL7062:COE:GRatioDrCh2:Desc_RBV
HXR:PC:01:EL7062:COE:GRatioDrCh2:Name_RBV
HXR:PC:01:EL7062:COE:GRatioDrCh2:TLastUp_RBV
HXR:PC:01:EL7062:COE:GRatioDrCh2:EU_RBV
HXR:PC:01:EL7062:COE:GRatioMotCh1:Goal_RBV
HXR:PC:01:EL7062:COE:GRatioMotCh1:Goal
HXR:PC:01:EL7062:COE:GRatioMotCh1:Val_RBV
HXR:PC:01:EL7062:COE:GRatioMotCh1:Acc_RBV
HXR:PC:01:EL7062:COE:GRatioMotCh1:Desc_RBV
HXR:PC:01:EL7062:COE:GRatioMotCh1:Name_RBV
HXR:PC:01:EL7062:COE:GRatioMotCh1:TLastUp_RBV
HXR:PC:01:EL7062:COE:GRatioMotCh1:EU_RBV
HXR:PC:01:EL7062:COE:GRatioMotCh2:Goal_RBV
HXR:PC:01:EL7062:COE:GRatioMotCh2:Goal
HXR:PC:01:EL7062:COE:GRatioMotCh2:Val_RBV
HXR:PC:01:EL7062:COE:GRatioMotCh2:Acc_RBV
HXR:PC:01:EL7062:COE:GRatioMotCh2:Desc_RBV
HXR:PC:01:EL7062:COE:GRatioMotCh2:Name_RBV
HXR:PC:01:EL7062:COE:GRatioMotCh2:TLastUp_RBV
HXR:PC:01:EL7062:COE:GRatioMotCh2:EU_RBV
HXR:PC:01:EL7062:COE:HRampDecCh1:Goal_RBV
HXR:PC:01:EL7062:COE:HRampDecCh1:Goal
HXR:PC:01:EL7062:COE:HRampDecCh1:Val_RBV
HXR:PC:01:EL7062:COE:HRampDecCh1:Acc_RBV
HXR:PC:01:EL7062:COE:HRampDecCh1:Desc_RBV
HXR:PC:01:EL7062:COE:HRampDecCh1:Name_RBV
HXR:PC:01:EL7062:COE:HRampDecCh1:TLastUp_RBV
HXR:PC:01:EL7062:COE:HRampDecCh1:EU_RBV
HXR:PC:01:EL7062:COE:HRampDecCh2:Goal_RBV
HXR:PC:01:EL7062:COE:HRampDecCh2:Goal
HXR:PC:01:EL7062:COE:HRampDecCh2:Val_RBV
HXR:PC:01:EL7062:COE:HRampDecCh2:Acc_RBV
HXR:PC:01:EL7062:COE:HRampDecCh2:Desc_RBV
HXR:PC:01:EL7062:COE:HRampDecCh2:Name_RBV
HXR:PC:01:EL7062:COE:HRampDecCh2:TLastUp_RBV
HXR:PC:01:EL7062:COE:HRampDecCh2:EU_RBV
HXR:PC:01:EL7062:COE:InvRotDirCh1:Goal_RBV
HXR:PC:01:EL7062:COE:InvRotDirCh1:Goal
HXR:PC:01:EL7062:COE:InvRotDirCh1:Val_RBV
HXR:PC:01:EL7062:COE:InvRotDirCh1:Acc_RBV
HXR:PC:01:EL7062:COE:InvRotDirCh1:Desc_RBV
HXR:PC:01:EL7062:COE:InvRotDirCh1:Name_RBV
HXR:PC:01:EL7062:COE:InvRotDirCh1:TLastUp_RBV
HXR:PC:01:EL7062:COE:InvRotDirCh1:EU_RBV
HXR:PC:01:EL7062:COE:InvRotDirCh2:Goal_RBV
HXR:PC:01:EL7062:COE:InvRotDirCh2:Goal
HXR:PC:01:EL7062:COE:InvRotDirCh2:Val_RBV
HXR:PC:01:EL7062:COE:InvRotDirCh2:Acc_RBV
HXR:PC:01:EL7062:COE:InvRotDirCh2:Desc_RBV
HXR:PC:01:EL7062:COE:InvRotDirCh2:Name_RBV
HXR:PC:01:EL7062:COE:InvRotDirCh2:TLastUp_RBV
HXR:PC:01:EL7062:COE:InvRotDirCh2:EU_RBV
HXR:PC:01:EL7062:COE:InvFbDirCh1:Goal_RBV
HXR:PC:01:EL7062:COE:InvFbDirCh1:Goal
HXR:PC:01:EL7062:COE:InvFbDirCh1:Val_RBV
HXR:PC:01:EL7062:COE:InvFbDirCh1:Acc_RBV
HXR:PC:01:EL7062:COE:InvFbDirCh1:Desc_RBV
HXR:PC:01:EL7062:COE:InvFbDirCh1:Name_RBV
HXR:PC:01:EL7062:COE:InvFbDirCh1:TLastUp_RBV
HXR:PC:01:EL7062:COE:InvFbDirCh1:EU_RBV
HXR:PC:01:EL7062:COE:InvFbDirCh2:Goal_RBV
HXR:PC:01:EL7062:COE:InvFbDirCh2:Goal
HXR:PC:01:EL7062:COE:InvFbDirCh2:Val_RBV
HXR:PC:01:EL7062:COE:InvFbDirCh2:Acc_RBV
HXR:PC:01:EL7062:COE:InvFbDirCh2:Desc_RBV
HXR:PC:01:EL7062:COE:InvFbDirCh2:Name_RBV
HXR:PC:01:EL7062:COE:InvFbDirCh2:TLastUp_RBV
HXR:PC:01:EL7062:COE:InvFbDirCh2:EU_RBV
HXR:PC:01:EL7062:COE:ManBrStCh1:Goal_RBV
HXR:PC:01:EL7062:COE:ManBrStCh1:Goal
HXR:PC:01:EL7062:COE:ManBrStCh1:Val_RBV
HXR:PC:01:EL7062:COE:ManBrStCh1:Acc_RBV
HXR:PC:01:EL7062:COE:ManBrStCh1:Desc_RBV
HXR:PC:01:EL7062:COE:ManBrStCh1:Name_RBV
HXR:PC:01:EL7062:COE:ManBrStCh1:TLastUp_RBV
HXR:PC:01:EL7062:COE:ManBrStCh1:EU_RBV
HXR:PC:01:EL7062:COE:ManBrStCh2:Goal_RBV
HXR:PC:01:EL7062:COE:ManBrStCh2:Goal
HXR:PC:01:EL7062:COE:ManBrStCh2:Val_RBV
HXR:PC:01:EL7062:COE:ManBrStCh2:Acc_RBV
HXR:PC:01:EL7062:COE:ManBrStCh2:Desc_RBV
HXR:PC:01:EL7062:COE:ManBrStCh2:Name_RBV
HXR:PC:01:EL7062:COE:ManBrStCh2:TLastUp_RBV
HXR:PC:01:EL7062:COE:ManBrStCh2:EU_RBV
HXR:PC:01:EL7062:COE:MaxDCLinkV:Goal_RBV
HXR:PC:01:EL7062:COE:MaxDCLinkV:Goal
HXR:PC:01:EL7062:COE:MaxDCLinkV:Val_RBV
HXR:PC:01:EL7062:COE:MaxDCLinkV:Acc_RBV
HXR:PC:01:EL7062:COE:MaxDCLinkV:Desc_RBV
HXR:PC:01:EL7062:COE:MaxDCLinkV:Name_RBV
HXR:PC:01:EL7062:COE:MaxDCLinkV:TLastUp_RBV
HXR:PC:01:EL7062:COE:MaxDCLinkV:EU_RBV
HXR:PC:01:EL7062:COE:MaxPLimCh1:Goal_RBV
HXR:PC:01:EL7062:COE:MaxPLimCh1:Goal
HXR:PC:01:EL7062:COE:MaxPLimCh1:Val_RBV
HXR:PC:01:EL7062:COE:MaxPLimCh1:Acc_RBV
HXR:PC:01:EL7062:COE:MaxPLimCh1:Desc_RBV
HXR:PC:01:EL7062:COE:MaxPLimCh1:Name_RBV
HXR:PC:01:EL7062:COE:MaxPLimCh1:TLastUp_RBV
HXR:PC:01:EL7062:COE:MaxPLimCh1:EU_RBV
HXR:PC:01:EL7062:COE:MaxPLimCh2:Goal_RBV
HXR:PC:01:EL7062:COE:MaxPLimCh2:Goal
HXR:PC:01:EL7062:COE:MaxPLimCh2:Val_RBV
HXR:PC:01:EL7062:COE:MaxPLimCh2:Acc_RBV
HXR:PC:01:EL7062:COE:MaxPLimCh2:Desc_RBV
HXR:PC:01:EL7062:COE:MaxPLimCh2:Name_RBV
HXR:PC:01:EL7062:COE:MaxPLimCh2:TLastUp_RBV
HXR:PC:01:EL7062:COE:MaxPLimCh2:EU_RBV
HXR:PC:01:EL7062:COE:MaxRotFFreqCh1:Goal_RBV
HXR:PC:01:EL7062:COE:MaxRotFFreqCh1:Goal
HXR:PC:01:EL7062:COE:MaxRotFFreqCh1:Val_RBV
HXR:PC:01:EL7062:COE:MaxRotFFreqCh1:Acc_RBV
HXR:PC:01:EL7062:COE:MaxRotFFreqCh1:Desc_RBV
HXR:PC:01:EL7062:COE:MaxRotFFreqCh1:Name_RBV
HXR:PC:01:EL7062:COE:MaxRotFFreqCh1:TLastUp_RBV
HXR:PC:01:EL7062:COE:MaxRotFFreqCh1:EU_RBV
HXR:PC:01:EL7062:COE:MaxRotFFreqCh2:Goal_RBV
HXR:PC:01:EL7062:COE:MaxRotFFreqCh2:Goal
HXR:PC:01:EL7062:COE:MaxRotFFreqCh2:Val_RBV
HXR:PC:01:EL7062:COE:MaxRotFFreqCh2:Acc_RBV
HXR:PC:01:EL7062:COE:MaxRotFFreqCh2:Desc_RBV
HXR:PC:01:EL7062:COE:MaxRotFFreqCh2:Name_RBV
HXR:PC:01:EL7062:COE:MaxRotFFreqCh2:TLastUp_RBV
HXR:PC:01:EL7062:COE:MaxRotFFreqCh2:EU_RBV
HXR:PC:01:EL7062:COE:MinDCLinkV:Goal_RBV
HXR:PC:01:EL7062:COE:MinDCLinkV:Goal
HXR:PC:01:EL7062:COE:MinDCLinkV:Val_RBV
HXR:PC:01:EL7062:COE:MinDCLinkV:Acc_RBV
HXR:PC:01:EL7062:COE:MinDCLinkV:Desc_RBV
HXR:PC:01:EL7062:COE:MinDCLinkV:Name_RBV
HXR:PC:01:EL7062:COE:MinDCLinkV:TLastUp_RBV
HXR:PC:01:EL7062:COE:MinDCLinkV:EU_RBV
HXR:PC:01:EL7062:COE:MinPLimCh1:Goal_RBV
HXR:PC:01:EL7062:COE:MinPLimCh1:Goal
HXR:PC:01:EL7062:COE:MinPLimCh1:Val_RBV
HXR:PC:01:EL7062:COE:MinPLimCh1:Acc_RBV
HXR:PC:01:EL7062:COE:MinPLimCh1:Desc_RBV
HXR:PC:01:EL7062:COE:MinPLimCh1:Name_RBV
HXR:PC:01:EL7062:COE:MinPLimCh1:TLastUp_RBV
HXR:PC:01:EL7062:COE:MinPLimCh1:EU_RBV
HXR:PC:01:EL7062:COE:MinPLimCh2:Goal_RBV
HXR:PC:01:EL7062:COE:MinPLimCh2:Goal
HXR:PC:01:EL7062:COE:MinPLimCh2:Val_RBV
HXR:PC:01:EL7062:COE:MinPLimCh2:Acc_RBV
HXR:PC:01:EL7062:COE:MinPLimCh2:Desc_RBV
HXR:PC:01:EL7062:COE:MinPLimCh2:Name_RBV
HXR:PC:01:EL7062:COE:MinPLimCh2:TLastUp_RBV
HXR:PC:01:EL7062:COE:MinPLimCh2:EU_RBV
HXR:PC:01:EL7062:COE:MOfOpCh1:Goal_RBV
HXR:PC:01:EL7062:COE:MOfOpCh1:Goal
HXR:PC:01:EL7062:COE:MOfOpCh1:Val_RBV
HXR:PC:01:EL7062:COE:MOfOpCh1:Acc_RBV
HXR:PC:01:EL7062:COE:MOfOpCh1:Desc_RBV
HXR:PC:01:EL7062:COE:MOfOpCh1:Name_RBV
HXR:PC:01:EL7062:COE:MOfOpCh1:TLastUp_RBV
HXR:PC:01:EL7062:COE:MOfOpCh1:EU_RBV
HXR:PC:01:EL7062:COE:MOfOpCh2:Goal_RBV
HXR:PC:01:EL7062:COE:MOfOpCh2:Goal
HXR:PC:01:EL7062:COE:MOfOpCh2:Val_RBV
HXR:PC:01:EL7062:COE:MOfOpCh2:Acc_RBV
HXR:PC:01:EL7062:COE:MOfOpCh2:Desc_RBV
HXR:PC:01:EL7062:COE:MOfOpCh2:Name_RBV
HXR:PC:01:EL7062:COE:MOfOpCh2:TLastUp_RBV
HXR:PC:01:EL7062:COE:MOfOpCh2:EU_RBV
HXR:PC:01:EL7062:COE:MotFullstepsCh1:Goal_RBV
HXR:PC:01:EL7062:COE:MotFullstepsCh1:Goal
HXR:PC:01:EL7062:COE:MotFullstepsCh1:Val_RBV
HXR:PC:01:EL7062:COE:MotFullstepsCh1:Acc_RBV
HXR:PC:01:EL7062:COE:MotFullstepsCh1:Desc_RBV
HXR:PC:01:EL7062:COE:MotFullstepsCh1:Name_RBV
HXR:PC:01:EL7062:COE:MotFullstepsCh1:TLastUp_RBV
HXR:PC:01:EL7062:COE:MotFullstepsCh1:EU_RBV
HXR:PC:01:EL7062:COE:MotFullstepsCh2:Goal_RBV
HXR:PC:01:EL7062:COE:MotFullstepsCh2:Goal
HXR:PC:01:EL7062:COE:MotFullstepsCh2:Val_RBV
HXR:PC:01:EL7062:COE:MotFullstepsCh2:Acc_RBV
HXR:PC:01:EL7062:COE:MotFullstepsCh2:Desc_RBV
HXR:PC:01:EL7062:COE:MotFullstepsCh2:Name_RBV
HXR:PC:01:EL7062:COE:MotFullstepsCh2:TLastUp_RBV
HXR:PC:01:EL7062:COE:MotFullstepsCh2:EU_RBV
HXR:PC:01:EL7062:COE:MotSpLimCh1:Goal_RBV
HXR:PC:01:EL7062:COE:MotSpLimCh1:Goal
HXR:PC:01:EL7062:COE:MotSpLimCh1:Val_RBV
HXR:PC:01:EL7062:COE:MotSpLimCh1:Acc_RBV
HXR:PC:01:EL7062:COE:MotSpLimCh1:Desc_RBV
HXR:PC:01:EL7062:COE:MotSpLimCh1:Name_RBV
HXR:PC:01:EL7062:COE:MotSpLimCh1:TLastUp_RBV
HXR:PC:01:EL7062:COE:MotSpLimCh1:EU_RBV
HXR:PC:01:EL7062:COE:MotSpLimCh2:Goal_RBV
HXR:PC:01:EL7062:COE:MotSpLimCh2:Goal
HXR:PC:01:EL7062:COE:MotSpLimCh2:Val_RBV
HXR:PC:01:EL7062:COE:MotSpLimCh2:Acc_RBV
HXR:PC:01:EL7062:COE:MotSpLimCh2:Desc_RBV
HXR:PC:01:EL7062:COE:MotSpLimCh2:Name_RBV
HXR:PC:01:EL7062:COE:MotSpLimCh2:TLastUp_RBV
HXR:PC:01:EL7062:COE:MotSpLimCh2:EU_RBV
HXR:PC:01:EL7062:COE:MBitsCh1:Goal_RBV
HXR:PC:01:EL7062:COE:MBitsCh1:Goal
HXR:PC:01:EL7062:COE:MBitsCh1:Val_RBV
HXR:PC:01:EL7062:COE:MBitsCh1:Acc_RBV
HXR:PC:01:EL7062:COE:MBitsCh1:Desc_RBV
HXR:PC:01:EL7062:COE:MBitsCh1:Name_RBV
HXR:PC:01:EL7062:COE:MBitsCh1:TLastUp_RBV
HXR:PC:01:EL7062:COE:MBitsCh1:EU_RBV
HXR:PC:01:EL7062:COE:MBitsCh2:Goal_RBV
HXR:PC:01:EL7062:COE:MBitsCh2:Goal
HXR:PC:01:EL7062:COE:MBitsCh2:Val_RBV
HXR:PC:01:EL7062:COE:MBitsCh2:Acc_RBV
HXR:PC:01:EL7062:COE:MBitsCh2:Desc_RBV
HXR:PC:01:EL7062:COE:MBitsCh2:Name_RBV
HXR:PC:01:EL7062:COE:MBitsCh2:TLastUp_RBV
HXR:PC:01:EL7062:COE:MBitsCh2:EU_RBV
HXR:PC:01:EL7062:COE:NomDCLinkV:Goal_RBV
HXR:PC:01:EL7062:COE:NomDCLinkV:Goal
HXR:PC:01:EL7062:COE:NomDCLinkV:Val_RBV
HXR:PC:01:EL7062:COE:NomDCLinkV:Acc_RBV
HXR:PC:01:EL7062:COE:NomDCLinkV:Desc_RBV
HXR:PC:01:EL7062:COE:NomDCLinkV:Name_RBV
HXR:PC:01:EL7062:COE:NomDCLinkV:TLastUp_RBV
HXR:PC:01:EL7062:COE:NomDCLinkV:EU_RBV
HXR:PC:01:EL7062:COE:ObsBWCh1:Goal_RBV
HXR:PC:01:EL7062:COE:ObsBWCh1:Goal
HXR:PC:01:EL7062:COE:ObsBWCh1:Val_RBV
HXR:PC:01:EL7062:COE:ObsBWCh1:Acc_RBV
HXR:PC:01:EL7062:COE:ObsBWCh1:Desc_RBV
HXR:PC:01:EL7062:COE:ObsBWCh1:Name_RBV
HXR:PC:01:EL7062:COE:ObsBWCh1:TLastUp_RBV
HXR:PC:01:EL7062:COE:ObsBWCh1:EU_RBV
HXR:PC:01:EL7062:COE:ObsBWCh2:Goal_RBV
HXR:PC:01:EL7062:COE:ObsBWCh2:Goal
HXR:PC:01:EL7062:COE:ObsBWCh2:Val_RBV
HXR:PC:01:EL7062:COE:ObsBWCh2:Acc_RBV
HXR:PC:01:EL7062:COE:ObsBWCh2:Desc_RBV
HXR:PC:01:EL7062:COE:ObsBWCh2:Name_RBV
HXR:PC:01:EL7062:COE:ObsBWCh2:TLastUp_RBV
HXR:PC:01:EL7062:COE:ObsBWCh2:EU_RBV
HXR:PC:01:EL7062:COE:ObsFFCh1:Goal_RBV
HXR:PC:01:EL7062:COE:ObsFFCh1:Goal
HXR:PC:01:EL7062:COE:ObsFFCh1:Val_RBV
HXR:PC:01:EL7062:COE:ObsFFCh1:Acc_RBV
HXR:PC:01:EL7062:COE:ObsFFCh1:Desc_RBV
HXR:PC:01:EL7062:COE:ObsFFCh1:Name_RBV
HXR:PC:01:EL7062:COE:ObsFFCh1:TLastUp_RBV
HXR:PC:01:EL7062:COE:ObsFFCh1:EU_RBV
HXR:PC:01:EL7062:COE:ObsFFCh2:Goal_RBV
HXR:PC:01:EL7062:COE:ObsFFCh2:Goal
HXR:PC:01:EL7062:COE:ObsFFCh2:Val_RBV
HXR:PC:01:EL7062:COE:ObsFFCh2:Acc_RBV
HXR:PC:01:EL7062:COE:ObsFFCh2:Desc_RBV
HXR:PC:01:EL7062:COE:ObsFFCh2:Name_RBV
HXR:PC:01:EL7062:COE:ObsFFCh2:TLastUp_RBV
HXR:PC:01:EL7062:COE:ObsFFCh2:EU_RBV
HXR:PC:01:EL7062:COE:OutStageSafStCh1:Goal_RBV
HXR:PC:01:EL7062:COE:OutStageSafStCh1:Goal
HXR:PC:01:EL7062:COE:OutStageSafStCh1:Val_RBV
HXR:PC:01:EL7062:COE:OutStageSafStCh1:Acc_RBV
HXR:PC:01:EL7062:COE:OutStageSafStCh1:Desc_RBV
HXR:PC:01:EL7062:COE:OutStageSafStCh1:Name_RBV
HXR:PC:01:EL7062:COE:OutStageSafStCh1:TLastUp_RBV
HXR:PC:01:EL7062:COE:OutStageSafStCh1:EU_RBV
HXR:PC:01:EL7062:COE:OutStageSafStCh2:Goal_RBV
HXR:PC:01:EL7062:COE:OutStageSafStCh2:Goal
HXR:PC:01:EL7062:COE:OutStageSafStCh2:Val_RBV
HXR:PC:01:EL7062:COE:OutStageSafStCh2:Acc_RBV
HXR:PC:01:EL7062:COE:OutStageSafStCh2:Desc_RBV
HXR:PC:01:EL7062:COE:OutStageSafStCh2:Name_RBV
HXR:PC:01:EL7062:COE:OutStageSafStCh2:TLastUp_RBV
HXR:PC:01:EL7062:COE:OutStageSafStCh2:EU_RBV
HXR:PC:01:EL7062:COE:PEncResIncCh1:Goal_RBV
HXR:PC:01:EL7062:COE:PEncResIncCh1:Goal
HXR:PC:01:EL7062:COE:PEncResIncCh1:Val_RBV
HXR:PC:01:EL7062:COE:PEncResIncCh1:Acc_RBV
HXR:PC:01:EL7062:COE:PEncResIncCh1:Desc_RBV
HXR:PC:01:EL7062:COE:PEncResIncCh1:Name_RBV
HXR:PC:01:EL7062:COE:PEncResIncCh1:TLastUp_RBV
HXR:PC:01:EL7062:COE:PEncResIncCh1:EU_RBV
HXR:PC:01:EL7062:COE:PEncResIncCh2:Goal_RBV
HXR:PC:01:EL7062:COE:PEncResIncCh2:Goal
HXR:PC:01:EL7062:COE:PEncResIncCh2:Val_RBV
HXR:PC:01:EL7062:COE:PEncResIncCh2:Acc_RBV
HXR:PC:01:EL7062:COE:PEncResIncCh2:Desc_RBV
HXR:PC:01:EL7062:COE:PEncResIncCh2:Name_RBV
HXR:PC:01:EL7062:COE:PEncResIncCh2:TLastUp_RBV
HXR:PC:01:EL7062:COE:PEncResIncCh2:EU_RBV
HXR:PC:01:EL7062:COE:PEncResRevCh1:Goal_RBV
HXR:PC:01:EL7062:COE:PEncResRevCh1:Goal
HXR:PC:01:EL7062:COE:PEncResRevCh1:Val_RBV
HXR:PC:01:EL7062:COE:PEncResRevCh1:Acc_RBV
HXR:PC:01:EL7062:COE:PEncResRevCh1:Desc_RBV
HXR:PC:01:EL7062:COE:PEncResRevCh1:Name_RBV
HXR:PC:01:EL7062:COE:PEncResRevCh1:TLastUp_RBV
HXR:PC:01:EL7062:COE:PEncResRevCh1:EU_RBV
HXR:PC:01:EL7062:COE:PEncResRevCh2:Goal_RBV
HXR:PC:01:EL7062:COE:PEncResRevCh2:Goal
HXR:PC:01:EL7062:COE:PEncResRevCh2:Val_RBV
HXR:PC:01:EL7062:COE:PEncResRevCh2:Acc_RBV
HXR:PC:01:EL7062:COE:PEncResRevCh2:Desc_RBV
HXR:PC:01:EL7062:COE:PEncResRevCh2:Name_RBV
HXR:PC:01:EL7062:COE:PEncResRevCh2:TLastUp_RBV
HXR:PC:01:EL7062:COE:PEncResRevCh2:EU_RBV
HXR:PC:01:EL7062:COE:PLoopDbWinCh1:Goal_RBV
HXR:PC:01:EL7062:COE:PLoopDbWinCh1:Goal
HXR:PC:01:EL7062:COE:PLoopDbWinCh1:Val_RBV
HXR:PC:01:EL7062:COE:PLoopDbWinCh1:Acc_RBV
HXR:PC:01:EL7062:COE:PLoopDbWinCh1:Desc_RBV
HXR:PC:01:EL7062:COE:PLoopDbWinCh1:Name_RBV
HXR:PC:01:EL7062:COE:PLoopDbWinCh1:TLastUp_RBV
HXR:PC:01:EL7062:COE:PLoopDbWinCh1:EU_RBV
HXR:PC:01:EL7062:COE:PLoopDbWinCh2:Goal_RBV
HXR:PC:01:EL7062:COE:PLoopDbWinCh2:Goal
HXR:PC:01:EL7062:COE:PLoopDbWinCh2:Val_RBV
HXR:PC:01:EL7062:COE:PLoopDbWinCh2:Acc_RBV
HXR:PC:01:EL7062:COE:PLoopDbWinCh2:Desc_RBV
HXR:PC:01:EL7062:COE:PLoopDbWinCh2:Name_RBV
HXR:PC:01:EL7062:COE:PLoopDbWinCh2:TLastUp_RBV
HXR:PC:01:EL7062:COE:PLoopDbWinCh2:EU_RBV
HXR:PC:01:EL7062:COE:PLoopPGainCh1:Goal_RBV
HXR:PC:01:EL7062:COE:PLoopPGainCh1:Goal
HXR:PC:01:EL7062:COE:PLoopPGainCh1:Val_RBV
HXR:PC:01:EL7062:COE:PLoopPGainCh1:Acc_RBV
HXR:PC:01:EL7062:COE:PLoopPGainCh1:Desc_RBV
HXR:PC:01:EL7062:COE:PLoopPGainCh1:Name_RBV
HXR:PC:01:EL7062:COE:PLoopPGainCh1:TLastUp_RBV
HXR:PC:01:EL7062:COE:PLoopPGainCh1:EU_RBV
HXR:PC:01:EL7062:COE:PLoopPGainCh2:Goal_RBV
HXR:PC:01:EL7062:COE:PLoopPGainCh2:Goal
HXR:PC:01:EL7062:COE:PLoopPGainCh2:Val_RBV
HXR:PC:01:EL7062:COE:PLoopPGainCh2:Acc_RBV
HXR:PC:01:EL7062:COE:PLoopPGainCh2:Desc_RBV
HXR:PC:01:EL7062:COE:PLoopPGainCh2:Name_RBV
HXR:PC:01:EL7062:COE:PLoopPGainCh2:TLastUp_RBV
HXR:PC:01:EL7062:COE:PLoopPGainCh2:EU_RBV
HXR:PC:01:EL7062:COE:PLoopVFFGainCh1:Goal_RBV
HXR:PC:01:EL7062:COE:PLoopVFFGainCh1:Goal
HXR:PC:01:EL7062:COE:PLoopVFFGainCh1:Val_RBV
HXR:PC:01:EL7062:COE:PLoopVFFGainCh1:Acc_RBV
HXR:PC:01:EL7062:COE:PLoopVFFGainCh1:Desc_RBV
HXR:PC:01:EL7062:COE:PLoopVFFGainCh1:Name_RBV
HXR:PC:01:EL7062:COE:PLoopVFFGainCh1:TLastUp_RBV
HXR:PC:01:EL7062:COE:PLoopVFFGainCh1:EU_RBV
HXR:PC:01:EL7062:COE:PLoopVFFGainCh2:Goal_RBV
HXR:PC:01:EL7062:COE:PLoopVFFGainCh2:Goal
HXR:PC:01:EL7062:COE:PLoopVFFGainCh2:Val_RBV
HXR:PC:01:EL7062:COE:PLoopVFFGainCh2:Acc_RBV
HXR:PC:01:EL7062:COE:PLoopVFFGainCh2:Desc_RBV
HXR:PC:01:EL7062:COE:PLoopVFFGainCh2:Name_RBV
HXR:PC:01:EL7062:COE:PLoopVFFGainCh2:TLastUp_RBV
HXR:PC:01:EL7062:COE:PLoopVFFGainCh2:EU_RBV
HXR:PC:01:EL7062:COE:POffCh1:Goal_RBV
HXR:PC:01:EL7062:COE:POffCh1:Goal
HXR:PC:01:EL7062:COE:POffCh1:Val_RBV
HXR:PC:01:EL7062:COE:POffCh1:Acc_RBV
HXR:PC:01:EL7062:COE:POffCh1:Desc_RBV
HXR:PC:01:EL7062:COE:POffCh1:Name_RBV
HXR:PC:01:EL7062:COE:POffCh1:TLastUp_RBV
HXR:PC:01:EL7062:COE:POffCh1:EU_RBV
HXR:PC:01:EL7062:COE:POffCh2:Goal_RBV
HXR:PC:01:EL7062:COE:POffCh2:Goal
HXR:PC:01:EL7062:COE:POffCh2:Val_RBV
HXR:PC:01:EL7062:COE:POffCh2:Acc_RBV
HXR:PC:01:EL7062:COE:POffCh2:Desc_RBV
HXR:PC:01:EL7062:COE:POffCh2:Name_RBV
HXR:PC:01:EL7062:COE:POffCh2:TLastUp_RBV
HXR:PC:01:EL7062:COE:POffCh2:EU_RBV
HXR:PC:01:EL7062:COE:RateCurCh1:Goal_RBV
HXR:PC:01:EL7062:COE:RateCurCh1:Goal
HXR:PC:01:EL7062:COE:RateCurCh1:Val_RBV
HXR:PC:01:EL7062:COE:RateCurCh1:Acc_RBV
HXR:PC:01:EL7062:COE:RateCurCh1:Desc_RBV
HXR:PC:01:EL7062:COE:RateCurCh1:Name_RBV
HXR:PC:01:EL7062:COE:RateCurCh1:TLastUp_RBV
HXR:PC:01:EL7062:COE:RateCurCh1:EU_RBV
HXR:PC:01:EL7062:COE:RateCurCh2:Goal_RBV
HXR:PC:01:EL7062:COE:RateCurCh2:Goal
HXR:PC:01:EL7062:COE:RateCurCh2:Val_RBV
HXR:PC:01:EL7062:COE:RateCurCh2:Acc_RBV
HXR:PC:01:EL7062:COE:RateCurCh2:Desc_RBV
HXR:PC:01:EL7062:COE:RateCurCh2:Name_RBV
HXR:PC:01:EL7062:COE:RateCurCh2:TLastUp_RBV
HXR:PC:01:EL7062:COE:RateCurCh2:EU_RBV
HXR:PC:01:EL7062:COE:RateSpCh1:Goal_RBV
HXR:PC:01:EL7062:COE:RateSpCh1:Goal
HXR:PC:01:EL7062:COE:RateSpCh1:Val_RBV
HXR:PC:01:EL7062:COE:RateSpCh1:Acc_RBV
HXR:PC:01:EL7062:COE:RateSpCh1:Desc_RBV
HXR:PC:01:EL7062:COE:RateSpCh1:Name_RBV
HXR:PC:01:EL7062:COE:RateSpCh1:TLastUp_RBV
HXR:PC:01:EL7062:COE:RateSpCh1:EU_RBV
HXR:PC:01:EL7062:COE:RateSpCh2:Goal_RBV
HXR:PC:01:EL7062:COE:RateSpCh2:Goal
HXR:PC:01:EL7062:COE:RateSpCh2:Val_RBV
HXR:PC:01:EL7062:COE:RateSpCh2:Acc_RBV
HXR:PC:01:EL7062:COE:RateSpCh2:Desc_RBV
HXR:PC:01:EL7062:COE:RateSpCh2:Name_RBV
HXR:PC:01:EL7062:COE:RateSpCh2:TLastUp_RBV
HXR:PC:01:EL7062:COE:RateSpCh2:EU_RBV
HXR:PC:01:EL7062:COE:RelDelCh1:Goal_RBV
HXR:PC:01:EL7062:COE:RelDelCh1:Goal
HXR:PC:01:EL7062:COE:RelDelCh1:Val_RBV
HXR:PC:01:EL7062:COE:RelDelCh1:Acc_RBV
HXR:PC:01:EL7062:COE:RelDelCh1:Desc_RBV
HXR:PC:01:EL7062:COE:RelDelCh1:Name_RBV
HXR:PC:01:EL7062:COE:RelDelCh1:TLastUp_RBV
HXR:PC:01:EL7062:COE:RelDelCh1:EU_RBV
HXR:PC:01:EL7062:COE:ReleDelCh2:Goal_RBV
HXR:PC:01:EL7062:COE:ReleDelCh2:Goal
HXR:PC:01:EL7062:COE:ReleDelCh2:Val_RBV
HXR:PC:01:EL7062:COE:ReleDelCh2:Acc_RBV
HXR:PC:01:EL7062:COE:ReleDelCh2:Desc_RBV
HXR:PC:01:EL7062:COE:ReleDelCh2:Name_RBV
HXR:PC:01:EL7062:COE:ReleDelCh2:TLastUp_RBV
HXR:PC:01:EL7062:COE:ReleDelCh2:EU_RBV
HXR:PC:01:EL7062:COE:RepFindCommCh1:Goal_RBV
HXR:PC:01:EL7062:COE:RepFindCommCh1:Goal
HXR:PC:01:EL7062:COE:RepFindCommCh1:Val_RBV
HXR:PC:01:EL7062:COE:RepFindCommCh1:Acc_RBV
HXR:PC:01:EL7062:COE:RepFindCommCh1:Desc_RBV
HXR:PC:01:EL7062:COE:RepFindCommCh1:Name_RBV
HXR:PC:01:EL7062:COE:RepFindCommCh1:TLastUp_RBV
HXR:PC:01:EL7062:COE:RepFindCommCh1:EU_RBV
HXR:PC:01:EL7062:COE:RepFindCommCh2:Goal_RBV
HXR:PC:01:EL7062:COE:RepFindCommCh2:Goal
HXR:PC:01:EL7062:COE:RepFindCommCh2:Val_RBV
HXR:PC:01:EL7062:COE:RepFindCommCh2:Acc_RBV
HXR:PC:01:EL7062:COE:RepFindCommCh2:Desc_RBV
HXR:PC:01:EL7062:COE:RepFindCommCh2:Name_RBV
HXR:PC:01:EL7062:COE:RepFindCommCh2:TLastUp_RBV
HXR:PC:01:EL7062:COE:RepFindCommCh2:EU_RBV
HXR:PC:01:EL7062:COE:RotInertCh1:Goal_RBV
HXR:PC:01:EL7062:COE:RotInertCh1:Goal
HXR:PC:01:EL7062:COE:RotInertCh1:Val_RBV
HXR:PC:01:EL7062:COE:RotInertCh1:Acc_RBV
HXR:PC:01:EL7062:COE:RotInertCh1:Desc_RBV
HXR:PC:01:EL7062:COE:RotInertCh1:Name_RBV
HXR:PC:01:EL7062:COE:RotInertCh1:TLastUp_RBV
HXR:PC:01:EL7062:COE:RotInertCh1:EU_RBV
HXR:PC:01:EL7062:COE:RotInertCh2:Goal_RBV
HXR:PC:01:EL7062:COE:RotInertCh2:Goal
HXR:PC:01:EL7062:COE:RotInertCh2:Val_RBV
HXR:PC:01:EL7062:COE:RotInertCh2:Acc_RBV
HXR:PC:01:EL7062:COE:RotInertCh2:Desc_RBV
HXR:PC:01:EL7062:COE:RotInertCh2:Name_RBV
HXR:PC:01:EL7062:COE:RotInertCh2:TLastUp_RBV
HXR:PC:01:EL7062:COE:RotInertCh2:EU_RBV
HXR:PC:01:EL7062:COE:SecPosOffCh1:Goal_RBV
HXR:PC:01:EL7062:COE:SecPosOffCh1:Goal
HXR:PC:01:EL7062:COE:SecPosOffCh1:Val_RBV
HXR:PC:01:EL7062:COE:SecPosOffCh1:Acc_RBV
HXR:PC:01:EL7062:COE:SecPosOffCh1:Desc_RBV
HXR:PC:01:EL7062:COE:SecPosOffCh1:Name_RBV
HXR:PC:01:EL7062:COE:SecPosOffCh1:TLastUp_RBV
HXR:PC:01:EL7062:COE:SecPosOffCh1:EU_RBV
HXR:PC:01:EL7062:COE:SecPosOffCh2:Goal_RBV
HXR:PC:01:EL7062:COE:SecPosOffCh2:Goal
HXR:PC:01:EL7062:COE:SecPosOffCh2:Val_RBV
HXR:PC:01:EL7062:COE:SecPosOffCh2:Acc_RBV
HXR:PC:01:EL7062:COE:SecPosOffCh2:Desc_RBV
HXR:PC:01:EL7062:COE:SecPosOffCh2:Name_RBV
HXR:PC:01:EL7062:COE:SecPosOffCh2:TLastUp_RBV
HXR:PC:01:EL7062:COE:SecPosOffCh2:EU_RBV
HXR:PC:01:EL7062:COE:ShortCircBrDurCh1:Goal_RBV
HXR:PC:01:EL7062:COE:ShortCircBrDurCh1:Goal
HXR:PC:01:EL7062:COE:ShortCircBrDurCh1:Val_RBV
HXR:PC:01:EL7062:COE:ShortCircBrDurCh1:Acc_RBV
HXR:PC:01:EL7062:COE:ShortCircBrDurCh1:Desc_RBV
HXR:PC:01:EL7062:COE:ShortCircBrDurCh1:Name_RBV
HXR:PC:01:EL7062:COE:ShortCircBrDurCh1:TLastUp_RBV
HXR:PC:01:EL7062:COE:ShortCircBrDurCh1:EU_RBV
HXR:PC:01:EL7062:COE:ShortCircBrDurCh2:Goal_RBV
HXR:PC:01:EL7062:COE:ShortCircBrDurCh2:Goal
HXR:PC:01:EL7062:COE:ShortCircBrDurCh2:Val_RBV
HXR:PC:01:EL7062:COE:ShortCircBrDurCh2:Acc_RBV
HXR:PC:01:EL7062:COE:ShortCircBrDurCh2:Desc_RBV
HXR:PC:01:EL7062:COE:ShortCircBrDurCh2:Name_RBV
HXR:PC:01:EL7062:COE:ShortCircBrDurCh2:TLastUp_RBV
HXR:PC:01:EL7062:COE:ShortCircBrDurCh2:EU_RBV
HXR:PC:01:EL7062:COE:SBitsCh1:Goal_RBV
HXR:PC:01:EL7062:COE:SBitsCh1:Goal
HXR:PC:01:EL7062:COE:SBitsCh1:Val_RBV
HXR:PC:01:EL7062:COE:SBitsCh1:Acc_RBV
HXR:PC:01:EL7062:COE:SBitsCh1:Desc_RBV
HXR:PC:01:EL7062:COE:SBitsCh1:Name_RBV
HXR:PC:01:EL7062:COE:SBitsCh1:TLastUp_RBV
HXR:PC:01:EL7062:COE:SBitsCh1:EU_RBV
HXR:PC:01:EL7062:COE:SBitsCh2:Goal_RBV
HXR:PC:01:EL7062:COE:SBitsCh2:Goal
HXR:PC:01:EL7062:COE:SBitsCh2:Val_RBV
HXR:PC:01:EL7062:COE:SBitsCh2:Acc_RBV
HXR:PC:01:EL7062:COE:SBitsCh2:Desc_RBV
HXR:PC:01:EL7062:COE:SBitsCh2:Name_RBV
HXR:PC:01:EL7062:COE:SBitsCh2:TLastUp_RBV
HXR:PC:01:EL7062:COE:SBitsCh2:EU_RBV
HXR:PC:01:EL7062:COE:StstTorqLimCh1:Goal_RBV
HXR:PC:01:EL7062:COE:StstTorqLimCh1:Goal
HXR:PC:01:EL7062:COE:StstTorqLimCh1:Val_RBV
HXR:PC:01:EL7062:COE:StstTorqLimCh1:Acc_RBV
HXR:PC:01:EL7062:COE:StstTorqLimCh1:Desc_RBV
HXR:PC:01:EL7062:COE:StstTorqLimCh1:Name_RBV
HXR:PC:01:EL7062:COE:StstTorqLimCh1:TLastUp_RBV
HXR:PC:01:EL7062:COE:StstTorqLimCh1:EU_RBV
HXR:PC:01:EL7062:COE:StstTorqLimCh2:Goal_RBV
HXR:PC:01:EL7062:COE:StstTorqLimCh2:Goal
HXR:PC:01:EL7062:COE:StstTorqLimCh2:Val_RBV
HXR:PC:01:EL7062:COE:StstTorqLimCh2:Acc_RBV
HXR:PC:01:EL7062:COE:StstTorqLimCh2:Desc_RBV
HXR:PC:01:EL7062:COE:StstTorqLimCh2:Name_RBV
HXR:PC:01:EL7062:COE:StstTorqLimCh2:TLastUp_RBV
HXR:PC:01:EL7062:COE:StstTorqLimCh2:EU_RBV
HXR:PC:01:EL7062:COE:StstWinCh1:Goal_RBV
HXR:PC:01:EL7062:COE:StstWinCh1:Goal
HXR:PC:01:EL7062:COE:StstWinCh1:Val_RBV
HXR:PC:01:EL7062:COE:StstWinCh1:Acc_RBV
HXR:PC:01:EL7062:COE:StstWinCh1:Desc_RBV
HXR:PC:01:EL7062:COE:StstWinCh1:Name_RBV
HXR:PC:01:EL7062:COE:StstWinCh1:TLastUp_RBV
HXR:PC:01:EL7062:COE:StstWinCh1:EU_RBV
HXR:PC:01:EL7062:COE:StstWinCh2:Goal_RBV
HXR:PC:01:EL7062:COE:StstWinCh2:Goal
HXR:PC:01:EL7062:COE:StstWinCh2:Val_RBV
HXR:PC:01:EL7062:COE:StstWinCh2:Acc_RBV
HXR:PC:01:EL7062:COE:StstWinCh2:Desc_RBV
HXR:PC:01:EL7062:COE:StstWinCh2:Name_RBV
HXR:PC:01:EL7062:COE:StstWinCh2:TLastUp_RBV
HXR:PC:01:EL7062:COE:StstWinCh2:EU_RBV
HXR:PC:01:EL7062:COE:SuppVUp:Goal_RBV
HXR:PC:01:EL7062:COE:SuppVUp:Goal
HXR:PC:01:EL7062:COE:SuppVUp:Val_RBV
HXR:PC:01:EL7062:COE:SuppVUp:Acc_RBV
HXR:PC:01:EL7062:COE:SuppVUp:Desc_RBV
HXR:PC:01:EL7062:COE:SuppVUp:Name_RBV
HXR:PC:01:EL7062:COE:SuppVUp:TLastUp_RBV
HXR:PC:01:EL7062:COE:SuppVUp:EU_RBV
HXR:PC:01:EL7062:COE:SupDrModCh1:Goal_RBV
HXR:PC:01:EL7062:COE:SupDrModCh1:Goal
HXR:PC:01:EL7062:COE:SupDrModCh1:Val_RBV
HXR:PC:01:EL7062:COE:SupDrModCh1:Acc_RBV
HXR:PC:01:EL7062:COE:SupDrModCh1:Desc_RBV
HXR:PC:01:EL7062:COE:SupDrModCh1:Name_RBV
HXR:PC:01:EL7062:COE:SupDrModCh1:TLastUp_RBV
HXR:PC:01:EL7062:COE:SupDrModCh1:EU_RBV
HXR:PC:01:EL7062:COE:SupDreModCh2:Goal_RBV
HXR:PC:01:EL7062:COE:SupDreModCh2:Goal
HXR:PC:01:EL7062:COE:SupDreModCh2:Val_RBV
HXR:PC:01:EL7062:COE:SupDreModCh2:Acc_RBV
HXR:PC:01:EL7062:COE:SupDreModCh2:Desc_RBV
HXR:PC:01:EL7062:COE:SupDreModCh2:Name_RBV
HXR:PC:01:EL7062:COE:SupDreModCh2:TLastUp_RBV
HXR:PC:01:EL7062:COE:SupDreModCh2:EU_RBV
HXR:PC:01:EL7062:COE:TorqConstCh1:Goal_RBV
HXR:PC:01:EL7062:COE:TorqConstCh1:Goal
HXR:PC:01:EL7062:COE:TorqConstCh1:Val_RBV
HXR:PC:01:EL7062:COE:TorqConstCh1:Acc_RBV
HXR:PC:01:EL7062:COE:TorqConstCh1:Desc_RBV
HXR:PC:01:EL7062:COE:TorqConstCh1:Name_RBV
HXR:PC:01:EL7062:COE:TorqConstCh1:TLastUp_RBV
HXR:PC:01:EL7062:COE:TorqConstCh1:EU_RBV
HXR:PC:01:EL7062:COE:TorqConstCh2:Goal_RBV
HXR:PC:01:EL7062:COE:TorqConstCh2:Goal
HXR:PC:01:EL7062:COE:TorqConstCh2:Val_RBV
HXR:PC:01:EL7062:COE:TorqConstCh2:Acc_RBV
HXR:PC:01:EL7062:COE:TorqConstCh2:Desc_RBV
HXR:PC:01:EL7062:COE:TorqConstCh2:Name_RBV
HXR:PC:01:EL7062:COE:TorqConstCh2:TLastUp_RBV
HXR:PC:01:EL7062:COE:TorqConstCh2:EU_RBV
HXR:PC:01:EL7062:COE:TorqFFFiltTCh1:Goal_RBV
HXR:PC:01:EL7062:COE:TorqFFFiltTCh1:Goal
HXR:PC:01:EL7062:COE:TorqFFFiltTCh1:Val_RBV
HXR:PC:01:EL7062:COE:TorqFFFiltTCh1:Acc_RBV
HXR:PC:01:EL7062:COE:TorqFFFiltTCh1:Desc_RBV
HXR:PC:01:EL7062:COE:TorqFFFiltTCh1:Name_RBV
HXR:PC:01:EL7062:COE:TorqFFFiltTCh1:TLastUp_RBV
HXR:PC:01:EL7062:COE:TorqFFFiltTCh1:EU_RBV
HXR:PC:01:EL7062:COE:TorqFFFiltTCh2:Goal_RBV
HXR:PC:01:EL7062:COE:TorqFFFiltTCh2:Goal
HXR:PC:01:EL7062:COE:TorqFFFiltTCh2:Val_RBV
HXR:PC:01:EL7062:COE:TorqFFFiltTCh2:Acc_RBV
HXR:PC:01:EL7062:COE:TorqFFFiltTCh2:Desc_RBV
HXR:PC:01:EL7062:COE:TorqFFFiltTCh2:Name_RBV
HXR:PC:01:EL7062:COE:TorqFFFiltTCh2:TLastUp_RBV
HXR:PC:01:EL7062:COE:TorqFFFiltTCh2:EU_RBV
HXR:PC:01:EL7062:COE:TorqFFGainCh1:Goal_RBV
HXR:PC:01:EL7062:COE:TorqFFGainCh1:Goal
HXR:PC:01:EL7062:COE:TorqFFGainCh1:Val_RBV
HXR:PC:01:EL7062:COE:TorqFFGainCh1:Acc_RBV
HXR:PC:01:EL7062:COE:TorqFFGainCh1:Desc_RBV
HXR:PC:01:EL7062:COE:TorqFFGainCh1:Name_RBV
HXR:PC:01:EL7062:COE:TorqFFGainCh1:TLastUp_RBV
HXR:PC:01:EL7062:COE:TorqFFGainCh1:EU_RBV
HXR:PC:01:EL7062:COE:TorqFFGainCh2:Goal_RBV
HXR:PC:01:EL7062:COE:TorqFFGainCh2:Goal
HXR:PC:01:EL7062:COE:TorqFFGainCh2:Val_RBV
HXR:PC:01:EL7062:COE:TorqFFGainCh2:Acc_RBV
HXR:PC:01:EL7062:COE:TorqFFGainCh2:Desc_RBV
HXR:PC:01:EL7062:COE:TorqFFGainCh2:Name_RBV
HXR:PC:01:EL7062:COE:TorqFFGainCh2:TLastUp_RBV
HXR:PC:01:EL7062:COE:TorqFFGainCh2:EU_RBV
HXR:PC:01:EL7062:COE:TorqOffCh1:Goal_RBV
HXR:PC:01:EL7062:COE:TorqOffCh1:Goal
HXR:PC:01:EL7062:COE:TorqOffCh1:Val_RBV
HXR:PC:01:EL7062:COE:TorqOffCh1:Acc_RBV
HXR:PC:01:EL7062:COE:TorqOffCh1:Desc_RBV
HXR:PC:01:EL7062:COE:TorqOffCh1:Name_RBV
HXR:PC:01:EL7062:COE:TorqOffCh1:TLastUp_RBV
HXR:PC:01:EL7062:COE:TorqOffCh1:EU_RBV
HXR:PC:01:EL7062:COE:TorqOffCh2:Goal_RBV
HXR:PC:01:EL7062:COE:TorqOffCh2:Goal
HXR:PC:01:EL7062:COE:TorqOffCh2:Val_RBV
HXR:PC:01:EL7062:COE:TorqOffCh2:Acc_RBV
HXR:PC:01:EL7062:COE:TorqOffCh2:Desc_RBV
HXR:PC:01:EL7062:COE:TorqOffCh2:Name_RBV
HXR:PC:01:EL7062:COE:TorqOffCh2:TLastUp_RBV
HXR:PC:01:EL7062:COE:TorqOffCh2:EU_RBV
HXR:PC:01:EL7062:COE:VEncResCh1:Goal_RBV
HXR:PC:01:EL7062:COE:VEncResCh1:Goal
HXR:PC:01:EL7062:COE:VEncResCh1:Val_RBV
HXR:PC:01:EL7062:COE:VEncResCh1:Acc_RBV
HXR:PC:01:EL7062:COE:VEncResCh1:Desc_RBV
HXR:PC:01:EL7062:COE:VEncResCh1:Name_RBV
HXR:PC:01:EL7062:COE:VEncResCh1:TLastUp_RBV
HXR:PC:01:EL7062:COE:VEncResCh1:EU_RBV
HXR:PC:01:EL7062:COE:VEncResCh2:Goal_RBV
HXR:PC:01:EL7062:COE:VEncResCh2:Goal
HXR:PC:01:EL7062:COE:VEncResCh2:Val_RBV
HXR:PC:01:EL7062:COE:VEncResCh2:Acc_RBV
HXR:PC:01:EL7062:COE:VEncResCh2:Desc_RBV
HXR:PC:01:EL7062:COE:VEncResCh2:Name_RBV
HXR:PC:01:EL7062:COE:VEncResCh2:TLastUp_RBV
HXR:PC:01:EL7062:COE:VEncResCh2:EU_RBV
HXR:PC:01:EL7062:COE:VLimCh1:Goal_RBV
HXR:PC:01:EL7062:COE:VLimCh1:Goal
HXR:PC:01:EL7062:COE:VLimCh1:Val_RBV
HXR:PC:01:EL7062:COE:VLimCh1:Acc_RBV
HXR:PC:01:EL7062:COE:VLimCh1:Desc_RBV
HXR:PC:01:EL7062:COE:VLimCh1:Name_RBV
HXR:PC:01:EL7062:COE:VLimCh1:TLastUp_RBV
HXR:PC:01:EL7062:COE:VLimCh1:EU_RBV
HXR:PC:01:EL7062:COE:VLimCh2:Goal_RBV
HXR:PC:01:EL7062:COE:VLimCh2:Goal
HXR:PC:01:EL7062:COE:VLimCh2:Val_RBV
HXR:PC:01:EL7062:COE:VLimCh2:Acc_RBV
HXR:PC:01:EL7062:COE:VLimCh2:Desc_RBV
HXR:PC:01:EL7062:COE:VLimCh2:Name_RBV
HXR:PC:01:EL7062:COE:VLimCh2:TLastUp_RBV
HXR:PC:01:EL7062:COE:VLimCh2:EU_RBV
HXR:PC:01:EL7062:COE:VLoopITCh1:Goal_RBV
HXR:PC:01:EL7062:COE:VLoopITCh1:Goal
HXR:PC:01:EL7062:COE:VLoopITCh1:Val_RBV
HXR:PC:01:EL7062:COE:VLoopITCh1:Acc_RBV
HXR:PC:01:EL7062:COE:VLoopITCh1:Desc_RBV
HXR:PC:01:EL7062:COE:VLoopITCh1:Name_RBV
HXR:PC:01:EL7062:COE:VLoopITCh1:TLastUp_RBV
HXR:PC:01:EL7062:COE:VLoopITCh1:EU_RBV
HXR:PC:01:EL7062:COE:VLoopITCh2:Goal_RBV
HXR:PC:01:EL7062:COE:VLoopITCh2:Goal
HXR:PC:01:EL7062:COE:VLoopITCh2:Val_RBV
HXR:PC:01:EL7062:COE:VLoopITCh2:Acc_RBV
HXR:PC:01:EL7062:COE:VLoopITCh2:Desc_RBV
HXR:PC:01:EL7062:COE:VLoopITCh2:Name_RBV
HXR:PC:01:EL7062:COE:VLoopITCh2:TLastUp_RBV
HXR:PC:01:EL7062:COE:VLoopITCh2:EU_RBV
HXR:PC:01:EL7062:COE:VLoopPGainCh1:Goal_RBV
HXR:PC:01:EL7062:COE:VLoopPGainCh1:Goal
HXR:PC:01:EL7062:COE:VLoopPGainCh1:Val_RBV
HXR:PC:01:EL7062:COE:VLoopPGainCh1:Acc_RBV
HXR:PC:01:EL7062:COE:VLoopPGainCh1:Desc_RBV
HXR:PC:01:EL7062:COE:VLoopPGainCh1:Name_RBV
HXR:PC:01:EL7062:COE:VLoopPGainCh1:TLastUp_RBV
HXR:PC:01:EL7062:COE:VLoopPGainCh1:EU_RBV
HXR:PC:01:EL7062:COE:VLoopPGainCh2:Goal_RBV
HXR:PC:01:EL7062:COE:VLoopPGainCh2:Goal
HXR:PC:01:EL7062:COE:VLoopPGainCh2:Val_RBV
HXR:PC:01:EL7062:COE:VLoopPGainCh2:Acc_RBV
HXR:PC:01:EL7062:COE:VLoopPGainCh2:Desc_RBV
HXR:PC:01:EL7062:COE:VLoopPGainCh2:Name_RBV
HXR:PC:01:EL7062:COE:VLoopPGainCh2:TLastUp_RBV
HXR:PC:01:EL7062:COE:VLoopPGainCh2:EU_RBV
HXR:PC:01:EL7062:COE:VendFeatBitsCh1:Goal_RBV
HXR:PC:01:EL7062:COE:VendFeatBitsCh1:Goal
HXR:PC:01:EL7062:COE:VendFeatBitsCh1:Val_RBV
HXR:PC:01:EL7062:COE:VendFeatBitsCh1:Acc_RBV
HXR:PC:01:EL7062:COE:VendFeatBitsCh1:Desc_RBV
HXR:PC:01:EL7062:COE:VendFeatBitsCh1:Name_RBV
HXR:PC:01:EL7062:COE:VendFeatBitsCh1:TLastUp_RBV
HXR:PC:01:EL7062:COE:VendFeatBitsCh1:EU_RBV
HXR:PC:01:EL7062:COE:VendFeatBitsCh2:Goal_RBV
HXR:PC:01:EL7062:COE:VendFeatBitsCh2:Goal
HXR:PC:01:EL7062:COE:VendFeatBitsCh2:Val_RBV
HXR:PC:01:EL7062:COE:VendFeatBitsCh2:Acc_RBV
HXR:PC:01:EL7062:COE:VendFeatBitsCh2:Desc_RBV
HXR:PC:01:EL7062:COE:VendFeatBitsCh2:Name_RBV
HXR:PC:01:EL7062:COE:VendFeatBitsCh2:TLastUp_RBV
HXR:PC:01:EL7062:COE:VendFeatBitsCh2:EU_RBV
HXR:PC:01:EL7062:COE:VoltConstCh1:Goal_RBV
HXR:PC:01:EL7062:COE:VoltConstCh1:Goal
HXR:PC:01:EL7062:COE:VoltConstCh1:Val_RBV
HXR:PC:01:EL7062:COE:VoltConstCh1:Acc_RBV
HXR:PC:01:EL7062:COE:VoltConstCh1:Desc_RBV
HXR:PC:01:EL7062:COE:VoltConstCh1:Name_RBV
HXR:PC:01:EL7062:COE:VoltConstCh1:TLastUp_RBV
HXR:PC:01:EL7062:COE:VoltConstCh1:EU_RBV
HXR:PC:01:EL7062:COE:VoltConstCh2:Goal_RBV
HXR:PC:01:EL7062:COE:VoltConstCh2:Goal
HXR:PC:01:EL7062:COE:VoltConstCh2:Val_RBV
HXR:PC:01:EL7062:COE:VoltConstCh2:Acc_RBV
HXR:PC:01:EL7062:COE:VoltConstCh2:Desc_RBV
HXR:PC:01:EL7062:COE:VoltConstCh2:Name_RBV
HXR:PC:01:EL7062:COE:VoltConstCh2:TLastUp_RBV
HXR:PC:01:EL7062:COE:VoltConstCh2:EU_RBV
HXR:PC:01:EL7062:COE:WInductCh1:Goal_RBV
HXR:PC:01:EL7062:COE:WInductCh1:Goal
HXR:PC:01:EL7062:COE:WInductCh1:Val_RBV
HXR:PC:01:EL7062:COE:WInductCh1:Acc_RBV
HXR:PC:01:EL7062:COE:WInductCh1:Desc_RBV
HXR:PC:01:EL7062:COE:WInductCh1:Name_RBV
HXR:PC:01:EL7062:COE:WInductCh1:TLastUp_RBV
HXR:PC:01:EL7062:COE:WInductCh1:EU_RBV
HXR:PC:01:EL7062:COE:WInductCh2:Goal_RBV
HXR:PC:01:EL7062:COE:WInductCh2:Goal
HXR:PC:01:EL7062:COE:WInductCh2:Val_RBV
HXR:PC:01:EL7062:COE:WInductCh2:Acc_RBV
HXR:PC:01:EL7062:COE:WInductCh2:Desc_RBV
HXR:PC:01:EL7062:COE:WInductCh2:Name_RBV
HXR:PC:01:EL7062:COE:WInductCh2:TLastUp_RBV
HXR:PC:01:EL7062:COE:WInductCh2:EU_RBV
HXR:PC:01:EL7062:COE:WResCh1:Goal_RBV
HXR:PC:01:EL7062:COE:WResCh1:Goal
HXR:PC:01:EL7062:COE:WResCh1:Val_RBV
HXR:PC:01:EL7062:COE:WResCh1:Acc_RBV
HXR:PC:01:EL7062:COE:WResCh1:Desc_RBV
HXR:PC:01:EL7062:COE:WResCh1:Name_RBV
HXR:PC:01:EL7062:COE:WResCh1:TLastUp_RBV
HXR:PC:01:EL7062:COE:WResCh1:EU_RBV
HXR:PC:01:EL7062:COE:WResCh2:Goal_RBV
HXR:PC:01:EL7062:COE:WResCh2:Goal
HXR:PC:01:EL7062:COE:WResCh2:Val_RBV
HXR:PC:01:EL7062:COE:WResCh2:Acc_RBV
HXR:PC:01:EL7062:COE:WResCh2:Desc_RBV
HXR:PC:01:EL7062:COE:WResCh2:Name_RBV
HXR:PC:01:EL7062:COE:WResCh2:TLastUp_RBV
HXR:PC:01:EL7062:COE:WResCh2:EU_RBV
HXR:PC:02:EL7062:COE:AccLimCh1:Goal_RBV
HXR:PC:02:EL7062:COE:AccLimCh1:Goal
HXR:PC:02:EL7062:COE:AccLimCh1:Val_RBV
HXR:PC:02:EL7062:COE:AccLimCh1:Acc_RBV
HXR:PC:02:EL7062:COE:AccLimCh1:Desc_RBV
HXR:PC:02:EL7062:COE:AccLimCh1:Name_RBV
HXR:PC:02:EL7062:COE:AccLimCh1:TLastUp_RBV
HXR:PC:02:EL7062:COE:AccLimCh1:EU_RBV
HXR:PC:02:EL7062:COE:AccLimCh2:Goal_RBV
HXR:PC:02:EL7062:COE:AccLimCh2:Goal
HXR:PC:02:EL7062:COE:AccLimCh2:Val_RBV
HXR:PC:02:EL7062:COE:AccLimCh2:Acc_RBV
HXR:PC:02:EL7062:COE:AccLimCh2:Desc_RBV
HXR:PC:02:EL7062:COE:AccLimCh2:Name_RBV
HXR:PC:02:EL7062:COE:AccLimCh2:TLastUp_RBV
HXR:PC:02:EL7062:COE:AccLimCh2:EU_RBV
HXR:PC:02:EL7062:COE:ActMotBrStCh1:Goal_RBV
HXR:PC:02:EL7062:COE:ActMotBrStCh1:Goal
HXR:PC:02:EL7062:COE:ActMotBrStCh1:Val_RBV
HXR:PC:02:EL7062:COE:ActMotBrStCh1:Acc_RBV
HXR:PC:02:EL7062:COE:ActMotBrStCh1:Desc_RBV
HXR:PC:02:EL7062:COE:ActMotBrStCh1:Name_RBV
HXR:PC:02:EL7062:COE:ActMotBrStCh1:TLastUp_RBV
HXR:PC:02:EL7062:COE:ActMotBrStCh1:EU_RBV
HXR:PC:02:EL7062:COE:ActMotBrStCh2:Goal_RBV
HXR:PC:02:EL7062:COE:ActMotBrStCh2:Goal
HXR:PC:02:EL7062:COE:ActMotBrStCh2:Val_RBV
HXR:PC:02:EL7062:COE:ActMotBrStCh2:Acc_RBV
HXR:PC:02:EL7062:COE:ActMotBrStCh2:Desc_RBV
HXR:PC:02:EL7062:COE:ActMotBrStCh2:Name_RBV
HXR:PC:02:EL7062:COE:ActMotBrStCh2:TLastUp_RBV
HXR:PC:02:EL7062:COE:ActMotBrStCh2:EU_RBV
HXR:PC:02:EL7062:COE:AmpOvCurThCh1:Goal_RBV
HXR:PC:02:EL7062:COE:AmpOvCurThCh1:Goal
HXR:PC:02:EL7062:COE:AmpOvCurThCh1:Val_RBV
HXR:PC:02:EL7062:COE:AmpOvCurThCh1:Acc_RBV
HXR:PC:02:EL7062:COE:AmpOvCurThCh1:Desc_RBV
HXR:PC:02:EL7062:COE:AmpOvCurThCh1:Name_RBV
HXR:PC:02:EL7062:COE:AmpOvCurThCh1:TLastUp_RBV
HXR:PC:02:EL7062:COE:AmpOvCurThCh1:EU_RBV
HXR:PC:02:EL7062:COE:AmpOvCurThCh2:Goal_RBV
HXR:PC:02:EL7062:COE:AmpOvCurThCh2:Goal
HXR:PC:02:EL7062:COE:AmpOvCurThCh2:Val_RBV
HXR:PC:02:EL7062:COE:AmpOvCurThCh2:Acc_RBV
HXR:PC:02:EL7062:COE:AmpOvCurThCh2:Desc_RBV
HXR:PC:02:EL7062:COE:AmpOvCurThCh2:Name_RBV
HXR:PC:02:EL7062:COE:AmpOvCurThCh2:TLastUp_RBV
HXR:PC:02:EL7062:COE:AmpOvCurThCh2:EU_RBV
HXR:PC:02:EL7062:COE:AmpRateCurCh1:Goal_RBV
HXR:PC:02:EL7062:COE:AmpRateCurCh1:Goal
HXR:PC:02:EL7062:COE:AmpRateCurCh1:Val_RBV
HXR:PC:02:EL7062:COE:AmpRateCurCh1:Acc_RBV
HXR:PC:02:EL7062:COE:AmpRateCurCh1:Desc_RBV
HXR:PC:02:EL7062:COE:AmpRateCurCh1:Name_RBV
HXR:PC:02:EL7062:COE:AmpRateCurCh1:TLastUp_RBV
HXR:PC:02:EL7062:COE:AmpRateCurCh1:EU_RBV
HXR:PC:02:EL7062:COE:AmpRateCurCh2:Goal_RBV
HXR:PC:02:EL7062:COE:AmpRateCurCh2:Goal
HXR:PC:02:EL7062:COE:AmpRateCurCh2:Val_RBV
HXR:PC:02:EL7062:COE:AmpRateCurCh2:Acc_RBV
HXR:PC:02:EL7062:COE:AmpRateCurCh2:Desc_RBV
HXR:PC:02:EL7062:COE:AmpRateCurCh2:Name_RBV
HXR:PC:02:EL7062:COE:AmpRateCurCh2:TLastUp_RBV
HXR:PC:02:EL7062:COE:AmpRateCurCh2:EU_RBV
HXR:PC:02:EL7062:COE:AmpRateCurWFanCh1:Goal_RBV
HXR:PC:02:EL7062:COE:AmpRateCurWFanCh1:Goal
HXR:PC:02:EL7062:COE:AmpRateCurWFanCh1:Val_RBV
HXR:PC:02:EL7062:COE:AmpRateCurWFanCh1:Acc_RBV
HXR:PC:02:EL7062:COE:AmpRateCurWFanCh1:Desc_RBV
HXR:PC:02:EL7062:COE:AmpRateCurWFanCh1:Name_RBV
HXR:PC:02:EL7062:COE:AmpRateCurWFanCh1:TLastUp_RBV
HXR:PC:02:EL7062:COE:AmpRateCurWFanCh1:EU_RBV
HXR:PC:02:EL7062:COE:AmpRateCurWFanCh2:Goal_RBV
HXR:PC:02:EL7062:COE:AmpRateCurWFanCh2:Goal
HXR:PC:02:EL7062:COE:AmpRateCurWFanCh2:Val_RBV
HXR:PC:02:EL7062:COE:AmpRateCurWFanCh2:Acc_RBV
HXR:PC:02:EL7062:COE:AmpRateCurWFanCh2:Desc_RBV
HXR:PC:02:EL7062:COE:AmpRateCurWFanCh2:Name_RBV
HXR:PC:02:EL7062:COE:AmpRateCurWFanCh2:TLastUp_RBV
HXR:PC:02:EL7062:COE:AmpRateCurWFanCh2:EU_RBV
HXR:PC:02:EL7062:COE:AmpRateSumCurCh1:Goal_RBV
HXR:PC:02:EL7062:COE:AmpRateSumCurCh1:Goal
HXR:PC:02:EL7062:COE:AmpRateSumCurCh1:Val_RBV
HXR:PC:02:EL7062:COE:AmpRateSumCurCh1:Acc_RBV
HXR:PC:02:EL7062:COE:AmpRateSumCurCh1:Desc_RBV
HXR:PC:02:EL7062:COE:AmpRateSumCurCh1:Name_RBV
HXR:PC:02:EL7062:COE:AmpRateSumCurCh1:TLastUp_RBV
HXR:PC:02:EL7062:COE:AmpRateSumCurCh1:EU_RBV
HXR:PC:02:EL7062:COE:AmpRateSumCurCh2:Goal_RBV
HXR:PC:02:EL7062:COE:AmpRateSumCurCh2:Goal
HXR:PC:02:EL7062:COE:AmpRateSumCurCh2:Val_RBV
HXR:PC:02:EL7062:COE:AmpRateSumCurCh2:Acc_RBV
HXR:PC:02:EL7062:COE:AmpRateSumCurCh2:Desc_RBV
HXR:PC:02:EL7062:COE:AmpRateSumCurCh2:Name_RBV
HXR:PC:02:EL7062:COE:AmpRateSumCurCh2:TLastUp_RBV
HXR:PC:02:EL7062:COE:AmpRateSumCurCh2:EU_RBV
HXR:PC:02:EL7062:COE:AmpRateSumCurWithFanCh1:Goal_RBV
HXR:PC:02:EL7062:COE:AmpRateSumCurWithFanCh1:Goal
HXR:PC:02:EL7062:COE:AmpRateSumCurWithFanCh1:Val_RBV
HXR:PC:02:EL7062:COE:AmpRateSumCurWithFanCh1:Acc_RBV
HXR:PC:02:EL7062:COE:AmpRateSumCurWithFanCh1:Desc_RBV
HXR:PC:02:EL7062:COE:AmpRateSumCurWithFanCh1:Name_RBV
HXR:PC:02:EL7062:COE:AmpRateSumCurWithFanCh1:TLastUp_RBV
HXR:PC:02:EL7062:COE:AmpRateSumCurWithFanCh1:EU_RBV
HXR:PC:02:EL7062:COE:AmpRateSumCurWFanCh2:Goal_RBV
HXR:PC:02:EL7062:COE:AmpRateSumCurWFanCh2:Goal
HXR:PC:02:EL7062:COE:AmpRateSumCurWFanCh2:Val_RBV
HXR:PC:02:EL7062:COE:AmpRateSumCurWFanCh2:Acc_RBV
HXR:PC:02:EL7062:COE:AmpRateSumCurWFanCh2:Desc_RBV
HXR:PC:02:EL7062:COE:AmpRateSumCurWFanCh2:Name_RBV
HXR:PC:02:EL7062:COE:AmpRateSumCurWFanCh2:TLastUp_RBV
HXR:PC:02:EL7062:COE:AmpRateSumCurWFanCh2:EU_RBV
HXR:PC:02:EL7062:COE:AmpT:Goal_RBV
HXR:PC:02:EL7062:COE:AmpT:Goal
HXR:PC:02:EL7062:COE:AmpT:Val_RBV
HXR:PC:02:EL7062:COE:AmpT:Acc_RBV
HXR:PC:02:EL7062:COE:AmpT:Desc_RBV
HXR:PC:02:EL7062:COE:AmpT:Name_RBV
HXR:PC:02:EL7062:COE:AmpT:TLastUp_RBV
HXR:PC:02:EL7062:COE:AmpT:EU_RBV
HXR:PC:02:EL7062:COE:AmpTErrLel:Goal_RBV
HXR:PC:02:EL7062:COE:AmpTErrLel:Goal
HXR:PC:02:EL7062:COE:AmpTErrLel:Val_RBV
HXR:PC:02:EL7062:COE:AmpTErrLel:Acc_RBV
HXR:PC:02:EL7062:COE:AmpTErrLel:Desc_RBV
HXR:PC:02:EL7062:COE:AmpTErrLel:Name_RBV
HXR:PC:02:EL7062:COE:AmpTErrLel:TLastUp_RBV
HXR:PC:02:EL7062:COE:AmpTErrLel:EU_RBV
HXR:PC:02:EL7062:COE:AmpTWarnLev:Goal_RBV
HXR:PC:02:EL7062:COE:AmpTWarnLev:Goal
HXR:PC:02:EL7062:COE:AmpTWarnLev:Val_RBV
HXR:PC:02:EL7062:COE:AmpTWarnLev:Acc_RBV
HXR:PC:02:EL7062:COE:AmpTWarnLev:Desc_RBV
HXR:PC:02:EL7062:COE:AmpTWarnLev:Name_RBV
HXR:PC:02:EL7062:COE:AmpTWarnLev:TLastUp_RBV
HXR:PC:02:EL7062:COE:AmpTWarnLev:EU_RBV
HXR:PC:02:EL7062:COE:AppDelCh1:Goal_RBV
HXR:PC:02:EL7062:COE:AppDelCh1:Goal
HXR:PC:02:EL7062:COE:AppDelCh1:Val_RBV
HXR:PC:02:EL7062:COE:AppDelCh1:Acc_RBV
HXR:PC:02:EL7062:COE:AppDelCh1:Desc_RBV
HXR:PC:02:EL7062:COE:AppDelCh1:Name_RBV
HXR:PC:02:EL7062:COE:AppDelCh1:TLastUp_RBV
HXR:PC:02:EL7062:COE:AppDelCh1:EU_RBV
HXR:PC:02:EL7062:COE:AppDelCh2:Goal_RBV
HXR:PC:02:EL7062:COE:AppDelCh2:Goal
HXR:PC:02:EL7062:COE:AppDelCh2:Val_RBV
HXR:PC:02:EL7062:COE:AppDelCh2:Acc_RBV
HXR:PC:02:EL7062:COE:AppDelCh2:Desc_RBV
HXR:PC:02:EL7062:COE:AppDelCh2:Name_RBV
HXR:PC:02:EL7062:COE:AppDelCh2:TLastUp_RBV
HXR:PC:02:EL7062:COE:AppDelCh2:EU_RBV
HXR:PC:02:EL7062:COE:BrInertCh1:Goal_RBV
HXR:PC:02:EL7062:COE:BrInertCh1:Goal
HXR:PC:02:EL7062:COE:BrInertCh1:Val_RBV
HXR:PC:02:EL7062:COE:BrInertCh1:Acc_RBV
HXR:PC:02:EL7062:COE:BrInertCh1:Desc_RBV
HXR:PC:02:EL7062:COE:BrInertCh1:Name_RBV
HXR:PC:02:EL7062:COE:BrInertCh1:TLastUp_RBV
HXR:PC:02:EL7062:COE:BrInertCh1:EU_RBV
HXR:PC:02:EL7062:COE:BrInertCh2:Goal_RBV
HXR:PC:02:EL7062:COE:BrInertCh2:Goal
HXR:PC:02:EL7062:COE:BrInertCh2:Val_RBV
HXR:PC:02:EL7062:COE:BrInertCh2:Acc_RBV
HXR:PC:02:EL7062:COE:BrInertCh2:Desc_RBV
HXR:PC:02:EL7062:COE:BrInertCh2:Name_RBV
HXR:PC:02:EL7062:COE:BrInertCh2:TLastUp_RBV
HXR:PC:02:EL7062:COE:BrInertCh2:EU_RBV
HXR:PC:02:EL7062:COE:BrOpCh1:Goal_RBV
HXR:PC:02:EL7062:COE:BrOpCh1:Goal
HXR:PC:02:EL7062:COE:BrOpCh1:Val_RBV
HXR:PC:02:EL7062:COE:BrOpCh1:Acc_RBV
HXR:PC:02:EL7062:COE:BrOpCh1:Desc_RBV
HXR:PC:02:EL7062:COE:BrOpCh1:Name_RBV
HXR:PC:02:EL7062:COE:BrOpCh1:TLastUp_RBV
HXR:PC:02:EL7062:COE:BrOpCh1:EU_RBV
HXR:PC:02:EL7062:COE:BrOpCh2:Goal_RBV
HXR:PC:02:EL7062:COE:BrOpCh2:Goal
HXR:PC:02:EL7062:COE:BrOpCh2:Val_RBV
HXR:PC:02:EL7062:COE:BrOpCh2:Acc_RBV
HXR:PC:02:EL7062:COE:BrOpCh2:Desc_RBV
HXR:PC:02:EL7062:COE:BrOpCh2:Name_RBV
HXR:PC:02:EL7062:COE:BrOpCh2:TLastUp_RBV
HXR:PC:02:EL7062:COE:BrOpCh2:EU_RBV
HXR:PC:02:EL7062:COE:CogCompSupCh1:Goal_RBV
HXR:PC:02:EL7062:COE:CogCompSupCh1:Goal
HXR:PC:02:EL7062:COE:CogCompSupCh1:Val_RBV
HXR:PC:02:EL7062:COE:CogCompSupCh1:Acc_RBV
HXR:PC:02:EL7062:COE:CogCompSupCh1:Desc_RBV
HXR:PC:02:EL7062:COE:CogCompSupCh1:Name_RBV
HXR:PC:02:EL7062:COE:CogCompSupCh1:TLastUp_RBV
HXR:PC:02:EL7062:COE:CogCompSupCh1:EU_RBV
HXR:PC:02:EL7062:COE:CogCompSupCh2:Goal_RBV
HXR:PC:02:EL7062:COE:CogCompSupCh2:Goal
HXR:PC:02:EL7062:COE:CogCompSupCh2:Val_RBV
HXR:PC:02:EL7062:COE:CogCompSupCh2:Acc_RBV
HXR:PC:02:EL7062:COE:CogCompSupCh2:Desc_RBV
HXR:PC:02:EL7062:COE:CogCompSupCh2:Name_RBV
HXR:PC:02:EL7062:COE:CogCompSupCh2:TLastUp_RBV
HXR:PC:02:EL7062:COE:CogCompSupCh2:EU_RBV
HXR:PC:02:EL7062:COE:CommTypeCh1:Goal_RBV
HXR:PC:02:EL7062:COE:CommTypeCh1:Goal
HXR:PC:02:EL7062:COE:CommTypeCh1:Val_RBV
HXR:PC:02:EL7062:COE:CommTypeCh1:Acc_RBV
HXR:PC:02:EL7062:COE:CommTypeCh1:Desc_RBV
HXR:PC:02:EL7062:COE:CommTypeCh1:Name_RBV
HXR:PC:02:EL7062:COE:CommTypeCh1:TLastUp_RBV
HXR:PC:02:EL7062:COE:CommTypeCh1:EU_RBV
HXR:PC:02:EL7062:COE:CommTypeCh2:Goal_RBV
HXR:PC:02:EL7062:COE:CommTypeCh2:Goal
HXR:PC:02:EL7062:COE:CommTypeCh2:Val_RBV
HXR:PC:02:EL7062:COE:CommTypeCh2:Acc_RBV
HXR:PC:02:EL7062:COE:CommTypeCh2:Desc_RBV
HXR:PC:02:EL7062:COE:CommTypeCh2:Name_RBV
HXR:PC:02:EL7062:COE:CommTypeCh2:TLastUp_RBV
HXR:PC:02:EL7062:COE:CommTypeCh2:EU_RBV
HXR:PC:02:EL7062:COE:ConfMotCurCh1:Goal_RBV
HXR:PC:02:EL7062:COE:ConfMotCurCh1:Goal
HXR:PC:02:EL7062:COE:ConfMotCurCh1:Val_RBV
HXR:PC:02:EL7062:COE:ConfMotCurCh1:Acc_RBV
HXR:PC:02:EL7062:COE:ConfMotCurCh1:Desc_RBV
HXR:PC:02:EL7062:COE:ConfMotCurCh1:Name_RBV
HXR:PC:02:EL7062:COE:ConfMotCurCh1:TLastUp_RBV
HXR:PC:02:EL7062:COE:ConfMotCurCh1:EU_RBV
HXR:PC:02:EL7062:COE:ConfMotCurCh2:Goal_RBV
HXR:PC:02:EL7062:COE:ConfMotCurCh2:Goal
HXR:PC:02:EL7062:COE:ConfMotCurCh2:Val_RBV
HXR:PC:02:EL7062:COE:ConfMotCurCh2:Acc_RBV
HXR:PC:02:EL7062:COE:ConfMotCurCh2:Desc_RBV
HXR:PC:02:EL7062:COE:ConfMotCurCh2:Name_RBV
HXR:PC:02:EL7062:COE:ConfMotCurCh2:TLastUp_RBV
HXR:PC:02:EL7062:COE:ConfMotCurCh2:EU_RBV
HXR:PC:02:EL7062:COE:CLoopIntTCh1:Goal_RBV
HXR:PC:02:EL7062:COE:CLoopIntTCh1:Goal
HXR:PC:02:EL7062:COE:CLoopIntTCh1:Val_RBV
HXR:PC:02:EL7062:COE:CLoopIntTCh1:Acc_RBV
HXR:PC:02:EL7062:COE:CLoopIntTCh1:Desc_RBV
HXR:PC:02:EL7062:COE:CLoopIntTCh1:Name_RBV
HXR:PC:02:EL7062:COE:CLoopIntTCh1:TLastUp_RBV
HXR:PC:02:EL7062:COE:CLoopIntTCh1:EU_RBV
HXR:PC:02:EL7062:COE:CLoopIntTCh2:Goal_RBV
HXR:PC:02:EL7062:COE:CLoopIntTCh2:Goal
HXR:PC:02:EL7062:COE:CLoopIntTCh2:Val_RBV
HXR:PC:02:EL7062:COE:CLoopIntTCh2:Acc_RBV
HXR:PC:02:EL7062:COE:CLoopIntTCh2:Desc_RBV
HXR:PC:02:EL7062:COE:CLoopIntTCh2:Name_RBV
HXR:PC:02:EL7062:COE:CLoopIntTCh2:TLastUp_RBV
HXR:PC:02:EL7062:COE:CLoopIntTCh2:EU_RBV
HXR:PC:02:EL7062:COE:CLoopPGainCh1:Goal_RBV
HXR:PC:02:EL7062:COE:CLoopPGainCh1:Goal
HXR:PC:02:EL7062:COE:CLoopPGainCh1:Val_RBV
HXR:PC:02:EL7062:COE:CLoopPGainCh1:Acc_RBV
HXR:PC:02:EL7062:COE:CLoopPGainCh1:Desc_RBV
HXR:PC:02:EL7062:COE:CLoopPGainCh1:Name_RBV
HXR:PC:02:EL7062:COE:CLoopPGainCh1:TLastUp_RBV
HXR:PC:02:EL7062:COE:CLoopPGainCh1:EU_RBV
HXR:PC:02:EL7062:COE:CLoopPGainCh2:Goal_RBV
HXR:PC:02:EL7062:COE:CLoopPGainCh2:Goal
HXR:PC:02:EL7062:COE:CLoopPGainCh2:Val_RBV
HXR:PC:02:EL7062:COE:CLoopPGainCh2:Acc_RBV
HXR:PC:02:EL7062:COE:CLoopPGainCh2:Desc_RBV
HXR:PC:02:EL7062:COE:CLoopPGainCh2:Name_RBV
HXR:PC:02:EL7062:COE:CLoopPGainCh2:TLastUp_RBV
HXR:PC:02:EL7062:COE:CLoopPGainCh2:EU_RBV
HXR:PC:02:EL7062:COE:DCLinkV:Goal_RBV
HXR:PC:02:EL7062:COE:DCLinkV:Goal
HXR:PC:02:EL7062:COE:DCLinkV:Val_RBV
HXR:PC:02:EL7062:COE:DCLinkV:Acc_RBV
HXR:PC:02:EL7062:COE:DCLinkV:Desc_RBV
HXR:PC:02:EL7062:COE:DCLinkV:Name_RBV
HXR:PC:02:EL7062:COE:DCLinkV:TLastUp_RBV
HXR:PC:02:EL7062:COE:DCLinkV:EU_RBV
HXR:PC:02:EL7062:COE:EmAppTOCh1:Goal_RBV
HXR:PC:02:EL7062:COE:EmAppTOCh1:Goal
HXR:PC:02:EL7062:COE:EmAppTOCh1:Val_RBV
HXR:PC:02:EL7062:COE:EmAppTOCh1:Acc_RBV
HXR:PC:02:EL7062:COE:EmAppTOCh1:Desc_RBV
HXR:PC:02:EL7062:COE:EmAppTOCh1:Name_RBV
HXR:PC:02:EL7062:COE:EmAppTOCh1:TLastUp_RBV
HXR:PC:02:EL7062:COE:EmAppTOCh1:EU_RBV
HXR:PC:02:EL7062:COE:EmAppTOCh2:Goal_RBV
HXR:PC:02:EL7062:COE:EmAppTOCh2:Goal
HXR:PC:02:EL7062:COE:EmAppTOCh2:Val_RBV
HXR:PC:02:EL7062:COE:EmAppTOCh2:Acc_RBV
HXR:PC:02:EL7062:COE:EmAppTOCh2:Desc_RBV
HXR:PC:02:EL7062:COE:EmAppTOCh2:Name_RBV
HXR:PC:02:EL7062:COE:EmAppTOCh2:TLastUp_RBV
HXR:PC:02:EL7062:COE:EmAppTOCh2:EU_RBV
HXR:PC:02:EL7062:COE:EnInCycCCh1:Goal_RBV
HXR:PC:02:EL7062:COE:EnInCycCCh1:Goal
HXR:PC:02:EL7062:COE:EnInCycCCh1:Val_RBV
HXR:PC:02:EL7062:COE:EnInCycCCh1:Acc_RBV
HXR:PC:02:EL7062:COE:EnInCycCCh1:Desc_RBV
HXR:PC:02:EL7062:COE:EnInCycCCh1:Name_RBV
HXR:PC:02:EL7062:COE:EnInCycCCh1:TLastUp_RBV
HXR:PC:02:EL7062:COE:EnInCycCCh1:EU_RBV
HXR:PC:02:EL7062:COE:EnInCycCCh2:Goal_RBV
HXR:PC:02:EL7062:COE:EnInCycCCh2:Goal
HXR:PC:02:EL7062:COE:EnInCycCCh2:Val_RBV
HXR:PC:02:EL7062:COE:EnInCycCCh2:Acc_RBV
HXR:PC:02:EL7062:COE:EnInCycCCh2:Desc_RBV
HXR:PC:02:EL7062:COE:EnInCycCCh2:Name_RBV
HXR:PC:02:EL7062:COE:EnInCycCCh2:TLastUp_RBV
HXR:PC:02:EL7062:COE:EnInCycCCh2:EU_RBV
HXR:PC:02:EL7062:COE:EnManOvCh1:Goal_RBV
HXR:PC:02:EL7062:COE:EnManOvCh1:Goal
HXR:PC:02:EL7062:COE:EnManOvCh1:Val_RBV
HXR:PC:02:EL7062:COE:EnManOvCh1:Acc_RBV
HXR:PC:02:EL7062:COE:EnManOvCh1:Desc_RBV
HXR:PC:02:EL7062:COE:EnManOvCh1:Name_RBV
HXR:PC:02:EL7062:COE:EnManOvCh1:TLastUp_RBV
HXR:PC:02:EL7062:COE:EnManOvCh1:EU_RBV
HXR:PC:02:EL7062:COE:EnManOvCh2:Goal_RBV
HXR:PC:02:EL7062:COE:EnManOvCh2:Goal
HXR:PC:02:EL7062:COE:EnManOvCh2:Val_RBV
HXR:PC:02:EL7062:COE:EnManOvCh2:Acc_RBV
HXR:PC:02:EL7062:COE:EnManOvCh2:Desc_RBV
HXR:PC:02:EL7062:COE:EnManOvCh2:Name_RBV
HXR:PC:02:EL7062:COE:EnManOvCh2:TLastUp_RBV
HXR:PC:02:EL7062:COE:EnManOvCh2:EU_RBV
HXR:PC:02:EL7062:COE:EnTxPDOTogCh1:Goal_RBV
HXR:PC:02:EL7062:COE:EnTxPDOTogCh1:Goal
HXR:PC:02:EL7062:COE:EnTxPDOTogCh1:Val_RBV
HXR:PC:02:EL7062:COE:EnTxPDOTogCh1:Acc_RBV
HXR:PC:02:EL7062:COE:EnTxPDOTogCh1:Desc_RBV
HXR:PC:02:EL7062:COE:EnTxPDOTogCh1:Name_RBV
HXR:PC:02:EL7062:COE:EnTxPDOTogCh1:TLastUp_RBV
HXR:PC:02:EL7062:COE:EnTxPDOTogCh1:EU_RBV
HXR:PC:02:EL7062:COE:EnTxPDOTogCh2:Goal_RBV
HXR:PC:02:EL7062:COE:EnTxPDOTogCh2:Goal
HXR:PC:02:EL7062:COE:EnTxPDOTogCh2:Val_RBV
HXR:PC:02:EL7062:COE:EnTxPDOTogCh2:Acc_RBV
HXR:PC:02:EL7062:COE:EnTxPDOTogCh2:Desc_RBV
HXR:PC:02:EL7062:COE:EnTxPDOTogCh2:Name_RBV
HXR:PC:02:EL7062:COE:EnTxPDOTogCh2:TLastUp_RBV
HXR:PC:02:EL7062:COE:EnTxPDOTogCh2:EU_RBV
HXR:PC:02:EL7062:COE:EncIncPerRevCh1:Goal_RBV
HXR:PC:02:EL7062:COE:EncIncPerRevCh1:Goal
HXR:PC:02:EL7062:COE:EncIncPerRevCh1:Val_RBV
HXR:PC:02:EL7062:COE:EncIncPerRevCh1:Acc_RBV
HXR:PC:02:EL7062:COE:EncIncPerRevCh1:Desc_RBV
HXR:PC:02:EL7062:COE:EncIncPerRevCh1:Name_RBV
HXR:PC:02:EL7062:COE:EncIncPerRevCh1:TLastUp_RBV
HXR:PC:02:EL7062:COE:EncIncPerRevCh1:EU_RBV
HXR:PC:02:EL7062:COE:EncIncPerRevCh2:Goal_RBV
HXR:PC:02:EL7062:COE:EncIncPerRevCh2:Goal
HXR:PC:02:EL7062:COE:EncIncPerRevCh2:Val_RBV
HXR:PC:02:EL7062:COE:EncIncPerRevCh2:Acc_RBV
HXR:PC:02:EL7062:COE:EncIncPerRevCh2:Desc_RBV
HXR:PC:02:EL7062:COE:EncIncPerRevCh2:Name_RBV
HXR:PC:02:EL7062:COE:EncIncPerRevCh2:TLastUp_RBV
HXR:PC:02:EL7062:COE:EncIncPerRevCh2:EU_RBV
HXR:PC:02:EL7062:COE:EncTypeCh1:Goal_RBV
HXR:PC:02:EL7062:COE:EncTypeCh1:Goal
HXR:PC:02:EL7062:COE:EncTypeCh1:Val_RBV
HXR:PC:02:EL7062:COE:EncTypeCh1:Acc_RBV
HXR:PC:02:EL7062:COE:EncTypeCh1:Desc_RBV
HXR:PC:02:EL7062:COE:EncTypeCh1:Name_RBV
HXR:PC:02:EL7062:COE:EncTypeCh1:TLastUp_RBV
HXR:PC:02:EL7062:COE:EncTypeCh1:EU_RBV
HXR:PC:02:EL7062:COE:EncTypeCh2:Goal_RBV
HXR:PC:02:EL7062:COE:EncTypeCh2:Goal
HXR:PC:02:EL7062:COE:EncTypeCh2:Val_RBV
HXR:PC:02:EL7062:COE:EncTypeCh2:Acc_RBV
HXR:PC:02:EL7062:COE:EncTypeCh2:Desc_RBV
HXR:PC:02:EL7062:COE:EncTypeCh2:Name_RBV
HXR:PC:02:EL7062:COE:EncTypeCh2:TLastUp_RBV
HXR:PC:02:EL7062:COE:EncTypeCh2:EU_RBV
HXR:PC:02:EL7062:COE:ErrSuppMaskCh1:Goal_RBV
HXR:PC:02:EL7062:COE:ErrSuppMaskCh1:Goal
HXR:PC:02:EL7062:COE:ErrSuppMaskCh1:Val_RBV
HXR:PC:02:EL7062:COE:ErrSuppMaskCh1:Acc_RBV
HXR:PC:02:EL7062:COE:ErrSuppMaskCh1:Desc_RBV
HXR:PC:02:EL7062:COE:ErrSuppMaskCh1:Name_RBV
HXR:PC:02:EL7062:COE:ErrSuppMaskCh1:TLastUp_RBV
HXR:PC:02:EL7062:COE:ErrSuppMaskCh1:EU_RBV
HXR:PC:02:EL7062:COE:ErrSuppMaskCh2:Goal_RBV
HXR:PC:02:EL7062:COE:ErrSuppMaskCh2:Goal
HXR:PC:02:EL7062:COE:ErrSuppMaskCh2:Val_RBV
HXR:PC:02:EL7062:COE:ErrSuppMaskCh2:Acc_RBV
HXR:PC:02:EL7062:COE:ErrSuppMaskCh2:Desc_RBV
HXR:PC:02:EL7062:COE:ErrSuppMaskCh2:Name_RBV
HXR:PC:02:EL7062:COE:ErrSuppMaskCh2:TLastUp_RBV
HXR:PC:02:EL7062:COE:ErrSuppMaskCh2:EU_RBV
HXR:PC:02:EL7062:COE:FanConf:Goal_RBV
HXR:PC:02:EL7062:COE:FanConf:Goal
HXR:PC:02:EL7062:COE:FanConf:Val_RBV
HXR:PC:02:EL7062:COE:FanConf:Acc_RBV
HXR:PC:02:EL7062:COE:FanConf:Desc_RBV
HXR:PC:02:EL7062:COE:FanConf:Name_RBV
HXR:PC:02:EL7062:COE:FanConf:TLastUp_RBV
HXR:PC:02:EL7062:COE:FanConf:EU_RBV
HXR:PC:02:EL7062:COE:FaultReCodeCh1:Goal_RBV
HXR:PC:02:EL7062:COE:FaultReCodeCh1:Goal
HXR:PC:02:EL7062:COE:FaultReCodeCh1:Val_RBV
HXR:PC:02:EL7062:COE:FaultReCodeCh1:Acc_RBV
HXR:PC:02:EL7062:COE:FaultReCodeCh1:Desc_RBV
HXR:PC:02:EL7062:COE:FaultReCodeCh1:Name_RBV
HXR:PC:02:EL7062:COE:FaultReCodeCh1:TLastUp_RBV
HXR:PC:02:EL7062:COE:FaultReCodeCh1:EU_RBV
HXR:PC:02:EL7062:COE:FaultReCodeCh2:Goal_RBV
HXR:PC:02:EL7062:COE:FaultReCodeCh2:Goal
HXR:PC:02:EL7062:COE:FaultReCodeCh2:Val_RBV
HXR:PC:02:EL7062:COE:FaultReCodeCh2:Acc_RBV
HXR:PC:02:EL7062:COE:FaultReCodeCh2:Desc_RBV
HXR:PC:02:EL7062:COE:FaultReCodeCh2:Name_RBV
HXR:PC:02:EL7062:COE:FaultReCodeCh2:TLastUp_RBV
HXR:PC:02:EL7062:COE:FaultReCodeCh2:EU_RBV
HXR:PC:02:EL7062:COE:FeatBits:Goal_RBV
HXR:PC:02:EL7062:COE:FeatBits:Goal
HXR:PC:02:EL7062:COE:FeatBits:Val_RBV
HXR:PC:02:EL7062:COE:FeatBits:Acc_RBV
HXR:PC:02:EL7062:COE:FeatBits:Desc_RBV
HXR:PC:02:EL7062:COE:FeatBits:Name_RBV
HXR:PC:02:EL7062:COE:FeatBits:TLastUp_RBV
HXR:PC:02:EL7062:COE:FeatBits:EU_RBV
HXR:PC:02:EL7062:COE:FeatBitsCh1:Goal_RBV
HXR:PC:02:EL7062:COE:FeatBitsCh1:Goal
HXR:PC:02:EL7062:COE:FeatBitsCh1:Val_RBV
HXR:PC:02:EL7062:COE:FeatBitsCh1:Acc_RBV
HXR:PC:02:EL7062:COE:FeatBitsCh1:Desc_RBV
HXR:PC:02:EL7062:COE:FeatBitsCh1:Name_RBV
HXR:PC:02:EL7062:COE:FeatBitsCh1:TLastUp_RBV
HXR:PC:02:EL7062:COE:FeatBitsCh1:EU_RBV
HXR:PC:02:EL7062:COE:FeatBitsCh2:Goal_RBV
HXR:PC:02:EL7062:COE:FeatBitsCh2:Goal
HXR:PC:02:EL7062:COE:FeatBitsCh2:Val_RBV
HXR:PC:02:EL7062:COE:FeatBitsCh2:Acc_RBV
HXR:PC:02:EL7062:COE:FeatBitsCh2:Desc_RBV
HXR:PC:02:EL7062:COE:FeatBitsCh2:Name_RBV
HXR:PC:02:EL7062:COE:FeatBitsCh2:TLastUp_RBV
HXR:PC:02:EL7062:COE:FeatBitsCh2:EU_RBV
HXR:PC:02:EL7062:COE:FindCommTCh1:Goal_RBV
HXR:PC:02:EL7062:COE:FindCommTCh1:Goal
HXR:PC:02:EL7062:COE:FindCommTCh1:Val_RBV
HXR:PC:02:EL7062:COE:FindCommTCh1:Acc_RBV
HXR:PC:02:EL7062:COE:FindCommTCh1:Desc_RBV
HXR:PC:02:EL7062:COE:FindCommTCh1:Name_RBV
HXR:PC:02:EL7062:COE:FindCommTCh1:TLastUp_RBV
HXR:PC:02:EL7062:COE:FindCommTCh1:EU_RBV
HXR:PC:02:EL7062:COE:FindCommTCh2:Goal_RBV
HXR:PC:02:EL7062:COE:FindCommTCh2:Goal
HXR:PC:02:EL7062:COE:FindCommTCh2:Val_RBV
HXR:PC:02:EL7062:COE:FindCommTCh2:Acc_RBV
HXR:PC:02:EL7062:COE:FindCommTCh2:Desc_RBV
HXR:PC:02:EL7062:COE:FindCommTCh2:Name_RBV
HXR:PC:02:EL7062:COE:FindCommTCh2:TLastUp_RBV
HXR:PC:02:EL7062:COE:FindCommTCh2:EU_RBV
HXR:PC:02:EL7062:COE:FolErrTOCh1:Goal_RBV
HXR:PC:02:EL7062:COE:FolErrTOCh1:Goal
HXR:PC:02:EL7062:COE:FolErrTOCh1:Val_RBV
HXR:PC:02:EL7062:COE:FolErrTOCh1:Acc_RBV
HXR:PC:02:EL7062:COE:FolErrTOCh1:Desc_RBV
HXR:PC:02:EL7062:COE:FolErrTOCh1:Name_RBV
HXR:PC:02:EL7062:COE:FolErrTOCh1:TLastUp_RBV
HXR:PC:02:EL7062:COE:FolErrTOCh1:EU_RBV
HXR:PC:02:EL7062:COE:FolErrTOCh2:Goal_RBV
HXR:PC:02:EL7062:COE:FolErrTOCh2:Goal
HXR:PC:02:EL7062:COE:FolErrTOCh2:Val_RBV
HXR:PC:02:EL7062:COE:FolErrTOCh2:Acc_RBV
HXR:PC:02:EL7062:COE:FolErrTOCh2:Desc_RBV
HXR:PC:02:EL7062:COE:FolErrTOCh2:Name_RBV
HXR:PC:02:EL7062:COE:FolErrTOCh2:TLastUp_RBV
HXR:PC:02:EL7062:COE:FolErrTOCh2:EU_RBV
HXR:PC:02:EL7062:COE:FolErrWinCh1:Goal_RBV
HXR:PC:02:EL7062:COE:FolErrWinCh1:Goal
HXR:PC:02:EL7062:COE:FolErrWinCh1:Val_RBV
HXR:PC:02:EL7062:COE:FolErrWinCh1:Acc_RBV
HXR:PC:02:EL7062:COE:FolErrWinCh1:Desc_RBV
HXR:PC:02:EL7062:COE:FolErrWinCh1:Name_RBV
HXR:PC:02:EL7062:COE:FolErrWinCh1:TLastUp_RBV
HXR:PC:02:EL7062:COE:FolErrWinCh1:EU_RBV
HXR:PC:02:EL7062:COE:FolErrWinCh2:Goal_RBV
HXR:PC:02:EL7062:COE:FolErrWinCh2:Goal
HXR:PC:02:EL7062:COE:FolErrWinCh2:Val_RBV
HXR:PC:02:EL7062:COE:FolErrWinCh2:Acc_RBV
HXR:PC:02:EL7062:COE:FolErrWinCh2:Desc_RBV
HXR:PC:02:EL7062:COE:FolErrWinCh2:Name_RBV
HXR:PC:02:EL7062:COE:FolErrWinCh2:TLastUp_RBV
HXR:PC:02:EL7062:COE:FolErrWinCh2:EU_RBV
HXR:PC:02:EL7062:COE:GRatioDrCh1:Goal_RBV
HXR:PC:02:EL7062:COE:GRatioDrCh1:Goal
HXR:PC:02:EL7062:COE:GRatioDrCh1:Val_RBV
HXR:PC:02:EL7062:COE:GRatioDrCh1:Acc_RBV
HXR:PC:02:EL7062:COE:GRatioDrCh1:Desc_RBV
HXR:PC:02:EL7062:COE:GRatioDrCh1:Name_RBV
HXR:PC:02:EL7062:COE:GRatioDrCh1:TLastUp_RBV
HXR:PC:02:EL7062:COE:GRatioDrCh1:EU_RBV
HXR:PC:02:EL7062:COE:GRatioDrCh2:Goal_RBV
HXR:PC:02:EL7062:COE:GRatioDrCh2:Goal
HXR:PC:02:EL7062:COE:GRatioDrCh2:Val_RBV
HXR:PC:02:EL7062:COE:GRatioDrCh2:Acc_RBV
HXR:PC:02:EL7062:COE:GRatioDrCh2:Desc_RBV
HXR:PC:02:EL7062:COE:GRatioDrCh2:Name_RBV
HXR:PC:02:EL7062:COE:GRatioDrCh2:TLastUp_RBV
HXR:PC:02:EL7062:COE:GRatioDrCh2:EU_RBV
HXR:PC:02:EL7062:COE:GRatioMotCh1:Goal_RBV
HXR:PC:02:EL7062:COE:GRatioMotCh1:Goal
HXR:PC:02:EL7062:COE:GRatioMotCh1:Val_RBV
HXR:PC:02:EL7062:COE:GRatioMotCh1:Acc_RBV
HXR:PC:02:EL7062:COE:GRatioMotCh1:Desc_RBV
HXR:PC:02:EL7062:COE:GRatioMotCh1:Name_RBV
HXR:PC:02:EL7062:COE:GRatioMotCh1:TLastUp_RBV
HXR:PC:02:EL7062:COE:GRatioMotCh1:EU_RBV
HXR:PC:02:EL7062:COE:GRatioMotCh2:Goal_RBV
HXR:PC:02:EL7062:COE:GRatioMotCh2:Goal
HXR:PC:02:EL7062:COE:GRatioMotCh2:Val_RBV
HXR:PC:02:EL7062:COE:GRatioMotCh2:Acc_RBV
HXR:PC:02:EL7062:COE:GRatioMotCh2:Desc_RBV
HXR:PC:02:EL7062:COE:GRatioMotCh2:Name_RBV
HXR:PC:02:EL7062:COE:GRatioMotCh2:TLastUp_RBV
HXR:PC:02:EL7062:COE:GRatioMotCh2:EU_RBV
HXR:PC:02:EL7062:COE:HRampDecCh1:Goal_RBV
HXR:PC:02:EL7062:COE:HRampDecCh1:Goal
HXR:PC:02:EL7062:COE:HRampDecCh1:Val_RBV
HXR:PC:02:EL7062:COE:HRampDecCh1:Acc_RBV
HXR:PC:02:EL7062:COE:HRampDecCh1:Desc_RBV
HXR:PC:02:EL7062:COE:HRampDecCh1:Name_RBV
HXR:PC:02:EL7062:COE:HRampDecCh1:TLastUp_RBV
HXR:PC:02:EL7062:COE:HRampDecCh1:EU_RBV
HXR:PC:02:EL7062:COE:HRampDecCh2:Goal_RBV
HXR:PC:02:EL7062:COE:HRampDecCh2:Goal
HXR:PC:02:EL7062:COE:HRampDecCh2:Val_RBV
HXR:PC:02:EL7062:COE:HRampDecCh2:Acc_RBV
HXR:PC:02:EL7062:COE:HRampDecCh2:Desc_RBV
HXR:PC:02:EL7062:COE:HRampDecCh2:Name_RBV
HXR:PC:02:EL7062:COE:HRampDecCh2:TLastUp_RBV
HXR:PC:02:EL7062:COE:HRampDecCh2:EU_RBV
HXR:PC:02:EL7062:COE:InvRotDirCh1:Goal_RBV
HXR:PC:02:EL7062:COE:InvRotDirCh1:Goal
HXR:PC:02:EL7062:COE:InvRotDirCh1:Val_RBV
HXR:PC:02:EL7062:COE:InvRotDirCh1:Acc_RBV
HXR:PC:02:EL7062:COE:InvRotDirCh1:Desc_RBV
HXR:PC:02:EL7062:COE:InvRotDirCh1:Name_RBV
HXR:PC:02:EL7062:COE:InvRotDirCh1:TLastUp_RBV
HXR:PC:02:EL7062:COE:InvRotDirCh1:EU_RBV
HXR:PC:02:EL7062:COE:InvRotDirCh2:Goal_RBV
HXR:PC:02:EL7062:COE:InvRotDirCh2:Goal
HXR:PC:02:EL7062:COE:InvRotDirCh2:Val_RBV
HXR:PC:02:EL7062:COE:InvRotDirCh2:Acc_RBV
HXR:PC:02:EL7062:COE:InvRotDirCh2:Desc_RBV
HXR:PC:02:EL7062:COE:InvRotDirCh2:Name_RBV
HXR:PC:02:EL7062:COE:InvRotDirCh2:TLastUp_RBV
HXR:PC:02:EL7062:COE:InvRotDirCh2:EU_RBV
HXR:PC:02:EL7062:COE:InvFbDirCh1:Goal_RBV
HXR:PC:02:EL7062:COE:InvFbDirCh1:Goal
HXR:PC:02:EL7062:COE:InvFbDirCh1:Val_RBV
HXR:PC:02:EL7062:COE:InvFbDirCh1:Acc_RBV
HXR:PC:02:EL7062:COE:InvFbDirCh1:Desc_RBV
HXR:PC:02:EL7062:COE:InvFbDirCh1:Name_RBV
HXR:PC:02:EL7062:COE:InvFbDirCh1:TLastUp_RBV
HXR:PC:02:EL7062:COE:InvFbDirCh1:EU_RBV
HXR:PC:02:EL7062:COE:InvFbDirCh2:Goal_RBV
HXR:PC:02:EL7062:COE:InvFbDirCh2:Goal
HXR:PC:02:EL7062:COE:InvFbDirCh2:Val_RBV
HXR:PC:02:EL7062:COE:InvFbDirCh2:Acc_RBV
HXR:PC:02:EL7062:COE:InvFbDirCh2:Desc_RBV
HXR:PC:02:EL7062:COE:InvFbDirCh2:Name_RBV
HXR:PC:02:EL7062:COE:InvFbDirCh2:TLastUp_RBV
HXR:PC:02:EL7062:COE:InvFbDirCh2:EU_RBV
HXR:PC:02:EL7062:COE:ManBrStCh1:Goal_RBV
HXR:PC:02:EL7062:COE:ManBrStCh1:Goal
HXR:PC:02:EL7062:COE:ManBrStCh1:Val_RBV
HXR:PC:02:EL7062:COE:ManBrStCh1:Acc_RBV
HXR:PC:02:EL7062:COE:ManBrStCh1:Desc_RBV
HXR:PC:02:EL7062:COE:ManBrStCh1:Name_RBV
HXR:PC:02:EL7062:COE:ManBrStCh1:TLastUp_RBV
HXR:PC:02:EL7062:COE:ManBrStCh1:EU_RBV
HXR:PC:02:EL7062:COE:ManBrStCh2:Goal_RBV
HXR:PC:02:EL7062:COE:ManBrStCh2:Goal
HXR:PC:02:EL7062:COE:ManBrStCh2:Val_RBV
HXR:PC:02:EL7062:COE:ManBrStCh2:Acc_RBV
HXR:PC:02:EL7062:COE:ManBrStCh2:Desc_RBV
HXR:PC:02:EL7062:COE:ManBrStCh2:Name_RBV
HXR:PC:02:EL7062:COE:ManBrStCh2:TLastUp_RBV
HXR:PC:02:EL7062:COE:ManBrStCh2:EU_RBV
HXR:PC:02:EL7062:COE:MaxDCLinkV:Goal_RBV
HXR:PC:02:EL7062:COE:MaxDCLinkV:Goal
HXR:PC:02:EL7062:COE:MaxDCLinkV:Val_RBV
HXR:PC:02:EL7062:COE:MaxDCLinkV:Acc_RBV
HXR:PC:02:EL7062:COE:MaxDCLinkV:Desc_RBV
HXR:PC:02:EL7062:COE:MaxDCLinkV:Name_RBV
HXR:PC:02:EL7062:COE:MaxDCLinkV:TLastUp_RBV
HXR:PC:02:EL7062:COE:MaxDCLinkV:EU_RBV
HXR:PC:02:EL7062:COE:MaxPLimCh1:Goal_RBV
HXR:PC:02:EL7062:COE:MaxPLimCh1:Goal
HXR:PC:02:EL7062:COE:MaxPLimCh1:Val_RBV
HXR:PC:02:EL7062:COE:MaxPLimCh1:Acc_RBV
HXR:PC:02:EL7062:COE:MaxPLimCh1:Desc_RBV
HXR:PC:02:EL7062:COE:MaxPLimCh1:Name_RBV
HXR:PC:02:EL7062:COE:MaxPLimCh1:TLastUp_RBV
HXR:PC:02:EL7062:COE:MaxPLimCh1:EU_RBV
HXR:PC:02:EL7062:COE:MaxPLimCh2:Goal_RBV
HXR:PC:02:EL7062:COE:MaxPLimCh2:Goal
HXR:PC:02:EL7062:COE:MaxPLimCh2:Val_RBV
HXR:PC:02:EL7062:COE:MaxPLimCh2:Acc_RBV
HXR:PC:02:EL7062:COE:MaxPLimCh2:Desc_RBV
HXR:PC:02:EL7062:COE:MaxPLimCh2:Name_RBV
HXR:PC:02:EL7062:COE:MaxPLimCh2:TLastUp_RBV
HXR:PC:02:EL7062:COE:MaxPLimCh2:EU_RBV
HXR:PC:02:EL7062:COE:MaxRotFFreqCh1:Goal_RBV
HXR:PC:02:EL7062:COE:MaxRotFFreqCh1:Goal
HXR:PC:02:EL7062:COE:MaxRotFFreqCh1:Val_RBV
HXR:PC:02:EL7062:COE:MaxRotFFreqCh1:Acc_RBV
HXR:PC:02:EL7062:COE:MaxRotFFreqCh1:Desc_RBV
HXR:PC:02:EL7062:COE:MaxRotFFreqCh1:Name_RBV
HXR:PC:02:EL7062:COE:MaxRotFFreqCh1:TLastUp_RBV
HXR:PC:02:EL7062:COE:MaxRotFFreqCh1:EU_RBV
HXR:PC:02:EL7062:COE:MaxRotFFreqCh2:Goal_RBV
HXR:PC:02:EL7062:COE:MaxRotFFreqCh2:Goal
HXR:PC:02:EL7062:COE:MaxRotFFreqCh2:Val_RBV
HXR:PC:02:EL7062:COE:MaxRotFFreqCh2:Acc_RBV
HXR:PC:02:EL7062:COE:MaxRotFFreqCh2:Desc_RBV
HXR:PC:02:EL7062:COE:MaxRotFFreqCh2:Name_RBV
HXR:PC:02:EL7062:COE:MaxRotFFreqCh2:TLastUp_RBV
HXR:PC:02:EL7062:COE:MaxRotFFreqCh2:EU_RBV
HXR:PC:02:EL7062:COE:MinDCLinkV:Goal_RBV
HXR:PC:02:EL7062:COE:MinDCLinkV:Goal
HXR:PC:02:EL7062:COE:MinDCLinkV:Val_RBV
HXR:PC:02:EL7062:COE:MinDCLinkV:Acc_RBV
HXR:PC:02:EL7062:COE:MinDCLinkV:Desc_RBV
HXR:PC:02:EL7062:COE:MinDCLinkV:Name_RBV
HXR:PC:02:EL7062:COE:MinDCLinkV:TLastUp_RBV
HXR:PC:02:EL7062:COE:MinDCLinkV:EU_RBV
HXR:PC:02:EL7062:COE:MinPLimCh1:Goal_RBV
HXR:PC:02:EL7062:COE:MinPLimCh1:Goal
HXR:PC:02:EL7062:COE:MinPLimCh1:Val_RBV
HXR:PC:02:EL7062:COE:MinPLimCh1:Acc_RBV
HXR:PC:02:EL7062:COE:MinPLimCh1:Desc_RBV
HXR:PC:02:EL7062:COE:MinPLimCh1:Name_RBV
HXR:PC:02:EL7062:COE:MinPLimCh1:TLastUp_RBV
HXR:PC:02:EL7062:COE:MinPLimCh1:EU_RBV
HXR:PC:02:EL7062:COE:MinPLimCh2:Goal_RBV
HXR:PC:02:EL7062:COE:MinPLimCh2:Goal
HXR:PC:02:EL7062:COE:MinPLimCh2:Val_RBV
HXR:PC:02:EL7062:COE:MinPLimCh2:Acc_RBV
HXR:PC:02:EL7062:COE:MinPLimCh2:Desc_RBV
HXR:PC:02:EL7062:COE:MinPLimCh2:Name_RBV
HXR:PC:02:EL7062:COE:MinPLimCh2:TLastUp_RBV
HXR:PC:02:EL7062:COE:MinPLimCh2:EU_RBV
HXR:PC:02:EL7062:COE:MOfOpCh1:Goal_RBV
HXR:PC:02:EL7062:COE:MOfOpCh1:Goal
HXR:PC:02:EL7062:COE:MOfOpCh1:Val_RBV
HXR:PC:02:EL7062:COE:MOfOpCh1:Acc_RBV
HXR:PC:02:EL7062:COE:MOfOpCh1:Desc_RBV
HXR:PC:02:EL7062:COE:MOfOpCh1:Name_RBV
HXR:PC:02:EL7062:COE:MOfOpCh1:TLastUp_RBV
HXR:PC:02:EL7062:COE:MOfOpCh1:EU_RBV
HXR:PC:02:EL7062:COE:MOfOpCh2:Goal_RBV
HXR:PC:02:EL7062:COE:MOfOpCh2:Goal
HXR:PC:02:EL7062:COE:MOfOpCh2:Val_RBV
HXR:PC:02:EL7062:COE:MOfOpCh2:Acc_RBV
HXR:PC:02:EL7062:COE:MOfOpCh2:Desc_RBV
HXR:PC:02:EL7062:COE:MOfOpCh2:Name_RBV
HXR:PC:02:EL7062:COE:MOfOpCh2:TLastUp_RBV
HXR:PC:02:EL7062:COE:MOfOpCh2:EU_RBV
HXR:PC:02:EL7062:COE:MotFullstepsCh1:Goal_RBV
HXR:PC:02:EL7062:COE:MotFullstepsCh1:Goal
HXR:PC:02:EL7062:COE:MotFullstepsCh1:Val_RBV
HXR:PC:02:EL7062:COE:MotFullstepsCh1:Acc_RBV
HXR:PC:02:EL7062:COE:MotFullstepsCh1:Desc_RBV
HXR:PC:02:EL7062:COE:MotFullstepsCh1:Name_RBV
HXR:PC:02:EL7062:COE:MotFullstepsCh1:TLastUp_RBV
HXR:PC:02:EL7062:COE:MotFullstepsCh1:EU_RBV
HXR:PC:02:EL7062:COE:MotFullstepsCh2:Goal_RBV
HXR:PC:02:EL7062:COE:MotFullstepsCh2:Goal
HXR:PC:02:EL7062:COE:MotFullstepsCh2:Val_RBV
HXR:PC:02:EL7062:COE:MotFullstepsCh2:Acc_RBV
HXR:PC:02:EL7062:COE:MotFullstepsCh2:Desc_RBV
HXR:PC:02:EL7062:COE:MotFullstepsCh2:Name_RBV
HXR:PC:02:EL7062:COE:MotFullstepsCh2:TLastUp_RBV
HXR:PC:02:EL7062:COE:MotFullstepsCh2:EU_RBV
HXR:PC:02:EL7062:COE:MotSpLimCh1:Goal_RBV
HXR:PC:02:EL7062:COE:MotSpLimCh1:Goal
HXR:PC:02:EL7062:COE:MotSpLimCh1:Val_RBV
HXR:PC:02:EL7062:COE:MotSpLimCh1:Acc_RBV
HXR:PC:02:EL7062:COE:MotSpLimCh1:Desc_RBV
HXR:PC:02:EL7062:COE:MotSpLimCh1:Name_RBV
HXR:PC:02:EL7062:COE:MotSpLimCh1:TLastUp_RBV
HXR:PC:02:EL7062:COE:MotSpLimCh1:EU_RBV
HXR:PC:02:EL7062:COE:MotSpLimCh2:Goal_RBV
HXR:PC:02:EL7062:COE:MotSpLimCh2:Goal
HXR:PC:02:EL7062:COE:MotSpLimCh2:Val_RBV
HXR:PC:02:EL7062:COE:MotSpLimCh2:Acc_RBV
HXR:PC:02:EL7062:COE:MotSpLimCh2:Desc_RBV
HXR:PC:02:EL7062:COE:MotSpLimCh2:Name_RBV
HXR:PC:02:EL7062:COE:MotSpLimCh2:TLastUp_RBV
HXR:PC:02:EL7062:COE:MotSpLimCh2:EU_RBV
HXR:PC:02:EL7062:COE:MBitsCh1:Goal_RBV
HXR:PC:02:EL7062:COE:MBitsCh1:Goal
HXR:PC:02:EL7062:COE:MBitsCh1:Val_RBV
HXR:PC:02:EL7062:COE:MBitsCh1:Acc_RBV
HXR:PC:02:EL7062:COE:MBitsCh1:Desc_RBV
HXR:PC:02:EL7062:COE:MBitsCh1:Name_RBV
HXR:PC:02:EL7062:COE:MBitsCh1:TLastUp_RBV
HXR:PC:02:EL7062:COE:MBitsCh1:EU_RBV
HXR:PC:02:EL7062:COE:MBitsCh2:Goal_RBV
HXR:PC:02:EL7062:COE:MBitsCh2:Goal
HXR:PC:02:EL7062:COE:MBitsCh2:Val_RBV
HXR:PC:02:EL7062:COE:MBitsCh2:Acc_RBV
HXR:PC:02:EL7062:COE:MBitsCh2:Desc_RBV
HXR:PC:02:EL7062:COE:MBitsCh2:Name_RBV
HXR:PC:02:EL7062:COE:MBitsCh2:TLastUp_RBV
HXR:PC:02:EL7062:COE:MBitsCh2:EU_RBV
HXR:PC:02:EL7062:COE:NomDCLinkV:Goal_RBV
HXR:PC:02:EL7062:COE:NomDCLinkV:Goal
HXR:PC:02:EL7062:COE:NomDCLinkV:Val_RBV
HXR:PC:02:EL7062:COE:NomDCLinkV:Acc_RBV
HXR:PC:02:EL7062:COE:NomDCLinkV:Desc_RBV
HXR:PC:02:EL7062:COE:NomDCLinkV:Name_RBV
HXR:PC:02:EL7062:COE:NomDCLinkV:TLastUp_RBV
HXR:PC:02:EL7062:COE:NomDCLinkV:EU_RBV
HXR:PC:02:EL7062:COE:ObsBWCh1:Goal_RBV
HXR:PC:02:EL7062:COE:ObsBWCh1:Goal
HXR:PC:02:EL7062:COE:ObsBWCh1:Val_RBV
HXR:PC:02:EL7062:COE:ObsBWCh1:Acc_RBV
HXR:PC:02:EL7062:COE:ObsBWCh1:Desc_RBV
HXR:PC:02:EL7062:COE:ObsBWCh1:Name_RBV
HXR:PC:02:EL7062:COE:ObsBWCh1:TLastUp_RBV
HXR:PC:02:EL7062:COE:ObsBWCh1:EU_RBV
HXR:PC:02:EL7062:COE:ObsBWCh2:Goal_RBV
HXR:PC:02:EL7062:COE:ObsBWCh2:Goal
HXR:PC:02:EL7062:COE:ObsBWCh2:Val_RBV
HXR:PC:02:EL7062:COE:ObsBWCh2:Acc_RBV
HXR:PC:02:EL7062:COE:ObsBWCh2:Desc_RBV
HXR:PC:02:EL7062:COE:ObsBWCh2:Name_RBV
HXR:PC:02:EL7062:COE:ObsBWCh2:TLastUp_RBV
HXR:PC:02:EL7062:COE:ObsBWCh2:EU_RBV
HXR:PC:02:EL7062:COE:ObsFFCh1:Goal_RBV
HXR:PC:02:EL7062:COE:ObsFFCh1:Goal
HXR:PC:02:EL7062:COE:ObsFFCh1:Val_RBV
HXR:PC:02:EL7062:COE:ObsFFCh1:Acc_RBV
HXR:PC:02:EL7062:COE:ObsFFCh1:Desc_RBV
HXR:PC:02:EL7062:COE:ObsFFCh1:Name_RBV
HXR:PC:02:EL7062:COE:ObsFFCh1:TLastUp_RBV
HXR:PC:02:EL7062:COE:ObsFFCh1:EU_RBV
HXR:PC:02:EL7062:COE:ObsFFCh2:Goal_RBV
HXR:PC:02:EL7062:COE:ObsFFCh2:Goal
HXR:PC:02:EL7062:COE:ObsFFCh2:Val_RBV
HXR:PC:02:EL7062:COE:ObsFFCh2:Acc_RBV
HXR:PC:02:EL7062:COE:ObsFFCh2:Desc_RBV
HXR:PC:02:EL7062:COE:ObsFFCh2:Name_RBV
HXR:PC:02:EL7062:COE:ObsFFCh2:TLastUp_RBV
HXR:PC:02:EL7062:COE:ObsFFCh2:EU_RBV
HXR:PC:02:EL7062:COE:OutStageSafStCh1:Goal_RBV
HXR:PC:02:EL7062:COE:OutStageSafStCh1:Goal
HXR:PC:02:EL7062:COE:OutStageSafStCh1:Val_RBV
HXR:PC:02:EL7062:COE:OutStageSafStCh1:Acc_RBV
HXR:PC:02:EL7062:COE:OutStageSafStCh1:Desc_RBV
HXR:PC:02:EL7062:COE:OutStageSafStCh1:Name_RBV
HXR:PC:02:EL7062:COE:OutStageSafStCh1:TLastUp_RBV
HXR:PC:02:EL7062:COE:OutStageSafStCh1:EU_RBV
HXR:PC:02:EL7062:COE:OutStageSafStCh2:Goal_RBV
HXR:PC:02:EL7062:COE:OutStageSafStCh2:Goal
HXR:PC:02:EL7062:COE:OutStageSafStCh2:Val_RBV
HXR:PC:02:EL7062:COE:OutStageSafStCh2:Acc_RBV
HXR:PC:02:EL7062:COE:OutStageSafStCh2:Desc_RBV
HXR:PC:02:EL7062:COE:OutStageSafStCh2:Name_RBV
HXR:PC:02:EL7062:COE:OutStageSafStCh2:TLastUp_RBV
HXR:PC:02:EL7062:COE:OutStageSafStCh2:EU_RBV
HXR:PC:02:EL7062:COE:PEncResIncCh1:Goal_RBV
HXR:PC:02:EL7062:COE:PEncResIncCh1:Goal
HXR:PC:02:EL7062:COE:PEncResIncCh1:Val_RBV
HXR:PC:02:EL7062:COE:PEncResIncCh1:Acc_RBV
HXR:PC:02:EL7062:COE:PEncResIncCh1:Desc_RBV
HXR:PC:02:EL7062:COE:PEncResIncCh1:Name_RBV
HXR:PC:02:EL7062:COE:PEncResIncCh1:TLastUp_RBV
HXR:PC:02:EL7062:COE:PEncResIncCh1:EU_RBV
HXR:PC:02:EL7062:COE:PEncResIncCh2:Goal_RBV
HXR:PC:02:EL7062:COE:PEncResIncCh2:Goal
HXR:PC:02:EL7062:COE:PEncResIncCh2:Val_RBV
HXR:PC:02:EL7062:COE:PEncResIncCh2:Acc_RBV
HXR:PC:02:EL7062:COE:PEncResIncCh2:Desc_RBV
HXR:PC:02:EL7062:COE:PEncResIncCh2:Name_RBV
HXR:PC:02:EL7062:COE:PEncResIncCh2:TLastUp_RBV
HXR:PC:02:EL7062:COE:PEncResIncCh2:EU_RBV
HXR:PC:02:EL7062:COE:PEncResRevCh1:Goal_RBV
HXR:PC:02:EL7062:COE:PEncResRevCh1:Goal
HXR:PC:02:EL7062:COE:PEncResRevCh1:Val_RBV
HXR:PC:02:EL7062:COE:PEncResRevCh1:Acc_RBV
HXR:PC:02:EL7062:COE:PEncResRevCh1:Desc_RBV
HXR:PC:02:EL7062:COE:PEncResRevCh1:Name_RBV
HXR:PC:02:EL7062:COE:PEncResRevCh1:TLastUp_RBV
HXR:PC:02:EL7062:COE:PEncResRevCh1:EU_RBV
HXR:PC:02:EL7062:COE:PEncResRevCh2:Goal_RBV
HXR:PC:02:EL7062:COE:PEncResRevCh2:Goal
HXR:PC:02:EL7062:COE:PEncResRevCh2:Val_RBV
HXR:PC:02:EL7062:COE:PEncResRevCh2:Acc_RBV
HXR:PC:02:EL7062:COE:PEncResRevCh2:Desc_RBV
HXR:PC:02:EL7062:COE:PEncResRevCh2:Name_RBV
HXR:PC:02:EL7062:COE:PEncResRevCh2:TLastUp_RBV
HXR:PC:02:EL7062:COE:PEncResRevCh2:EU_RBV
HXR:PC:02:EL7062:COE:PLoopDbWinCh1:Goal_RBV
HXR:PC:02:EL7062:COE:PLoopDbWinCh1:Goal
HXR:PC:02:EL7062:COE:PLoopDbWinCh1:Val_RBV
HXR:PC:02:EL7062:COE:PLoopDbWinCh1:Acc_RBV
HXR:PC:02:EL7062:COE:PLoopDbWinCh1:Desc_RBV
HXR:PC:02:EL7062:COE:PLoopDbWinCh1:Name_RBV
HXR:PC:02:EL7062:COE:PLoopDbWinCh1:TLastUp_RBV
HXR:PC:02:EL7062:COE:PLoopDbWinCh1:EU_RBV
HXR:PC:02:EL7062:COE:PLoopDbWinCh2:Goal_RBV
HXR:PC:02:EL7062:COE:PLoopDbWinCh2:Goal
HXR:PC:02:EL7062:COE:PLoopDbWinCh2:Val_RBV
HXR:PC:02:EL7062:COE:PLoopDbWinCh2:Acc_RBV
HXR:PC:02:EL7062:COE:PLoopDbWinCh2:Desc_RBV
HXR:PC:02:EL7062:COE:PLoopDbWinCh2:Name_RBV
HXR:PC:02:EL7062:COE:PLoopDbWinCh2:TLastUp_RBV
HXR:PC:02:EL7062:COE:PLoopDbWinCh2:EU_RBV
HXR:PC:02:EL7062:COE:PLoopPGainCh1:Goal_RBV
HXR:PC:02:EL7062:COE:PLoopPGainCh1:Goal
HXR:PC:02:EL7062:COE:PLoopPGainCh1:Val_RBV
HXR:PC:02:EL7062:COE:PLoopPGainCh1:Acc_RBV
HXR:PC:02:EL7062:COE:PLoopPGainCh1:Desc_RBV
HXR:PC:02:EL7062:COE:PLoopPGainCh1:Name_RBV
HXR:PC:02:EL7062:COE:PLoopPGainCh1:TLastUp_RBV
HXR:PC:02:EL7062:COE:PLoopPGainCh1:EU_RBV
HXR:PC:02:EL7062:COE:PLoopPGainCh2:Goal_RBV
HXR:PC:02:EL7062:COE:PLoopPGainCh2:Goal
HXR:PC:02:EL7062:COE:PLoopPGainCh2:Val_RBV
HXR:PC:02:EL7062:COE:PLoopPGainCh2:Acc_RBV
HXR:PC:02:EL7062:COE:PLoopPGainCh2:Desc_RBV
HXR:PC:02:EL7062:COE:PLoopPGainCh2:Name_RBV
HXR:PC:02:EL7062:COE:PLoopPGainCh2:TLastUp_RBV
HXR:PC:02:EL7062:COE:PLoopPGainCh2:EU_RBV
HXR:PC:02:EL7062:COE:PLoopVFFGainCh1:Goal_RBV
HXR:PC:02:EL7062:COE:PLoopVFFGainCh1:Goal
HXR:PC:02:EL7062:COE:PLoopVFFGainCh1:Val_RBV
HXR:PC:02:EL7062:COE:PLoopVFFGainCh1:Acc_RBV
HXR:PC:02:EL7062:COE:PLoopVFFGainCh1:Desc_RBV
HXR:PC:02:EL7062:COE:PLoopVFFGainCh1:Name_RBV
HXR:PC:02:EL7062:COE:PLoopVFFGainCh1:TLastUp_RBV
HXR:PC:02:EL7062:COE:PLoopVFFGainCh1:EU_RBV
HXR:PC:02:EL7062:COE:PLoopVFFGainCh2:Goal_RBV
HXR:PC:02:EL7062:COE:PLoopVFFGainCh2:Goal
HXR:PC:02:EL7062:COE:PLoopVFFGainCh2:Val_RBV
HXR:PC:02:EL7062:COE:PLoopVFFGainCh2:Acc_RBV
HXR:PC:02:EL7062:COE:PLoopVFFGainCh2:Desc_RBV
HXR:PC:02:EL7062:COE:PLoopVFFGainCh2:Name_RBV
HXR:PC:02:EL7062:COE:PLoopVFFGainCh2:TLastUp_RBV
HXR:PC:02:EL7062:COE:PLoopVFFGainCh2:EU_RBV
HXR:PC:02:EL7062:COE:POffCh1:Goal_RBV
HXR:PC:02:EL7062:COE:POffCh1:Goal
HXR:PC:02:EL7062:COE:POffCh1:Val_RBV
HXR:PC:02:EL7062:COE:POffCh1:Acc_RBV
HXR:PC:02:EL7062:COE:POffCh1:Desc_RBV
HXR:PC:02:EL7062:COE:POffCh1:Name_RBV
HXR:PC:02:EL7062:COE:POffCh1:TLastUp_RBV
HXR:PC:02:EL7062:COE:POffCh1:EU_RBV
HXR:PC:02:EL7062:COE:POffCh2:Goal_RBV
HXR:PC:02:EL7062:COE:POffCh2:Goal
HXR:PC:02:EL7062:COE:POffCh2:Val_RBV
HXR:PC:02:EL7062:COE:POffCh2:Acc_RBV
HXR:PC:02:EL7062:COE:POffCh2:Desc_RBV
HXR:PC:02:EL7062:COE:POffCh2:Name_RBV
HXR:PC:02:EL7062:COE:POffCh2:TLastUp_RBV
HXR:PC:02:EL7062:COE:POffCh2:EU_RBV
HXR:PC:02:EL7062:COE:RateCurCh1:Goal_RBV
HXR:PC:02:EL7062:COE:RateCurCh1:Goal
HXR:PC:02:EL7062:COE:RateCurCh1:Val_RBV
HXR:PC:02:EL7062:COE:RateCurCh1:Acc_RBV
HXR:PC:02:EL7062:COE:RateCurCh1:Desc_RBV
HXR:PC:02:EL7062:COE:RateCurCh1:Name_RBV
HXR:PC:02:EL7062:COE:RateCurCh1:TLastUp_RBV
HXR:PC:02:EL7062:COE:RateCurCh1:EU_RBV
HXR:PC:02:EL7062:COE:RateCurCh2:Goal_RBV
HXR:PC:02:EL7062:COE:RateCurCh2:Goal
HXR:PC:02:EL7062:COE:RateCurCh2:Val_RBV
HXR:PC:02:EL7062:COE:RateCurCh2:Acc_RBV
HXR:PC:02:EL7062:COE:RateCurCh2:Desc_RBV
HXR:PC:02:EL7062:COE:RateCurCh2:Name_RBV
HXR:PC:02:EL7062:COE:RateCurCh2:TLastUp_RBV
HXR:PC:02:EL7062:COE:RateCurCh2:EU_RBV
HXR:PC:02:EL7062:COE:RateSpCh1:Goal_RBV
HXR:PC:02:EL7062:COE:RateSpCh1:Goal
HXR:PC:02:EL7062:COE:RateSpCh1:Val_RBV
HXR:PC:02:EL7062:COE:RateSpCh1:Acc_RBV
HXR:PC:02:EL7062:COE:RateSpCh1:Desc_RBV
HXR:PC:02:EL7062:COE:RateSpCh1:Name_RBV
HXR:PC:02:EL7062:COE:RateSpCh1:TLastUp_RBV
HXR:PC:02:EL7062:COE:RateSpCh1:EU_RBV
HXR:PC:02:EL7062:COE:RateSpCh2:Goal_RBV
HXR:PC:02:EL7062:COE:RateSpCh2:Goal
HXR:PC:02:EL7062:COE:RateSpCh2:Val_RBV
HXR:PC:02:EL7062:COE:RateSpCh2:Acc_RBV
HXR:PC:02:EL7062:COE:RateSpCh2:Desc_RBV
HXR:PC:02:EL7062:COE:RateSpCh2:Name_RBV
HXR:PC:02:EL7062:COE:RateSpCh2:TLastUp_RBV
HXR:PC:02:EL7062:COE:RateSpCh2:EU_RBV
HXR:PC:02:EL7062:COE:RelDelCh1:Goal_RBV
HXR:PC:02:EL7062:COE:RelDelCh1:Goal
HXR:PC:02:EL7062:COE:RelDelCh1:Val_RBV
HXR:PC:02:EL7062:COE:RelDelCh1:Acc_RBV
HXR:PC:02:EL7062:COE:RelDelCh1:Desc_RBV
HXR:PC:02:EL7062:COE:RelDelCh1:Name_RBV
HXR:PC:02:EL7062:COE:RelDelCh1:TLastUp_RBV
HXR:PC:02:EL7062:COE:RelDelCh1:EU_RBV
HXR:PC:02:EL7062:COE:ReleDelCh2:Goal_RBV
HXR:PC:02:EL7062:COE:ReleDelCh2:Goal
HXR:PC:02:EL7062:COE:ReleDelCh2:Val_RBV
HXR:PC:02:EL7062:COE:ReleDelCh2:Acc_RBV
HXR:PC:02:EL7062:COE:ReleDelCh2:Desc_RBV
HXR:PC:02:EL7062:COE:ReleDelCh2:Name_RBV
HXR:PC:02:EL7062:COE:ReleDelCh2:TLastUp_RBV
HXR:PC:02:EL7062:COE:ReleDelCh2:EU_RBV
HXR:PC:02:EL7062:COE:RepFindCommCh1:Goal_RBV
HXR:PC:02:EL7062:COE:RepFindCommCh1:Goal
HXR:PC:02:EL7062:COE:RepFindCommCh1:Val_RBV
HXR:PC:02:EL7062:COE:RepFindCommCh1:Acc_RBV
HXR:PC:02:EL7062:COE:RepFindCommCh1:Desc_RBV
HXR:PC:02:EL7062:COE:RepFindCommCh1:Name_RBV
HXR:PC:02:EL7062:COE:RepFindCommCh1:TLastUp_RBV
HXR:PC:02:EL7062:COE:RepFindCommCh1:EU_RBV
HXR:PC:02:EL7062:COE:RepFindCommCh2:Goal_RBV
HXR:PC:02:EL7062:COE:RepFindCommCh2:Goal
HXR:PC:02:EL7062:COE:RepFindCommCh2:Val_RBV
HXR:PC:02:EL7062:COE:RepFindCommCh2:Acc_RBV
HXR:PC:02:EL7062:COE:RepFindCommCh2:Desc_RBV
HXR:PC:02:EL7062:COE:RepFindCommCh2:Name_RBV
HXR:PC:02:EL7062:COE:RepFindCommCh2:TLastUp_RBV
HXR:PC:02:EL7062:COE:RepFindCommCh2:EU_RBV
HXR:PC:02:EL7062:COE:RotInertCh1:Goal_RBV
HXR:PC:02:EL7062:COE:RotInertCh1:Goal
HXR:PC:02:EL7062:COE:RotInertCh1:Val_RBV
HXR:PC:02:EL7062:COE:RotInertCh1:Acc_RBV
HXR:PC:02:EL7062:COE:RotInertCh1:Desc_RBV
HXR:PC:02:EL7062:COE:RotInertCh1:Name_RBV
HXR:PC:02:EL7062:COE:RotInertCh1:TLastUp_RBV
HXR:PC:02:EL7062:COE:RotInertCh1:EU_RBV
HXR:PC:02:EL7062:COE:RotInertCh2:Goal_RBV
HXR:PC:02:EL7062:COE:RotInertCh2:Goal
HXR:PC:02:EL7062:COE:RotInertCh2:Val_RBV
HXR:PC:02:EL7062:COE:RotInertCh2:Acc_RBV
HXR:PC:02:EL7062:COE:RotInertCh2:Desc_RBV
HXR:PC:02:EL7062:COE:RotInertCh2:Name_RBV
HXR:PC:02:EL7062:COE:RotInertCh2:TLastUp_RBV
HXR:PC:02:EL7062:COE:RotInertCh2:EU_RBV
HXR:PC:02:EL7062:COE:SecPosOffCh1:Goal_RBV
HXR:PC:02:EL7062:COE:SecPosOffCh1:Goal
HXR:PC:02:EL7062:COE:SecPosOffCh1:Val_RBV
HXR:PC:02:EL7062:COE:SecPosOffCh1:Acc_RBV
HXR:PC:02:EL7062:COE:SecPosOffCh1:Desc_RBV
HXR:PC:02:EL7062:COE:SecPosOffCh1:Name_RBV
HXR:PC:02:EL7062:COE:SecPosOffCh1:TLastUp_RBV
HXR:PC:02:EL7062:COE:SecPosOffCh1:EU_RBV
HXR:PC:02:EL7062:COE:SecPosOffCh2:Goal_RBV
HXR:PC:02:EL7062:COE:SecPosOffCh2:Goal
HXR:PC:02:EL7062:COE:SecPosOffCh2:Val_RBV
HXR:PC:02:EL7062:COE:SecPosOffCh2:Acc_RBV
HXR:PC:02:EL7062:COE:SecPosOffCh2:Desc_RBV
HXR:PC:02:EL7062:COE:SecPosOffCh2:Name_RBV
HXR:PC:02:EL7062:COE:SecPosOffCh2:TLastUp_RBV
HXR:PC:02:EL7062:COE:SecPosOffCh2:EU_RBV
HXR:PC:02:EL7062:COE:ShortCircBrDurCh1:Goal_RBV
HXR:PC:02:EL7062:COE:ShortCircBrDurCh1:Goal
HXR:PC:02:EL7062:COE:ShortCircBrDurCh1:Val_RBV
HXR:PC:02:EL7062:COE:ShortCircBrDurCh1:Acc_RBV
HXR:PC:02:EL7062:COE:ShortCircBrDurCh1:Desc_RBV
HXR:PC:02:EL7062:COE:ShortCircBrDurCh1:Name_RBV
HXR:PC:02:EL7062:COE:ShortCircBrDurCh1:TLastUp_RBV
HXR:PC:02:EL7062:COE:ShortCircBrDurCh1:EU_RBV
HXR:PC:02:EL7062:COE:ShortCircBrDurCh2:Goal_RBV
HXR:PC:02:EL7062:COE:ShortCircBrDurCh2:Goal
HXR:PC:02:EL7062:COE:ShortCircBrDurCh2:Val_RBV
HXR:PC:02:EL7062:COE:ShortCircBrDurCh2:Acc_RBV
HXR:PC:02:EL7062:COE:ShortCircBrDurCh2:Desc_RBV
HXR:PC:02:EL7062:COE:ShortCircBrDurCh2:Name_RBV
HXR:PC:02:EL7062:COE:ShortCircBrDurCh2:TLastUp_RBV
HXR:PC:02:EL7062:COE:ShortCircBrDurCh2:EU_RBV
HXR:PC:02:EL7062:COE:SBitsCh1:Goal_RBV
HXR:PC:02:EL7062:COE:SBitsCh1:Goal
HXR:PC:02:EL7062:COE:SBitsCh1:Val_RBV
HXR:PC:02:EL7062:COE:SBitsCh1:Acc_RBV
HXR:PC:02:EL7062:COE:SBitsCh1:Desc_RBV
HXR:PC:02:EL7062:COE:SBitsCh1:Name_RBV
HXR:PC:02:EL7062:COE:SBitsCh1:TLastUp_RBV
HXR:PC:02:EL7062:COE:SBitsCh1:EU_RBV
HXR:PC:02:EL7062:COE:SBitsCh2:Goal_RBV
HXR:PC:02:EL7062:COE:SBitsCh2:Goal
HXR:PC:02:EL7062:COE:SBitsCh2:Val_RBV
HXR:PC:02:EL7062:COE:SBitsCh2:Acc_RBV
HXR:PC:02:EL7062:COE:SBitsCh2:Desc_RBV
HXR:PC:02:EL7062:COE:SBitsCh2:Name_RBV
HXR:PC:02:EL7062:COE:SBitsCh2:TLastUp_RBV
HXR:PC:02:EL7062:COE:SBitsCh2:EU_RBV
HXR:PC:02:EL7062:COE:StstTorqLimCh1:Goal_RBV
HXR:PC:02:EL7062:COE:StstTorqLimCh1:Goal
HXR:PC:02:EL7062:COE:StstTorqLimCh1:Val_RBV
HXR:PC:02:EL7062:COE:StstTorqLimCh1:Acc_RBV
HXR:PC:02:EL7062:COE:StstTorqLimCh1:Desc_RBV
HXR:PC:02:EL7062:COE:StstTorqLimCh1:Name_RBV
HXR:PC:02:EL7062:COE:StstTorqLimCh1:TLastUp_RBV
HXR:PC:02:EL7062:COE:StstTorqLimCh1:EU_RBV
HXR:PC:02:EL7062:COE:StstTorqLimCh2:Goal_RBV
HXR:PC:02:EL7062:COE:StstTorqLimCh2:Goal
HXR:PC:02:EL7062:COE:StstTorqLimCh2:Val_RBV
HXR:PC:02:EL7062:COE:StstTorqLimCh2:Acc_RBV
HXR:PC:02:EL7062:COE:StstTorqLimCh2:Desc_RBV
HXR:PC:02:EL7062:COE:StstTorqLimCh2:Name_RBV
HXR:PC:02:EL7062:COE:StstTorqLimCh2:TLastUp_RBV
HXR:PC:02:EL7062:COE:StstTorqLimCh2:EU_RBV
HXR:PC:02:EL7062:COE:StstWinCh1:Goal_RBV
HXR:PC:02:EL7062:COE:StstWinCh1:Goal
HXR:PC:02:EL7062:COE:StstWinCh1:Val_RBV
HXR:PC:02:EL7062:COE:StstWinCh1:Acc_RBV
HXR:PC:02:EL7062:COE:StstWinCh1:Desc_RBV
HXR:PC:02:EL7062:COE:StstWinCh1:Name_RBV
HXR:PC:02:EL7062:COE:StstWinCh1:TLastUp_RBV
HXR:PC:02:EL7062:COE:StstWinCh1:EU_RBV
HXR:PC:02:EL7062:COE:StstWinCh2:Goal_RBV
HXR:PC:02:EL7062:COE:StstWinCh2:Goal
HXR:PC:02:EL7062:COE:StstWinCh2:Val_RBV
HXR:PC:02:EL7062:COE:StstWinCh2:Acc_RBV
HXR:PC:02:EL7062:COE:StstWinCh2:Desc_RBV
HXR:PC:02:EL7062:COE:StstWinCh2:Name_RBV
HXR:PC:02:EL7062:COE:StstWinCh2:TLastUp_RBV
HXR:PC:02:EL7062:COE:StstWinCh2:EU_RBV
HXR:PC:02:EL7062:COE:SuppVUp:Goal_RBV
HXR:PC:02:EL7062:COE:SuppVUp:Goal
HXR:PC:02:EL7062:COE:SuppVUp:Val_RBV
HXR:PC:02:EL7062:COE:SuppVUp:Acc_RBV
HXR:PC:02:EL7062:COE:SuppVUp:Desc_RBV
HXR:PC:02:EL7062:COE:SuppVUp:Name_RBV
HXR:PC:02:EL7062:COE:SuppVUp:TLastUp_RBV
HXR:PC:02:EL7062:COE:SuppVUp:EU_RBV
HXR:PC:02:EL7062:COE:SupDrModCh1:Goal_RBV
HXR:PC:02:EL7062:COE:SupDrModCh1:Goal
HXR:PC:02:EL7062:COE:SupDrModCh1:Val_RBV
HXR:PC:02:EL7062:COE:SupDrModCh1:Acc_RBV
HXR:PC:02:EL7062:COE:SupDrModCh1:Desc_RBV
HXR:PC:02:EL7062:COE:SupDrModCh1:Name_RBV
HXR:PC:02:EL7062:COE:SupDrModCh1:TLastUp_RBV
HXR:PC:02:EL7062:COE:SupDrModCh1:EU_RBV
HXR:PC:02:EL7062:COE:SupDreModCh2:Goal_RBV
HXR:PC:02:EL7062:COE:SupDreModCh2:Goal
HXR:PC:02:EL7062:COE:SupDreModCh2:Val_RBV
HXR:PC:02:EL7062:COE:SupDreModCh2:Acc_RBV
HXR:PC:02:EL7062:COE:SupDreModCh2:Desc_RBV
HXR:PC:02:EL7062:COE:SupDreModCh2:Name_RBV
HXR:PC:02:EL7062:COE:SupDreModCh2:TLastUp_RBV
HXR:PC:02:EL7062:COE:SupDreModCh2:EU_RBV
HXR:PC:02:EL7062:COE:TorqConstCh1:Goal_RBV
HXR:PC:02:EL7062:COE:TorqConstCh1:Goal
HXR:PC:02:EL7062:COE:TorqConstCh1:Val_RBV
HXR:PC:02:EL7062:COE:TorqConstCh1:Acc_RBV
HXR:PC:02:EL7062:COE:TorqConstCh1:Desc_RBV
HXR:PC:02:EL7062:COE:TorqConstCh1:Name_RBV
HXR:PC:02:EL7062:COE:TorqConstCh1:TLastUp_RBV
HXR:PC:02:EL7062:COE:TorqConstCh1:EU_RBV
HXR:PC:02:EL7062:COE:TorqConstCh2:Goal_RBV
HXR:PC:02:EL7062:COE:TorqConstCh2:Goal
HXR:PC:02:EL7062:COE:TorqConstCh2:Val_RBV
HXR:PC:02:EL7062:COE:TorqConstCh2:Acc_RBV
HXR:PC:02:EL7062:COE:TorqConstCh2:Desc_RBV
HXR:PC:02:EL7062:COE:TorqConstCh2:Name_RBV
HXR:PC:02:EL7062:COE:TorqConstCh2:TLastUp_RBV
HXR:PC:02:EL7062:COE:TorqConstCh2:EU_RBV
HXR:PC:02:EL7062:COE:TorqFFFiltTCh1:Goal_RBV
HXR:PC:02:EL7062:COE:TorqFFFiltTCh1:Goal
HXR:PC:02:EL7062:COE:TorqFFFiltTCh1:Val_RBV
HXR:PC:02:EL7062:COE:TorqFFFiltTCh1:Acc_RBV
HXR:PC:02:EL7062:COE:TorqFFFiltTCh1:Desc_RBV
HXR:PC:02:EL7062:COE:TorqFFFiltTCh1:Name_RBV
HXR:PC:02:EL7062:COE:TorqFFFiltTCh1:TLastUp_RBV
HXR:PC:02:EL7062:COE:TorqFFFiltTCh1:EU_RBV
HXR:PC:02:EL7062:COE:TorqFFFiltTCh2:Goal_RBV
HXR:PC:02:EL7062:COE:TorqFFFiltTCh2:Goal
HXR:PC:02:EL7062:COE:TorqFFFiltTCh2:Val_RBV
HXR:PC:02:EL7062:COE:TorqFFFiltTCh2:Acc_RBV
HXR:PC:02:EL7062:COE:TorqFFFiltTCh2:Desc_RBV
HXR:PC:02:EL7062:COE:TorqFFFiltTCh2:Name_RBV
HXR:PC:02:EL7062:COE:TorqFFFiltTCh2:TLastUp_RBV
HXR:PC:02:EL7062:COE:TorqFFFiltTCh2:EU_RBV
HXR:PC:02:EL7062:COE:TorqFFGainCh1:Goal_RBV
HXR:PC:02:EL7062:COE:TorqFFGainCh1:Goal
HXR:PC:02:EL7062:COE:TorqFFGainCh1:Val_RBV
HXR:PC:02:EL7062:COE:TorqFFGainCh1:Acc_RBV
HXR:PC:02:EL7062:COE:TorqFFGainCh1:Desc_RBV
HXR:PC:02:EL7062:COE:TorqFFGainCh1:Name_RBV
HXR:PC:02:EL7062:COE:TorqFFGainCh1:TLastUp_RBV
HXR:PC:02:EL7062:COE:TorqFFGainCh1:EU_RBV
HXR:PC:02:EL7062:COE:TorqFFGainCh2:Goal_RBV
HXR:PC:02:EL7062:COE:TorqFFGainCh2:Goal
HXR:PC:02:EL7062:COE:TorqFFGainCh2:Val_RBV
HXR:PC:02:EL7062:COE:TorqFFGainCh2:Acc_RBV
HXR:PC:02:EL7062:COE:TorqFFGainCh2:Desc_RBV
HXR:PC:02:EL7062:COE:TorqFFGainCh2:Name_RBV
HXR:PC:02:EL7062:COE:TorqFFGainCh2:TLastUp_RBV
HXR:PC:02:EL7062:COE:TorqFFGainCh2:EU_RBV
HXR:PC:02:EL7062:COE:TorqOffCh1:Goal_RBV
HXR:PC:02:EL7062:COE:TorqOffCh1:Goal
HXR:PC:02:EL7062:COE:TorqOffCh1:Val_RBV
HXR:PC:02:EL7062:COE:TorqOffCh1:Acc_RBV
HXR:PC:02:EL7062:COE:TorqOffCh1:Desc_RBV
HXR:PC:02:EL7062:COE:TorqOffCh1:Name_RBV
HXR:PC:02:EL7062:COE:TorqOffCh1:TLastUp_RBV
HXR:PC:02:EL7062:COE:TorqOffCh1:EU_RBV
HXR:PC:02:EL7062:COE:TorqOffCh2:Goal_RBV
HXR:PC:02:EL7062:COE:TorqOffCh2:Goal
HXR:PC:02:EL7062:COE:TorqOffCh2:Val_RBV
HXR:PC:02:EL7062:COE:TorqOffCh2:Acc_RBV
HXR:PC:02:EL7062:COE:TorqOffCh2:Desc_RBV
HXR:PC:02:EL7062:COE:TorqOffCh2:Name_RBV
HXR:PC:02:EL7062:COE:TorqOffCh2:TLastUp_RBV
HXR:PC:02:EL7062:COE:TorqOffCh2:EU_RBV
HXR:PC:02:EL7062:COE:VEncResCh1:Goal_RBV
HXR:PC:02:EL7062:COE:VEncResCh1:Goal
HXR:PC:02:EL7062:COE:VEncResCh1:Val_RBV
HXR:PC:02:EL7062:COE:VEncResCh1:Acc_RBV
HXR:PC:02:EL7062:COE:VEncResCh1:Desc_RBV
HXR:PC:02:EL7062:COE:VEncResCh1:Name_RBV
HXR:PC:02:EL7062:COE:VEncResCh1:TLastUp_RBV
HXR:PC:02:EL7062:COE:VEncResCh1:EU_RBV
HXR:PC:02:EL7062:COE:VEncResCh2:Goal_RBV
HXR:PC:02:EL7062:COE:VEncResCh2:Goal
HXR:PC:02:EL7062:COE:VEncResCh2:Val_RBV
HXR:PC:02:EL7062:COE:VEncResCh2:Acc_RBV
HXR:PC:02:EL7062:COE:VEncResCh2:Desc_RBV
HXR:PC:02:EL7062:COE:VEncResCh2:Name_RBV
HXR:PC:02:EL7062:COE:VEncResCh2:TLastUp_RBV
HXR:PC:02:EL7062:COE:VEncResCh2:EU_RBV
HXR:PC:02:EL7062:COE:VLimCh1:Goal_RBV
HXR:PC:02:EL7062:COE:VLimCh1:Goal
HXR:PC:02:EL7062:COE:VLimCh1:Val_RBV
HXR:PC:02:EL7062:COE:VLimCh1:Acc_RBV
HXR:PC:02:EL7062:COE:VLimCh1:Desc_RBV
HXR:PC:02:EL7062:COE:VLimCh1:Name_RBV
HXR:PC:02:EL7062:COE:VLimCh1:TLastUp_RBV
HXR:PC:02:EL7062:COE:VLimCh1:EU_RBV
HXR:PC:02:EL7062:COE:VLimCh2:Goal_RBV
HXR:PC:02:EL7062:COE:VLimCh2:Goal
HXR:PC:02:EL7062:COE:VLimCh2:Val_RBV
HXR:PC:02:EL7062:COE:VLimCh2:Acc_RBV
HXR:PC:02:EL7062:COE:VLimCh2:Desc_RBV
HXR:PC:02:EL7062:COE:VLimCh2:Name_RBV
HXR:PC:02:EL7062:COE:VLimCh2:TLastUp_RBV
HXR:PC:02:EL7062:COE:VLimCh2:EU_RBV
HXR:PC:02:EL7062:COE:VLoopITCh1:Goal_RBV
HXR:PC:02:EL7062:COE:VLoopITCh1:Goal
HXR:PC:02:EL7062:COE:VLoopITCh1:Val_RBV
HXR:PC:02:EL7062:COE:VLoopITCh1:Acc_RBV
HXR:PC:02:EL7062:COE:VLoopITCh1:Desc_RBV
HXR:PC:02:EL7062:COE:VLoopITCh1:Name_RBV
HXR:PC:02:EL7062:COE:VLoopITCh1:TLastUp_RBV
HXR:PC:02:EL7062:COE:VLoopITCh1:EU_RBV
HXR:PC:02:EL7062:COE:VLoopITCh2:Goal_RBV
HXR:PC:02:EL7062:COE:VLoopITCh2:Goal
HXR:PC:02:EL7062:COE:VLoopITCh2:Val_RBV
HXR:PC:02:EL7062:COE:VLoopITCh2:Acc_RBV
HXR:PC:02:EL7062:COE:VLoopITCh2:Desc_RBV
HXR:PC:02:EL7062:COE:VLoopITCh2:Name_RBV
HXR:PC:02:EL7062:COE:VLoopITCh2:TLastUp_RBV
HXR:PC:02:EL7062:COE:VLoopITCh2:EU_RBV
HXR:PC:02:EL7062:COE:VLoopPGainCh1:Goal_RBV
HXR:PC:02:EL7062:COE:VLoopPGainCh1:Goal
HXR:PC:02:EL7062:COE:VLoopPGainCh1:Val_RBV
HXR:PC:02:EL7062:COE:VLoopPGainCh1:Acc_RBV
HXR:PC:02:EL7062:COE:VLoopPGainCh1:Desc_RBV
HXR:PC:02:EL7062:COE:VLoopPGainCh1:Name_RBV
HXR:PC:02:EL7062:COE:VLoopPGainCh1:TLastUp_RBV
HXR:PC:02:EL7062:COE:VLoopPGainCh1:EU_RBV
HXR:PC:02:EL7062:COE:VLoopPGainCh2:Goal_RBV
HXR:PC:02:EL7062:COE:VLoopPGainCh2:Goal
HXR:PC:02:EL7062:COE:VLoopPGainCh2:Val_RBV
HXR:PC:02:EL7062:COE:VLoopPGainCh2:Acc_RBV
HXR:PC:02:EL7062:COE:VLoopPGainCh2:Desc_RBV
HXR:PC:02:EL7062:COE:VLoopPGainCh2:Name_RBV
HXR:PC:02:EL7062:COE:VLoopPGainCh2:TLastUp_RBV
HXR:PC:02:EL7062:COE:VLoopPGainCh2:EU_RBV
HXR:PC:02:EL7062:COE:VendFeatBitsCh1:Goal_RBV
HXR:PC:02:EL7062:COE:VendFeatBitsCh1:Goal
HXR:PC:02:EL7062:COE:VendFeatBitsCh1:Val_RBV
HXR:PC:02:EL7062:COE:VendFeatBitsCh1:Acc_RBV
HXR:PC:02:EL7062:COE:VendFeatBitsCh1:Desc_RBV
HXR:PC:02:EL7062:COE:VendFeatBitsCh1:Name_RBV
HXR:PC:02:EL7062:COE:VendFeatBitsCh1:TLastUp_RBV
HXR:PC:02:EL7062:COE:VendFeatBitsCh1:EU_RBV
HXR:PC:02:EL7062:COE:VendFeatBitsCh2:Goal_RBV
HXR:PC:02:EL7062:COE:VendFeatBitsCh2:Goal
HXR:PC:02:EL7062:COE:VendFeatBitsCh2:Val_RBV
HXR:PC:02:EL7062:COE:VendFeatBitsCh2:Acc_RBV
HXR:PC:02:EL7062:COE:VendFeatBitsCh2:Desc_RBV
HXR:PC:02:EL7062:COE:VendFeatBitsCh2:Name_RBV
HXR:PC:02:EL7062:COE:VendFeatBitsCh2:TLastUp_RBV
HXR:PC:02:EL7062:COE:VendFeatBitsCh2:EU_RBV
HXR:PC:02:EL7062:COE:VoltConstCh1:Goal_RBV
HXR:PC:02:EL7062:COE:VoltConstCh1:Goal
HXR:PC:02:EL7062:COE:VoltConstCh1:Val_RBV
HXR:PC:02:EL7062:COE:VoltConstCh1:Acc_RBV
HXR:PC:02:EL7062:COE:VoltConstCh1:Desc_RBV
HXR:PC:02:EL7062:COE:VoltConstCh1:Name_RBV
HXR:PC:02:EL7062:COE:VoltConstCh1:TLastUp_RBV
HXR:PC:02:EL7062:COE:VoltConstCh1:EU_RBV
HXR:PC:02:EL7062:COE:VoltConstCh2:Goal_RBV
HXR:PC:02:EL7062:COE:VoltConstCh2:Goal
HXR:PC:02:EL7062:COE:VoltConstCh2:Val_RBV
HXR:PC:02:EL7062:COE:VoltConstCh2:Acc_RBV
HXR:PC:02:EL7062:COE:VoltConstCh2:Desc_RBV
HXR:PC:02:EL7062:COE:VoltConstCh2:Name_RBV
HXR:PC:02:EL7062:COE:VoltConstCh2:TLastUp_RBV
HXR:PC:02:EL7062:COE:VoltConstCh2:EU_RBV
HXR:PC:02:EL7062:COE:WInductCh1:Goal_RBV
HXR:PC:02:EL7062:COE:WInductCh1:Goal
HXR:PC:02:EL7062:COE:WInductCh1:Val_RBV
HXR:PC:02:EL7062:COE:WInductCh1:Acc_RBV
HXR:PC:02:EL7062:COE:WInductCh1:Desc_RBV
HXR:PC:02:EL7062:COE:WInductCh1:Name_RBV
HXR:PC:02:EL7062:COE:WInductCh1:TLastUp_RBV
HXR:PC:02:EL7062:COE:WInductCh1:EU_RBV
HXR:PC:02:EL7062:COE:WInductCh2:Goal_RBV
HXR:PC:02:EL7062:COE:WInductCh2:Goal
HXR:PC:02:EL7062:COE:WInductCh2:Val_RBV
HXR:PC:02:EL7062:COE:WInductCh2:Acc_RBV
HXR:PC:02:EL7062:COE:WInductCh2:Desc_RBV
HXR:PC:02:EL7062:COE:WInductCh2:Name_RBV
HXR:PC:02:EL7062:COE:WInductCh2:TLastUp_RBV
HXR:PC:02:EL7062:COE:WInductCh2:EU_RBV
HXR:PC:02:EL7062:COE:WResCh1:Goal_RBV
HXR:PC:02:EL7062:COE:WResCh1:Goal
HXR:PC:02:EL7062:COE:WResCh1:Val_RBV
HXR:PC:02:EL7062:COE:WResCh1:Acc_RBV
HXR:PC:02:EL7062:COE:WResCh1:Desc_RBV
HXR:PC:02:EL7062:COE:WResCh1:Name_RBV
HXR:PC:02:EL7062:COE:WResCh1:TLastUp_RBV
HXR:PC:02:EL7062:COE:WResCh1:EU_RBV
HXR:PC:02:EL7062:COE:WResCh2:Goal_RBV
HXR:PC:02:EL7062:COE:WResCh2:Goal
HXR:PC:02:EL7062:COE:WResCh2:Val_RBV
HXR:PC:02:EL7062:COE:WResCh2:Acc_RBV
HXR:PC:02:EL7062:COE:WResCh2:Desc_RBV
HXR:PC:02:EL7062:COE:WResCh2:Name_RBV
HXR:PC:02:EL7062:COE:WResCh2:TLastUp_RBV
HXR:PC:02:EL7062:COE:WResCh2:EU_RBV
HXR:PC:01:Axis:Id_RBV
HXR:PC:02:Axis:Id_RBV
HXR:PC:03:Axis:Id_RBV
HXR:PC:04:Axis:Id_RBV
HXR:PC:05:Axis:Id_RBV
HXR:PC:06:Axis:Id_RBV
HXR:PC:01:EL5042:Id_RBV
HXR:PC:02:EL5042:Id_RBV
HXR:PC:03:EL5042:Id_RBV
HXR:PC:04:EL5042:Id_RBV
HXR:PC:01:EL5102:Id_RBV
HXR:PC:02:EL5102:Id_RBV
HXR:PC:01:EL7047:Id_RBV
HXR:PC:02:EL7047:Id_RBV
HXR:PC:01:EL7062:Id_RBV
HXR:PC:02:EL7062:Id_RBV
HXR:PC:03:EL7062:Id_RBV
HXR:PC:04:EL7062:Id_RBV
HXR:PC:01:NC:AllowMotionCommandsExternalAxis:Goal_RBV
HXR:PC:01:NC:AllowMotionCommandsExternalAxis:Goal
HXR:PC:01:NC:AllowMotionCommandsExternalAxis:Val_RBV
HXR:PC:01:NC:AllowMotionCommandsExternalAxis:Acc_RBV
HXR:PC:01:NC:AllowMotionCommandsExternalAxis:Desc_RBV
HXR:PC:01:NC:AllowMotionCommandsExternalAxis:Name_RBV
HXR:PC:01:NC:AllowMotionCommandsExternalAxis:TLastUp_RBV
HXR:PC:01:NC:AllowMotionCommandsExternalAxis:EU_RBV
HXR:PC:01:NC:AllowMotionCommandsSlaveAxis:Goal_RBV
HXR:PC:01:NC:AllowMotionCommandsSlaveAxis:Goal
HXR:PC:01:NC:AllowMotionCommandsSlaveAxis:Val_RBV
HXR:PC:01:NC:AllowMotionCommandsSlaveAxis:Acc_RBV
HXR:PC:01:NC:AllowMotionCommandsSlaveAxis:Desc_RBV
HXR:PC:01:NC:AllowMotionCommandsSlaveAxis:Name_RBV
HXR:PC:01:NC:AllowMotionCommandsSlaveAxis:TLastUp_RBV
HXR:PC:01:NC:AllowMotionCommandsSlaveAxis:EU_RBV
HXR:PC:01:NC:AutoOffset:Goal_RBV
HXR:PC:01:NC:AutoOffset:Goal
HXR:PC:01:NC:AutoOffset:Val_RBV
HXR:PC:01:NC:AutoOffset:Acc_RBV
HXR:PC:01:NC:AutoOffset:Desc_RBV
HXR:PC:01:NC:AutoOffset:Name_RBV
HXR:PC:01:NC:AutoOffset:TLastUp_RBV
HXR:PC:01:NC:AutoOffset:EU_RBV
HXR:PC:01:NC:Backlash:Goal_RBV
HXR:PC:01:NC:Backlash:Goal
HXR:PC:01:NC:Backlash:Val_RBV
HXR:PC:01:NC:Backlash:Acc_RBV
HXR:PC:01:NC:Backlash:Desc_RBV
HXR:PC:01:NC:Backlash:Name_RBV
HXR:PC:01:NC:Backlash:TLastUp_RBV
HXR:PC:01:NC:Backlash:EU_RBV
HXR:PC:01:NC:ControllerMode:Goal_RBV
HXR:PC:01:NC:ControllerMode:Goal
HXR:PC:01:NC:ControllerMode:Val_RBV
HXR:PC:01:NC:ControllerMode:Acc_RBV
HXR:PC:01:NC:ControllerMode:Desc_RBV
HXR:PC:01:NC:ControllerMode:Name_RBV
HXR:PC:01:NC:ControllerMode:TLastUp_RBV
HXR:PC:01:NC:ControllerMode:EU_RBV
HXR:PC:01:NC:ControllerOutputLimit:Goal_RBV
HXR:PC:01:NC:ControllerOutputLimit:Goal
HXR:PC:01:NC:ControllerOutputLimit:Val_RBV
HXR:PC:01:NC:ControllerOutputLimit:Acc_RBV
HXR:PC:01:NC:ControllerOutputLimit:Desc_RBV
HXR:PC:01:NC:ControllerOutputLimit:Name_RBV
HXR:PC:01:NC:ControllerOutputLimit:TLastUp_RBV
HXR:PC:01:NC:ControllerOutputLimit:EU_RBV
HXR:PC:01:NC:CoupleSlaveActualValues:Goal_RBV
HXR:PC:01:NC:CoupleSlaveActualValues:Goal
HXR:PC:01:NC:CoupleSlaveActualValues:Val_RBV
HXR:PC:01:NC:CoupleSlaveActualValues:Acc_RBV
HXR:PC:01:NC:CoupleSlaveActualValues:Desc_RBV
HXR:PC:01:NC:CoupleSlaveActualValues:Name_RBV
HXR:PC:01:NC:CoupleSlaveActualValues:TLastUp_RBV
HXR:PC:01:NC:CoupleSlaveActualValues:EU_RBV
HXR:PC:01:NC:DeadBandPos:Goal_RBV
HXR:PC:01:NC:DeadBandPos:Goal
HXR:PC:01:NC:DeadBandPos:Val_RBV
HXR:PC:01:NC:DeadBandPos:Acc_RBV
HXR:PC:01:NC:DeadBandPos:Desc_RBV
HXR:PC:01:NC:DeadBandPos:Name_RBV
HXR:PC:01:NC:DeadBandPos:TLastUp_RBV
HXR:PC:01:NC:DeadBandPos:EU_RBV
HXR:PC:01:NC:DeadTimeComp:Goal_RBV
HXR:PC:01:NC:DeadTimeComp:Goal
HXR:PC:01:NC:DeadTimeComp:Val_RBV
HXR:PC:01:NC:DeadTimeComp:Acc_RBV
HXR:PC:01:NC:DeadTimeComp:Desc_RBV
HXR:PC:01:NC:DeadTimeComp:Name_RBV
HXR:PC:01:NC:DeadTimeComp:TLastUp_RBV
HXR:PC:01:NC:DeadTimeComp:EU_RBV
HXR:PC:01:NC:DefAcc:Goal_RBV
HXR:PC:01:NC:DefAcc:Goal
HXR:PC:01:NC:DefAcc:Val_RBV
HXR:PC:01:NC:DefAcc:Acc_RBV
HXR:PC:01:NC:DefAcc:Desc_RBV
HXR:PC:01:NC:DefAcc:Name_RBV
HXR:PC:01:NC:DefAcc:TLastUp_RBV
HXR:PC:01:NC:DefAcc:EU_RBV
HXR:PC:01:NC:DefDec:Goal_RBV
HXR:PC:01:NC:DefDec:Goal
HXR:PC:01:NC:DefDec:Val_RBV
HXR:PC:01:NC:DefDec:Acc_RBV
HXR:PC:01:NC:DefDec:Desc_RBV
HXR:PC:01:NC:DefDec:Name_RBV
HXR:PC:01:NC:DefDec:TLastUp_RBV
HXR:PC:01:NC:DefDec:EU_RBV
HXR:PC:01:NC:DefJerk:Goal_RBV
HXR:PC:01:NC:DefJerk:Goal
HXR:PC:01:NC:DefJerk:Val_RBV
HXR:PC:01:NC:DefJerk:Acc_RBV
HXR:PC:01:NC:DefJerk:Desc_RBV
HXR:PC:01:NC:DefJerk:Name_RBV
HXR:PC:01:NC:DefJerk:TLastUp_RBV
HXR:PC:01:NC:DefJerk:EU_RBV
HXR:PC:01:NC:DriftCompensation:Goal_RBV
HXR:PC:01:NC:DriftCompensation:Goal
HXR:PC:01:NC:DriftCompensation:Val_RBV
HXR:PC:01:NC:DriftCompensation:Acc_RBV
HXR:PC:01:NC:DriftCompensation:Desc_RBV
HXR:PC:01:NC:DriftCompensation:Name_RBV
HXR:PC:01:NC:DriftCompensation:TLastUp_RBV
HXR:PC:01:NC:DriftCompensation:EU_RBV
HXR:PC:01:NC:DriveMode:Goal_RBV
HXR:PC:01:NC:DriveMode:Goal
HXR:PC:01:NC:DriveMode:Val_RBV
HXR:PC:01:NC:DriveMode:Acc_RBV
HXR:PC:01:NC:DriveMode:Desc_RBV
HXR:PC:01:NC:DriveMode:Name_RBV
HXR:PC:01:NC:DriveMode:TLastUp_RBV
HXR:PC:01:NC:DriveMode:EU_RBV
HXR:PC:01:NC:EncoderMode:Goal_RBV
HXR:PC:01:NC:EncoderMode:Goal
HXR:PC:01:NC:EncoderMode:Val_RBV
HXR:PC:01:NC:EncoderMode:Acc_RBV
HXR:PC:01:NC:EncoderMode:Desc_RBV
HXR:PC:01:NC:EncoderMode:Name_RBV
HXR:PC:01:NC:EncoderMode:TLastUp_RBV
HXR:PC:01:NC:EncoderMode:EU_RBV
HXR:PC:01:NC:EncoderRefSys:Goal_RBV
HXR:PC:01:NC:EncoderRefSys:Goal
HXR:PC:01:NC:EncoderRefSys:Val_RBV
HXR:PC:01:NC:EncoderRefSys:Acc_RBV
HXR:PC:01:NC:EncoderRefSys:Desc_RBV
HXR:PC:01:NC:EncoderRefSys:Name_RBV
HXR:PC:01:NC:EncoderRefSys:TLastUp_RBV
HXR:PC:01:NC:EncoderRefSys:EU_RBV
HXR:PC:01:NC:EncoderSubMask:Goal_RBV
HXR:PC:01:NC:EncoderSubMask:Goal
HXR:PC:01:NC:EncoderSubMask:Val_RBV
HXR:PC:01:NC:EncoderSubMask:Acc_RBV
HXR:PC:01:NC:EncoderSubMask:Desc_RBV
HXR:PC:01:NC:EncoderSubMask:Name_RBV
HXR:PC:01:NC:EncoderSubMask:TLastUp_RBV
HXR:PC:01:NC:EncoderSubMask:EU_RBV
HXR:PC:01:NC:ErrPropDelay:Goal_RBV
HXR:PC:01:NC:ErrPropDelay:Goal
HXR:PC:01:NC:ErrPropDelay:Val_RBV
HXR:PC:01:NC:ErrPropDelay:Acc_RBV
HXR:PC:01:NC:ErrPropDelay:Desc_RBV
HXR:PC:01:NC:ErrPropDelay:Name_RBV
HXR:PC:01:NC:ErrPropDelay:TLastUp_RBV
HXR:PC:01:NC:ErrPropDelay:EU_RBV
HXR:PC:01:NC:ErrPropMode:Goal_RBV
HXR:PC:01:NC:ErrPropMode:Goal
HXR:PC:01:NC:ErrPropMode:Val_RBV
HXR:PC:01:NC:ErrPropMode:Acc_RBV
HXR:PC:01:NC:ErrPropMode:Desc_RBV
HXR:PC:01:NC:ErrPropMode:Name_RBV
HXR:PC:01:NC:ErrPropMode:TLastUp_RBV
HXR:PC:01:NC:ErrPropMode:EU_RBV
HXR:PC:01:NC:EvalDir:Goal_RBV
HXR:PC:01:NC:EvalDir:Goal
HXR:PC:01:NC:EvalDir:Val_RBV
HXR:PC:01:NC:EvalDir:Acc_RBV
HXR:PC:01:NC:EvalDir:Desc_RBV
HXR:PC:01:NC:EvalDir:Name_RBV
HXR:PC:01:NC:EvalDir:TLastUp_RBV
HXR:PC:01:NC:EvalDir:EU_RBV
HXR:PC:01:NC:FastAcc:Goal_RBV
HXR:PC:01:NC:FastAcc:Goal
HXR:PC:01:NC:FastAcc:Val_RBV
HXR:PC:01:NC:FastAcc:Acc_RBV
HXR:PC:01:NC:FastAcc:Desc_RBV
HXR:PC:01:NC:FastAcc:Name_RBV
HXR:PC:01:NC:FastAcc:TLastUp_RBV
HXR:PC:01:NC:FastAcc:EU_RBV
HXR:PC:01:NC:FastDec:Goal_RBV
HXR:PC:01:NC:FastDec:Goal
HXR:PC:01:NC:FastDec:Val_RBV
HXR:PC:01:NC:FastDec:Acc_RBV
HXR:PC:01:NC:FastDec:Desc_RBV
HXR:PC:01:NC:FastDec:Name_RBV
HXR:PC:01:NC:FastDec:TLastUp_RBV
HXR:PC:01:NC:FastDec:EU_RBV
HXR:PC:01:NC:FastJerk:Goal_RBV
HXR:PC:01:NC:FastJerk:Goal
HXR:PC:01:NC:FastJerk:Val_RBV
HXR:PC:01:NC:FastJerk:Acc_RBV
HXR:PC:01:NC:FastJerk:Desc_RBV
HXR:PC:01:NC:FastJerk:Name_RBV
HXR:PC:01:NC:FastJerk:TLastUp_RBV
HXR:PC:01:NC:FastJerk:EU_RBV
HXR:PC:01:NC:FastStopSignalType:Goal_RBV
HXR:PC:01:NC:FastStopSignalType:Goal
HXR:PC:01:NC:FastStopSignalType:Val_RBV
HXR:PC:01:NC:FastStopSignalType:Acc_RBV
HXR:PC:01:NC:FastStopSignalType:Desc_RBV
HXR:PC:01:NC:FastStopSignalType:Name_RBV
HXR:PC:01:NC:FastStopSignalType:TLastUp_RBV
HXR:PC:01:NC:FastStopSignalType:EU_RBV
HXR:PC:01:NC:FeedFwdAccFactor:Goal_RBV
HXR:PC:01:NC:FeedFwdAccFactor:Goal
HXR:PC:01:NC:FeedFwdAccFactor:Val_RBV
HXR:PC:01:NC:FeedFwdAccFactor:Acc_RBV
HXR:PC:01:NC:FeedFwdAccFactor:Desc_RBV
HXR:PC:01:NC:FeedFwdAccFactor:Name_RBV
HXR:PC:01:NC:FeedFwdAccFactor:TLastUp_RBV
HXR:PC:01:NC:FeedFwdAccFactor:EU_RBV
HXR:PC:01:NC:FeedFwdVeloWeight:Goal_RBV
HXR:PC:01:NC:FeedFwdVeloWeight:Goal
HXR:PC:01:NC:FeedFwdVeloWeight:Val_RBV
HXR:PC:01:NC:FeedFwdVeloWeight:Acc_RBV
HXR:PC:01:NC:FeedFwdVeloWeight:Desc_RBV
HXR:PC:01:NC:FeedFwdVeloWeight:Name_RBV
HXR:PC:01:NC:FeedFwdVeloWeight:TLastUp_RBV
HXR:PC:01:NC:FeedFwdVeloWeight:EU_RBV
HXR:PC:01:NC:FilterTimeActAcc:Goal_RBV
HXR:PC:01:NC:FilterTimeActAcc:Goal
HXR:PC:01:NC:FilterTimeActAcc:Val_RBV
HXR:PC:01:NC:FilterTimeActAcc:Acc_RBV
HXR:PC:01:NC:FilterTimeActAcc:Desc_RBV
HXR:PC:01:NC:FilterTimeActAcc:Name_RBV
HXR:PC:01:NC:FilterTimeActAcc:TLastUp_RBV
HXR:PC:01:NC:FilterTimeActAcc:EU_RBV
HXR:PC:01:NC:FilterTimeActPos:Goal_RBV
HXR:PC:01:NC:FilterTimeActPos:Goal
HXR:PC:01:NC:FilterTimeActPos:Val_RBV
HXR:PC:01:NC:FilterTimeActPos:Acc_RBV
HXR:PC:01:NC:FilterTimeActPos:Desc_RBV
HXR:PC:01:NC:FilterTimeActPos:Name_RBV
HXR:PC:01:NC:FilterTimeActPos:TLastUp_RBV
HXR:PC:01:NC:FilterTimeActPos:EU_RBV
HXR:PC:01:NC:FilterTimeActVelo:Goal_RBV
HXR:PC:01:NC:FilterTimeActVelo:Goal
HXR:PC:01:NC:FilterTimeActVelo:Val_RBV
HXR:PC:01:NC:FilterTimeActVelo:Acc_RBV
HXR:PC:01:NC:FilterTimeActVelo:Desc_RBV
HXR:PC:01:NC:FilterTimeActVelo:Name_RBV
HXR:PC:01:NC:FilterTimeActVelo:TLastUp_RBV
HXR:PC:01:NC:FilterTimeActVelo:EU_RBV
HXR:PC:01:NC:FilterTimePosCorr:Goal_RBV
HXR:PC:01:NC:FilterTimePosCorr:Goal
HXR:PC:01:NC:FilterTimePosCorr:Val_RBV
HXR:PC:01:NC:FilterTimePosCorr:Acc_RBV
HXR:PC:01:NC:FilterTimePosCorr:Desc_RBV
HXR:PC:01:NC:FilterTimePosCorr:Name_RBV
HXR:PC:01:NC:FilterTimePosCorr:TLastUp_RBV
HXR:PC:01:NC:FilterTimePosCorr:EU_RBV
HXR:PC:01:NC:FollowingErrCalc:Goal_RBV
HXR:PC:01:NC:FollowingErrCalc:Goal
HXR:PC:01:NC:FollowingErrCalc:Val_RBV
HXR:PC:01:NC:FollowingErrCalc:Acc_RBV
HXR:PC:01:NC:FollowingErrCalc:Desc_RBV
HXR:PC:01:NC:FollowingErrCalc:Name_RBV
HXR:PC:01:NC:FollowingErrCalc:TLastUp_RBV
HXR:PC:01:NC:FollowingErrCalc:EU_RBV
HXR:PC:01:NC:HomePos:Goal_RBV
HXR:PC:01:NC:HomePos:Goal
HXR:PC:01:NC:HomePos:Val_RBV
HXR:PC:01:NC:HomePos:Acc_RBV
HXR:PC:01:NC:HomePos:Desc_RBV
HXR:PC:01:NC:HomePos:Name_RBV
HXR:PC:01:NC:HomePos:TLastUp_RBV
HXR:PC:01:NC:HomePos:EU_RBV
HXR:PC:01:NC:HomingSensorSource:Goal_RBV
HXR:PC:01:NC:HomingSensorSource:Goal
HXR:PC:01:NC:HomingSensorSource:Val_RBV
HXR:PC:01:NC:HomingSensorSource:Acc_RBV
HXR:PC:01:NC:HomingSensorSource:Desc_RBV
HXR:PC:01:NC:HomingSensorSource:Name_RBV
HXR:PC:01:NC:HomingSensorSource:TLastUp_RBV
HXR:PC:01:NC:HomingSensorSource:EU_RBV
HXR:PC:01:NC:HomVelOffCam:Goal_RBV
HXR:PC:01:NC:HomVelOffCam:Goal
HXR:PC:01:NC:HomVelOffCam:Val_RBV
HXR:PC:01:NC:HomVelOffCam:Acc_RBV
HXR:PC:01:NC:HomVelOffCam:Desc_RBV
HXR:PC:01:NC:HomVelOffCam:Name_RBV
HXR:PC:01:NC:HomVelOffCam:TLastUp_RBV
HXR:PC:01:NC:HomVelOffCam:EU_RBV
HXR:PC:01:NC:HomVelToCam:Goal_RBV
HXR:PC:01:NC:HomVelToCam:Goal
HXR:PC:01:NC:HomVelToCam:Val_RBV
HXR:PC:01:NC:HomVelToCam:Acc_RBV
HXR:PC:01:NC:HomVelToCam:Desc_RBV
HXR:PC:01:NC:HomVelToCam:Name_RBV
HXR:PC:01:NC:HomVelToCam:TLastUp_RBV
HXR:PC:01:NC:HomVelToCam:EU_RBV
HXR:PC:01:NC:InTargetAlarm:Goal_RBV
HXR:PC:01:NC:InTargetAlarm:Goal
HXR:PC:01:NC:InTargetAlarm:Val_RBV
HXR:PC:01:NC:InTargetAlarm:Acc_RBV
HXR:PC:01:NC:InTargetAlarm:Desc_RBV
HXR:PC:01:NC:InTargetAlarm:Name_RBV
HXR:PC:01:NC:InTargetAlarm:TLastUp_RBV
HXR:PC:01:NC:InTargetAlarm:EU_RBV
HXR:PC:01:NC:InTargetTimeout:Goal_RBV
HXR:PC:01:NC:InTargetTimeout:Goal
HXR:PC:01:NC:InTargetTimeout:Val_RBV
HXR:PC:01:NC:InTargetTimeout:Acc_RBV
HXR:PC:01:NC:InTargetTimeout:Desc_RBV
HXR:PC:01:NC:InTargetTimeout:Name_RBV
HXR:PC:01:NC:InTargetTimeout:TLastUp_RBV
HXR:PC:01:NC:InTargetTimeout:EU_RBV
HXR:PC:01:NC:InputFilterTorqueDerivative:Goal_RBV
HXR:PC:01:NC:InputFilterTorqueDerivative:Goal
HXR:PC:01:NC:InputFilterTorqueDerivative:Val_RBV
HXR:PC:01:NC:InputFilterTorqueDerivative:Acc_RBV
HXR:PC:01:NC:InputFilterTorqueDerivative:Desc_RBV
HXR:PC:01:NC:InputFilterTorqueDerivative:Name_RBV
HXR:PC:01:NC:InputFilterTorqueDerivative:TLastUp_RBV
HXR:PC:01:NC:InputFilterTorqueDerivative:EU_RBV
HXR:PC:01:NC:InputFilterTimeTorque:Goal_RBV
HXR:PC:01:NC:InputFilterTimeTorque:Goal
HXR:PC:01:NC:InputFilterTimeTorque:Val_RBV
HXR:PC:01:NC:InputFilterTimeTorque:Acc_RBV
HXR:PC:01:NC:InputFilterTimeTorque:Desc_RBV
HXR:PC:01:NC:InputFilterTimeTorque:Name_RBV
HXR:PC:01:NC:InputFilterTimeTorque:TLastUp_RBV
HXR:PC:01:NC:InputFilterTimeTorque:EU_RBV
HXR:PC:01:NC:InputScaleTorque:Goal_RBV
HXR:PC:01:NC:InputScaleTorque:Goal
HXR:PC:01:NC:InputScaleTorque:Val_RBV
HXR:PC:01:NC:InputScaleTorque:Acc_RBV
HXR:PC:01:NC:InputScaleTorque:Desc_RBV
HXR:PC:01:NC:InputScaleTorque:Name_RBV
HXR:PC:01:NC:InputScaleTorque:TLastUp_RBV
HXR:PC:01:NC:InputScaleTorque:EU_RBV
HXR:PC:01:NC:InvDirHomSenSearch:Goal_RBV
HXR:PC:01:NC:InvDirHomSenSearch:Goal
HXR:PC:01:NC:InvDirHomSenSearch:Val_RBV
HXR:PC:01:NC:InvDirHomSenSearch:Acc_RBV
HXR:PC:01:NC:InvDirHomSenSearch:Desc_RBV
HXR:PC:01:NC:InvDirHomSenSearch:Name_RBV
HXR:PC:01:NC:InvDirHomSenSearch:TLastUp_RBV
HXR:PC:01:NC:InvDirHomSenSearch:EU_RBV
HXR:PC:01:NC:InvDirSyncImpSearch:Goal_RBV
HXR:PC:01:NC:InvDirSyncImpSearch:Goal
HXR:PC:01:NC:InvDirSyncImpSearch:Val_RBV
HXR:PC:01:NC:InvDirSyncImpSearch:Acc_RBV
HXR:PC:01:NC:InvDirSyncImpSearch:Desc_RBV
HXR:PC:01:NC:InvDirSyncImpSearch:Name_RBV
HXR:PC:01:NC:InvDirSyncImpSearch:TLastUp_RBV
HXR:PC:01:NC:InvDirSyncImpSearch:EU_RBV
HXR:PC:01:NC:InvEncDir:Goal_RBV
HXR:PC:01:NC:InvEncDir:Goal
HXR:PC:01:NC:InvEncDir:Val_RBV
HXR:PC:01:NC:InvEncDir:Acc_RBV
HXR:PC:01:NC:InvEncDir:Desc_RBV
HXR:PC:01:NC:InvEncDir:Name_RBV
HXR:PC:01:NC:InvEncDir:TLastUp_RBV
HXR:PC:01:NC:InvEncDir:EU_RBV
HXR:PC:01:NC:InvMotorPol:Goal_RBV
HXR:PC:01:NC:InvMotorPol:Goal
HXR:PC:01:NC:InvMotorPol:Val_RBV
HXR:PC:01:NC:InvMotorPol:Acc_RBV
HXR:PC:01:NC:InvMotorPol:Desc_RBV
HXR:PC:01:NC:InvMotorPol:Name_RBV
HXR:PC:01:NC:InvMotorPol:TLastUp_RBV
HXR:PC:01:NC:InvMotorPol:EU_RBV
HXR:PC:01:NC:JogIncBwd:Goal_RBV
HXR:PC:01:NC:JogIncBwd:Goal
HXR:PC:01:NC:JogIncBwd:Val_RBV
HXR:PC:01:NC:JogIncBwd:Acc_RBV
HXR:PC:01:NC:JogIncBwd:Desc_RBV
HXR:PC:01:NC:JogIncBwd:Name_RBV
HXR:PC:01:NC:JogIncBwd:TLastUp_RBV
HXR:PC:01:NC:JogIncBwd:EU_RBV
HXR:PC:01:NC:JogIncFwd:Goal_RBV
HXR:PC:01:NC:JogIncFwd:Goal
HXR:PC:01:NC:JogIncFwd:Val_RBV
HXR:PC:01:NC:JogIncFwd:Acc_RBV
HXR:PC:01:NC:JogIncFwd:Desc_RBV
HXR:PC:01:NC:JogIncFwd:Name_RBV
HXR:PC:01:NC:JogIncFwd:TLastUp_RBV
HXR:PC:01:NC:JogIncFwd:EU_RBV
HXR:PC:01:NC:ManVelFast:Goal_RBV
HXR:PC:01:NC:ManVelFast:Goal
HXR:PC:01:NC:ManVelFast:Val_RBV
HXR:PC:01:NC:ManVelFast:Acc_RBV
HXR:PC:01:NC:ManVelFast:Desc_RBV
HXR:PC:01:NC:ManVelFast:Name_RBV
HXR:PC:01:NC:ManVelFast:TLastUp_RBV
HXR:PC:01:NC:ManVelFast:EU_RBV
HXR:PC:01:NC:ManVelSlow:Goal_RBV
HXR:PC:01:NC:ManVelSlow:Goal
HXR:PC:01:NC:ManVelSlow:Val_RBV
HXR:PC:01:NC:ManVelSlow:Acc_RBV
HXR:PC:01:NC:ManVelSlow:Desc_RBV
HXR:PC:01:NC:ManVelSlow:Name_RBV
HXR:PC:01:NC:ManVelSlow:TLastUp_RBV
HXR:PC:01:NC:ManVelSlow:EU_RBV
HXR:PC:01:NC:MaxPosDevAuxAxis:Goal_RBV
HXR:PC:01:NC:MaxPosDevAuxAxis:Goal
HXR:PC:01:NC:MaxPosDevAuxAxis:Val_RBV
HXR:PC:01:NC:MaxPosDevAuxAxis:Acc_RBV
HXR:PC:01:NC:MaxPosDevAuxAxis:Desc_RBV
HXR:PC:01:NC:MaxPosDevAuxAxis:Name_RBV
HXR:PC:01:NC:MaxPosDevAuxAxis:TLastUp_RBV
HXR:PC:01:NC:MaxPosDevAuxAxis:EU_RBV
HXR:PC:01:NC:MaxAcc:Goal_RBV
HXR:PC:01:NC:MaxAcc:Goal
HXR:PC:01:NC:MaxAcc:Val_RBV
HXR:PC:01:NC:MaxAcc:Acc_RBV
HXR:PC:01:NC:MaxAcc:Desc_RBV
HXR:PC:01:NC:MaxAcc:Name_RBV
HXR:PC:01:NC:MaxAcc:TLastUp_RBV
HXR:PC:01:NC:MaxAcc:EU_RBV
HXR:PC:01:NC:MaxDec:Goal_RBV
HXR:PC:01:NC:MaxDec:Goal
HXR:PC:01:NC:MaxDec:Val_RBV
HXR:PC:01:NC:MaxDec:Acc_RBV
HXR:PC:01:NC:MaxDec:Desc_RBV
HXR:PC:01:NC:MaxDec:Name_RBV
HXR:PC:01:NC:MaxDec:TLastUp_RBV
HXR:PC:01:NC:MaxDec:EU_RBV
HXR:PC:01:NC:MaxDriveOutputLim:Goal_RBV
HXR:PC:01:NC:MaxDriveOutputLim:Goal
HXR:PC:01:NC:MaxDriveOutputLim:Val_RBV
HXR:PC:01:NC:MaxDriveOutputLim:Acc_RBV
HXR:PC:01:NC:MaxDriveOutputLim:Desc_RBV
HXR:PC:01:NC:MaxDriveOutputLim:Name_RBV
HXR:PC:01:NC:MaxDriveOutputLim:TLastUp_RBV
HXR:PC:01:NC:MaxDriveOutputLim:EU_RBV
HXR:PC:01:NC:MaxPos:Goal_RBV
HXR:PC:01:NC:MaxPos:Goal
HXR:PC:01:NC:MaxPos:Val_RBV
HXR:PC:01:NC:MaxPos:Acc_RBV
HXR:PC:01:NC:MaxPos:Desc_RBV
HXR:PC:01:NC:MaxPos:Name_RBV
HXR:PC:01:NC:MaxPos:TLastUp_RBV
HXR:PC:01:NC:MaxPos:EU_RBV
HXR:PC:01:NC:MaxPosLagFilterTime:Goal_RBV
HXR:PC:01:NC:MaxPosLagFilterTime:Goal
HXR:PC:01:NC:MaxPosLagFilterTime:Val_RBV
HXR:PC:01:NC:MaxPosLagFilterTime:Acc_RBV
HXR:PC:01:NC:MaxPosLagFilterTime:Desc_RBV
HXR:PC:01:NC:MaxPosLagFilterTime:Name_RBV
HXR:PC:01:NC:MaxPosLagFilterTime:TLastUp_RBV
HXR:PC:01:NC:MaxPosLagFilterTime:EU_RBV
HXR:PC:01:NC:MaxPosLagVal:Goal_RBV
HXR:PC:01:NC:MaxPosLagVal:Goal
HXR:PC:01:NC:MaxPosLagVal:Val_RBV
HXR:PC:01:NC:MaxPosLagVal:Acc_RBV
HXR:PC:01:NC:MaxPosLagVal:Desc_RBV
HXR:PC:01:NC:MaxPosLagVal:Name_RBV
HXR:PC:01:NC:MaxPosLagVal:TLastUp_RBV
HXR:PC:01:NC:MaxPosLagVal:EU_RBV
HXR:PC:01:NC:MaxVel:Goal_RBV
HXR:PC:01:NC:MaxVel:Goal
HXR:PC:01:NC:MaxVel:Val_RBV
HXR:PC:01:NC:MaxVel:Acc_RBV
HXR:PC:01:NC:MaxVel:Desc_RBV
HXR:PC:01:NC:MaxVel:Name_RBV
HXR:PC:01:NC:MaxVel:TLastUp_RBV
HXR:PC:01:NC:MaxVel:EU_RBV
HXR:PC:01:NC:MinDriveOutputLim:Goal_RBV
HXR:PC:01:NC:MinDriveOutputLim:Goal
HXR:PC:01:NC:MinDriveOutputLim:Val_RBV
HXR:PC:01:NC:MinDriveOutputLim:Acc_RBV
HXR:PC:01:NC:MinDriveOutputLim:Desc_RBV
HXR:PC:01:NC:MinDriveOutputLim:Name_RBV
HXR:PC:01:NC:MinDriveOutputLim:TLastUp_RBV
HXR:PC:01:NC:MinDriveOutputLim:EU_RBV
HXR:PC:01:NC:MinPos:Goal_RBV
HXR:PC:01:NC:MinPos:Goal
HXR:PC:01:NC:MinPos:Val_RBV
HXR:PC:01:NC:MinPos:Acc_RBV
HXR:PC:01:NC:MinPos:Desc_RBV
HXR:PC:01:NC:MinPos:Name_RBV
HXR:PC:01:NC:MinPos:TLastUp_RBV
HXR:PC:01:NC:MinPos:EU_RBV
HXR:PC:01:NC:ModuloFactor:Goal_RBV
HXR:PC:01:NC:ModuloFactor:Goal
HXR:PC:01:NC:ModuloFactor:Val_RBV
HXR:PC:01:NC:ModuloFactor:Acc_RBV
HXR:PC:01:NC:ModuloFactor:Desc_RBV
HXR:PC:01:NC:ModuloFactor:Name_RBV
HXR:PC:01:NC:ModuloFactor:TLastUp_RBV
HXR:PC:01:NC:ModuloFactor:EU_RBV
HXR:PC:01:NC:ModuloStartTolWin:Goal_RBV
HXR:PC:01:NC:ModuloStartTolWin:Goal
HXR:PC:01:NC:ModuloStartTolWin:Val_RBV
HXR:PC:01:NC:ModuloStartTolWin:Acc_RBV
HXR:PC:01:NC:ModuloStartTolWin:Desc_RBV
HXR:PC:01:NC:ModuloStartTolWin:Name_RBV
HXR:PC:01:NC:ModuloStartTolWin:TLastUp_RBV
HXR:PC:01:NC:ModuloStartTolWin:EU_RBV
HXR:PC:01:NC:MotionMon:Goal_RBV
HXR:PC:01:NC:MotionMon:Goal
HXR:PC:01:NC:MotionMon:Val_RBV
HXR:PC:01:NC:MotionMon:Acc_RBV
HXR:PC:01:NC:MotionMon:Desc_RBV
HXR:PC:01:NC:MotionMon:Name_RBV
HXR:PC:01:NC:MotionMon:TLastUp_RBV
HXR:PC:01:NC:MotionMon:EU_RBV
HXR:PC:01:NC:MotionMonTime:Goal_RBV
HXR:PC:01:NC:MotionMonTime:Goal
HXR:PC:01:NC:MotionMonTime:Val_RBV
HXR:PC:01:NC:MotionMonTime:Acc_RBV
HXR:PC:01:NC:MotionMonTime:Desc_RBV
HXR:PC:01:NC:MotionMonTime:Name_RBV
HXR:PC:01:NC:MotionMonTime:TLastUp_RBV
HXR:PC:01:NC:MotionMonTime:EU_RBV
HXR:PC:01:NC:MotionMonWindow:Goal_RBV
HXR:PC:01:NC:MotionMonWindow:Goal
HXR:PC:01:NC:MotionMonWindow:Val_RBV
HXR:PC:01:NC:MotionMonWindow:Acc_RBV
HXR:PC:01:NC:MotionMonWindow:Desc_RBV
HXR:PC:01:NC:MotionMonWindow:Name_RBV
HXR:PC:01:NC:MotionMonWindow:TLastUp_RBV
HXR:PC:01:NC:MotionMonWindow:EU_RBV
HXR:PC:01:NC:OffsetLimit:Goal_RBV
HXR:PC:01:NC:OffsetLimit:Goal
HXR:PC:01:NC:OffsetLimit:Val_RBV
HXR:PC:01:NC:OffsetLimit:Acc_RBV
HXR:PC:01:NC:OffsetLimit:Desc_RBV
HXR:PC:01:NC:OffsetLimit:Name_RBV
HXR:PC:01:NC:OffsetLimit:TLastUp_RBV
HXR:PC:01:NC:OffsetLimit:EU_RBV
HXR:PC:01:NC:OffsetTimer:Goal_RBV
HXR:PC:01:NC:OffsetTimer:Goal
HXR:PC:01:NC:OffsetTimer:Val_RBV
HXR:PC:01:NC:OffsetTimer:Acc_RBV
HXR:PC:01:NC:OffsetTimer:Desc_RBV
HXR:PC:01:NC:OffsetTimer:Name_RBV
HXR:PC:01:NC:OffsetTimer:TLastUp_RBV
HXR:PC:01:NC:OffsetTimer:EU_RBV
HXR:PC:01:NC:OutputDelayAcceleration:Goal_RBV
HXR:PC:01:NC:OutputDelayAcceleration:Goal
HXR:PC:01:NC:OutputDelayAcceleration:Val_RBV
HXR:PC:01:NC:OutputDelayAcceleration:Acc_RBV
HXR:PC:01:NC:OutputDelayAcceleration:Desc_RBV
HXR:PC:01:NC:OutputDelayAcceleration:Name_RBV
HXR:PC:01:NC:OutputDelayAcceleration:TLastUp_RBV
HXR:PC:01:NC:OutputDelayAcceleration:EU_RBV
HXR:PC:01:NC:OutputDelayTorqueOffset:Goal_RBV
HXR:PC:01:NC:OutputDelayTorqueOffset:Goal
HXR:PC:01:NC:OutputDelayTorqueOffset:Val_RBV
HXR:PC:01:NC:OutputDelayTorqueOffset:Acc_RBV
HXR:PC:01:NC:OutputDelayTorqueOffset:Desc_RBV
HXR:PC:01:NC:OutputDelayTorqueOffset:Name_RBV
HXR:PC:01:NC:OutputDelayTorqueOffset:TLastUp_RBV
HXR:PC:01:NC:OutputDelayTorqueOffset:EU_RBV
HXR:PC:01:NC:OutputDelayVelo:Goal_RBV
HXR:PC:01:NC:OutputDelayVelo:Goal
HXR:PC:01:NC:OutputDelayVelo:Val_RBV
HXR:PC:01:NC:OutputDelayVelo:Acc_RBV
HXR:PC:01:NC:OutputDelayVelo:Desc_RBV
HXR:PC:01:NC:OutputDelayVelo:Name_RBV
HXR:PC:01:NC:OutputDelayVelo:TLastUp_RBV
HXR:PC:01:NC:OutputDelayVelo:EU_RBV
HXR:PC:01:NC:OutputRatio:Goal_RBV
HXR:PC:01:NC:OutputRatio:Goal
HXR:PC:01:NC:OutputRatio:Val_RBV
HXR:PC:01:NC:OutputRatio:Acc_RBV
HXR:PC:01:NC:OutputRatio:Desc_RBV
HXR:PC:01:NC:OutputRatio:Name_RBV
HXR:PC:01:NC:OutputRatio:TLastUp_RBV
HXR:PC:01:NC:OutputRatio:EU_RBV
HXR:PC:01:NC:OutputScaleAcceleration:Goal_RBV
HXR:PC:01:NC:OutputScaleAcceleration:Goal
HXR:PC:01:NC:OutputScaleAcceleration:Val_RBV
HXR:PC:01:NC:OutputScaleAcceleration:Acc_RBV
HXR:PC:01:NC:OutputScaleAcceleration:Desc_RBV
HXR:PC:01:NC:OutputScaleAcceleration:Name_RBV
HXR:PC:01:NC:OutputScaleAcceleration:TLastUp_RBV
HXR:PC:01:NC:OutputScaleAcceleration:EU_RBV
HXR:PC:01:NC:OutputScalePos:Goal_RBV
HXR:PC:01:NC:OutputScalePos:Goal
HXR:PC:01:NC:OutputScalePos:Val_RBV
HXR:PC:01:NC:OutputScalePos:Acc_RBV
HXR:PC:01:NC:OutputScalePos:Desc_RBV
HXR:PC:01:NC:OutputScalePos:Name_RBV
HXR:PC:01:NC:OutputScalePos:TLastUp_RBV
HXR:PC:01:NC:OutputScalePos:EU_RBV
HXR:PC:01:NC:OutputScaleTorqueOffset:Goal_RBV
HXR:PC:01:NC:OutputScaleTorqueOffset:Goal
HXR:PC:01:NC:OutputScaleTorqueOffset:Val_RBV
HXR:PC:01:NC:OutputScaleTorqueOffset:Acc_RBV
HXR:PC:01:NC:OutputScaleTorqueOffset:Desc_RBV
HXR:PC:01:NC:OutputScaleTorqueOffset:Name_RBV
HXR:PC:01:NC:OutputScaleTorqueOffset:TLastUp_RBV
HXR:PC:01:NC:OutputScaleTorqueOffset:EU_RBV
HXR:PC:01:NC:OutputScaleTorqueSetpoint:Goal_RBV
HXR:PC:01:NC:OutputScaleTorqueSetpoint:Goal
HXR:PC:01:NC:OutputScaleTorqueSetpoint:Val_RBV
HXR:PC:01:NC:OutputScaleTorqueSetpoint:Acc_RBV
HXR:PC:01:NC:OutputScaleTorqueSetpoint:Desc_RBV
HXR:PC:01:NC:OutputScaleTorqueSetpoint:Name_RBV
HXR:PC:01:NC:OutputScaleTorqueSetpoint:TLastUp_RBV
HXR:PC:01:NC:OutputScaleTorqueSetpoint:EU_RBV
HXR:PC:01:NC:OutputScaleVelo:Goal_RBV
HXR:PC:01:NC:OutputScaleVelo:Goal
HXR:PC:01:NC:OutputScaleVelo:Val_RBV
HXR:PC:01:NC:OutputScaleVelo:Acc_RBV
HXR:PC:01:NC:OutputScaleVelo:Desc_RBV
HXR:PC:01:NC:OutputScaleVelo:Name_RBV
HXR:PC:01:NC:OutputScaleVelo:TLastUp_RBV
HXR:PC:01:NC:OutputScaleVelo:EU_RBV
HXR:PC:01:NC:PosBias:Goal_RBV
HXR:PC:01:NC:PosBias:Goal
HXR:PC:01:NC:PosBias:Val_RBV
HXR:PC:01:NC:PosBias:Acc_RBV
HXR:PC:01:NC:PosBias:Desc_RBV
HXR:PC:01:NC:PosBias:Name_RBV
HXR:PC:01:NC:PosBias:TLastUp_RBV
HXR:PC:01:NC:PosBias:EU_RBV
HXR:PC:01:NC:PosCorr:Goal_RBV
HXR:PC:01:NC:PosCorr:Goal
HXR:PC:01:NC:PosCorr:Val_RBV
HXR:PC:01:NC:PosCorr:Acc_RBV
HXR:PC:01:NC:PosCorr:Desc_RBV
HXR:PC:01:NC:PosCorr:Name_RBV
HXR:PC:01:NC:PosCorr:TLastUp_RBV
HXR:PC:01:NC:PosCorr:EU_RBV
HXR:PC:01:NC:PosLagMonOn:Goal_RBV
HXR:PC:01:NC:PosLagMonOn:Goal
HXR:PC:01:NC:PosLagMonOn:Val_RBV
HXR:PC:01:NC:PosLagMonOn:Acc_RBV
HXR:PC:01:NC:PosLagMonOn:Desc_RBV
HXR:PC:01:NC:PosLagMonOn:Name_RBV
HXR:PC:01:NC:PosLagMonOn:TLastUp_RBV
HXR:PC:01:NC:PosLagMonOn:EU_RBV
HXR:PC:01:NC:PosRangeMonOn:Goal_RBV
HXR:PC:01:NC:PosRangeMonOn:Goal
HXR:PC:01:NC:PosRangeMonOn:Val_RBV
HXR:PC:01:NC:PosRangeMonOn:Acc_RBV
HXR:PC:01:NC:PosRangeMonOn:Desc_RBV
HXR:PC:01:NC:PosRangeMonOn:Name_RBV
HXR:PC:01:NC:PosRangeMonOn:TLastUp_RBV
HXR:PC:01:NC:PosRangeMonOn:EU_RBV
HXR:PC:01:NC:PosRangeWindow:Goal_RBV
HXR:PC:01:NC:PosRangeWindow:Goal
HXR:PC:01:NC:PosRangeWindow:Val_RBV
HXR:PC:01:NC:PosRangeWindow:Acc_RBV
HXR:PC:01:NC:PosRangeWindow:Desc_RBV
HXR:PC:01:NC:PosRangeWindow:Name_RBV
HXR:PC:01:NC:PosRangeWindow:TLastUp_RBV
HXR:PC:01:NC:PosRangeWindow:EU_RBV
HXR:PC:01:NC:PropFactorMoving:Goal_RBV
HXR:PC:01:NC:PropFactorMoving:Goal
HXR:PC:01:NC:PropFactorMoving:Val_RBV
HXR:PC:01:NC:PropFactorMoving:Acc_RBV
HXR:PC:01:NC:PropFactorMoving:Desc_RBV
HXR:PC:01:NC:PropFactorMoving:Name_RBV
HXR:PC:01:NC:PropFactorMoving:TLastUp_RBV
HXR:PC:01:NC:PropFactorMoving:EU_RBV
HXR:PC:01:NC:PropFactorStandstill:Goal_RBV
HXR:PC:01:NC:PropFactorStandstill:Goal
HXR:PC:01:NC:PropFactorStandstill:Val_RBV
HXR:PC:01:NC:PropFactorStandstill:Acc_RBV
HXR:PC:01:NC:PropFactorStandstill:Desc_RBV
HXR:PC:01:NC:PropFactorStandstill:Name_RBV
HXR:PC:01:NC:PropFactorStandstill:TLastUp_RBV
HXR:PC:01:NC:PropFactorStandstill:EU_RBV
HXR:PC:01:NC:RapidTraverseVelo:Goal_RBV
HXR:PC:01:NC:RapidTraverseVelo:Goal
HXR:PC:01:NC:RapidTraverseVelo:Val_RBV
HXR:PC:01:NC:RapidTraverseVelo:Acc_RBV
HXR:PC:01:NC:RapidTraverseVelo:Desc_RBV
HXR:PC:01:NC:RapidTraverseVelo:Name_RBV
HXR:PC:01:NC:RapidTraverseVelo:TLastUp_RBV
HXR:PC:01:NC:RapidTraverseVelo:EU_RBV
HXR:PC:01:NC:ReferenceMode:Goal_RBV
HXR:PC:01:NC:ReferenceMode:Goal
HXR:PC:01:NC:ReferenceMode:Val_RBV
HXR:PC:01:NC:ReferenceMode:Acc_RBV
HXR:PC:01:NC:ReferenceMode:Desc_RBV
HXR:PC:01:NC:ReferenceMode:Name_RBV
HXR:PC:01:NC:ReferenceMode:TLastUp_RBV
HXR:PC:01:NC:ReferenceMode:EU_RBV
HXR:PC:01:NC:RefVel:Goal_RBV
HXR:PC:01:NC:RefVel:Goal
HXR:PC:01:NC:RefVel:Val_RBV
HXR:PC:01:NC:RefVel:Acc_RBV
HXR:PC:01:NC:RefVel:Desc_RBV
HXR:PC:01:NC:RefVel:Name_RBV
HXR:PC:01:NC:RefVel:TLastUp_RBV
HXR:PC:01:NC:RefVel:EU_RBV
HXR:PC:01:NC:ScaleFactDenom:Goal_RBV
HXR:PC:01:NC:ScaleFactDenom:Goal
HXR:PC:01:NC:ScaleFactDenom:Val_RBV
HXR:PC:01:NC:ScaleFactDenom:Acc_RBV
HXR:PC:01:NC:ScaleFactDenom:Desc_RBV
HXR:PC:01:NC:ScaleFactDenom:Name_RBV
HXR:PC:01:NC:ScaleFactDenom:TLastUp_RBV
HXR:PC:01:NC:ScaleFactDenom:EU_RBV
HXR:PC:01:NC:ScaleFactNum:Goal_RBV
HXR:PC:01:NC:ScaleFactNum:Goal
HXR:PC:01:NC:ScaleFactNum:Val_RBV
HXR:PC:01:NC:ScaleFactNum:Acc_RBV
HXR:PC:01:NC:ScaleFactNum:Desc_RBV
HXR:PC:01:NC:ScaleFactNum:Name_RBV
HXR:PC:01:NC:ScaleFactNum:TLastUp_RBV
HXR:PC:01:NC:ScaleFactNum:EU_RBV
HXR:PC:01:NC:SlaveCouplingFactor:Goal_RBV
HXR:PC:01:NC:SlaveCouplingFactor:Goal
HXR:PC:01:NC:SlaveCouplingFactor:Val_RBV
HXR:PC:01:NC:SlaveCouplingFactor:Acc_RBV
HXR:PC:01:NC:SlaveCouplingFactor:Desc_RBV
HXR:PC:01:NC:SlaveCouplingFactor:Name_RBV
HXR:PC:01:NC:SlaveCouplingFactor:TLastUp_RBV
HXR:PC:01:NC:SlaveCouplingFactor:EU_RBV
HXR:PC:01:NC:SmoothFilterOrder:Goal_RBV
HXR:PC:01:NC:SmoothFilterOrder:Goal
HXR:PC:01:NC:SmoothFilterOrder:Val_RBV
HXR:PC:01:NC:SmoothFilterOrder:Acc_RBV
HXR:PC:01:NC:SmoothFilterOrder:Desc_RBV
HXR:PC:01:NC:SmoothFilterOrder:Name_RBV
HXR:PC:01:NC:SmoothFilterOrder:TLastUp_RBV
HXR:PC:01:NC:SmoothFilterOrder:EU_RBV
HXR:PC:01:NC:SmoothFilterTime:Goal_RBV
HXR:PC:01:NC:SmoothFilterTime:Goal
HXR:PC:01:NC:SmoothFilterTime:Val_RBV
HXR:PC:01:NC:SmoothFilterTime:Acc_RBV
HXR:PC:01:NC:SmoothFilterTime:Desc_RBV
HXR:PC:01:NC:SmoothFilterTime:Name_RBV
HXR:PC:01:NC:SmoothFilterTime:TLastUp_RBV
HXR:PC:01:NC:SmoothFilterTime:EU_RBV
HXR:PC:01:NC:SmoothFilterType:Goal_RBV
HXR:PC:01:NC:SmoothFilterType:Goal
HXR:PC:01:NC:SmoothFilterType:Val_RBV
HXR:PC:01:NC:SmoothFilterType:Acc_RBV
HXR:PC:01:NC:SmoothFilterType:Desc_RBV
HXR:PC:01:NC:SmoothFilterType:Name_RBV
HXR:PC:01:NC:SmoothFilterType:TLastUp_RBV
HXR:PC:01:NC:SmoothFilterType:EU_RBV
HXR:PC:01:NC:SoftPosMaxOn:Goal_RBV
HXR:PC:01:NC:SoftPosMaxOn:Goal
HXR:PC:01:NC:SoftPosMaxOn:Val_RBV
HXR:PC:01:NC:SoftPosMaxOn:Acc_RBV
HXR:PC:01:NC:SoftPosMaxOn:Desc_RBV
HXR:PC:01:NC:SoftPosMaxOn:Name_RBV
HXR:PC:01:NC:SoftPosMaxOn:TLastUp_RBV
HXR:PC:01:NC:SoftPosMaxOn:EU_RBV
HXR:PC:01:NC:SoftPosMinOn:Goal_RBV
HXR:PC:01:NC:SoftPosMinOn:Goal
HXR:PC:01:NC:SoftPosMinOn:Val_RBV
HXR:PC:01:NC:SoftPosMinOn:Acc_RBV
HXR:PC:01:NC:SoftPosMinOn:Desc_RBV
HXR:PC:01:NC:SoftPosMinOn:Name_RBV
HXR:PC:01:NC:SoftPosMinOn:TLastUp_RBV
HXR:PC:01:NC:SoftPosMinOn:EU_RBV
HXR:PC:01:NC:TargetPosMon:Goal_RBV
HXR:PC:01:NC:TargetPosMon:Goal
HXR:PC:01:NC:TargetPosMon:Val_RBV
HXR:PC:01:NC:TargetPosMon:Acc_RBV
HXR:PC:01:NC:TargetPosMon:Desc_RBV
HXR:PC:01:NC:TargetPosMon:Name_RBV
HXR:PC:01:NC:TargetPosMon:TLastUp_RBV
HXR:PC:01:NC:TargetPosMon:EU_RBV
HXR:PC:01:NC:TargetPosMonTime:Goal_RBV
HXR:PC:01:NC:TargetPosMonTime:Goal
HXR:PC:01:NC:TargetPosMonTime:Val_RBV
HXR:PC:01:NC:TargetPosMonTime:Acc_RBV
HXR:PC:01:NC:TargetPosMonTime:Desc_RBV
HXR:PC:01:NC:TargetPosMonTime:Name_RBV
HXR:PC:01:NC:TargetPosMonTime:TLastUp_RBV
HXR:PC:01:NC:TargetPosMonTime:EU_RBV
HXR:PC:01:NC:TargetPosWindow:Goal_RBV
HXR:PC:01:NC:TargetPosWindow:Goal
HXR:PC:01:NC:TargetPosWindow:Val_RBV
HXR:PC:01:NC:TargetPosWindow:Acc_RBV
HXR:PC:01:NC:TargetPosWindow:Desc_RBV
HXR:PC:01:NC:TargetPosWindow:Name_RBV
HXR:PC:01:NC:TargetPosWindow:TLastUp_RBV
HXR:PC:01:NC:TargetPosWindow:EU_RBV
HXR:PC:01:NC:ToleranceBallAuxAxis:Goal_RBV
HXR:PC:01:NC:ToleranceBallAuxAxis:Goal
HXR:PC:01:NC:ToleranceBallAuxAxis:Val_RBV
HXR:PC:01:NC:ToleranceBallAuxAxis:Acc_RBV
HXR:PC:01:NC:ToleranceBallAuxAxis:Desc_RBV
HXR:PC:01:NC:ToleranceBallAuxAxis:Name_RBV
HXR:PC:01:NC:ToleranceBallAuxAxis:TLastUp_RBV
HXR:PC:01:NC:ToleranceBallAuxAxis:EU_RBV
HXR:PC:01:NC:VeloJumpFactor:Goal_RBV
HXR:PC:01:NC:VeloJumpFactor:Goal
HXR:PC:01:NC:VeloJumpFactor:Val_RBV
HXR:PC:01:NC:VeloJumpFactor:Acc_RBV
HXR:PC:01:NC:VeloJumpFactor:Desc_RBV
HXR:PC:01:NC:VeloJumpFactor:Name_RBV
HXR:PC:01:NC:VeloJumpFactor:TLastUp_RBV
HXR:PC:01:NC:VeloJumpFactor:EU_RBV
HXR:PC:01:NC:VeloOverrideType:Goal_RBV
HXR:PC:01:NC:VeloOverrideType:Goal
HXR:PC:01:NC:VeloOverrideType:Val_RBV
HXR:PC:01:NC:VeloOverrideType:Acc_RBV
HXR:PC:01:NC:VeloOverrideType:Desc_RBV
HXR:PC:01:NC:VeloOverrideType:Name_RBV
HXR:PC:01:NC:VeloOverrideType:TLastUp_RBV
HXR:PC:01:NC:VeloOverrideType:EU_RBV
HXR:PC:01:NC:VeloThresh:Goal_RBV
HXR:PC:01:NC:VeloThresh:Goal
HXR:PC:01:NC:VeloThresh:Val_RBV
HXR:PC:01:NC:VeloThresh:Acc_RBV
HXR:PC:01:NC:VeloThresh:Desc_RBV
HXR:PC:01:NC:VeloThresh:Name_RBV
HXR:PC:01:NC:VeloThresh:TLastUp_RBV
HXR:PC:01:NC:VeloThresh:EU_RBV
HXR:PC:02:NC:AllowMotionCommandsExternalAxis:Goal_RBV
HXR:PC:02:NC:AllowMotionCommandsExternalAxis:Goal
HXR:PC:02:NC:AllowMotionCommandsExternalAxis:Val_RBV
HXR:PC:02:NC:AllowMotionCommandsExternalAxis:Acc_RBV
HXR:PC:02:NC:AllowMotionCommandsExternalAxis:Desc_RBV
HXR:PC:02:NC:AllowMotionCommandsExternalAxis:Name_RBV
HXR:PC:02:NC:AllowMotionCommandsExternalAxis:TLastUp_RBV
HXR:PC:02:NC:AllowMotionCommandsExternalAxis:EU_RBV
HXR:PC:02:NC:AllowMotionCommandsSlaveAxis:Goal_RBV
HXR:PC:02:NC:AllowMotionCommandsSlaveAxis:Goal
HXR:PC:02:NC:AllowMotionCommandsSlaveAxis:Val_RBV
HXR:PC:02:NC:AllowMotionCommandsSlaveAxis:Acc_RBV
HXR:PC:02:NC:AllowMotionCommandsSlaveAxis:Desc_RBV
HXR:PC:02:NC:AllowMotionCommandsSlaveAxis:Name_RBV
HXR:PC:02:NC:AllowMotionCommandsSlaveAxis:TLastUp_RBV
HXR:PC:02:NC:AllowMotionCommandsSlaveAxis:EU_RBV
HXR:PC:02:NC:AutoOffset:Goal_RBV
HXR:PC:02:NC:AutoOffset:Goal
HXR:PC:02:NC:AutoOffset:Val_RBV
HXR:PC:02:NC:AutoOffset:Acc_RBV
HXR:PC:02:NC:AutoOffset:Desc_RBV
HXR:PC:02:NC:AutoOffset:Name_RBV
HXR:PC:02:NC:AutoOffset:TLastUp_RBV
HXR:PC:02:NC:AutoOffset:EU_RBV
HXR:PC:02:NC:Backlash:Goal_RBV
HXR:PC:02:NC:Backlash:Goal
HXR:PC:02:NC:Backlash:Val_RBV
HXR:PC:02:NC:Backlash:Acc_RBV
HXR:PC:02:NC:Backlash:Desc_RBV
HXR:PC:02:NC:Backlash:Name_RBV
HXR:PC:02:NC:Backlash:TLastUp_RBV
HXR:PC:02:NC:Backlash:EU_RBV
HXR:PC:02:NC:ControllerMode:Goal_RBV
HXR:PC:02:NC:ControllerMode:Goal
HXR:PC:02:NC:ControllerMode:Val_RBV
HXR:PC:02:NC:ControllerMode:Acc_RBV
HXR:PC:02:NC:ControllerMode:Desc_RBV
HXR:PC:02:NC:ControllerMode:Name_RBV
HXR:PC:02:NC:ControllerMode:TLastUp_RBV
HXR:PC:02:NC:ControllerMode:EU_RBV
HXR:PC:02:NC:ControllerOutputLimit:Goal_RBV
HXR:PC:02:NC:ControllerOutputLimit:Goal
HXR:PC:02:NC:ControllerOutputLimit:Val_RBV
HXR:PC:02:NC:ControllerOutputLimit:Acc_RBV
HXR:PC:02:NC:ControllerOutputLimit:Desc_RBV
HXR:PC:02:NC:ControllerOutputLimit:Name_RBV
HXR:PC:02:NC:ControllerOutputLimit:TLastUp_RBV
HXR:PC:02:NC:ControllerOutputLimit:EU_RBV
HXR:PC:02:NC:CoupleSlaveActualValues:Goal_RBV
HXR:PC:02:NC:CoupleSlaveActualValues:Goal
HXR:PC:02:NC:CoupleSlaveActualValues:Val_RBV
HXR:PC:02:NC:CoupleSlaveActualValues:Acc_RBV
HXR:PC:02:NC:CoupleSlaveActualValues:Desc_RBV
HXR:PC:02:NC:CoupleSlaveActualValues:Name_RBV
HXR:PC:02:NC:CoupleSlaveActualValues:TLastUp_RBV
HXR:PC:02:NC:CoupleSlaveActualValues:EU_RBV
HXR:PC:02:NC:DeadBandPos:Goal_RBV
HXR:PC:02:NC:DeadBandPos:Goal
HXR:PC:02:NC:DeadBandPos:Val_RBV
HXR:PC:02:NC:DeadBandPos:Acc_RBV
HXR:PC:02:NC:DeadBandPos:Desc_RBV
HXR:PC:02:NC:DeadBandPos:Name_RBV
HXR:PC:02:NC:DeadBandPos:TLastUp_RBV
HXR:PC:02:NC:DeadBandPos:EU_RBV
HXR:PC:02:NC:DeadTimeComp:Goal_RBV
HXR:PC:02:NC:DeadTimeComp:Goal
HXR:PC:02:NC:DeadTimeComp:Val_RBV
HXR:PC:02:NC:DeadTimeComp:Acc_RBV
HXR:PC:02:NC:DeadTimeComp:Desc_RBV
HXR:PC:02:NC:DeadTimeComp:Name_RBV
HXR:PC:02:NC:DeadTimeComp:TLastUp_RBV
HXR:PC:02:NC:DeadTimeComp:EU_RBV
HXR:PC:02:NC:DefAcc:Goal_RBV
HXR:PC:02:NC:DefAcc:Goal
HXR:PC:02:NC:DefAcc:Val_RBV
HXR:PC:02:NC:DefAcc:Acc_RBV
HXR:PC:02:NC:DefAcc:Desc_RBV
HXR:PC:02:NC:DefAcc:Name_RBV
HXR:PC:02:NC:DefAcc:TLastUp_RBV
HXR:PC:02:NC:DefAcc:EU_RBV
HXR:PC:02:NC:DefDec:Goal_RBV
HXR:PC:02:NC:DefDec:Goal
HXR:PC:02:NC:DefDec:Val_RBV
HXR:PC:02:NC:DefDec:Acc_RBV
HXR:PC:02:NC:DefDec:Desc_RBV
HXR:PC:02:NC:DefDec:Name_RBV
HXR:PC:02:NC:DefDec:TLastUp_RBV
HXR:PC:02:NC:DefDec:EU_RBV
HXR:PC:02:NC:DefJerk:Goal_RBV
HXR:PC:02:NC:DefJerk:Goal
HXR:PC:02:NC:DefJerk:Val_RBV
HXR:PC:02:NC:DefJerk:Acc_RBV
HXR:PC:02:NC:DefJerk:Desc_RBV
HXR:PC:02:NC:DefJerk:Name_RBV
HXR:PC:02:NC:DefJerk:TLastUp_RBV
HXR:PC:02:NC:DefJerk:EU_RBV
HXR:PC:02:NC:DriftCompensation:Goal_RBV
HXR:PC:02:NC:DriftCompensation:Goal
HXR:PC:02:NC:DriftCompensation:Val_RBV
HXR:PC:02:NC:DriftCompensation:Acc_RBV
HXR:PC:02:NC:DriftCompensation:Desc_RBV
HXR:PC:02:NC:DriftCompensation:Name_RBV
HXR:PC:02:NC:DriftCompensation:TLastUp_RBV
HXR:PC:02:NC:DriftCompensation:EU_RBV
HXR:PC:02:NC:DriveMode:Goal_RBV
HXR:PC:02:NC:DriveMode:Goal
HXR:PC:02:NC:DriveMode:Val_RBV
HXR:PC:02:NC:DriveMode:Acc_RBV
HXR:PC:02:NC:DriveMode:Desc_RBV
HXR:PC:02:NC:DriveMode:Name_RBV
HXR:PC:02:NC:DriveMode:TLastUp_RBV
HXR:PC:02:NC:DriveMode:EU_RBV
HXR:PC:02:NC:EncoderMode:Goal_RBV
HXR:PC:02:NC:EncoderMode:Goal
HXR:PC:02:NC:EncoderMode:Val_RBV
HXR:PC:02:NC:EncoderMode:Acc_RBV
HXR:PC:02:NC:EncoderMode:Desc_RBV
HXR:PC:02:NC:EncoderMode:Name_RBV
HXR:PC:02:NC:EncoderMode:TLastUp_RBV
HXR:PC:02:NC:EncoderMode:EU_RBV
HXR:PC:02:NC:EncoderRefSys:Goal_RBV
HXR:PC:02:NC:EncoderRefSys:Goal
HXR:PC:02:NC:EncoderRefSys:Val_RBV
HXR:PC:02:NC:EncoderRefSys:Acc_RBV
HXR:PC:02:NC:EncoderRefSys:Desc_RBV
HXR:PC:02:NC:EncoderRefSys:Name_RBV
HXR:PC:02:NC:EncoderRefSys:TLastUp_RBV
HXR:PC:02:NC:EncoderRefSys:EU_RBV
HXR:PC:02:NC:EncoderSubMask:Goal_RBV
HXR:PC:02:NC:EncoderSubMask:Goal
HXR:PC:02:NC:EncoderSubMask:Val_RBV
HXR:PC:02:NC:EncoderSubMask:Acc_RBV
HXR:PC:02:NC:EncoderSubMask:Desc_RBV
HXR:PC:02:NC:EncoderSubMask:Name_RBV
HXR:PC:02:NC:EncoderSubMask:TLastUp_RBV
HXR:PC:02:NC:EncoderSubMask:EU_RBV
HXR:PC:02:NC:ErrPropDelay:Goal_RBV
HXR:PC:02:NC:ErrPropDelay:Goal
HXR:PC:02:NC:ErrPropDelay:Val_RBV
HXR:PC:02:NC:ErrPropDelay:Acc_RBV
HXR:PC:02:NC:ErrPropDelay:Desc_RBV
HXR:PC:02:NC:ErrPropDelay:Name_RBV
HXR:PC:02:NC:ErrPropDelay:TLastUp_RBV
HXR:PC:02:NC:ErrPropDelay:EU_RBV
HXR:PC:02:NC:ErrPropMode:Goal_RBV
HXR:PC:02:NC:ErrPropMode:Goal
HXR:PC:02:NC:ErrPropMode:Val_RBV
HXR:PC:02:NC:ErrPropMode:Acc_RBV
HXR:PC:02:NC:ErrPropMode:Desc_RBV
HXR:PC:02:NC:ErrPropMode:Name_RBV
HXR:PC:02:NC:ErrPropMode:TLastUp_RBV
HXR:PC:02:NC:ErrPropMode:EU_RBV
HXR:PC:02:NC:EvalDir:Goal_RBV
HXR:PC:02:NC:EvalDir:Goal
HXR:PC:02:NC:EvalDir:Val_RBV
HXR:PC:02:NC:EvalDir:Acc_RBV
HXR:PC:02:NC:EvalDir:Desc_RBV
HXR:PC:02:NC:EvalDir:Name_RBV
HXR:PC:02:NC:EvalDir:TLastUp_RBV
HXR:PC:02:NC:EvalDir:EU_RBV
HXR:PC:02:NC:FastAcc:Goal_RBV
HXR:PC:02:NC:FastAcc:Goal
HXR:PC:02:NC:FastAcc:Val_RBV
HXR:PC:02:NC:FastAcc:Acc_RBV
HXR:PC:02:NC:FastAcc:Desc_RBV
HXR:PC:02:NC:FastAcc:Name_RBV
HXR:PC:02:NC:FastAcc:TLastUp_RBV
HXR:PC:02:NC:FastAcc:EU_RBV
HXR:PC:02:NC:FastDec:Goal_RBV
HXR:PC:02:NC:FastDec:Goal
HXR:PC:02:NC:FastDec:Val_RBV
HXR:PC:02:NC:FastDec:Acc_RBV
HXR:PC:02:NC:FastDec:Desc_RBV
HXR:PC:02:NC:FastDec:Name_RBV
HXR:PC:02:NC:FastDec:TLastUp_RBV
HXR:PC:02:NC:FastDec:EU_RBV
HXR:PC:02:NC:FastJerk:Goal_RBV
HXR:PC:02:NC:FastJerk:Goal
HXR:PC:02:NC:FastJerk:Val_RBV
HXR:PC:02:NC:FastJerk:Acc_RBV
HXR:PC:02:NC:FastJerk:Desc_RBV
HXR:PC:02:NC:FastJerk:Name_RBV
HXR:PC:02:NC:FastJerk:TLastUp_RBV
HXR:PC:02:NC:FastJerk:EU_RBV
HXR:PC:02:NC:FastStopSignalType:Goal_RBV
HXR:PC:02:NC:FastStopSignalType:Goal
HXR:PC:02:NC:FastStopSignalType:Val_RBV
HXR:PC:02:NC:FastStopSignalType:Acc_RBV
HXR:PC:02:NC:FastStopSignalType:Desc_RBV
HXR:PC:02:NC:FastStopSignalType:Name_RBV
HXR:PC:02:NC:FastStopSignalType:TLastUp_RBV
HXR:PC:02:NC:FastStopSignalType:EU_RBV
HXR:PC:02:NC:FeedFwdAccFactor:Goal_RBV
HXR:PC:02:NC:FeedFwdAccFactor:Goal
HXR:PC:02:NC:FeedFwdAccFactor:Val_RBV
HXR:PC:02:NC:FeedFwdAccFactor:Acc_RBV
HXR:PC:02:NC:FeedFwdAccFactor:Desc_RBV
HXR:PC:02:NC:FeedFwdAccFactor:Name_RBV
HXR:PC:02:NC:FeedFwdAccFactor:TLastUp_RBV
HXR:PC:02:NC:FeedFwdAccFactor:EU_RBV
HXR:PC:02:NC:FeedFwdVeloWeight:Goal_RBV
HXR:PC:02:NC:FeedFwdVeloWeight:Goal
HXR:PC:02:NC:FeedFwdVeloWeight:Val_RBV
HXR:PC:02:NC:FeedFwdVeloWeight:Acc_RBV
HXR:PC:02:NC:FeedFwdVeloWeight:Desc_RBV
HXR:PC:02:NC:FeedFwdVeloWeight:Name_RBV
HXR:PC:02:NC:FeedFwdVeloWeight:TLastUp_RBV
HXR:PC:02:NC:FeedFwdVeloWeight:EU_RBV
HXR:PC:02:NC:FilterTimeActAcc:Goal_RBV
HXR:PC:02:NC:FilterTimeActAcc:Goal
HXR:PC:02:NC:FilterTimeActAcc:Val_RBV
HXR:PC:02:NC:FilterTimeActAcc:Acc_RBV
HXR:PC:02:NC:FilterTimeActAcc:Desc_RBV
HXR:PC:02:NC:FilterTimeActAcc:Name_RBV
HXR:PC:02:NC:FilterTimeActAcc:TLastUp_RBV
HXR:PC:02:NC:FilterTimeActAcc:EU_RBV
HXR:PC:02:NC:FilterTimeActPos:Goal_RBV
HXR:PC:02:NC:FilterTimeActPos:Goal
HXR:PC:02:NC:FilterTimeActPos:Val_RBV
HXR:PC:02:NC:FilterTimeActPos:Acc_RBV
HXR:PC:02:NC:FilterTimeActPos:Desc_RBV
HXR:PC:02:NC:FilterTimeActPos:Name_RBV
HXR:PC:02:NC:FilterTimeActPos:TLastUp_RBV
HXR:PC:02:NC:FilterTimeActPos:EU_RBV
HXR:PC:02:NC:FilterTimeActVelo:Goal_RBV
HXR:PC:02:NC:FilterTimeActVelo:Goal
HXR:PC:02:NC:FilterTimeActVelo:Val_RBV
HXR:PC:02:NC:FilterTimeActVelo:Acc_RBV
HXR:PC:02:NC:FilterTimeActVelo:Desc_RBV
HXR:PC:02:NC:FilterTimeActVelo:Name_RBV
HXR:PC:02:NC:FilterTimeActVelo:TLastUp_RBV
HXR:PC:02:NC:FilterTimeActVelo:EU_RBV
HXR:PC:02:NC:FilterTimePosCorr:Goal_RBV
HXR:PC:02:NC:FilterTimePosCorr:Goal
HXR:PC:02:NC:FilterTimePosCorr:Val_RBV
HXR:PC:02:NC:FilterTimePosCorr:Acc_RBV
HXR:PC:02:NC:FilterTimePosCorr:Desc_RBV
HXR:PC:02:NC:FilterTimePosCorr:Name_RBV
HXR:PC:02:NC:FilterTimePosCorr:TLastUp_RBV
HXR:PC:02:NC:FilterTimePosCorr:EU_RBV
HXR:PC:02:NC:FollowingErrCalc:Goal_RBV
HXR:PC:02:NC:FollowingErrCalc:Goal
HXR:PC:02:NC:FollowingErrCalc:Val_RBV
HXR:PC:02:NC:FollowingErrCalc:Acc_RBV
HXR:PC:02:NC:FollowingErrCalc:Desc_RBV
HXR:PC:02:NC:FollowingErrCalc:Name_RBV
HXR:PC:02:NC:FollowingErrCalc:TLastUp_RBV
HXR:PC:02:NC:FollowingErrCalc:EU_RBV
HXR:PC:02:NC:HomePos:Goal_RBV
HXR:PC:02:NC:HomePos:Goal
HXR:PC:02:NC:HomePos:Val_RBV
HXR:PC:02:NC:HomePos:Acc_RBV
HXR:PC:02:NC:HomePos:Desc_RBV
HXR:PC:02:NC:HomePos:Name_RBV
HXR:PC:02:NC:HomePos:TLastUp_RBV
HXR:PC:02:NC:HomePos:EU_RBV
HXR:PC:02:NC:HomingSensorSource:Goal_RBV
HXR:PC:02:NC:HomingSensorSource:Goal
HXR:PC:02:NC:HomingSensorSource:Val_RBV
HXR:PC:02:NC:HomingSensorSource:Acc_RBV
HXR:PC:02:NC:HomingSensorSource:Desc_RBV
HXR:PC:02:NC:HomingSensorSource:Name_RBV
HXR:PC:02:NC:HomingSensorSource:TLastUp_RBV
HXR:PC:02:NC:HomingSensorSource:EU_RBV
HXR:PC:02:NC:HomVelOffCam:Goal_RBV
HXR:PC:02:NC:HomVelOffCam:Goal
HXR:PC:02:NC:HomVelOffCam:Val_RBV
HXR:PC:02:NC:HomVelOffCam:Acc_RBV
HXR:PC:02:NC:HomVelOffCam:Desc_RBV
HXR:PC:02:NC:HomVelOffCam:Name_RBV
HXR:PC:02:NC:HomVelOffCam:TLastUp_RBV
HXR:PC:02:NC:HomVelOffCam:EU_RBV
HXR:PC:02:NC:HomVelToCam:Goal_RBV
HXR:PC:02:NC:HomVelToCam:Goal
HXR:PC:02:NC:HomVelToCam:Val_RBV
HXR:PC:02:NC:HomVelToCam:Acc_RBV
HXR:PC:02:NC:HomVelToCam:Desc_RBV
HXR:PC:02:NC:HomVelToCam:Name_RBV
HXR:PC:02:NC:HomVelToCam:TLastUp_RBV
HXR:PC:02:NC:HomVelToCam:EU_RBV
HXR:PC:02:NC:InTargetAlarm:Goal_RBV
HXR:PC:02:NC:InTargetAlarm:Goal
HXR:PC:02:NC:InTargetAlarm:Val_RBV
HXR:PC:02:NC:InTargetAlarm:Acc_RBV
HXR:PC:02:NC:InTargetAlarm:Desc_RBV
HXR:PC:02:NC:InTargetAlarm:Name_RBV
HXR:PC:02:NC:InTargetAlarm:TLastUp_RBV
HXR:PC:02:NC:InTargetAlarm:EU_RBV
HXR:PC:02:NC:InTargetTimeout:Goal_RBV
HXR:PC:02:NC:InTargetTimeout:Goal
HXR:PC:02:NC:InTargetTimeout:Val_RBV
HXR:PC:02:NC:InTargetTimeout:Acc_RBV
HXR:PC:02:NC:InTargetTimeout:Desc_RBV
HXR:PC:02:NC:InTargetTimeout:Name_RBV
HXR:PC:02:NC:InTargetTimeout:TLastUp_RBV
HXR:PC:02:NC:InTargetTimeout:EU_RBV
HXR:PC:02:NC:InputFilterTorqueDerivative:Goal_RBV
HXR:PC:02:NC:InputFilterTorqueDerivative:Goal
HXR:PC:02:NC:InputFilterTorqueDerivative:Val_RBV
HXR:PC:02:NC:InputFilterTorqueDerivative:Acc_RBV
HXR:PC:02:NC:InputFilterTorqueDerivative:Desc_RBV
HXR:PC:02:NC:InputFilterTorqueDerivative:Name_RBV
HXR:PC:02:NC:InputFilterTorqueDerivative:TLastUp_RBV
HXR:PC:02:NC:InputFilterTorqueDerivative:EU_RBV
HXR:PC:02:NC:InputFilterTimeTorque:Goal_RBV
HXR:PC:02:NC:InputFilterTimeTorque:Goal
HXR:PC:02:NC:InputFilterTimeTorque:Val_RBV
HXR:PC:02:NC:InputFilterTimeTorque:Acc_RBV
HXR:PC:02:NC:InputFilterTimeTorque:Desc_RBV
HXR:PC:02:NC:InputFilterTimeTorque:Name_RBV
HXR:PC:02:NC:InputFilterTimeTorque:TLastUp_RBV
HXR:PC:02:NC:InputFilterTimeTorque:EU_RBV
HXR:PC:02:NC:InputScaleTorque:Goal_RBV
HXR:PC:02:NC:InputScaleTorque:Goal
HXR:PC:02:NC:InputScaleTorque:Val_RBV
HXR:PC:02:NC:InputScaleTorque:Acc_RBV
HXR:PC:02:NC:InputScaleTorque:Desc_RBV
HXR:PC:02:NC:InputScaleTorque:Name_RBV
HXR:PC:02:NC:InputScaleTorque:TLastUp_RBV
HXR:PC:02:NC:InputScaleTorque:EU_RBV
HXR:PC:02:NC:InvDirHomSenSearch:Goal_RBV
HXR:PC:02:NC:InvDirHomSenSearch:Goal
HXR:PC:02:NC:InvDirHomSenSearch:Val_RBV
HXR:PC:02:NC:InvDirHomSenSearch:Acc_RBV
HXR:PC:02:NC:InvDirHomSenSearch:Desc_RBV
HXR:PC:02:NC:InvDirHomSenSearch:Name_RBV
HXR:PC:02:NC:InvDirHomSenSearch:TLastUp_RBV
HXR:PC:02:NC:InvDirHomSenSearch:EU_RBV
HXR:PC:02:NC:InvDirSyncImpSearch:Goal_RBV
HXR:PC:02:NC:InvDirSyncImpSearch:Goal
HXR:PC:02:NC:InvDirSyncImpSearch:Val_RBV
HXR:PC:02:NC:InvDirSyncImpSearch:Acc_RBV
HXR:PC:02:NC:InvDirSyncImpSearch:Desc_RBV
HXR:PC:02:NC:InvDirSyncImpSearch:Name_RBV
HXR:PC:02:NC:InvDirSyncImpSearch:TLastUp_RBV
HXR:PC:02:NC:InvDirSyncImpSearch:EU_RBV
HXR:PC:02:NC:InvEncDir:Goal_RBV
HXR:PC:02:NC:InvEncDir:Goal
HXR:PC:02:NC:InvEncDir:Val_RBV
HXR:PC:02:NC:InvEncDir:Acc_RBV
HXR:PC:02:NC:InvEncDir:Desc_RBV
HXR:PC:02:NC:InvEncDir:Name_RBV
HXR:PC:02:NC:InvEncDir:TLastUp_RBV
HXR:PC:02:NC:InvEncDir:EU_RBV
HXR:PC:02:NC:InvMotorPol:Goal_RBV
HXR:PC:02:NC:InvMotorPol:Goal
HXR:PC:02:NC:InvMotorPol:Val_RBV
HXR:PC:02:NC:InvMotorPol:Acc_RBV
HXR:PC:02:NC:InvMotorPol:Desc_RBV
HXR:PC:02:NC:InvMotorPol:Name_RBV
HXR:PC:02:NC:InvMotorPol:TLastUp_RBV
HXR:PC:02:NC:InvMotorPol:EU_RBV
HXR:PC:02:NC:JogIncBwd:Goal_RBV
HXR:PC:02:NC:JogIncBwd:Goal
HXR:PC:02:NC:JogIncBwd:Val_RBV
HXR:PC:02:NC:JogIncBwd:Acc_RBV
HXR:PC:02:NC:JogIncBwd:Desc_RBV
HXR:PC:02:NC:JogIncBwd:Name_RBV
HXR:PC:02:NC:JogIncBwd:TLastUp_RBV
HXR:PC:02:NC:JogIncBwd:EU_RBV
HXR:PC:02:NC:JogIncFwd:Goal_RBV
HXR:PC:02:NC:JogIncFwd:Goal
HXR:PC:02:NC:JogIncFwd:Val_RBV
HXR:PC:02:NC:JogIncFwd:Acc_RBV
HXR:PC:02:NC:JogIncFwd:Desc_RBV
HXR:PC:02:NC:JogIncFwd:Name_RBV
HXR:PC:02:NC:JogIncFwd:TLastUp_RBV
HXR:PC:02:NC:JogIncFwd:EU_RBV
HXR:PC:02:NC:ManVelFast:Goal_RBV
HXR:PC:02:NC:ManVelFast:Goal
HXR:PC:02:NC:ManVelFast:Val_RBV
HXR:PC:02:NC:ManVelFast:Acc_RBV
HXR:PC:02:NC:ManVelFast:Desc_RBV
HXR:PC:02:NC:ManVelFast:Name_RBV
HXR:PC:02:NC:ManVelFast:TLastUp_RBV
HXR:PC:02:NC:ManVelFast:EU_RBV
HXR:PC:02:NC:ManVelSlow:Goal_RBV
HXR:PC:02:NC:ManVelSlow:Goal
HXR:PC:02:NC:ManVelSlow:Val_RBV
HXR:PC:02:NC:ManVelSlow:Acc_RBV
HXR:PC:02:NC:ManVelSlow:Desc_RBV
HXR:PC:02:NC:ManVelSlow:Name_RBV
HXR:PC:02:NC:ManVelSlow:TLastUp_RBV
HXR:PC:02:NC:ManVelSlow:EU_RBV
HXR:PC:02:NC:MaxPosDevAuxAxis:Goal_RBV
HXR:PC:02:NC:MaxPosDevAuxAxis:Goal
HXR:PC:02:NC:MaxPosDevAuxAxis:Val_RBV
HXR:PC:02:NC:MaxPosDevAuxAxis:Acc_RBV
HXR:PC:02:NC:MaxPosDevAuxAxis:Desc_RBV
HXR:PC:02:NC:MaxPosDevAuxAxis:Name_RBV
HXR:PC:02:NC:MaxPosDevAuxAxis:TLastUp_RBV
HXR:PC:02:NC:MaxPosDevAuxAxis:EU_RBV
HXR:PC:02:NC:MaxAcc:Goal_RBV
HXR:PC:02:NC:MaxAcc:Goal
HXR:PC:02:NC:MaxAcc:Val_RBV
HXR:PC:02:NC:MaxAcc:Acc_RBV
HXR:PC:02:NC:MaxAcc:Desc_RBV
HXR:PC:02:NC:MaxAcc:Name_RBV
HXR:PC:02:NC:MaxAcc:TLastUp_RBV
HXR:PC:02:NC:MaxAcc:EU_RBV
HXR:PC:02:NC:MaxDec:Goal_RBV
HXR:PC:02:NC:MaxDec:Goal
HXR:PC:02:NC:MaxDec:Val_RBV
HXR:PC:02:NC:MaxDec:Acc_RBV
HXR:PC:02:NC:MaxDec:Desc_RBV
HXR:PC:02:NC:MaxDec:Name_RBV
HXR:PC:02:NC:MaxDec:TLastUp_RBV
HXR:PC:02:NC:MaxDec:EU_RBV
HXR:PC:02:NC:MaxDriveOutputLim:Goal_RBV
HXR:PC:02:NC:MaxDriveOutputLim:Goal
HXR:PC:02:NC:MaxDriveOutputLim:Val_RBV
HXR:PC:02:NC:MaxDriveOutputLim:Acc_RBV
HXR:PC:02:NC:MaxDriveOutputLim:Desc_RBV
HXR:PC:02:NC:MaxDriveOutputLim:Name_RBV
HXR:PC:02:NC:MaxDriveOutputLim:TLastUp_RBV
HXR:PC:02:NC:MaxDriveOutputLim:EU_RBV
HXR:PC:02:NC:MaxPos:Goal_RBV
HXR:PC:02:NC:MaxPos:Goal
HXR:PC:02:NC:MaxPos:Val_RBV
HXR:PC:02:NC:MaxPos:Acc_RBV
HXR:PC:02:NC:MaxPos:Desc_RBV
HXR:PC:02:NC:MaxPos:Name_RBV
HXR:PC:02:NC:MaxPos:TLastUp_RBV
HXR:PC:02:NC:MaxPos:EU_RBV
HXR:PC:02:NC:MaxPosLagFilterTime:Goal_RBV
HXR:PC:02:NC:MaxPosLagFilterTime:Goal
HXR:PC:02:NC:MaxPosLagFilterTime:Val_RBV
HXR:PC:02:NC:MaxPosLagFilterTime:Acc_RBV
HXR:PC:02:NC:MaxPosLagFilterTime:Desc_RBV
HXR:PC:02:NC:MaxPosLagFilterTime:Name_RBV
HXR:PC:02:NC:MaxPosLagFilterTime:TLastUp_RBV
HXR:PC:02:NC:MaxPosLagFilterTime:EU_RBV
HXR:PC:02:NC:MaxPosLagVal:Goal_RBV
HXR:PC:02:NC:MaxPosLagVal:Goal
HXR:PC:02:NC:MaxPosLagVal:Val_RBV
HXR:PC:02:NC:MaxPosLagVal:Acc_RBV
HXR:PC:02:NC:MaxPosLagVal:Desc_RBV
HXR:PC:02:NC:MaxPosLagVal:Name_RBV
HXR:PC:02:NC:MaxPosLagVal:TLastUp_RBV
HXR:PC:02:NC:MaxPosLagVal:EU_RBV
HXR:PC:02:NC:MaxVel:Goal_RBV
HXR:PC:02:NC:MaxVel:Goal
HXR:PC:02:NC:MaxVel:Val_RBV
HXR:PC:02:NC:MaxVel:Acc_RBV
HXR:PC:02:NC:MaxVel:Desc_RBV
HXR:PC:02:NC:MaxVel:Name_RBV
HXR:PC:02:NC:MaxVel:TLastUp_RBV
HXR:PC:02:NC:MaxVel:EU_RBV
HXR:PC:02:NC:MinDriveOutputLim:Goal_RBV
HXR:PC:02:NC:MinDriveOutputLim:Goal
HXR:PC:02:NC:MinDriveOutputLim:Val_RBV
HXR:PC:02:NC:MinDriveOutputLim:Acc_RBV
HXR:PC:02:NC:MinDriveOutputLim:Desc_RBV
HXR:PC:02:NC:MinDriveOutputLim:Name_RBV
HXR:PC:02:NC:MinDriveOutputLim:TLastUp_RBV
HXR:PC:02:NC:MinDriveOutputLim:EU_RBV
HXR:PC:02:NC:MinPos:Goal_RBV
HXR:PC:02:NC:MinPos:Goal
HXR:PC:02:NC:MinPos:Val_RBV
HXR:PC:02:NC:MinPos:Acc_RBV
HXR:PC:02:NC:MinPos:Desc_RBV
HXR:PC:02:NC:MinPos:Name_RBV
HXR:PC:02:NC:MinPos:TLastUp_RBV
HXR:PC:02:NC:MinPos:EU_RBV
HXR:PC:02:NC:ModuloFactor:Goal_RBV
HXR:PC:02:NC:ModuloFactor:Goal
HXR:PC:02:NC:ModuloFactor:Val_RBV
HXR:PC:02:NC:ModuloFactor:Acc_RBV
HXR:PC:02:NC:ModuloFactor:Desc_RBV
HXR:PC:02:NC:ModuloFactor:Name_RBV
HXR:PC:02:NC:ModuloFactor:TLastUp_RBV
HXR:PC:02:NC:ModuloFactor:EU_RBV
HXR:PC:02:NC:ModuloStartTolWin:Goal_RBV
HXR:PC:02:NC:ModuloStartTolWin:Goal
HXR:PC:02:NC:ModuloStartTolWin:Val_RBV
HXR:PC:02:NC:ModuloStartTolWin:Acc_RBV
HXR:PC:02:NC:ModuloStartTolWin:Desc_RBV
HXR:PC:02:NC:ModuloStartTolWin:Name_RBV
HXR:PC:02:NC:ModuloStartTolWin:TLastUp_RBV
HXR:PC:02:NC:ModuloStartTolWin:EU_RBV
HXR:PC:02:NC:MotionMon:Goal_RBV
HXR:PC:02:NC:MotionMon:Goal
HXR:PC:02:NC:MotionMon:Val_RBV
HXR:PC:02:NC:MotionMon:Acc_RBV
HXR:PC:02:NC:MotionMon:Desc_RBV
HXR:PC:02:NC:MotionMon:Name_RBV
HXR:PC:02:NC:MotionMon:TLastUp_RBV
HXR:PC:02:NC:MotionMon:EU_RBV
HXR:PC:02:NC:MotionMonTime:Goal_RBV
HXR:PC:02:NC:MotionMonTime:Goal
HXR:PC:02:NC:MotionMonTime:Val_RBV
HXR:PC:02:NC:MotionMonTime:Acc_RBV
HXR:PC:02:NC:MotionMonTime:Desc_RBV
HXR:PC:02:NC:MotionMonTime:Name_RBV
HXR:PC:02:NC:MotionMonTime:TLastUp_RBV
HXR:PC:02:NC:MotionMonTime:EU_RBV
HXR:PC:02:NC:MotionMonWindow:Goal_RBV
HXR:PC:02:NC:MotionMonWindow:Goal
HXR:PC:02:NC:MotionMonWindow:Val_RBV
HXR:PC:02:NC:MotionMonWindow:Acc_RBV
HXR:PC:02:NC:MotionMonWindow:Desc_RBV
HXR:PC:02:NC:MotionMonWindow:Name_RBV
HXR:PC:02:NC:MotionMonWindow:TLastUp_RBV
HXR:PC:02:NC:MotionMonWindow:EU_RBV
HXR:PC:02:NC:OffsetLimit:Goal_RBV
HXR:PC:02:NC:OffsetLimit:Goal
HXR:PC:02:NC:OffsetLimit:Val_RBV
HXR:PC:02:NC:OffsetLimit:Acc_RBV
HXR:PC:02:NC:OffsetLimit:Desc_RBV
HXR:PC:02:NC:OffsetLimit:Name_RBV
HXR:PC:02:NC:OffsetLimit:TLastUp_RBV
HXR:PC:02:NC:OffsetLimit:EU_RBV
HXR:PC:02:NC:OffsetTimer:Goal_RBV
HXR:PC:02:NC:OffsetTimer:Goal
HXR:PC:02:NC:OffsetTimer:Val_RBV
HXR:PC:02:NC:OffsetTimer:Acc_RBV
HXR:PC:02:NC:OffsetTimer:Desc_RBV
HXR:PC:02:NC:OffsetTimer:Name_RBV
HXR:PC:02:NC:OffsetTimer:TLastUp_RBV
HXR:PC:02:NC:OffsetTimer:EU_RBV
HXR:PC:02:NC:OutputDelayAcceleration:Goal_RBV
HXR:PC:02:NC:OutputDelayAcceleration:Goal
HXR:PC:02:NC:OutputDelayAcceleration:Val_RBV
HXR:PC:02:NC:OutputDelayAcceleration:Acc_RBV
HXR:PC:02:NC:OutputDelayAcceleration:Desc_RBV
HXR:PC:02:NC:OutputDelayAcceleration:Name_RBV
HXR:PC:02:NC:OutputDelayAcceleration:TLastUp_RBV
HXR:PC:02:NC:OutputDelayAcceleration:EU_RBV
HXR:PC:02:NC:OutputDelayTorqueOffset:Goal_RBV
HXR:PC:02:NC:OutputDelayTorqueOffset:Goal
HXR:PC:02:NC:OutputDelayTorqueOffset:Val_RBV
HXR:PC:02:NC:OutputDelayTorqueOffset:Acc_RBV
HXR:PC:02:NC:OutputDelayTorqueOffset:Desc_RBV
HXR:PC:02:NC:OutputDelayTorqueOffset:Name_RBV
HXR:PC:02:NC:OutputDelayTorqueOffset:TLastUp_RBV
HXR:PC:02:NC:OutputDelayTorqueOffset:EU_RBV
HXR:PC:02:NC:OutputDelayVelo:Goal_RBV
HXR:PC:02:NC:OutputDelayVelo:Goal
HXR:PC:02:NC:OutputDelayVelo:Val_RBV
HXR:PC:02:NC:OutputDelayVelo:Acc_RBV
HXR:PC:02:NC:OutputDelayVelo:Desc_RBV
HXR:PC:02:NC:OutputDelayVelo:Name_RBV
HXR:PC:02:NC:OutputDelayVelo:TLastUp_RBV
HXR:PC:02:NC:OutputDelayVelo:EU_RBV
HXR:PC:02:NC:OutputRatio:Goal_RBV
HXR:PC:02:NC:OutputRatio:Goal
HXR:PC:02:NC:OutputRatio:Val_RBV
HXR:PC:02:NC:OutputRatio:Acc_RBV
HXR:PC:02:NC:OutputRatio:Desc_RBV
HXR:PC:02:NC:OutputRatio:Name_RBV
HXR:PC:02:NC:OutputRatio:TLastUp_RBV
HXR:PC:02:NC:OutputRatio:EU_RBV
HXR:PC:02:NC:OutputScaleAcceleration:Goal_RBV
HXR:PC:02:NC:OutputScaleAcceleration:Goal
HXR:PC:02:NC:OutputScaleAcceleration:Val_RBV
HXR:PC:02:NC:OutputScaleAcceleration:Acc_RBV
HXR:PC:02:NC:OutputScaleAcceleration:Desc_RBV
HXR:PC:02:NC:OutputScaleAcceleration:Name_RBV
HXR:PC:02:NC:OutputScaleAcceleration:TLastUp_RBV
HXR:PC:02:NC:OutputScaleAcceleration:EU_RBV
HXR:PC:02:NC:OutputScalePos:Goal_RBV
HXR:PC:02:NC:OutputScalePos:Goal
HXR:PC:02:NC:OutputScalePos:Val_RBV
HXR:PC:02:NC:OutputScalePos:Acc_RBV
HXR:PC:02:NC:OutputScalePos:Desc_RBV
HXR:PC:02:NC:OutputScalePos:Name_RBV
HXR:PC:02:NC:OutputScalePos:TLastUp_RBV
HXR:PC:02:NC:OutputScalePos:EU_RBV
HXR:PC:02:NC:OutputScaleTorqueOffset:Goal_RBV
HXR:PC:02:NC:OutputScaleTorqueOffset:Goal
HXR:PC:02:NC:OutputScaleTorqueOffset:Val_RBV
HXR:PC:02:NC:OutputScaleTorqueOffset:Acc_RBV
HXR:PC:02:NC:OutputScaleTorqueOffset:Desc_RBV
HXR:PC:02:NC:OutputScaleTorqueOffset:Name_RBV
HXR:PC:02:NC:OutputScaleTorqueOffset:TLastUp_RBV
HXR:PC:02:NC:OutputScaleTorqueOffset:EU_RBV
HXR:PC:02:NC:OutputScaleTorqueSetpoint:Goal_RBV
HXR:PC:02:NC:OutputScaleTorqueSetpoint:Goal
HXR:PC:02:NC:OutputScaleTorqueSetpoint:Val_RBV
HXR:PC:02:NC:OutputScaleTorqueSetpoint:Acc_RBV
HXR:PC:02:NC:OutputScaleTorqueSetpoint:Desc_RBV
HXR:PC:02:NC:OutputScaleTorqueSetpoint:Name_RBV
HXR:PC:02:NC:OutputScaleTorqueSetpoint:TLastUp_RBV
HXR:PC:02:NC:OutputScaleTorqueSetpoint:EU_RBV
HXR:PC:02:NC:OutputScaleVelo:Goal_RBV
HXR:PC:02:NC:OutputScaleVelo:Goal
HXR:PC:02:NC:OutputScaleVelo:Val_RBV
HXR:PC:02:NC:OutputScaleVelo:Acc_RBV
HXR:PC:02:NC:OutputScaleVelo:Desc_RBV
HXR:PC:02:NC:OutputScaleVelo:Name_RBV
HXR:PC:02:NC:OutputScaleVelo:TLastUp_RBV
HXR:PC:02:NC:OutputScaleVelo:EU_RBV
HXR:PC:02:NC:PosBias:Goal_RBV
HXR:PC:02:NC:PosBias:Goal
HXR:PC:02:NC:PosBias:Val_RBV
HXR:PC:02:NC:PosBias:Acc_RBV
HXR:PC:02:NC:PosBias:Desc_RBV
HXR:PC:02:NC:PosBias:Name_RBV
HXR:PC:02:NC:PosBias:TLastUp_RBV
HXR:PC:02:NC:PosBias:EU_RBV
HXR:PC:02:NC:PosCorr:Goal_RBV
HXR:PC:02:NC:PosCorr:Goal
HXR:PC:02:NC:PosCorr:Val_RBV
HXR:PC:02:NC:PosCorr:Acc_RBV
HXR:PC:02:NC:PosCorr:Desc_RBV
HXR:PC:02:NC:PosCorr:Name_RBV
HXR:PC:02:NC:PosCorr:TLastUp_RBV
HXR:PC:02:NC:PosCorr:EU_RBV
HXR:PC:02:NC:PosLagMonOn:Goal_RBV
HXR:PC:02:NC:PosLagMonOn:Goal
HXR:PC:02:NC:PosLagMonOn:Val_RBV
HXR:PC:02:NC:PosLagMonOn:Acc_RBV
HXR:PC:02:NC:PosLagMonOn:Desc_RBV
HXR:PC:02:NC:PosLagMonOn:Name_RBV
HXR:PC:02:NC:PosLagMonOn:TLastUp_RBV
HXR:PC:02:NC:PosLagMonOn:EU_RBV
HXR:PC:02:NC:PosRangeMonOn:Goal_RBV
HXR:PC:02:NC:PosRangeMonOn:Goal
HXR:PC:02:NC:PosRangeMonOn:Val_RBV
HXR:PC:02:NC:PosRangeMonOn:Acc_RBV
HXR:PC:02:NC:PosRangeMonOn:Desc_RBV
HXR:PC:02:NC:PosRangeMonOn:Name_RBV
HXR:PC:02:NC:PosRangeMonOn:TLastUp_RBV
HXR:PC:02:NC:PosRangeMonOn:EU_RBV
HXR:PC:02:NC:PosRangeWindow:Goal_RBV
HXR:PC:02:NC:PosRangeWindow:Goal
HXR:PC:02:NC:PosRangeWindow:Val_RBV
HXR:PC:02:NC:PosRangeWindow:Acc_RBV
HXR:PC:02:NC:PosRangeWindow:Desc_RBV
HXR:PC:02:NC:PosRangeWindow:Name_RBV
HXR:PC:02:NC:PosRangeWindow:TLastUp_RBV
HXR:PC:02:NC:PosRangeWindow:EU_RBV
HXR:PC:02:NC:PropFactorMoving:Goal_RBV
HXR:PC:02:NC:PropFactorMoving:Goal
HXR:PC:02:NC:PropFactorMoving:Val_RBV
HXR:PC:02:NC:PropFactorMoving:Acc_RBV
HXR:PC:02:NC:PropFactorMoving:Desc_RBV
HXR:PC:02:NC:PropFactorMoving:Name_RBV
HXR:PC:02:NC:PropFactorMoving:TLastUp_RBV
HXR:PC:02:NC:PropFactorMoving:EU_RBV
HXR:PC:02:NC:PropFactorStandstill:Goal_RBV
HXR:PC:02:NC:PropFactorStandstill:Goal
HXR:PC:02:NC:PropFactorStandstill:Val_RBV
HXR:PC:02:NC:PropFactorStandstill:Acc_RBV
HXR:PC:02:NC:PropFactorStandstill:Desc_RBV
HXR:PC:02:NC:PropFactorStandstill:Name_RBV
HXR:PC:02:NC:PropFactorStandstill:TLastUp_RBV
HXR:PC:02:NC:PropFactorStandstill:EU_RBV
HXR:PC:02:NC:RapidTraverseVelo:Goal_RBV
HXR:PC:02:NC:RapidTraverseVelo:Goal
HXR:PC:02:NC:RapidTraverseVelo:Val_RBV
HXR:PC:02:NC:RapidTraverseVelo:Acc_RBV
HXR:PC:02:NC:RapidTraverseVelo:Desc_RBV
HXR:PC:02:NC:RapidTraverseVelo:Name_RBV
HXR:PC:02:NC:RapidTraverseVelo:TLastUp_RBV
HXR:PC:02:NC:RapidTraverseVelo:EU_RBV
HXR:PC:02:NC:ReferenceMode:Goal_RBV
HXR:PC:02:NC:ReferenceMode:Goal
HXR:PC:02:NC:ReferenceMode:Val_RBV
HXR:PC:02:NC:ReferenceMode:Acc_RBV
HXR:PC:02:NC:ReferenceMode:Desc_RBV
HXR:PC:02:NC:ReferenceMode:Name_RBV
HXR:PC:02:NC:ReferenceMode:TLastUp_RBV
HXR:PC:02:NC:ReferenceMode:EU_RBV
HXR:PC:02:NC:RefVel:Goal_RBV
HXR:PC:02:NC:RefVel:Goal
HXR:PC:02:NC:RefVel:Val_RBV
HXR:PC:02:NC:RefVel:Acc_RBV
HXR:PC:02:NC:RefVel:Desc_RBV
HXR:PC:02:NC:RefVel:Name_RBV
HXR:PC:02:NC:RefVel:TLastUp_RBV
HXR:PC:02:NC:RefVel:EU_RBV
HXR:PC:02:NC:ScaleFactDenom:Goal_RBV
HXR:PC:02:NC:ScaleFactDenom:Goal
HXR:PC:02:NC:ScaleFactDenom:Val_RBV
HXR:PC:02:NC:ScaleFactDenom:Acc_RBV
HXR:PC:02:NC:ScaleFactDenom:Desc_RBV
HXR:PC:02:NC:ScaleFactDenom:Name_RBV
HXR:PC:02:NC:ScaleFactDenom:TLastUp_RBV
HXR:PC:02:NC:ScaleFactDenom:EU_RBV
HXR:PC:02:NC:ScaleFactNum:Goal_RBV
HXR:PC:02:NC:ScaleFactNum:Goal
HXR:PC:02:NC:ScaleFactNum:Val_RBV
HXR:PC:02:NC:ScaleFactNum:Acc_RBV
HXR:PC:02:NC:ScaleFactNum:Desc_RBV
HXR:PC:02:NC:ScaleFactNum:Name_RBV
HXR:PC:02:NC:ScaleFactNum:TLastUp_RBV
HXR:PC:02:NC:ScaleFactNum:EU_RBV
HXR:PC:02:NC:SlaveCouplingFactor:Goal_RBV
HXR:PC:02:NC:SlaveCouplingFactor:Goal
HXR:PC:02:NC:SlaveCouplingFactor:Val_RBV
HXR:PC:02:NC:SlaveCouplingFactor:Acc_RBV
HXR:PC:02:NC:SlaveCouplingFactor:Desc_RBV
HXR:PC:02:NC:SlaveCouplingFactor:Name_RBV
HXR:PC:02:NC:SlaveCouplingFactor:TLastUp_RBV
HXR:PC:02:NC:SlaveCouplingFactor:EU_RBV
HXR:PC:02:NC:SmoothFilterOrder:Goal_RBV
HXR:PC:02:NC:SmoothFilterOrder:Goal
HXR:PC:02:NC:SmoothFilterOrder:Val_RBV
HXR:PC:02:NC:SmoothFilterOrder:Acc_RBV
HXR:PC:02:NC:SmoothFilterOrder:Desc_RBV
HXR:PC:02:NC:SmoothFilterOrder:Name_RBV
HXR:PC:02:NC:SmoothFilterOrder:TLastUp_RBV
HXR:PC:02:NC:SmoothFilterOrder:EU_RBV
HXR:PC:02:NC:SmoothFilterTime:Goal_RBV
HXR:PC:02:NC:SmoothFilterTime:Goal
HXR:PC:02:NC:SmoothFilterTime:Val_RBV
HXR:PC:02:NC:SmoothFilterTime:Acc_RBV
HXR:PC:02:NC:SmoothFilterTime:Desc_RBV
HXR:PC:02:NC:SmoothFilterTime:Name_RBV
HXR:PC:02:NC:SmoothFilterTime:TLastUp_RBV
HXR:PC:02:NC:SmoothFilterTime:EU_RBV
HXR:PC:02:NC:SmoothFilterType:Goal_RBV
HXR:PC:02:NC:SmoothFilterType:Goal
HXR:PC:02:NC:SmoothFilterType:Val_RBV
HXR:PC:02:NC:SmoothFilterType:Acc_RBV
HXR:PC:02:NC:SmoothFilterType:Desc_RBV
HXR:PC:02:NC:SmoothFilterType:Name_RBV
HXR:PC:02:NC:SmoothFilterType:TLastUp_RBV
HXR:PC:02:NC:SmoothFilterType:EU_RBV
HXR:PC:02:NC:SoftPosMaxOn:Goal_RBV
HXR:PC:02:NC:SoftPosMaxOn:Goal
HXR:PC:02:NC:SoftPosMaxOn:Val_RBV
HXR:PC:02:NC:SoftPosMaxOn:Acc_RBV
HXR:PC:02:NC:SoftPosMaxOn:Desc_RBV
HXR:PC:02:NC:SoftPosMaxOn:Name_RBV
HXR:PC:02:NC:SoftPosMaxOn:TLastUp_RBV
HXR:PC:02:NC:SoftPosMaxOn:EU_RBV
HXR:PC:02:NC:SoftPosMinOn:Goal_RBV
HXR:PC:02:NC:SoftPosMinOn:Goal
HXR:PC:02:NC:SoftPosMinOn:Val_RBV
HXR:PC:02:NC:SoftPosMinOn:Acc_RBV
HXR:PC:02:NC:SoftPosMinOn:Desc_RBV
HXR:PC:02:NC:SoftPosMinOn:Name_RBV
HXR:PC:02:NC:SoftPosMinOn:TLastUp_RBV
HXR:PC:02:NC:SoftPosMinOn:EU_RBV
HXR:PC:02:NC:TargetPosMon:Goal_RBV
HXR:PC:02:NC:TargetPosMon:Goal
HXR:PC:02:NC:TargetPosMon:Val_RBV
HXR:PC:02:NC:TargetPosMon:Acc_RBV
HXR:PC:02:NC:TargetPosMon:Desc_RBV
HXR:PC:02:NC:TargetPosMon:Name_RBV
HXR:PC:02:NC:TargetPosMon:TLastUp_RBV
HXR:PC:02:NC:TargetPosMon:EU_RBV
HXR:PC:02:NC:TargetPosMonTime:Goal_RBV
HXR:PC:02:NC:TargetPosMonTime:Goal
HXR:PC:02:NC:TargetPosMonTime:Val_RBV
HXR:PC:02:NC:TargetPosMonTime:Acc_RBV
HXR:PC:02:NC:TargetPosMonTime:Desc_RBV
HXR:PC:02:NC:TargetPosMonTime:Name_RBV
HXR:PC:02:NC:TargetPosMonTime:TLastUp_RBV
HXR:PC:02:NC:TargetPosMonTime:EU_RBV
HXR:PC:02:NC:TargetPosWindow:Goal_RBV
HXR:PC:02:NC:TargetPosWindow:Goal
HXR:PC:02:NC:TargetPosWindow:Val_RBV
HXR:PC:02:NC:TargetPosWindow:Acc_RBV
HXR:PC:02:NC:TargetPosWindow:Desc_RBV
HXR:PC:02:NC:TargetPosWindow:Name_RBV
HXR:PC:02:NC:TargetPosWindow:TLastUp_RBV
HXR:PC:02:NC:TargetPosWindow:EU_RBV
HXR:PC:02:NC:ToleranceBallAuxAxis:Goal_RBV
HXR:PC:02:NC:ToleranceBallAuxAxis:Goal
HXR:PC:02:NC:ToleranceBallAuxAxis:Val_RBV
HXR:PC:02:NC:ToleranceBallAuxAxis:Acc_RBV
HXR:PC:02:NC:ToleranceBallAuxAxis:Desc_RBV
HXR:PC:02:NC:ToleranceBallAuxAxis:Name_RBV
HXR:PC:02:NC:ToleranceBallAuxAxis:TLastUp_RBV
HXR:PC:02:NC:ToleranceBallAuxAxis:EU_RBV
HXR:PC:02:NC:VeloJumpFactor:Goal_RBV
HXR:PC:02:NC:VeloJumpFactor:Goal
HXR:PC:02:NC:VeloJumpFactor:Val_RBV
HXR:PC:02:NC:VeloJumpFactor:Acc_RBV
HXR:PC:02:NC:VeloJumpFactor:Desc_RBV
HXR:PC:02:NC:VeloJumpFactor:Name_RBV
HXR:PC:02:NC:VeloJumpFactor:TLastUp_RBV
HXR:PC:02:NC:VeloJumpFactor:EU_RBV
HXR:PC:02:NC:VeloOverrideType:Goal_RBV
HXR:PC:02:NC:VeloOverrideType:Goal
HXR:PC:02:NC:VeloOverrideType:Val_RBV
HXR:PC:02:NC:VeloOverrideType:Acc_RBV
HXR:PC:02:NC:VeloOverrideType:Desc_RBV
HXR:PC:02:NC:VeloOverrideType:Name_RBV
HXR:PC:02:NC:VeloOverrideType:TLastUp_RBV
HXR:PC:02:NC:VeloOverrideType:EU_RBV
HXR:PC:02:NC:VeloThresh:Goal_RBV
HXR:PC:02:NC:VeloThresh:Goal
HXR:PC:02:NC:VeloThresh:Val_RBV
HXR:PC:02:NC:VeloThresh:Acc_RBV
HXR:PC:02:NC:VeloThresh:Desc_RBV
HXR:PC:02:NC:VeloThresh:Name_RBV
HXR:PC:02:NC:VeloThresh:TLastUp_RBV
HXR:PC:02:NC:VeloThresh:EU_RBV
HXR:PC:03:NC:AllowMotionCommandsExternalAxis:Goal_RBV
HXR:PC:03:NC:AllowMotionCommandsExternalAxis:Goal
HXR:PC:03:NC:AllowMotionCommandsExternalAxis:Val_RBV
HXR:PC:03:NC:AllowMotionCommandsExternalAxis:Acc_RBV
HXR:PC:03:NC:AllowMotionCommandsExternalAxis:Desc_RBV
HXR:PC:03:NC:AllowMotionCommandsExternalAxis:Name_RBV
HXR:PC:03:NC:AllowMotionCommandsExternalAxis:TLastUp_RBV
HXR:PC:03:NC:AllowMotionCommandsExternalAxis:EU_RBV
HXR:PC:03:NC:AllowMotionCommandsSlaveAxis:Goal_RBV
HXR:PC:03:NC:AllowMotionCommandsSlaveAxis:Goal
HXR:PC:03:NC:AllowMotionCommandsSlaveAxis:Val_RBV
HXR:PC:03:NC:AllowMotionCommandsSlaveAxis:Acc_RBV
HXR:PC:03:NC:AllowMotionCommandsSlaveAxis:Desc_RBV
HXR:PC:03:NC:AllowMotionCommandsSlaveAxis:Name_RBV
HXR:PC:03:NC:AllowMotionCommandsSlaveAxis:TLastUp_RBV
HXR:PC:03:NC:AllowMotionCommandsSlaveAxis:EU_RBV
HXR:PC:03:NC:AutoOffset:Goal_RBV
HXR:PC:03:NC:AutoOffset:Goal
HXR:PC:03:NC:AutoOffset:Val_RBV
HXR:PC:03:NC:AutoOffset:Acc_RBV
HXR:PC:03:NC:AutoOffset:Desc_RBV
HXR:PC:03:NC:AutoOffset:Name_RBV
HXR:PC:03:NC:AutoOffset:TLastUp_RBV
HXR:PC:03:NC:AutoOffset:EU_RBV
HXR:PC:03:NC:Backlash:Goal_RBV
HXR:PC:03:NC:Backlash:Goal
HXR:PC:03:NC:Backlash:Val_RBV
HXR:PC:03:NC:Backlash:Acc_RBV
HXR:PC:03:NC:Backlash:Desc_RBV
HXR:PC:03:NC:Backlash:Name_RBV
HXR:PC:03:NC:Backlash:TLastUp_RBV
HXR:PC:03:NC:Backlash:EU_RBV
HXR:PC:03:NC:ControllerMode:Goal_RBV
HXR:PC:03:NC:ControllerMode:Goal
HXR:PC:03:NC:ControllerMode:Val_RBV
HXR:PC:03:NC:ControllerMode:Acc_RBV
HXR:PC:03:NC:ControllerMode:Desc_RBV
HXR:PC:03:NC:ControllerMode:Name_RBV
HXR:PC:03:NC:ControllerMode:TLastUp_RBV
HXR:PC:03:NC:ControllerMode:EU_RBV
HXR:PC:03:NC:ControllerOutputLimit:Goal_RBV
HXR:PC:03:NC:ControllerOutputLimit:Goal
HXR:PC:03:NC:ControllerOutputLimit:Val_RBV
HXR:PC:03:NC:ControllerOutputLimit:Acc_RBV
HXR:PC:03:NC:ControllerOutputLimit:Desc_RBV
HXR:PC:03:NC:ControllerOutputLimit:Name_RBV
HXR:PC:03:NC:ControllerOutputLimit:TLastUp_RBV
HXR:PC:03:NC:ControllerOutputLimit:EU_RBV
HXR:PC:03:NC:CoupleSlaveActualValues:Goal_RBV
HXR:PC:03:NC:CoupleSlaveActualValues:Goal
HXR:PC:03:NC:CoupleSlaveActualValues:Val_RBV
HXR:PC:03:NC:CoupleSlaveActualValues:Acc_RBV
HXR:PC:03:NC:CoupleSlaveActualValues:Desc_RBV
HXR:PC:03:NC:CoupleSlaveActualValues:Name_RBV
HXR:PC:03:NC:CoupleSlaveActualValues:TLastUp_RBV
HXR:PC:03:NC:CoupleSlaveActualValues:EU_RBV
HXR:PC:03:NC:DeadBandPos:Goal_RBV
HXR:PC:03:NC:DeadBandPos:Goal
HXR:PC:03:NC:DeadBandPos:Val_RBV
HXR:PC:03:NC:DeadBandPos:Acc_RBV
HXR:PC:03:NC:DeadBandPos:Desc_RBV
HXR:PC:03:NC:DeadBandPos:Name_RBV
HXR:PC:03:NC:DeadBandPos:TLastUp_RBV
HXR:PC:03:NC:DeadBandPos:EU_RBV
HXR:PC:03:NC:DeadTimeComp:Goal_RBV
HXR:PC:03:NC:DeadTimeComp:Goal
HXR:PC:03:NC:DeadTimeComp:Val_RBV
HXR:PC:03:NC:DeadTimeComp:Acc_RBV
HXR:PC:03:NC:DeadTimeComp:Desc_RBV
HXR:PC:03:NC:DeadTimeComp:Name_RBV
HXR:PC:03:NC:DeadTimeComp:TLastUp_RBV
HXR:PC:03:NC:DeadTimeComp:EU_RBV
HXR:PC:03:NC:DefAcc:Goal_RBV
HXR:PC:03:NC:DefAcc:Goal
HXR:PC:03:NC:DefAcc:Val_RBV
HXR:PC:03:NC:DefAcc:Acc_RBV
HXR:PC:03:NC:DefAcc:Desc_RBV
HXR:PC:03:NC:DefAcc:Name_RBV
HXR:PC:03:NC:DefAcc:TLastUp_RBV
HXR:PC:03:NC:DefAcc:EU_RBV
HXR:PC:03:NC:DefDec:Goal_RBV
HXR:PC:03:NC:DefDec:Goal
HXR:PC:03:NC:DefDec:Val_RBV
HXR:PC:03:NC:DefDec:Acc_RBV
HXR:PC:03:NC:DefDec:Desc_RBV
HXR:PC:03:NC:DefDec:Name_RBV
HXR:PC:03:NC:DefDec:TLastUp_RBV
HXR:PC:03:NC:DefDec:EU_RBV
HXR:PC:03:NC:DefJerk:Goal_RBV
HXR:PC:03:NC:DefJerk:Goal
HXR:PC:03:NC:DefJerk:Val_RBV
HXR:PC:03:NC:DefJerk:Acc_RBV
HXR:PC:03:NC:DefJerk:Desc_RBV
HXR:PC:03:NC:DefJerk:Name_RBV
HXR:PC:03:NC:DefJerk:TLastUp_RBV
HXR:PC:03:NC:DefJerk:EU_RBV
HXR:PC:03:NC:DriftCompensation:Goal_RBV
HXR:PC:03:NC:DriftCompensation:Goal
HXR:PC:03:NC:DriftCompensation:Val_RBV
HXR:PC:03:NC:DriftCompensation:Acc_RBV
HXR:PC:03:NC:DriftCompensation:Desc_RBV
HXR:PC:03:NC:DriftCompensation:Name_RBV
HXR:PC:03:NC:DriftCompensation:TLastUp_RBV
HXR:PC:03:NC:DriftCompensation:EU_RBV
HXR:PC:03:NC:DriveMode:Goal_RBV
HXR:PC:03:NC:DriveMode:Goal
HXR:PC:03:NC:DriveMode:Val_RBV
HXR:PC:03:NC:DriveMode:Acc_RBV
HXR:PC:03:NC:DriveMode:Desc_RBV
HXR:PC:03:NC:DriveMode:Name_RBV
HXR:PC:03:NC:DriveMode:TLastUp_RBV
HXR:PC:03:NC:DriveMode:EU_RBV
HXR:PC:03:NC:EncoderMode:Goal_RBV
HXR:PC:03:NC:EncoderMode:Goal
HXR:PC:03:NC:EncoderMode:Val_RBV
HXR:PC:03:NC:EncoderMode:Acc_RBV
HXR:PC:03:NC:EncoderMode:Desc_RBV
HXR:PC:03:NC:EncoderMode:Name_RBV
HXR:PC:03:NC:EncoderMode:TLastUp_RBV
HXR:PC:03:NC:EncoderMode:EU_RBV
HXR:PC:03:NC:EncoderRefSys:Goal_RBV
HXR:PC:03:NC:EncoderRefSys:Goal
HXR:PC:03:NC:EncoderRefSys:Val_RBV
HXR:PC:03:NC:EncoderRefSys:Acc_RBV
HXR:PC:03:NC:EncoderRefSys:Desc_RBV
HXR:PC:03:NC:EncoderRefSys:Name_RBV
HXR:PC:03:NC:EncoderRefSys:TLastUp_RBV
HXR:PC:03:NC:EncoderRefSys:EU_RBV
HXR:PC:03:NC:EncoderSubMask:Goal_RBV
HXR:PC:03:NC:EncoderSubMask:Goal
HXR:PC:03:NC:EncoderSubMask:Val_RBV
HXR:PC:03:NC:EncoderSubMask:Acc_RBV
HXR:PC:03:NC:EncoderSubMask:Desc_RBV
HXR:PC:03:NC:EncoderSubMask:Name_RBV
HXR:PC:03:NC:EncoderSubMask:TLastUp_RBV
HXR:PC:03:NC:EncoderSubMask:EU_RBV
HXR:PC:03:NC:ErrPropDelay:Goal_RBV
HXR:PC:03:NC:ErrPropDelay:Goal
HXR:PC:03:NC:ErrPropDelay:Val_RBV
HXR:PC:03:NC:ErrPropDelay:Acc_RBV
HXR:PC:03:NC:ErrPropDelay:Desc_RBV
HXR:PC:03:NC:ErrPropDelay:Name_RBV
HXR:PC:03:NC:ErrPropDelay:TLastUp_RBV
HXR:PC:03:NC:ErrPropDelay:EU_RBV
HXR:PC:03:NC:ErrPropMode:Goal_RBV
HXR:PC:03:NC:ErrPropMode:Goal
HXR:PC:03:NC:ErrPropMode:Val_RBV
HXR:PC:03:NC:ErrPropMode:Acc_RBV
HXR:PC:03:NC:ErrPropMode:Desc_RBV
HXR:PC:03:NC:ErrPropMode:Name_RBV
HXR:PC:03:NC:ErrPropMode:TLastUp_RBV
HXR:PC:03:NC:ErrPropMode:EU_RBV
HXR:PC:03:NC:EvalDir:Goal_RBV
HXR:PC:03:NC:EvalDir:Goal
HXR:PC:03:NC:EvalDir:Val_RBV
HXR:PC:03:NC:EvalDir:Acc_RBV
HXR:PC:03:NC:EvalDir:Desc_RBV
HXR:PC:03:NC:EvalDir:Name_RBV
HXR:PC:03:NC:EvalDir:TLastUp_RBV
HXR:PC:03:NC:EvalDir:EU_RBV
HXR:PC:03:NC:FastAcc:Goal_RBV
HXR:PC:03:NC:FastAcc:Goal
HXR:PC:03:NC:FastAcc:Val_RBV
HXR:PC:03:NC:FastAcc:Acc_RBV
HXR:PC:03:NC:FastAcc:Desc_RBV
HXR:PC:03:NC:FastAcc:Name_RBV
HXR:PC:03:NC:FastAcc:TLastUp_RBV
HXR:PC:03:NC:FastAcc:EU_RBV
HXR:PC:03:NC:FastDec:Goal_RBV
HXR:PC:03:NC:FastDec:Goal
HXR:PC:03:NC:FastDec:Val_RBV
HXR:PC:03:NC:FastDec:Acc_RBV
HXR:PC:03:NC:FastDec:Desc_RBV
HXR:PC:03:NC:FastDec:Name_RBV
HXR:PC:03:NC:FastDec:TLastUp_RBV
HXR:PC:03:NC:FastDec:EU_RBV
HXR:PC:03:NC:FastJerk:Goal_RBV
HXR:PC:03:NC:FastJerk:Goal
HXR:PC:03:NC:FastJerk:Val_RBV
HXR:PC:03:NC:FastJerk:Acc_RBV
HXR:PC:03:NC:FastJerk:Desc_RBV
HXR:PC:03:NC:FastJerk:Name_RBV
HXR:PC:03:NC:FastJerk:TLastUp_RBV
HXR:PC:03:NC:FastJerk:EU_RBV
HXR:PC:03:NC:FastStopSignalType:Goal_RBV
HXR:PC:03:NC:FastStopSignalType:Goal
HXR:PC:03:NC:FastStopSignalType:Val_RBV
HXR:PC:03:NC:FastStopSignalType:Acc_RBV
HXR:PC:03:NC:FastStopSignalType:Desc_RBV
HXR:PC:03:NC:FastStopSignalType:Name_RBV
HXR:PC:03:NC:FastStopSignalType:TLastUp_RBV
HXR:PC:03:NC:FastStopSignalType:EU_RBV
HXR:PC:03:NC:FeedFwdAccFactor:Goal_RBV
HXR:PC:03:NC:FeedFwdAccFactor:Goal
HXR:PC:03:NC:FeedFwdAccFactor:Val_RBV
HXR:PC:03:NC:FeedFwdAccFactor:Acc_RBV
HXR:PC:03:NC:FeedFwdAccFactor:Desc_RBV
HXR:PC:03:NC:FeedFwdAccFactor:Name_RBV
HXR:PC:03:NC:FeedFwdAccFactor:TLastUp_RBV
HXR:PC:03:NC:FeedFwdAccFactor:EU_RBV
HXR:PC:03:NC:FeedFwdVeloWeight:Goal_RBV
HXR:PC:03:NC:FeedFwdVeloWeight:Goal
HXR:PC:03:NC:FeedFwdVeloWeight:Val_RBV
HXR:PC:03:NC:FeedFwdVeloWeight:Acc_RBV
HXR:PC:03:NC:FeedFwdVeloWeight:Desc_RBV
HXR:PC:03:NC:FeedFwdVeloWeight:Name_RBV
HXR:PC:03:NC:FeedFwdVeloWeight:TLastUp_RBV
HXR:PC:03:NC:FeedFwdVeloWeight:EU_RBV
HXR:PC:03:NC:FilterTimeActAcc:Goal_RBV
HXR:PC:03:NC:FilterTimeActAcc:Goal
HXR:PC:03:NC:FilterTimeActAcc:Val_RBV
HXR:PC:03:NC:FilterTimeActAcc:Acc_RBV
HXR:PC:03:NC:FilterTimeActAcc:Desc_RBV
HXR:PC:03:NC:FilterTimeActAcc:Name_RBV
HXR:PC:03:NC:FilterTimeActAcc:TLastUp_RBV
HXR:PC:03:NC:FilterTimeActAcc:EU_RBV
HXR:PC:03:NC:FilterTimeActPos:Goal_RBV
HXR:PC:03:NC:FilterTimeActPos:Goal
HXR:PC:03:NC:FilterTimeActPos:Val_RBV
HXR:PC:03:NC:FilterTimeActPos:Acc_RBV
HXR:PC:03:NC:FilterTimeActPos:Desc_RBV
HXR:PC:03:NC:FilterTimeActPos:Name_RBV
HXR:PC:03:NC:FilterTimeActPos:TLastUp_RBV
HXR:PC:03:NC:FilterTimeActPos:EU_RBV
HXR:PC:03:NC:FilterTimeActVelo:Goal_RBV
HXR:PC:03:NC:FilterTimeActVelo:Goal
HXR:PC:03:NC:FilterTimeActVelo:Val_RBV
HXR:PC:03:NC:FilterTimeActVelo:Acc_RBV
HXR:PC:03:NC:FilterTimeActVelo:Desc_RBV
HXR:PC:03:NC:FilterTimeActVelo:Name_RBV
HXR:PC:03:NC:FilterTimeActVelo:TLastUp_RBV
HXR:PC:03:NC:FilterTimeActVelo:EU_RBV
HXR:PC:03:NC:FilterTimePosCorr:Goal_RBV
HXR:PC:03:NC:FilterTimePosCorr:Goal
HXR:PC:03:NC:FilterTimePosCorr:Val_RBV
HXR:PC:03:NC:FilterTimePosCorr:Acc_RBV
HXR:PC:03:NC:FilterTimePosCorr:Desc_RBV
HXR:PC:03:NC:FilterTimePosCorr:Name_RBV
HXR:PC:03:NC:FilterTimePosCorr:TLastUp_RBV
HXR:PC:03:NC:FilterTimePosCorr:EU_RBV
HXR:PC:03:NC:FollowingErrCalc:Goal_RBV
HXR:PC:03:NC:FollowingErrCalc:Goal
HXR:PC:03:NC:FollowingErrCalc:Val_RBV
HXR:PC:03:NC:FollowingErrCalc:Acc_RBV
HXR:PC:03:NC:FollowingErrCalc:Desc_RBV
HXR:PC:03:NC:FollowingErrCalc:Name_RBV
HXR:PC:03:NC:FollowingErrCalc:TLastUp_RBV
HXR:PC:03:NC:FollowingErrCalc:EU_RBV
HXR:PC:03:NC:HomePos:Goal_RBV
HXR:PC:03:NC:HomePos:Goal
HXR:PC:03:NC:HomePos:Val_RBV
HXR:PC:03:NC:HomePos:Acc_RBV
HXR:PC:03:NC:HomePos:Desc_RBV
HXR:PC:03:NC:HomePos:Name_RBV
HXR:PC:03:NC:HomePos:TLastUp_RBV
HXR:PC:03:NC:HomePos:EU_RBV
HXR:PC:03:NC:HomingSensorSource:Goal_RBV
HXR:PC:03:NC:HomingSensorSource:Goal
HXR:PC:03:NC:HomingSensorSource:Val_RBV
HXR:PC:03:NC:HomingSensorSource:Acc_RBV
HXR:PC:03:NC:HomingSensorSource:Desc_RBV
HXR:PC:03:NC:HomingSensorSource:Name_RBV
HXR:PC:03:NC:HomingSensorSource:TLastUp_RBV
HXR:PC:03:NC:HomingSensorSource:EU_RBV
HXR:PC:03:NC:HomVelOffCam:Goal_RBV
HXR:PC:03:NC:HomVelOffCam:Goal
HXR:PC:03:NC:HomVelOffCam:Val_RBV
HXR:PC:03:NC:HomVelOffCam:Acc_RBV
HXR:PC:03:NC:HomVelOffCam:Desc_RBV
HXR:PC:03:NC:HomVelOffCam:Name_RBV
HXR:PC:03:NC:HomVelOffCam:TLastUp_RBV
HXR:PC:03:NC:HomVelOffCam:EU_RBV
HXR:PC:03:NC:HomVelToCam:Goal_RBV
HXR:PC:03:NC:HomVelToCam:Goal
HXR:PC:03:NC:HomVelToCam:Val_RBV
HXR:PC:03:NC:HomVelToCam:Acc_RBV
HXR:PC:03:NC:HomVelToCam:Desc_RBV
HXR:PC:03:NC:HomVelToCam:Name_RBV
HXR:PC:03:NC:HomVelToCam:TLastUp_RBV
HXR:PC:03:NC:HomVelToCam:EU_RBV
HXR:PC:03:NC:InTargetAlarm:Goal_RBV
HXR:PC:03:NC:InTargetAlarm:Goal
HXR:PC:03:NC:InTargetAlarm:Val_RBV
HXR:PC:03:NC:InTargetAlarm:Acc_RBV
HXR:PC:03:NC:InTargetAlarm:Desc_RBV
HXR:PC:03:NC:InTargetAlarm:Name_RBV
HXR:PC:03:NC:InTargetAlarm:TLastUp_RBV
HXR:PC:03:NC:InTargetAlarm:EU_RBV
HXR:PC:03:NC:InTargetTimeout:Goal_RBV
HXR:PC:03:NC:InTargetTimeout:Goal
HXR:PC:03:NC:InTargetTimeout:Val_RBV
HXR:PC:03:NC:InTargetTimeout:Acc_RBV
HXR:PC:03:NC:InTargetTimeout:Desc_RBV
HXR:PC:03:NC:InTargetTimeout:Name_RBV
HXR:PC:03:NC:InTargetTimeout:TLastUp_RBV
HXR:PC:03:NC:InTargetTimeout:EU_RBV
HXR:PC:03:NC:InputFilterTorqueDerivative:Goal_RBV
HXR:PC:03:NC:InputFilterTorqueDerivative:Goal
HXR:PC:03:NC:InputFilterTorqueDerivative:Val_RBV
HXR:PC:03:NC:InputFilterTorqueDerivative:Acc_RBV
HXR:PC:03:NC:InputFilterTorqueDerivative:Desc_RBV
HXR:PC:03:NC:InputFilterTorqueDerivative:Name_RBV
HXR:PC:03:NC:InputFilterTorqueDerivative:TLastUp_RBV
HXR:PC:03:NC:InputFilterTorqueDerivative:EU_RBV
HXR:PC:03:NC:InputFilterTimeTorque:Goal_RBV
HXR:PC:03:NC:InputFilterTimeTorque:Goal
HXR:PC:03:NC:InputFilterTimeTorque:Val_RBV
HXR:PC:03:NC:InputFilterTimeTorque:Acc_RBV
HXR:PC:03:NC:InputFilterTimeTorque:Desc_RBV
HXR:PC:03:NC:InputFilterTimeTorque:Name_RBV
HXR:PC:03:NC:InputFilterTimeTorque:TLastUp_RBV
HXR:PC:03:NC:InputFilterTimeTorque:EU_RBV
HXR:PC:03:NC:InputScaleTorque:Goal_RBV
HXR:PC:03:NC:InputScaleTorque:Goal
HXR:PC:03:NC:InputScaleTorque:Val_RBV
HXR:PC:03:NC:InputScaleTorque:Acc_RBV
HXR:PC:03:NC:InputScaleTorque:Desc_RBV
HXR:PC:03:NC:InputScaleTorque:Name_RBV
HXR:PC:03:NC:InputScaleTorque:TLastUp_RBV
HXR:PC:03:NC:InputScaleTorque:EU_RBV
HXR:PC:03:NC:InvDirHomSenSearch:Goal_RBV
HXR:PC:03:NC:InvDirHomSenSearch:Goal
HXR:PC:03:NC:InvDirHomSenSearch:Val_RBV
HXR:PC:03:NC:InvDirHomSenSearch:Acc_RBV
HXR:PC:03:NC:InvDirHomSenSearch:Desc_RBV
HXR:PC:03:NC:InvDirHomSenSearch:Name_RBV
HXR:PC:03:NC:InvDirHomSenSearch:TLastUp_RBV
HXR:PC:03:NC:InvDirHomSenSearch:EU_RBV
HXR:PC:03:NC:InvDirSyncImpSearch:Goal_RBV
HXR:PC:03:NC:InvDirSyncImpSearch:Goal
HXR:PC:03:NC:InvDirSyncImpSearch:Val_RBV
HXR:PC:03:NC:InvDirSyncImpSearch:Acc_RBV
HXR:PC:03:NC:InvDirSyncImpSearch:Desc_RBV
HXR:PC:03:NC:InvDirSyncImpSearch:Name_RBV
HXR:PC:03:NC:InvDirSyncImpSearch:TLastUp_RBV
HXR:PC:03:NC:InvDirSyncImpSearch:EU_RBV
HXR:PC:03:NC:InvEncDir:Goal_RBV
HXR:PC:03:NC:InvEncDir:Goal
HXR:PC:03:NC:InvEncDir:Val_RBV
HXR:PC:03:NC:InvEncDir:Acc_RBV
HXR:PC:03:NC:InvEncDir:Desc_RBV
HXR:PC:03:NC:InvEncDir:Name_RBV
HXR:PC:03:NC:InvEncDir:TLastUp_RBV
HXR:PC:03:NC:InvEncDir:EU_RBV
HXR:PC:03:NC:InvMotorPol:Goal_RBV
HXR:PC:03:NC:InvMotorPol:Goal
HXR:PC:03:NC:InvMotorPol:Val_RBV
HXR:PC:03:NC:InvMotorPol:Acc_RBV
HXR:PC:03:NC:InvMotorPol:Desc_RBV
HXR:PC:03:NC:InvMotorPol:Name_RBV
HXR:PC:03:NC:InvMotorPol:TLastUp_RBV
HXR:PC:03:NC:InvMotorPol:EU_RBV
HXR:PC:03:NC:JogIncBwd:Goal_RBV
HXR:PC:03:NC:JogIncBwd:Goal
HXR:PC:03:NC:JogIncBwd:Val_RBV
HXR:PC:03:NC:JogIncBwd:Acc_RBV
HXR:PC:03:NC:JogIncBwd:Desc_RBV
HXR:PC:03:NC:JogIncBwd:Name_RBV
HXR:PC:03:NC:JogIncBwd:TLastUp_RBV
HXR:PC:03:NC:JogIncBwd:EU_RBV
HXR:PC:03:NC:JogIncFwd:Goal_RBV
HXR:PC:03:NC:JogIncFwd:Goal
HXR:PC:03:NC:JogIncFwd:Val_RBV
HXR:PC:03:NC:JogIncFwd:Acc_RBV
HXR:PC:03:NC:JogIncFwd:Desc_RBV
HXR:PC:03:NC:JogIncFwd:Name_RBV
HXR:PC:03:NC:JogIncFwd:TLastUp_RBV
HXR:PC:03:NC:JogIncFwd:EU_RBV
HXR:PC:03:NC:ManVelFast:Goal_RBV
HXR:PC:03:NC:ManVelFast:Goal
HXR:PC:03:NC:ManVelFast:Val_RBV
HXR:PC:03:NC:ManVelFast:Acc_RBV
HXR:PC:03:NC:ManVelFast:Desc_RBV
HXR:PC:03:NC:ManVelFast:Name_RBV
HXR:PC:03:NC:ManVelFast:TLastUp_RBV
HXR:PC:03:NC:ManVelFast:EU_RBV
HXR:PC:03:NC:ManVelSlow:Goal_RBV
HXR:PC:03:NC:ManVelSlow:Goal
HXR:PC:03:NC:ManVelSlow:Val_RBV
HXR:PC:03:NC:ManVelSlow:Acc_RBV
HXR:PC:03:NC:ManVelSlow:Desc_RBV
HXR:PC:03:NC:ManVelSlow:Name_RBV
HXR:PC:03:NC:ManVelSlow:TLastUp_RBV
HXR:PC:03:NC:ManVelSlow:EU_RBV
HXR:PC:03:NC:MaxPosDevAuxAxis:Goal_RBV
HXR:PC:03:NC:MaxPosDevAuxAxis:Goal
HXR:PC:03:NC:MaxPosDevAuxAxis:Val_RBV
HXR:PC:03:NC:MaxPosDevAuxAxis:Acc_RBV
HXR:PC:03:NC:MaxPosDevAuxAxis:Desc_RBV
HXR:PC:03:NC:MaxPosDevAuxAxis:Name_RBV
HXR:PC:03:NC:MaxPosDevAuxAxis:TLastUp_RBV
HXR:PC:03:NC:MaxPosDevAuxAxis:EU_RBV
HXR:PC:03:NC:MaxAcc:Goal_RBV
HXR:PC:03:NC:MaxAcc:Goal
HXR:PC:03:NC:MaxAcc:Val_RBV
HXR:PC:03:NC:MaxAcc:Acc_RBV
HXR:PC:03:NC:MaxAcc:Desc_RBV
HXR:PC:03:NC:MaxAcc:Name_RBV
HXR:PC:03:NC:MaxAcc:TLastUp_RBV
HXR:PC:03:NC:MaxAcc:EU_RBV
HXR:PC:03:NC:MaxDec:Goal_RBV
HXR:PC:03:NC:MaxDec:Goal
HXR:PC:03:NC:MaxDec:Val_RBV
HXR:PC:03:NC:MaxDec:Acc_RBV
HXR:PC:03:NC:MaxDec:Desc_RBV
HXR:PC:03:NC:MaxDec:Name_RBV
HXR:PC:03:NC:MaxDec:TLastUp_RBV
HXR:PC:03:NC:MaxDec:EU_RBV
HXR:PC:03:NC:MaxDriveOutputLim:Goal_RBV
HXR:PC:03:NC:MaxDriveOutputLim:Goal
HXR:PC:03:NC:MaxDriveOutputLim:Val_RBV
HXR:PC:03:NC:MaxDriveOutputLim:Acc_RBV
HXR:PC:03:NC:MaxDriveOutputLim:Desc_RBV
HXR:PC:03:NC:MaxDriveOutputLim:Name_RBV
HXR:PC:03:NC:MaxDriveOutputLim:TLastUp_RBV
HXR:PC:03:NC:MaxDriveOutputLim:EU_RBV
HXR:PC:03:NC:MaxPos:Goal_RBV
HXR:PC:03:NC:MaxPos:Goal
HXR:PC:03:NC:MaxPos:Val_RBV
HXR:PC:03:NC:MaxPos:Acc_RBV
HXR:PC:03:NC:MaxPos:Desc_RBV
HXR:PC:03:NC:MaxPos:Name_RBV
HXR:PC:03:NC:MaxPos:TLastUp_RBV
HXR:PC:03:NC:MaxPos:EU_RBV
HXR:PC:03:NC:MaxPosLagFilterTime:Goal_RBV
HXR:PC:03:NC:MaxPosLagFilterTime:Goal
HXR:PC:03:NC:MaxPosLagFilterTime:Val_RBV
HXR:PC:03:NC:MaxPosLagFilterTime:Acc_RBV
HXR:PC:03:NC:MaxPosLagFilterTime:Desc_RBV
HXR:PC:03:NC:MaxPosLagFilterTime:Name_RBV
HXR:PC:03:NC:MaxPosLagFilterTime:TLastUp_RBV
HXR:PC:03:NC:MaxPosLagFilterTime:EU_RBV
HXR:PC:03:NC:MaxPosLagVal:Goal_RBV
HXR:PC:03:NC:MaxPosLagVal:Goal
HXR:PC:03:NC:MaxPosLagVal:Val_RBV
HXR:PC:03:NC:MaxPosLagVal:Acc_RBV
HXR:PC:03:NC:MaxPosLagVal:Desc_RBV
HXR:PC:03:NC:MaxPosLagVal:Name_RBV
HXR:PC:03:NC:MaxPosLagVal:TLastUp_RBV
HXR:PC:03:NC:MaxPosLagVal:EU_RBV
HXR:PC:03:NC:MaxVel:Goal_RBV
HXR:PC:03:NC:MaxVel:Goal
HXR:PC:03:NC:MaxVel:Val_RBV
HXR:PC:03:NC:MaxVel:Acc_RBV
HXR:PC:03:NC:MaxVel:Desc_RBV
HXR:PC:03:NC:MaxVel:Name_RBV
HXR:PC:03:NC:MaxVel:TLastUp_RBV
HXR:PC:03:NC:MaxVel:EU_RBV
HXR:PC:03:NC:MinDriveOutputLim:Goal_RBV
HXR:PC:03:NC:MinDriveOutputLim:Goal
HXR:PC:03:NC:MinDriveOutputLim:Val_RBV
HXR:PC:03:NC:MinDriveOutputLim:Acc_RBV
HXR:PC:03:NC:MinDriveOutputLim:Desc_RBV
HXR:PC:03:NC:MinDriveOutputLim:Name_RBV
HXR:PC:03:NC:MinDriveOutputLim:TLastUp_RBV
HXR:PC:03:NC:MinDriveOutputLim:EU_RBV
HXR:PC:03:NC:MinPos:Goal_RBV
HXR:PC:03:NC:MinPos:Goal
HXR:PC:03:NC:MinPos:Val_RBV
HXR:PC:03:NC:MinPos:Acc_RBV
HXR:PC:03:NC:MinPos:Desc_RBV
HXR:PC:03:NC:MinPos:Name_RBV
HXR:PC:03:NC:MinPos:TLastUp_RBV
HXR:PC:03:NC:MinPos:EU_RBV
HXR:PC:03:NC:ModuloFactor:Goal_RBV
HXR:PC:03:NC:ModuloFactor:Goal
HXR:PC:03:NC:ModuloFactor:Val_RBV
HXR:PC:03:NC:ModuloFactor:Acc_RBV
HXR:PC:03:NC:ModuloFactor:Desc_RBV
HXR:PC:03:NC:ModuloFactor:Name_RBV
HXR:PC:03:NC:ModuloFactor:TLastUp_RBV
HXR:PC:03:NC:ModuloFactor:EU_RBV
HXR:PC:03:NC:ModuloStartTolWin:Goal_RBV
HXR:PC:03:NC:ModuloStartTolWin:Goal
HXR:PC:03:NC:ModuloStartTolWin:Val_RBV
HXR:PC:03:NC:ModuloStartTolWin:Acc_RBV
HXR:PC:03:NC:ModuloStartTolWin:Desc_RBV
HXR:PC:03:NC:ModuloStartTolWin:Name_RBV
HXR:PC:03:NC:ModuloStartTolWin:TLastUp_RBV
HXR:PC:03:NC:ModuloStartTolWin:EU_RBV
HXR:PC:03:NC:MotionMon:Goal_RBV
HXR:PC:03:NC:MotionMon:Goal
HXR:PC:03:NC:MotionMon:Val_RBV
HXR:PC:03:NC:MotionMon:Acc_RBV
HXR:PC:03:NC:MotionMon:Desc_RBV
HXR:PC:03:NC:MotionMon:Name_RBV
HXR:PC:03:NC:MotionMon:TLastUp_RBV
HXR:PC:03:NC:MotionMon:EU_RBV
HXR:PC:03:NC:MotionMonTime:Goal_RBV
HXR:PC:03:NC:MotionMonTime:Goal
HXR:PC:03:NC:MotionMonTime:Val_RBV
HXR:PC:03:NC:MotionMonTime:Acc_RBV
HXR:PC:03:NC:MotionMonTime:Desc_RBV
HXR:PC:03:NC:MotionMonTime:Name_RBV
HXR:PC:03:NC:MotionMonTime:TLastUp_RBV
HXR:PC:03:NC:MotionMonTime:EU_RBV
HXR:PC:03:NC:MotionMonWindow:Goal_RBV
HXR:PC:03:NC:MotionMonWindow:Goal
HXR:PC:03:NC:MotionMonWindow:Val_RBV
HXR:PC:03:NC:MotionMonWindow:Acc_RBV
HXR:PC:03:NC:MotionMonWindow:Desc_RBV
HXR:PC:03:NC:MotionMonWindow:Name_RBV
HXR:PC:03:NC:MotionMonWindow:TLastUp_RBV
HXR:PC:03:NC:MotionMonWindow:EU_RBV
HXR:PC:03:NC:OffsetLimit:Goal_RBV
HXR:PC:03:NC:OffsetLimit:Goal
HXR:PC:03:NC:OffsetLimit:Val_RBV
HXR:PC:03:NC:OffsetLimit:Acc_RBV
HXR:PC:03:NC:OffsetLimit:Desc_RBV
HXR:PC:03:NC:OffsetLimit:Name_RBV
HXR:PC:03:NC:OffsetLimit:TLastUp_RBV
HXR:PC:03:NC:OffsetLimit:EU_RBV
HXR:PC:03:NC:OffsetTimer:Goal_RBV
HXR:PC:03:NC:OffsetTimer:Goal
HXR:PC:03:NC:OffsetTimer:Val_RBV
HXR:PC:03:NC:OffsetTimer:Acc_RBV
HXR:PC:03:NC:OffsetTimer:Desc_RBV
HXR:PC:03:NC:OffsetTimer:Name_RBV
HXR:PC:03:NC:OffsetTimer:TLastUp_RBV
HXR:PC:03:NC:OffsetTimer:EU_RBV
HXR:PC:03:NC:OutputDelayAcceleration:Goal_RBV
HXR:PC:03:NC:OutputDelayAcceleration:Goal
HXR:PC:03:NC:OutputDelayAcceleration:Val_RBV
HXR:PC:03:NC:OutputDelayAcceleration:Acc_RBV
HXR:PC:03:NC:OutputDelayAcceleration:Desc_RBV
HXR:PC:03:NC:OutputDelayAcceleration:Name_RBV
HXR:PC:03:NC:OutputDelayAcceleration:TLastUp_RBV
HXR:PC:03:NC:OutputDelayAcceleration:EU_RBV
HXR:PC:03:NC:OutputDelayTorqueOffset:Goal_RBV
HXR:PC:03:NC:OutputDelayTorqueOffset:Goal
HXR:PC:03:NC:OutputDelayTorqueOffset:Val_RBV
HXR:PC:03:NC:OutputDelayTorqueOffset:Acc_RBV
HXR:PC:03:NC:OutputDelayTorqueOffset:Desc_RBV
HXR:PC:03:NC:OutputDelayTorqueOffset:Name_RBV
HXR:PC:03:NC:OutputDelayTorqueOffset:TLastUp_RBV
HXR:PC:03:NC:OutputDelayTorqueOffset:EU_RBV
HXR:PC:03:NC:OutputDelayVelo:Goal_RBV
HXR:PC:03:NC:OutputDelayVelo:Goal
HXR:PC:03:NC:OutputDelayVelo:Val_RBV
HXR:PC:03:NC:OutputDelayVelo:Acc_RBV
HXR:PC:03:NC:OutputDelayVelo:Desc_RBV
HXR:PC:03:NC:OutputDelayVelo:Name_RBV
HXR:PC:03:NC:OutputDelayVelo:TLastUp_RBV
HXR:PC:03:NC:OutputDelayVelo:EU_RBV
HXR:PC:03:NC:OutputRatio:Goal_RBV
HXR:PC:03:NC:OutputRatio:Goal
HXR:PC:03:NC:OutputRatio:Val_RBV
HXR:PC:03:NC:OutputRatio:Acc_RBV
HXR:PC:03:NC:OutputRatio:Desc_RBV
HXR:PC:03:NC:OutputRatio:Name_RBV
HXR:PC:03:NC:OutputRatio:TLastUp_RBV
HXR:PC:03:NC:OutputRatio:EU_RBV
HXR:PC:03:NC:OutputScaleAcceleration:Goal_RBV
HXR:PC:03:NC:OutputScaleAcceleration:Goal
HXR:PC:03:NC:OutputScaleAcceleration:Val_RBV
HXR:PC:03:NC:OutputScaleAcceleration:Acc_RBV
HXR:PC:03:NC:OutputScaleAcceleration:Desc_RBV
HXR:PC:03:NC:OutputScaleAcceleration:Name_RBV
HXR:PC:03:NC:OutputScaleAcceleration:TLastUp_RBV
HXR:PC:03:NC:OutputScaleAcceleration:EU_RBV
HXR:PC:03:NC:OutputScalePos:Goal_RBV
HXR:PC:03:NC:OutputScalePos:Goal
HXR:PC:03:NC:OutputScalePos:Val_RBV
HXR:PC:03:NC:OutputScalePos:Acc_RBV
HXR:PC:03:NC:OutputScalePos:Desc_RBV
HXR:PC:03:NC:OutputScalePos:Name_RBV
HXR:PC:03:NC:OutputScalePos:TLastUp_RBV
HXR:PC:03:NC:OutputScalePos:EU_RBV
HXR:PC:03:NC:OutputScaleTorqueOffset:Goal_RBV
HXR:PC:03:NC:OutputScaleTorqueOffset:Goal
HXR:PC:03:NC:OutputScaleTorqueOffset:Val_RBV
HXR:PC:03:NC:OutputScaleTorqueOffset:Acc_RBV
HXR:PC:03:NC:OutputScaleTorqueOffset:Desc_RBV
HXR:PC:03:NC:OutputScaleTorqueOffset:Name_RBV
HXR:PC:03:NC:OutputScaleTorqueOffset:TLastUp_RBV
HXR:PC:03:NC:OutputScaleTorqueOffset:EU_RBV
HXR:PC:03:NC:OutputScaleTorqueSetpoint:Goal_RBV
HXR:PC:03:NC:OutputScaleTorqueSetpoint:Goal
HXR:PC:03:NC:OutputScaleTorqueSetpoint:Val_RBV
HXR:PC:03:NC:OutputScaleTorqueSetpoint:Acc_RBV
HXR:PC:03:NC:OutputScaleTorqueSetpoint:Desc_RBV
HXR:PC:03:NC:OutputScaleTorqueSetpoint:Name_RBV
HXR:PC:03:NC:OutputScaleTorqueSetpoint:TLastUp_RBV
HXR:PC:03:NC:OutputScaleTorqueSetpoint:EU_RBV
HXR:PC:03:NC:OutputScaleVelo:Goal_RBV
HXR:PC:03:NC:OutputScaleVelo:Goal
HXR:PC:03:NC:OutputScaleVelo:Val_RBV
HXR:PC:03:NC:OutputScaleVelo:Acc_RBV
HXR:PC:03:NC:OutputScaleVelo:Desc_RBV
HXR:PC:03:NC:OutputScaleVelo:Name_RBV
HXR:PC:03:NC:OutputScaleVelo:TLastUp_RBV
HXR:PC:03:NC:OutputScaleVelo:EU_RBV
HXR:PC:03:NC:PosBias:Goal_RBV
HXR:PC:03:NC:PosBias:Goal
HXR:PC:03:NC:PosBias:Val_RBV
HXR:PC:03:NC:PosBias:Acc_RBV
HXR:PC:03:NC:PosBias:Desc_RBV
HXR:PC:03:NC:PosBias:Name_RBV
HXR:PC:03:NC:PosBias:TLastUp_RBV
HXR:PC:03:NC:PosBias:EU_RBV
HXR:PC:03:NC:PosCorr:Goal_RBV
HXR:PC:03:NC:PosCorr:Goal
HXR:PC:03:NC:PosCorr:Val_RBV
HXR:PC:03:NC:PosCorr:Acc_RBV
HXR:PC:03:NC:PosCorr:Desc_RBV
HXR:PC:03:NC:PosCorr:Name_RBV
HXR:PC:03:NC:PosCorr:TLastUp_RBV
HXR:PC:03:NC:PosCorr:EU_RBV
HXR:PC:03:NC:PosLagMonOn:Goal_RBV
HXR:PC:03:NC:PosLagMonOn:Goal
HXR:PC:03:NC:PosLagMonOn:Val_RBV
HXR:PC:03:NC:PosLagMonOn:Acc_RBV
HXR:PC:03:NC:PosLagMonOn:Desc_RBV
HXR:PC:03:NC:PosLagMonOn:Name_RBV
HXR:PC:03:NC:PosLagMonOn:TLastUp_RBV
HXR:PC:03:NC:PosLagMonOn:EU_RBV
HXR:PC:03:NC:PosRangeMonOn:Goal_RBV
HXR:PC:03:NC:PosRangeMonOn:Goal
HXR:PC:03:NC:PosRangeMonOn:Val_RBV
HXR:PC:03:NC:PosRangeMonOn:Acc_RBV
HXR:PC:03:NC:PosRangeMonOn:Desc_RBV
HXR:PC:03:NC:PosRangeMonOn:Name_RBV
HXR:PC:03:NC:PosRangeMonOn:TLastUp_RBV
HXR:PC:03:NC:PosRangeMonOn:EU_RBV
HXR:PC:03:NC:PosRangeWindow:Goal_RBV
HXR:PC:03:NC:PosRangeWindow:Goal
HXR:PC:03:NC:PosRangeWindow:Val_RBV
HXR:PC:03:NC:PosRangeWindow:Acc_RBV
HXR:PC:03:NC:PosRangeWindow:Desc_RBV
HXR:PC:03:NC:PosRangeWindow:Name_RBV
HXR:PC:03:NC:PosRangeWindow:TLastUp_RBV
HXR:PC:03:NC:PosRangeWindow:EU_RBV
HXR:PC:03:NC:PropFactorMoving:Goal_RBV
HXR:PC:03:NC:PropFactorMoving:Goal
HXR:PC:03:NC:PropFactorMoving:Val_RBV
HXR:PC:03:NC:PropFactorMoving:Acc_RBV
HXR:PC:03:NC:PropFactorMoving:Desc_RBV
HXR:PC:03:NC:PropFactorMoving:Name_RBV
HXR:PC:03:NC:PropFactorMoving:TLastUp_RBV
HXR:PC:03:NC:PropFactorMoving:EU_RBV
HXR:PC:03:NC:PropFactorStandstill:Goal_RBV
HXR:PC:03:NC:PropFactorStandstill:Goal
HXR:PC:03:NC:PropFactorStandstill:Val_RBV
HXR:PC:03:NC:PropFactorStandstill:Acc_RBV
HXR:PC:03:NC:PropFactorStandstill:Desc_RBV
HXR:PC:03:NC:PropFactorStandstill:Name_RBV
HXR:PC:03:NC:PropFactorStandstill:TLastUp_RBV
HXR:PC:03:NC:PropFactorStandstill:EU_RBV
HXR:PC:03:NC:RapidTraverseVelo:Goal_RBV
HXR:PC:03:NC:RapidTraverseVelo:Goal
HXR:PC:03:NC:RapidTraverseVelo:Val_RBV
HXR:PC:03:NC:RapidTraverseVelo:Acc_RBV
HXR:PC:03:NC:RapidTraverseVelo:Desc_RBV
HXR:PC:03:NC:RapidTraverseVelo:Name_RBV
HXR:PC:03:NC:RapidTraverseVelo:TLastUp_RBV
HXR:PC:03:NC:RapidTraverseVelo:EU_RBV
HXR:PC:03:NC:ReferenceMode:Goal_RBV
HXR:PC:03:NC:ReferenceMode:Goal
HXR:PC:03:NC:ReferenceMode:Val_RBV
HXR:PC:03:NC:ReferenceMode:Acc_RBV
HXR:PC:03:NC:ReferenceMode:Desc_RBV
HXR:PC:03:NC:ReferenceMode:Name_RBV
HXR:PC:03:NC:ReferenceMode:TLastUp_RBV
HXR:PC:03:NC:ReferenceMode:EU_RBV
HXR:PC:03:NC:RefVel:Goal_RBV
HXR:PC:03:NC:RefVel:Goal
HXR:PC:03:NC:RefVel:Val_RBV
HXR:PC:03:NC:RefVel:Acc_RBV
HXR:PC:03:NC:RefVel:Desc_RBV
HXR:PC:03:NC:RefVel:Name_RBV
HXR:PC:03:NC:RefVel:TLastUp_RBV
HXR:PC:03:NC:RefVel:EU_RBV
HXR:PC:03:NC:ScaleFactDenom:Goal_RBV
HXR:PC:03:NC:ScaleFactDenom:Goal
HXR:PC:03:NC:ScaleFactDenom:Val_RBV
HXR:PC:03:NC:ScaleFactDenom:Acc_RBV
HXR:PC:03:NC:ScaleFactDenom:Desc_RBV
HXR:PC:03:NC:ScaleFactDenom:Name_RBV
HXR:PC:03:NC:ScaleFactDenom:TLastUp_RBV
HXR:PC:03:NC:ScaleFactDenom:EU_RBV
HXR:PC:03:NC:ScaleFactNum:Goal_RBV
HXR:PC:03:NC:ScaleFactNum:Goal
HXR:PC:03:NC:ScaleFactNum:Val_RBV
HXR:PC:03:NC:ScaleFactNum:Acc_RBV
HXR:PC:03:NC:ScaleFactNum:Desc_RBV
HXR:PC:03:NC:ScaleFactNum:Name_RBV
HXR:PC:03:NC:ScaleFactNum:TLastUp_RBV
HXR:PC:03:NC:ScaleFactNum:EU_RBV
HXR:PC:03:NC:SlaveCouplingFactor:Goal_RBV
HXR:PC:03:NC:SlaveCouplingFactor:Goal
HXR:PC:03:NC:SlaveCouplingFactor:Val_RBV
HXR:PC:03:NC:SlaveCouplingFactor:Acc_RBV
HXR:PC:03:NC:SlaveCouplingFactor:Desc_RBV
HXR:PC:03:NC:SlaveCouplingFactor:Name_RBV
HXR:PC:03:NC:SlaveCouplingFactor:TLastUp_RBV
HXR:PC:03:NC:SlaveCouplingFactor:EU_RBV
HXR:PC:03:NC:SmoothFilterOrder:Goal_RBV
HXR:PC:03:NC:SmoothFilterOrder:Goal
HXR:PC:03:NC:SmoothFilterOrder:Val_RBV
HXR:PC:03:NC:SmoothFilterOrder:Acc_RBV
HXR:PC:03:NC:SmoothFilterOrder:Desc_RBV
HXR:PC:03:NC:SmoothFilterOrder:Name_RBV
HXR:PC:03:NC:SmoothFilterOrder:TLastUp_RBV
HXR:PC:03:NC:SmoothFilterOrder:EU_RBV
HXR:PC:03:NC:SmoothFilterTime:Goal_RBV
HXR:PC:03:NC:SmoothFilterTime:Goal
HXR:PC:03:NC:SmoothFilterTime:Val_RBV
HXR:PC:03:NC:SmoothFilterTime:Acc_RBV
HXR:PC:03:NC:SmoothFilterTime:Desc_RBV
HXR:PC:03:NC:SmoothFilterTime:Name_RBV
HXR:PC:03:NC:SmoothFilterTime:TLastUp_RBV
HXR:PC:03:NC:SmoothFilterTime:EU_RBV
HXR:PC:03:NC:SmoothFilterType:Goal_RBV
HXR:PC:03:NC:SmoothFilterType:Goal
HXR:PC:03:NC:SmoothFilterType:Val_RBV
HXR:PC:03:NC:SmoothFilterType:Acc_RBV
HXR:PC:03:NC:SmoothFilterType:Desc_RBV
HXR:PC:03:NC:SmoothFilterType:Name_RBV
HXR:PC:03:NC:SmoothFilterType:TLastUp_RBV
HXR:PC:03:NC:SmoothFilterType:EU_RBV
HXR:PC:03:NC:SoftPosMaxOn:Goal_RBV
HXR:PC:03:NC:SoftPosMaxOn:Goal
HXR:PC:03:NC:SoftPosMaxOn:Val_RBV
HXR:PC:03:NC:SoftPosMaxOn:Acc_RBV
HXR:PC:03:NC:SoftPosMaxOn:Desc_RBV
HXR:PC:03:NC:SoftPosMaxOn:Name_RBV
HXR:PC:03:NC:SoftPosMaxOn:TLastUp_RBV
HXR:PC:03:NC:SoftPosMaxOn:EU_RBV
HXR:PC:03:NC:SoftPosMinOn:Goal_RBV
HXR:PC:03:NC:SoftPosMinOn:Goal
HXR:PC:03:NC:SoftPosMinOn:Val_RBV
HXR:PC:03:NC:SoftPosMinOn:Acc_RBV
HXR:PC:03:NC:SoftPosMinOn:Desc_RBV
HXR:PC:03:NC:SoftPosMinOn:Name_RBV
HXR:PC:03:NC:SoftPosMinOn:TLastUp_RBV
HXR:PC:03:NC:SoftPosMinOn:EU_RBV
HXR:PC:03:NC:TargetPosMon:Goal_RBV
HXR:PC:03:NC:TargetPosMon:Goal
HXR:PC:03:NC:TargetPosMon:Val_RBV
HXR:PC:03:NC:TargetPosMon:Acc_RBV
HXR:PC:03:NC:TargetPosMon:Desc_RBV
HXR:PC:03:NC:TargetPosMon:Name_RBV
HXR:PC:03:NC:TargetPosMon:TLastUp_RBV
HXR:PC:03:NC:TargetPosMon:EU_RBV
HXR:PC:03:NC:TargetPosMonTime:Goal_RBV
HXR:PC:03:NC:TargetPosMonTime:Goal
HXR:PC:03:NC:TargetPosMonTime:Val_RBV
HXR:PC:03:NC:TargetPosMonTime:Acc_RBV
HXR:PC:03:NC:TargetPosMonTime:Desc_RBV
HXR:PC:03:NC:TargetPosMonTime:Name_RBV
HXR:PC:03:NC:TargetPosMonTime:TLastUp_RBV
HXR:PC:03:NC:TargetPosMonTime:EU_RBV
HXR:PC:03:NC:TargetPosWindow:Goal_RBV
HXR:PC:03:NC:TargetPosWindow:Goal
HXR:PC:03:NC:TargetPosWindow:Val_RBV
HXR:PC:03:NC:TargetPosWindow:Acc_RBV
HXR:PC:03:NC:TargetPosWindow:Desc_RBV
HXR:PC:03:NC:TargetPosWindow:Name_RBV
HXR:PC:03:NC:TargetPosWindow:TLastUp_RBV
HXR:PC:03:NC:TargetPosWindow:EU_RBV
HXR:PC:03:NC:ToleranceBallAuxAxis:Goal_RBV
HXR:PC:03:NC:ToleranceBallAuxAxis:Goal
HXR:PC:03:NC:ToleranceBallAuxAxis:Val_RBV
HXR:PC:03:NC:ToleranceBallAuxAxis:Acc_RBV
HXR:PC:03:NC:ToleranceBallAuxAxis:Desc_RBV
HXR:PC:03:NC:ToleranceBallAuxAxis:Name_RBV
HXR:PC:03:NC:ToleranceBallAuxAxis:TLastUp_RBV
HXR:PC:03:NC:ToleranceBallAuxAxis:EU_RBV
HXR:PC:03:NC:VeloJumpFactor:Goal_RBV
HXR:PC:03:NC:VeloJumpFactor:Goal
HXR:PC:03:NC:VeloJumpFactor:Val_RBV
HXR:PC:03:NC:VeloJumpFactor:Acc_RBV
HXR:PC:03:NC:VeloJumpFactor:Desc_RBV
HXR:PC:03:NC:VeloJumpFactor:Name_RBV
HXR:PC:03:NC:VeloJumpFactor:TLastUp_RBV
HXR:PC:03:NC:VeloJumpFactor:EU_RBV
HXR:PC:03:NC:VeloOverrideType:Goal_RBV
HXR:PC:03:NC:VeloOverrideType:Goal
HXR:PC:03:NC:VeloOverrideType:Val_RBV
HXR:PC:03:NC:VeloOverrideType:Acc_RBV
HXR:PC:03:NC:VeloOverrideType:Desc_RBV
HXR:PC:03:NC:VeloOverrideType:Name_RBV
HXR:PC:03:NC:VeloOverrideType:TLastUp_RBV
HXR:PC:03:NC:VeloOverrideType:EU_RBV
HXR:PC:03:NC:VeloThresh:Goal_RBV
HXR:PC:03:NC:VeloThresh:Goal
HXR:PC:03:NC:VeloThresh:Val_RBV
HXR:PC:03:NC:VeloThresh:Acc_RBV
HXR:PC:03:NC:VeloThresh:Desc_RBV
HXR:PC:03:NC:VeloThresh:Name_RBV
HXR:PC:03:NC:VeloThresh:TLastUp_RBV
HXR:PC:03:NC:VeloThresh:EU_RBV
HXR:PC:04:NC:AllowMotionCommandsExternalAxis:Goal_RBV
HXR:PC:04:NC:AllowMotionCommandsExternalAxis:Goal
HXR:PC:04:NC:AllowMotionCommandsExternalAxis:Val_RBV
HXR:PC:04:NC:AllowMotionCommandsExternalAxis:Acc_RBV
HXR:PC:04:NC:AllowMotionCommandsExternalAxis:Desc_RBV
HXR:PC:04:NC:AllowMotionCommandsExternalAxis:Name_RBV
HXR:PC:04:NC:AllowMotionCommandsExternalAxis:TLastUp_RBV
HXR:PC:04:NC:AllowMotionCommandsExternalAxis:EU_RBV
HXR:PC:04:NC:AllowMotionCommandsSlaveAxis:Goal_RBV
HXR:PC:04:NC:AllowMotionCommandsSlaveAxis:Goal
HXR:PC:04:NC:AllowMotionCommandsSlaveAxis:Val_RBV
HXR:PC:04:NC:AllowMotionCommandsSlaveAxis:Acc_RBV
HXR:PC:04:NC:AllowMotionCommandsSlaveAxis:Desc_RBV
HXR:PC:04:NC:AllowMotionCommandsSlaveAxis:Name_RBV
HXR:PC:04:NC:AllowMotionCommandsSlaveAxis:TLastUp_RBV
HXR:PC:04:NC:AllowMotionCommandsSlaveAxis:EU_RBV
HXR:PC:04:NC:AutoOffset:Goal_RBV
HXR:PC:04:NC:AutoOffset:Goal
HXR:PC:04:NC:AutoOffset:Val_RBV
HXR:PC:04:NC:AutoOffset:Acc_RBV
HXR:PC:04:NC:AutoOffset:Desc_RBV
HXR:PC:04:NC:AutoOffset:Name_RBV
HXR:PC:04:NC:AutoOffset:TLastUp_RBV
HXR:PC:04:NC:AutoOffset:EU_RBV
HXR:PC:04:NC:Backlash:Goal_RBV
HXR:PC:04:NC:Backlash:Goal
HXR:PC:04:NC:Backlash:Val_RBV
HXR:PC:04:NC:Backlash:Acc_RBV
HXR:PC:04:NC:Backlash:Desc_RBV
HXR:PC:04:NC:Backlash:Name_RBV
HXR:PC:04:NC:Backlash:TLastUp_RBV
HXR:PC:04:NC:Backlash:EU_RBV
HXR:PC:04:NC:ControllerMode:Goal_RBV
HXR:PC:04:NC:ControllerMode:Goal
HXR:PC:04:NC:ControllerMode:Val_RBV
HXR:PC:04:NC:ControllerMode:Acc_RBV
HXR:PC:04:NC:ControllerMode:Desc_RBV
HXR:PC:04:NC:ControllerMode:Name_RBV
HXR:PC:04:NC:ControllerMode:TLastUp_RBV
HXR:PC:04:NC:ControllerMode:EU_RBV
HXR:PC:04:NC:ControllerOutputLimit:Goal_RBV
HXR:PC:04:NC:ControllerOutputLimit:Goal
HXR:PC:04:NC:ControllerOutputLimit:Val_RBV
HXR:PC:04:NC:ControllerOutputLimit:Acc_RBV
HXR:PC:04:NC:ControllerOutputLimit:Desc_RBV
HXR:PC:04:NC:ControllerOutputLimit:Name_RBV
HXR:PC:04:NC:ControllerOutputLimit:TLastUp_RBV
HXR:PC:04:NC:ControllerOutputLimit:EU_RBV
HXR:PC:04:NC:CoupleSlaveActualValues:Goal_RBV
HXR:PC:04:NC:CoupleSlaveActualValues:Goal
HXR:PC:04:NC:CoupleSlaveActualValues:Val_RBV
HXR:PC:04:NC:CoupleSlaveActualValues:Acc_RBV
HXR:PC:04:NC:CoupleSlaveActualValues:Desc_RBV
HXR:PC:04:NC:CoupleSlaveActualValues:Name_RBV
HXR:PC:04:NC:CoupleSlaveActualValues:TLastUp_RBV
HXR:PC:04:NC:CoupleSlaveActualValues:EU_RBV
HXR:PC:04:NC:DeadBandPos:Goal_RBV
HXR:PC:04:NC:DeadBandPos:Goal
HXR:PC:04:NC:DeadBandPos:Val_RBV
HXR:PC:04:NC:DeadBandPos:Acc_RBV
HXR:PC:04:NC:DeadBandPos:Desc_RBV
HXR:PC:04:NC:DeadBandPos:Name_RBV
HXR:PC:04:NC:DeadBandPos:TLastUp_RBV
HXR:PC:04:NC:DeadBandPos:EU_RBV
HXR:PC:04:NC:DeadTimeComp:Goal_RBV
HXR:PC:04:NC:DeadTimeComp:Goal
HXR:PC:04:NC:DeadTimeComp:Val_RBV
HXR:PC:04:NC:DeadTimeComp:Acc_RBV
HXR:PC:04:NC:DeadTimeComp:Desc_RBV
HXR:PC:04:NC:DeadTimeComp:Name_RBV
HXR:PC:04:NC:DeadTimeComp:TLastUp_RBV
HXR:PC:04:NC:DeadTimeComp:EU_RBV
HXR:PC:04:NC:DefAcc:Goal_RBV
HXR:PC:04:NC:DefAcc:Goal
HXR:PC:04:NC:DefAcc:Val_RBV
HXR:PC:04:NC:DefAcc:Acc_RBV
HXR:PC:04:NC:DefAcc:Desc_RBV
HXR:PC:04:NC:DefAcc:Name_RBV
HXR:PC:04:NC:DefAcc:TLastUp_RBV
HXR:PC:04:NC:DefAcc:EU_RBV
HXR:PC:04:NC:DefDec:Goal_RBV
HXR:PC:04:NC:DefDec:Goal
HXR:PC:04:NC:DefDec:Val_RBV
HXR:PC:04:NC:DefDec:Acc_RBV
HXR:PC:04:NC:DefDec:Desc_RBV
HXR:PC:04:NC:DefDec:Name_RBV
HXR:PC:04:NC:DefDec:TLastUp_RBV
HXR:PC:04:NC:DefDec:EU_RBV
HXR:PC:04:NC:DefJerk:Goal_RBV
HXR:PC:04:NC:DefJerk:Goal
HXR:PC:04:NC:DefJerk:Val_RBV
HXR:PC:04:NC:DefJerk:Acc_RBV
HXR:PC:04:NC:DefJerk:Desc_RBV
HXR:PC:04:NC:DefJerk:Name_RBV
HXR:PC:04:NC:DefJerk:TLastUp_RBV
HXR:PC:04:NC:DefJerk:EU_RBV
HXR:PC:04:NC:DriftCompensation:Goal_RBV
HXR:PC:04:NC:DriftCompensation:Goal
HXR:PC:04:NC:DriftCompensation:Val_RBV
HXR:PC:04:NC:DriftCompensation:Acc_RBV
HXR:PC:04:NC:DriftCompensation:Desc_RBV
HXR:PC:04:NC:DriftCompensation:Name_RBV
HXR:PC:04:NC:DriftCompensation:TLastUp_RBV
HXR:PC:04:NC:DriftCompensation:EU_RBV
HXR:PC:04:NC:DriveMode:Goal_RBV
HXR:PC:04:NC:DriveMode:Goal
HXR:PC:04:NC:DriveMode:Val_RBV
HXR:PC:04:NC:DriveMode:Acc_RBV
HXR:PC:04:NC:DriveMode:Desc_RBV
HXR:PC:04:NC:DriveMode:Name_RBV
HXR:PC:04:NC:DriveMode:TLastUp_RBV
HXR:PC:04:NC:DriveMode:EU_RBV
HXR:PC:04:NC:EncoderMode:Goal_RBV
HXR:PC:04:NC:EncoderMode:Goal
HXR:PC:04:NC:EncoderMode:Val_RBV
HXR:PC:04:NC:EncoderMode:Acc_RBV
HXR:PC:04:NC:EncoderMode:Desc_RBV
HXR:PC:04:NC:EncoderMode:Name_RBV
HXR:PC:04:NC:EncoderMode:TLastUp_RBV
HXR:PC:04:NC:EncoderMode:EU_RBV
HXR:PC:04:NC:EncoderRefSys:Goal_RBV
HXR:PC:04:NC:EncoderRefSys:Goal
HXR:PC:04:NC:EncoderRefSys:Val_RBV
HXR:PC:04:NC:EncoderRefSys:Acc_RBV
HXR:PC:04:NC:EncoderRefSys:Desc_RBV
HXR:PC:04:NC:EncoderRefSys:Name_RBV
HXR:PC:04:NC:EncoderRefSys:TLastUp_RBV
HXR:PC:04:NC:EncoderRefSys:EU_RBV
HXR:PC:04:NC:EncoderSubMask:Goal_RBV
HXR:PC:04:NC:EncoderSubMask:Goal
HXR:PC:04:NC:EncoderSubMask:Val_RBV
HXR:PC:04:NC:EncoderSubMask:Acc_RBV
HXR:PC:04:NC:EncoderSubMask:Desc_RBV
HXR:PC:04:NC:EncoderSubMask:Name_RBV
HXR:PC:04:NC:EncoderSubMask:TLastUp_RBV
HXR:PC:04:NC:EncoderSubMask:EU_RBV
HXR:PC:04:NC:ErrPropDelay:Goal_RBV
HXR:PC:04:NC:ErrPropDelay:Goal
HXR:PC:04:NC:ErrPropDelay:Val_RBV
HXR:PC:04:NC:ErrPropDelay:Acc_RBV
HXR:PC:04:NC:ErrPropDelay:Desc_RBV
HXR:PC:04:NC:ErrPropDelay:Name_RBV
HXR:PC:04:NC:ErrPropDelay:TLastUp_RBV
HXR:PC:04:NC:ErrPropDelay:EU_RBV
HXR:PC:04:NC:ErrPropMode:Goal_RBV
HXR:PC:04:NC:ErrPropMode:Goal
HXR:PC:04:NC:ErrPropMode:Val_RBV
HXR:PC:04:NC:ErrPropMode:Acc_RBV
HXR:PC:04:NC:ErrPropMode:Desc_RBV
HXR:PC:04:NC:ErrPropMode:Name_RBV
HXR:PC:04:NC:ErrPropMode:TLastUp_RBV
HXR:PC:04:NC:ErrPropMode:EU_RBV
HXR:PC:04:NC:EvalDir:Goal_RBV
HXR:PC:04:NC:EvalDir:Goal
HXR:PC:04:NC:EvalDir:Val_RBV
HXR:PC:04:NC:EvalDir:Acc_RBV
HXR:PC:04:NC:EvalDir:Desc_RBV
HXR:PC:04:NC:EvalDir:Name_RBV
HXR:PC:04:NC:EvalDir:TLastUp_RBV
HXR:PC:04:NC:EvalDir:EU_RBV
HXR:PC:04:NC:FastAcc:Goal_RBV
HXR:PC:04:NC:FastAcc:Goal
HXR:PC:04:NC:FastAcc:Val_RBV
HXR:PC:04:NC:FastAcc:Acc_RBV
HXR:PC:04:NC:FastAcc:Desc_RBV
HXR:PC:04:NC:FastAcc:Name_RBV
HXR:PC:04:NC:FastAcc:TLastUp_RBV
HXR:PC:04:NC:FastAcc:EU_RBV
HXR:PC:04:NC:FastDec:Goal_RBV
HXR:PC:04:NC:FastDec:Goal
HXR:PC:04:NC:FastDec:Val_RBV
HXR:PC:04:NC:FastDec:Acc_RBV
HXR:PC:04:NC:FastDec:Desc_RBV
HXR:PC:04:NC:FastDec:Name_RBV
HXR:PC:04:NC:FastDec:TLastUp_RBV
HXR:PC:04:NC:FastDec:EU_RBV
HXR:PC:04:NC:FastJerk:Goal_RBV
HXR:PC:04:NC:FastJerk:Goal
HXR:PC:04:NC:FastJerk:Val_RBV
HXR:PC:04:NC:FastJerk:Acc_RBV
HXR:PC:04:NC:FastJerk:Desc_RBV
HXR:PC:04:NC:FastJerk:Name_RBV
HXR:PC:04:NC:FastJerk:TLastUp_RBV
HXR:PC:04:NC:FastJerk:EU_RBV
HXR:PC:04:NC:FastStopSignalType:Goal_RBV
HXR:PC:04:NC:FastStopSignalType:Goal
HXR:PC:04:NC:FastStopSignalType:Val_RBV
HXR:PC:04:NC:FastStopSignalType:Acc_RBV
HXR:PC:04:NC:FastStopSignalType:Desc_RBV
HXR:PC:04:NC:FastStopSignalType:Name_RBV
HXR:PC:04:NC:FastStopSignalType:TLastUp_RBV
HXR:PC:04:NC:FastStopSignalType:EU_RBV
HXR:PC:04:NC:FeedFwdAccFactor:Goal_RBV
HXR:PC:04:NC:FeedFwdAccFactor:Goal
HXR:PC:04:NC:FeedFwdAccFactor:Val_RBV
HXR:PC:04:NC:FeedFwdAccFactor:Acc_RBV
HXR:PC:04:NC:FeedFwdAccFactor:Desc_RBV
HXR:PC:04:NC:FeedFwdAccFactor:Name_RBV
HXR:PC:04:NC:FeedFwdAccFactor:TLastUp_RBV
HXR:PC:04:NC:FeedFwdAccFactor:EU_RBV
HXR:PC:04:NC:FeedFwdVeloWeight:Goal_RBV
HXR:PC:04:NC:FeedFwdVeloWeight:Goal
HXR:PC:04:NC:FeedFwdVeloWeight:Val_RBV
HXR:PC:04:NC:FeedFwdVeloWeight:Acc_RBV
HXR:PC:04:NC:FeedFwdVeloWeight:Desc_RBV
HXR:PC:04:NC:FeedFwdVeloWeight:Name_RBV
HXR:PC:04:NC:FeedFwdVeloWeight:TLastUp_RBV
HXR:PC:04:NC:FeedFwdVeloWeight:EU_RBV
HXR:PC:04:NC:FilterTimeActAcc:Goal_RBV
HXR:PC:04:NC:FilterTimeActAcc:Goal
HXR:PC:04:NC:FilterTimeActAcc:Val_RBV
HXR:PC:04:NC:FilterTimeActAcc:Acc_RBV
HXR:PC:04:NC:FilterTimeActAcc:Desc_RBV
HXR:PC:04:NC:FilterTimeActAcc:Name_RBV
HXR:PC:04:NC:FilterTimeActAcc:TLastUp_RBV
HXR:PC:04:NC:FilterTimeActAcc:EU_RBV
HXR:PC:04:NC:FilterTimeActPos:Goal_RBV
HXR:PC:04:NC:FilterTimeActPos:Goal
HXR:PC:04:NC:FilterTimeActPos:Val_RBV
HXR:PC:04:NC:FilterTimeActPos:Acc_RBV
HXR:PC:04:NC:FilterTimeActPos:Desc_RBV
HXR:PC:04:NC:FilterTimeActPos:Name_RBV
HXR:PC:04:NC:FilterTimeActPos:TLastUp_RBV
HXR:PC:04:NC:FilterTimeActPos:EU_RBV
HXR:PC:04:NC:FilterTimeActVelo:Goal_RBV
HXR:PC:04:NC:FilterTimeActVelo:Goal
HXR:PC:04:NC:FilterTimeActVelo:Val_RBV
HXR:PC:04:NC:FilterTimeActVelo:Acc_RBV
HXR:PC:04:NC:FilterTimeActVelo:Desc_RBV
HXR:PC:04:NC:FilterTimeActVelo:Name_RBV
HXR:PC:04:NC:FilterTimeActVelo:TLastUp_RBV
HXR:PC:04:NC:FilterTimeActVelo:EU_RBV
HXR:PC:04:NC:FilterTimePosCorr:Goal_RBV
HXR:PC:04:NC:FilterTimePosCorr:Goal
HXR:PC:04:NC:FilterTimePosCorr:Val_RBV
HXR:PC:04:NC:FilterTimePosCorr:Acc_RBV
HXR:PC:04:NC:FilterTimePosCorr:Desc_RBV
HXR:PC:04:NC:FilterTimePosCorr:Name_RBV
HXR:PC:04:NC:FilterTimePosCorr:TLastUp_RBV
HXR:PC:04:NC:FilterTimePosCorr:EU_RBV
HXR:PC:04:NC:FollowingErrCalc:Goal_RBV
HXR:PC:04:NC:FollowingErrCalc:Goal
HXR:PC:04:NC:FollowingErrCalc:Val_RBV
HXR:PC:04:NC:FollowingErrCalc:Acc_RBV
HXR:PC:04:NC:FollowingErrCalc:Desc_RBV
HXR:PC:04:NC:FollowingErrCalc:Name_RBV
HXR:PC:04:NC:FollowingErrCalc:TLastUp_RBV
HXR:PC:04:NC:FollowingErrCalc:EU_RBV
HXR:PC:04:NC:HomePos:Goal_RBV
HXR:PC:04:NC:HomePos:Goal
HXR:PC:04:NC:HomePos:Val_RBV
HXR:PC:04:NC:HomePos:Acc_RBV
HXR:PC:04:NC:HomePos:Desc_RBV
HXR:PC:04:NC:HomePos:Name_RBV
HXR:PC:04:NC:HomePos:TLastUp_RBV
HXR:PC:04:NC:HomePos:EU_RBV
HXR:PC:04:NC:HomingSensorSource:Goal_RBV
HXR:PC:04:NC:HomingSensorSource:Goal
HXR:PC:04:NC:HomingSensorSource:Val_RBV
HXR:PC:04:NC:HomingSensorSource:Acc_RBV
HXR:PC:04:NC:HomingSensorSource:Desc_RBV
HXR:PC:04:NC:HomingSensorSource:Name_RBV
HXR:PC:04:NC:HomingSensorSource:TLastUp_RBV
HXR:PC:04:NC:HomingSensorSource:EU_RBV
HXR:PC:04:NC:HomVelOffCam:Goal_RBV
HXR:PC:04:NC:HomVelOffCam:Goal
HXR:PC:04:NC:HomVelOffCam:Val_RBV
HXR:PC:04:NC:HomVelOffCam:Acc_RBV
HXR:PC:04:NC:HomVelOffCam:Desc_RBV
HXR:PC:04:NC:HomVelOffCam:Name_RBV
HXR:PC:04:NC:HomVelOffCam:TLastUp_RBV
HXR:PC:04:NC:HomVelOffCam:EU_RBV
HXR:PC:04:NC:HomVelToCam:Goal_RBV
HXR:PC:04:NC:HomVelToCam:Goal
HXR:PC:04:NC:HomVelToCam:Val_RBV
HXR:PC:04:NC:HomVelToCam:Acc_RBV
HXR:PC:04:NC:HomVelToCam:Desc_RBV
HXR:PC:04:NC:HomVelToCam:Name_RBV
HXR:PC:04:NC:HomVelToCam:TLastUp_RBV
HXR:PC:04:NC:HomVelToCam:EU_RBV
HXR:PC:04:NC:InTargetAlarm:Goal_RBV
HXR:PC:04:NC:InTargetAlarm:Goal
HXR:PC:04:NC:InTargetAlarm:Val_RBV
HXR:PC:04:NC:InTargetAlarm:Acc_RBV
HXR:PC:04:NC:InTargetAlarm:Desc_RBV
HXR:PC:04:NC:InTargetAlarm:Name_RBV
HXR:PC:04:NC:InTargetAlarm:TLastUp_RBV
HXR:PC:04:NC:InTargetAlarm:EU_RBV
HXR:PC:04:NC:InTargetTimeout:Goal_RBV
HXR:PC:04:NC:InTargetTimeout:Goal
HXR:PC:04:NC:InTargetTimeout:Val_RBV
HXR:PC:04:NC:InTargetTimeout:Acc_RBV
HXR:PC:04:NC:InTargetTimeout:Desc_RBV
HXR:PC:04:NC:InTargetTimeout:Name_RBV
HXR:PC:04:NC:InTargetTimeout:TLastUp_RBV
HXR:PC:04:NC:InTargetTimeout:EU_RBV
HXR:PC:04:NC:InputFilterTorqueDerivative:Goal_RBV
HXR:PC:04:NC:InputFilterTorqueDerivative:Goal
HXR:PC:04:NC:InputFilterTorqueDerivative:Val_RBV
HXR:PC:04:NC:InputFilterTorqueDerivative:Acc_RBV
HXR:PC:04:NC:InputFilterTorqueDerivative:Desc_RBV
HXR:PC:04:NC:InputFilterTorqueDerivative:Name_RBV
HXR:PC:04:NC:InputFilterTorqueDerivative:TLastUp_RBV
HXR:PC:04:NC:InputFilterTorqueDerivative:EU_RBV
HXR:PC:04:NC:InputFilterTimeTorque:Goal_RBV
HXR:PC:04:NC:InputFilterTimeTorque:Goal
HXR:PC:04:NC:InputFilterTimeTorque:Val_RBV
HXR:PC:04:NC:InputFilterTimeTorque:Acc_RBV
HXR:PC:04:NC:InputFilterTimeTorque:Desc_RBV
HXR:PC:04:NC:InputFilterTimeTorque:Name_RBV
HXR:PC:04:NC:InputFilterTimeTorque:TLastUp_RBV
HXR:PC:04:NC:InputFilterTimeTorque:EU_RBV
HXR:PC:04:NC:InputScaleTorque:Goal_RBV
HXR:PC:04:NC:InputScaleTorque:Goal
HXR:PC:04:NC:InputScaleTorque:Val_RBV
HXR:PC:04:NC:InputScaleTorque:Acc_RBV
HXR:PC:04:NC:InputScaleTorque:Desc_RBV
HXR:PC:04:NC:InputScaleTorque:Name_RBV
HXR:PC:04:NC:InputScaleTorque:TLastUp_RBV
HXR:PC:04:NC:InputScaleTorque:EU_RBV
HXR:PC:04:NC:InvDirHomSenSearch:Goal_RBV
HXR:PC:04:NC:InvDirHomSenSearch:Goal
HXR:PC:04:NC:InvDirHomSenSearch:Val_RBV
HXR:PC:04:NC:InvDirHomSenSearch:Acc_RBV
HXR:PC:04:NC:InvDirHomSenSearch:Desc_RBV
HXR:PC:04:NC:InvDirHomSenSearch:Name_RBV
HXR:PC:04:NC:InvDirHomSenSearch:TLastUp_RBV
HXR:PC:04:NC:InvDirHomSenSearch:EU_RBV
HXR:PC:04:NC:InvDirSyncImpSearch:Goal_RBV
HXR:PC:04:NC:InvDirSyncImpSearch:Goal
HXR:PC:04:NC:InvDirSyncImpSearch:Val_RBV
HXR:PC:04:NC:InvDirSyncImpSearch:Acc_RBV
HXR:PC:04:NC:InvDirSyncImpSearch:Desc_RBV
HXR:PC:04:NC:InvDirSyncImpSearch:Name_RBV
HXR:PC:04:NC:InvDirSyncImpSearch:TLastUp_RBV
HXR:PC:04:NC:InvDirSyncImpSearch:EU_RBV
HXR:PC:04:NC:InvEncDir:Goal_RBV
HXR:PC:04:NC:InvEncDir:Goal
HXR:PC:04:NC:InvEncDir:Val_RBV
HXR:PC:04:NC:InvEncDir:Acc_RBV
HXR:PC:04:NC:InvEncDir:Desc_RBV
HXR:PC:04:NC:InvEncDir:Name_RBV
HXR:PC:04:NC:InvEncDir:TLastUp_RBV
HXR:PC:04:NC:InvEncDir:EU_RBV
HXR:PC:04:NC:InvMotorPol:Goal_RBV
HXR:PC:04:NC:InvMotorPol:Goal
HXR:PC:04:NC:InvMotorPol:Val_RBV
HXR:PC:04:NC:InvMotorPol:Acc_RBV
HXR:PC:04:NC:InvMotorPol:Desc_RBV
HXR:PC:04:NC:InvMotorPol:Name_RBV
HXR:PC:04:NC:InvMotorPol:TLastUp_RBV
HXR:PC:04:NC:InvMotorPol:EU_RBV
HXR:PC:04:NC:JogIncBwd:Goal_RBV
HXR:PC:04:NC:JogIncBwd:Goal
HXR:PC:04:NC:JogIncBwd:Val_RBV
HXR:PC:04:NC:JogIncBwd:Acc_RBV
HXR:PC:04:NC:JogIncBwd:Desc_RBV
HXR:PC:04:NC:JogIncBwd:Name_RBV
HXR:PC:04:NC:JogIncBwd:TLastUp_RBV
HXR:PC:04:NC:JogIncBwd:EU_RBV
HXR:PC:04:NC:JogIncFwd:Goal_RBV
HXR:PC:04:NC:JogIncFwd:Goal
HXR:PC:04:NC:JogIncFwd:Val_RBV
HXR:PC:04:NC:JogIncFwd:Acc_RBV
HXR:PC:04:NC:JogIncFwd:Desc_RBV
HXR:PC:04:NC:JogIncFwd:Name_RBV
HXR:PC:04:NC:JogIncFwd:TLastUp_RBV
HXR:PC:04:NC:JogIncFwd:EU_RBV
HXR:PC:04:NC:ManVelFast:Goal_RBV
HXR:PC:04:NC:ManVelFast:Goal
HXR:PC:04:NC:ManVelFast:Val_RBV
HXR:PC:04:NC:ManVelFast:Acc_RBV
HXR:PC:04:NC:ManVelFast:Desc_RBV
HXR:PC:04:NC:ManVelFast:Name_RBV
HXR:PC:04:NC:ManVelFast:TLastUp_RBV
HXR:PC:04:NC:ManVelFast:EU_RBV
HXR:PC:04:NC:ManVelSlow:Goal_RBV
HXR:PC:04:NC:ManVelSlow:Goal
HXR:PC:04:NC:ManVelSlow:Val_RBV
HXR:PC:04:NC:ManVelSlow:Acc_RBV
HXR:PC:04:NC:ManVelSlow:Desc_RBV
HXR:PC:04:NC:ManVelSlow:Name_RBV
HXR:PC:04:NC:ManVelSlow:TLastUp_RBV
HXR:PC:04:NC:ManVelSlow:EU_RBV
HXR:PC:04:NC:MaxPosDevAuxAxis:Goal_RBV
HXR:PC:04:NC:MaxPosDevAuxAxis:Goal
HXR:PC:04:NC:MaxPosDevAuxAxis:Val_RBV
HXR:PC:04:NC:MaxPosDevAuxAxis:Acc_RBV
HXR:PC:04:NC:MaxPosDevAuxAxis:Desc_RBV
HXR:PC:04:NC:MaxPosDevAuxAxis:Name_RBV
HXR:PC:04:NC:MaxPosDevAuxAxis:TLastUp_RBV
HXR:PC:04:NC:MaxPosDevAuxAxis:EU_RBV
HXR:PC:04:NC:MaxAcc:Goal_RBV
HXR:PC:04:NC:MaxAcc:Goal
HXR:PC:04:NC:MaxAcc:Val_RBV
HXR:PC:04:NC:MaxAcc:Acc_RBV
HXR:PC:04:NC:MaxAcc:Desc_RBV
HXR:PC:04:NC:MaxAcc:Name_RBV
HXR:PC:04:NC:MaxAcc:TLastUp_RBV
HXR:PC:04:NC:MaxAcc:EU_RBV
HXR:PC:04:NC:MaxDec:Goal_RBV
HXR:PC:04:NC:MaxDec:Goal
HXR:PC:04:NC:MaxDec:Val_RBV
HXR:PC:04:NC:MaxDec:Acc_RBV
HXR:PC:04:NC:MaxDec:Desc_RBV
HXR:PC:04:NC:MaxDec:Name_RBV
HXR:PC:04:NC:MaxDec:TLastUp_RBV
HXR:PC:04:NC:MaxDec:EU_RBV
HXR:PC:04:NC:MaxDriveOutputLim:Goal_RBV
HXR:PC:04:NC:MaxDriveOutputLim:Goal
HXR:PC:04:NC:MaxDriveOutputLim:Val_RBV
HXR:PC:04:NC:MaxDriveOutputLim:Acc_RBV
HXR:PC:04:NC:MaxDriveOutputLim:Desc_RBV
HXR:PC:04:NC:MaxDriveOutputLim:Name_RBV
HXR:PC:04:NC:MaxDriveOutputLim:TLastUp_RBV
HXR:PC:04:NC:MaxDriveOutputLim:EU_RBV
HXR:PC:04:NC:MaxPos:Goal_RBV
HXR:PC:04:NC:MaxPos:Goal
HXR:PC:04:NC:MaxPos:Val_RBV
HXR:PC:04:NC:MaxPos:Acc_RBV
HXR:PC:04:NC:MaxPos:Desc_RBV
HXR:PC:04:NC:MaxPos:Name_RBV
HXR:PC:04:NC:MaxPos:TLastUp_RBV
HXR:PC:04:NC:MaxPos:EU_RBV
HXR:PC:04:NC:MaxPosLagFilterTime:Goal_RBV
HXR:PC:04:NC:MaxPosLagFilterTime:Goal
HXR:PC:04:NC:MaxPosLagFilterTime:Val_RBV
HXR:PC:04:NC:MaxPosLagFilterTime:Acc_RBV
HXR:PC:04:NC:MaxPosLagFilterTime:Desc_RBV
HXR:PC:04:NC:MaxPosLagFilterTime:Name_RBV
HXR:PC:04:NC:MaxPosLagFilterTime:TLastUp_RBV
HXR:PC:04:NC:MaxPosLagFilterTime:EU_RBV
HXR:PC:04:NC:MaxPosLagVal:Goal_RBV
HXR:PC:04:NC:MaxPosLagVal:Goal
HXR:PC:04:NC:MaxPosLagVal:Val_RBV
HXR:PC:04:NC:MaxPosLagVal:Acc_RBV
HXR:PC:04:NC:MaxPosLagVal:Desc_RBV
HXR:PC:04:NC:MaxPosLagVal:Name_RBV
HXR:PC:04:NC:MaxPosLagVal:TLastUp_RBV
HXR:PC:04:NC:MaxPosLagVal:EU_RBV
HXR:PC:04:NC:MaxVel:Goal_RBV
HXR:PC:04:NC:MaxVel:Goal
HXR:PC:04:NC:MaxVel:Val_RBV
HXR:PC:04:NC:MaxVel:Acc_RBV
HXR:PC:04:NC:MaxVel:Desc_RBV
HXR:PC:04:NC:MaxVel:Name_RBV
HXR:PC:04:NC:MaxVel:TLastUp_RBV
HXR:PC:04:NC:MaxVel:EU_RBV
HXR:PC:04:NC:MinDriveOutputLim:Goal_RBV
HXR:PC:04:NC:MinDriveOutputLim:Goal
HXR:PC:04:NC:MinDriveOutputLim:Val_RBV
HXR:PC:04:NC:MinDriveOutputLim:Acc_RBV
HXR:PC:04:NC:MinDriveOutputLim:Desc_RBV
HXR:PC:04:NC:MinDriveOutputLim:Name_RBV
HXR:PC:04:NC:MinDriveOutputLim:TLastUp_RBV
HXR:PC:04:NC:MinDriveOutputLim:EU_RBV
HXR:PC:04:NC:MinPos:Goal_RBV
HXR:PC:04:NC:MinPos:Goal
HXR:PC:04:NC:MinPos:Val_RBV
HXR:PC:04:NC:MinPos:Acc_RBV
HXR:PC:04:NC:MinPos:Desc_RBV
HXR:PC:04:NC:MinPos:Name_RBV
HXR:PC:04:NC:MinPos:TLastUp_RBV
HXR:PC:04:NC:MinPos:EU_RBV
HXR:PC:04:NC:ModuloFactor:Goal_RBV
HXR:PC:04:NC:ModuloFactor:Goal
HXR:PC:04:NC:ModuloFactor:Val_RBV
HXR:PC:04:NC:ModuloFactor:Acc_RBV
HXR:PC:04:NC:ModuloFactor:Desc_RBV
HXR:PC:04:NC:ModuloFactor:Name_RBV
HXR:PC:04:NC:ModuloFactor:TLastUp_RBV
HXR:PC:04:NC:ModuloFactor:EU_RBV
HXR:PC:04:NC:ModuloStartTolWin:Goal_RBV
HXR:PC:04:NC:ModuloStartTolWin:Goal
HXR:PC:04:NC:ModuloStartTolWin:Val_RBV
HXR:PC:04:NC:ModuloStartTolWin:Acc_RBV
HXR:PC:04:NC:ModuloStartTolWin:Desc_RBV
HXR:PC:04:NC:ModuloStartTolWin:Name_RBV
HXR:PC:04:NC:ModuloStartTolWin:TLastUp_RBV
HXR:PC:04:NC:ModuloStartTolWin:EU_RBV
HXR:PC:04:NC:MotionMon:Goal_RBV
HXR:PC:04:NC:MotionMon:Goal
HXR:PC:04:NC:MotionMon:Val_RBV
HXR:PC:04:NC:MotionMon:Acc_RBV
HXR:PC:04:NC:MotionMon:Desc_RBV
HXR:PC:04:NC:MotionMon:Name_RBV
HXR:PC:04:NC:MotionMon:TLastUp_RBV
HXR:PC:04:NC:MotionMon:EU_RBV
HXR:PC:04:NC:MotionMonTime:Goal_RBV
HXR:PC:04:NC:MotionMonTime:Goal
HXR:PC:04:NC:MotionMonTime:Val_RBV
HXR:PC:04:NC:MotionMonTime:Acc_RBV
HXR:PC:04:NC:MotionMonTime:Desc_RBV
HXR:PC:04:NC:MotionMonTime:Name_RBV
HXR:PC:04:NC:MotionMonTime:TLastUp_RBV
HXR:PC:04:NC:MotionMonTime:EU_RBV
HXR:PC:04:NC:MotionMonWindow:Goal_RBV
HXR:PC:04:NC:MotionMonWindow:Goal
HXR:PC:04:NC:MotionMonWindow:Val_RBV
HXR:PC:04:NC:MotionMonWindow:Acc_RBV
HXR:PC:04:NC:MotionMonWindow:Desc_RBV
HXR:PC:04:NC:MotionMonWindow:Name_RBV
HXR:PC:04:NC:MotionMonWindow:TLastUp_RBV
HXR:PC:04:NC:MotionMonWindow:EU_RBV
HXR:PC:04:NC:OffsetLimit:Goal_RBV
HXR:PC:04:NC:OffsetLimit:Goal
HXR:PC:04:NC:OffsetLimit:Val_RBV
HXR:PC:04:NC:OffsetLimit:Acc_RBV
HXR:PC:04:NC:OffsetLimit:Desc_RBV
HXR:PC:04:NC:OffsetLimit:Name_RBV
HXR:PC:04:NC:OffsetLimit:TLastUp_RBV
HXR:PC:04:NC:OffsetLimit:EU_RBV
HXR:PC:04:NC:OffsetTimer:Goal_RBV
HXR:PC:04:NC:OffsetTimer:Goal
HXR:PC:04:NC:OffsetTimer:Val_RBV
HXR:PC:04:NC:OffsetTimer:Acc_RBV
HXR:PC:04:NC:OffsetTimer:Desc_RBV
HXR:PC:04:NC:OffsetTimer:Name_RBV
HXR:PC:04:NC:OffsetTimer:TLastUp_RBV
HXR:PC:04:NC:OffsetTimer:EU_RBV
HXR:PC:04:NC:OutputDelayAcceleration:Goal_RBV
HXR:PC:04:NC:OutputDelayAcceleration:Goal
HXR:PC:04:NC:OutputDelayAcceleration:Val_RBV
HXR:PC:04:NC:OutputDelayAcceleration:Acc_RBV
HXR:PC:04:NC:OutputDelayAcceleration:Desc_RBV
HXR:PC:04:NC:OutputDelayAcceleration:Name_RBV
HXR:PC:04:NC:OutputDelayAcceleration:TLastUp_RBV
HXR:PC:04:NC:OutputDelayAcceleration:EU_RBV
HXR:PC:04:NC:OutputDelayTorqueOffset:Goal_RBV
HXR:PC:04:NC:OutputDelayTorqueOffset:Goal
HXR:PC:04:NC:OutputDelayTorqueOffset:Val_RBV
HXR:PC:04:NC:OutputDelayTorqueOffset:Acc_RBV
HXR:PC:04:NC:OutputDelayTorqueOffset:Desc_RBV
HXR:PC:04:NC:OutputDelayTorqueOffset:Name_RBV
HXR:PC:04:NC:OutputDelayTorqueOffset:TLastUp_RBV
HXR:PC:04:NC:OutputDelayTorqueOffset:EU_RBV
HXR:PC:04:NC:OutputDelayVelo:Goal_RBV
HXR:PC:04:NC:OutputDelayVelo:Goal
HXR:PC:04:NC:OutputDelayVelo:Val_RBV
HXR:PC:04:NC:OutputDelayVelo:Acc_RBV
HXR:PC:04:NC:OutputDelayVelo:Desc_RBV
HXR:PC:04:NC:OutputDelayVelo:Name_RBV
HXR:PC:04:NC:OutputDelayVelo:TLastUp_RBV
HXR:PC:04:NC:OutputDelayVelo:EU_RBV
HXR:PC:04:NC:OutputRatio:Goal_RBV
HXR:PC:04:NC:OutputRatio:Goal
HXR:PC:04:NC:OutputRatio:Val_RBV
HXR:PC:04:NC:OutputRatio:Acc_RBV
HXR:PC:04:NC:OutputRatio:Desc_RBV
HXR:PC:04:NC:OutputRatio:Name_RBV
HXR:PC:04:NC:OutputRatio:TLastUp_RBV
HXR:PC:04:NC:OutputRatio:EU_RBV
HXR:PC:04:NC:OutputScaleAcceleration:Goal_RBV
HXR:PC:04:NC:OutputScaleAcceleration:Goal
HXR:PC:04:NC:OutputScaleAcceleration:Val_RBV
HXR:PC:04:NC:OutputScaleAcceleration:Acc_RBV
HXR:PC:04:NC:OutputScaleAcceleration:Desc_RBV
HXR:PC:04:NC:OutputScaleAcceleration:Name_RBV
HXR:PC:04:NC:OutputScaleAcceleration:TLastUp_RBV
HXR:PC:04:NC:OutputScaleAcceleration:EU_RBV
HXR:PC:04:NC:OutputScalePos:Goal_RBV
HXR:PC:04:NC:OutputScalePos:Goal
HXR:PC:04:NC:OutputScalePos:Val_RBV
HXR:PC:04:NC:OutputScalePos:Acc_RBV
HXR:PC:04:NC:OutputScalePos:Desc_RBV
HXR:PC:04:NC:OutputScalePos:Name_RBV
HXR:PC:04:NC:OutputScalePos:TLastUp_RBV
HXR:PC:04:NC:OutputScalePos:EU_RBV
HXR:PC:04:NC:OutputScaleTorqueOffset:Goal_RBV
HXR:PC:04:NC:OutputScaleTorqueOffset:Goal
HXR:PC:04:NC:OutputScaleTorqueOffset:Val_RBV
HXR:PC:04:NC:OutputScaleTorqueOffset:Acc_RBV
HXR:PC:04:NC:OutputScaleTorqueOffset:Desc_RBV
HXR:PC:04:NC:OutputScaleTorqueOffset:Name_RBV
HXR:PC:04:NC:OutputScaleTorqueOffset:TLastUp_RBV
HXR:PC:04:NC:OutputScaleTorqueOffset:EU_RBV
HXR:PC:04:NC:OutputScaleTorqueSetpoint:Goal_RBV
HXR:PC:04:NC:OutputScaleTorqueSetpoint:Goal
HXR:PC:04:NC:OutputScaleTorqueSetpoint:Val_RBV
HXR:PC:04:NC:OutputScaleTorqueSetpoint:Acc_RBV
HXR:PC:04:NC:OutputScaleTorqueSetpoint:Desc_RBV
HXR:PC:04:NC:OutputScaleTorqueSetpoint:Name_RBV
HXR:PC:04:NC:OutputScaleTorqueSetpoint:TLastUp_RBV
HXR:PC:04:NC:OutputScaleTorqueSetpoint:EU_RBV
HXR:PC:04:NC:OutputScaleVelo:Goal_RBV
HXR:PC:04:NC:OutputScaleVelo:Goal
HXR:PC:04:NC:OutputScaleVelo:Val_RBV
HXR:PC:04:NC:OutputScaleVelo:Acc_RBV
HXR:PC:04:NC:OutputScaleVelo:Desc_RBV
HXR:PC:04:NC:OutputScaleVelo:Name_RBV
HXR:PC:04:NC:OutputScaleVelo:TLastUp_RBV
HXR:PC:04:NC:OutputScaleVelo:EU_RBV
HXR:PC:04:NC:PosBias:Goal_RBV
HXR:PC:04:NC:PosBias:Goal
HXR:PC:04:NC:PosBias:Val_RBV
HXR:PC:04:NC:PosBias:Acc_RBV
HXR:PC:04:NC:PosBias:Desc_RBV
HXR:PC:04:NC:PosBias:Name_RBV
HXR:PC:04:NC:PosBias:TLastUp_RBV
HXR:PC:04:NC:PosBias:EU_RBV
HXR:PC:04:NC:PosCorr:Goal_RBV
HXR:PC:04:NC:PosCorr:Goal
HXR:PC:04:NC:PosCorr:Val_RBV
HXR:PC:04:NC:PosCorr:Acc_RBV
HXR:PC:04:NC:PosCorr:Desc_RBV
HXR:PC:04:NC:PosCorr:Name_RBV
HXR:PC:04:NC:PosCorr:TLastUp_RBV
HXR:PC:04:NC:PosCorr:EU_RBV
HXR:PC:04:NC:PosLagMonOn:Goal_RBV
HXR:PC:04:NC:PosLagMonOn:Goal
HXR:PC:04:NC:PosLagMonOn:Val_RBV
HXR:PC:04:NC:PosLagMonOn:Acc_RBV
HXR:PC:04:NC:PosLagMonOn:Desc_RBV
HXR:PC:04:NC:PosLagMonOn:Name_RBV
HXR:PC:04:NC:PosLagMonOn:TLastUp_RBV
HXR:PC:04:NC:PosLagMonOn:EU_RBV
HXR:PC:04:NC:PosRangeMonOn:Goal_RBV
HXR:PC:04:NC:PosRangeMonOn:Goal
HXR:PC:04:NC:PosRangeMonOn:Val_RBV
HXR:PC:04:NC:PosRangeMonOn:Acc_RBV
HXR:PC:04:NC:PosRangeMonOn:Desc_RBV
HXR:PC:04:NC:PosRangeMonOn:Name_RBV
HXR:PC:04:NC:PosRangeMonOn:TLastUp_RBV
HXR:PC:04:NC:PosRangeMonOn:EU_RBV
HXR:PC:04:NC:PosRangeWindow:Goal_RBV
HXR:PC:04:NC:PosRangeWindow:Goal
HXR:PC:04:NC:PosRangeWindow:Val_RBV
HXR:PC:04:NC:PosRangeWindow:Acc_RBV
HXR:PC:04:NC:PosRangeWindow:Desc_RBV
HXR:PC:04:NC:PosRangeWindow:Name_RBV
HXR:PC:04:NC:PosRangeWindow:TLastUp_RBV
HXR:PC:04:NC:PosRangeWindow:EU_RBV
HXR:PC:04:NC:PropFactorMoving:Goal_RBV
HXR:PC:04:NC:PropFactorMoving:Goal
HXR:PC:04:NC:PropFactorMoving:Val_RBV
HXR:PC:04:NC:PropFactorMoving:Acc_RBV
HXR:PC:04:NC:PropFactorMoving:Desc_RBV
HXR:PC:04:NC:PropFactorMoving:Name_RBV
HXR:PC:04:NC:PropFactorMoving:TLastUp_RBV
HXR:PC:04:NC:PropFactorMoving:EU_RBV
HXR:PC:04:NC:PropFactorStandstill:Goal_RBV
HXR:PC:04:NC:PropFactorStandstill:Goal
HXR:PC:04:NC:PropFactorStandstill:Val_RBV
HXR:PC:04:NC:PropFactorStandstill:Acc_RBV
HXR:PC:04:NC:PropFactorStandstill:Desc_RBV
HXR:PC:04:NC:PropFactorStandstill:Name_RBV
HXR:PC:04:NC:PropFactorStandstill:TLastUp_RBV
HXR:PC:04:NC:PropFactorStandstill:EU_RBV
HXR:PC:04:NC:RapidTraverseVelo:Goal_RBV
HXR:PC:04:NC:RapidTraverseVelo:Goal
HXR:PC:04:NC:RapidTraverseVelo:Val_RBV
HXR:PC:04:NC:RapidTraverseVelo:Acc_RBV
HXR:PC:04:NC:RapidTraverseVelo:Desc_RBV
HXR:PC:04:NC:RapidTraverseVelo:Name_RBV
HXR:PC:04:NC:RapidTraverseVelo:TLastUp_RBV
HXR:PC:04:NC:RapidTraverseVelo:EU_RBV
HXR:PC:04:NC:ReferenceMode:Goal_RBV
HXR:PC:04:NC:ReferenceMode:Goal
HXR:PC:04:NC:ReferenceMode:Val_RBV
HXR:PC:04:NC:ReferenceMode:Acc_RBV
HXR:PC:04:NC:ReferenceMode:Desc_RBV
HXR:PC:04:NC:ReferenceMode:Name_RBV
HXR:PC:04:NC:ReferenceMode:TLastUp_RBV
HXR:PC:04:NC:ReferenceMode:EU_RBV
HXR:PC:04:NC:RefVel:Goal_RBV
HXR:PC:04:NC:RefVel:Goal
HXR:PC:04:NC:RefVel:Val_RBV
HXR:PC:04:NC:RefVel:Acc_RBV
HXR:PC:04:NC:RefVel:Desc_RBV
HXR:PC:04:NC:RefVel:Name_RBV
HXR:PC:04:NC:RefVel:TLastUp_RBV
HXR:PC:04:NC:RefVel:EU_RBV
HXR:PC:04:NC:ScaleFactDenom:Goal_RBV
HXR:PC:04:NC:ScaleFactDenom:Goal
HXR:PC:04:NC:ScaleFactDenom:Val_RBV
HXR:PC:04:NC:ScaleFactDenom:Acc_RBV
HXR:PC:04:NC:ScaleFactDenom:Desc_RBV
HXR:PC:04:NC:ScaleFactDenom:Name_RBV
HXR:PC:04:NC:ScaleFactDenom:TLastUp_RBV
HXR:PC:04:NC:ScaleFactDenom:EU_RBV
HXR:PC:04:NC:ScaleFactNum:Goal_RBV
HXR:PC:04:NC:ScaleFactNum:Goal
HXR:PC:04:NC:ScaleFactNum:Val_RBV
HXR:PC:04:NC:ScaleFactNum:Acc_RBV
HXR:PC:04:NC:ScaleFactNum:Desc_RBV
HXR:PC:04:NC:ScaleFactNum:Name_RBV
HXR:PC:04:NC:ScaleFactNum:TLastUp_RBV
HXR:PC:04:NC:ScaleFactNum:EU_RBV
HXR:PC:04:NC:SlaveCouplingFactor:Goal_RBV
HXR:PC:04:NC:SlaveCouplingFactor:Goal
HXR:PC:04:NC:SlaveCouplingFactor:Val_RBV
HXR:PC:04:NC:SlaveCouplingFactor:Acc_RBV
HXR:PC:04:NC:SlaveCouplingFactor:Desc_RBV
HXR:PC:04:NC:SlaveCouplingFactor:Name_RBV
HXR:PC:04:NC:SlaveCouplingFactor:TLastUp_RBV
HXR:PC:04:NC:SlaveCouplingFactor:EU_RBV
HXR:PC:04:NC:SmoothFilterOrder:Goal_RBV
HXR:PC:04:NC:SmoothFilterOrder:Goal
HXR:PC:04:NC:SmoothFilterOrder:Val_RBV
HXR:PC:04:NC:SmoothFilterOrder:Acc_RBV
HXR:PC:04:NC:SmoothFilterOrder:Desc_RBV
HXR:PC:04:NC:SmoothFilterOrder:Name_RBV
HXR:PC:04:NC:SmoothFilterOrder:TLastUp_RBV
HXR:PC:04:NC:SmoothFilterOrder:EU_RBV
HXR:PC:04:NC:SmoothFilterTime:Goal_RBV
HXR:PC:04:NC:SmoothFilterTime:Goal
HXR:PC:04:NC:SmoothFilterTime:Val_RBV
HXR:PC:04:NC:SmoothFilterTime:Acc_RBV
HXR:PC:04:NC:SmoothFilterTime:Desc_RBV
HXR:PC:04:NC:SmoothFilterTime:Name_RBV
HXR:PC:04:NC:SmoothFilterTime:TLastUp_RBV
HXR:PC:04:NC:SmoothFilterTime:EU_RBV
HXR:PC:04:NC:SmoothFilterType:Goal_RBV
HXR:PC:04:NC:SmoothFilterType:Goal
HXR:PC:04:NC:SmoothFilterType:Val_RBV
HXR:PC:04:NC:SmoothFilterType:Acc_RBV
HXR:PC:04:NC:SmoothFilterType:Desc_RBV
HXR:PC:04:NC:SmoothFilterType:Name_RBV
HXR:PC:04:NC:SmoothFilterType:TLastUp_RBV
HXR:PC:04:NC:SmoothFilterType:EU_RBV
HXR:PC:04:NC:SoftPosMaxOn:Goal_RBV
HXR:PC:04:NC:SoftPosMaxOn:Goal
HXR:PC:04:NC:SoftPosMaxOn:Val_RBV
HXR:PC:04:NC:SoftPosMaxOn:Acc_RBV
HXR:PC:04:NC:SoftPosMaxOn:Desc_RBV
HXR:PC:04:NC:SoftPosMaxOn:Name_RBV
HXR:PC:04:NC:SoftPosMaxOn:TLastUp_RBV
HXR:PC:04:NC:SoftPosMaxOn:EU_RBV
HXR:PC:04:NC:SoftPosMinOn:Goal_RBV
HXR:PC:04:NC:SoftPosMinOn:Goal
HXR:PC:04:NC:SoftPosMinOn:Val_RBV
HXR:PC:04:NC:SoftPosMinOn:Acc_RBV
HXR:PC:04:NC:SoftPosMinOn:Desc_RBV
HXR:PC:04:NC:SoftPosMinOn:Name_RBV
HXR:PC:04:NC:SoftPosMinOn:TLastUp_RBV
HXR:PC:04:NC:SoftPosMinOn:EU_RBV
HXR:PC:04:NC:TargetPosMon:Goal_RBV
HXR:PC:04:NC:TargetPosMon:Goal
HXR:PC:04:NC:TargetPosMon:Val_RBV
HXR:PC:04:NC:TargetPosMon:Acc_RBV
HXR:PC:04:NC:TargetPosMon:Desc_RBV
HXR:PC:04:NC:TargetPosMon:Name_RBV
HXR:PC:04:NC:TargetPosMon:TLastUp_RBV
HXR:PC:04:NC:TargetPosMon:EU_RBV
HXR:PC:04:NC:TargetPosMonTime:Goal_RBV
HXR:PC:04:NC:TargetPosMonTime:Goal
HXR:PC:04:NC:TargetPosMonTime:Val_RBV
HXR:PC:04:NC:TargetPosMonTime:Acc_RBV
HXR:PC:04:NC:TargetPosMonTime:Desc_RBV
HXR:PC:04:NC:TargetPosMonTime:Name_RBV
HXR:PC:04:NC:TargetPosMonTime:TLastUp_RBV
HXR:PC:04:NC:TargetPosMonTime:EU_RBV
HXR:PC:04:NC:TargetPosWindow:Goal_RBV
HXR:PC:04:NC:TargetPosWindow:Goal
HXR:PC:04:NC:TargetPosWindow:Val_RBV
HXR:PC:04:NC:TargetPosWindow:Acc_RBV
HXR:PC:04:NC:TargetPosWindow:Desc_RBV
HXR:PC:04:NC:TargetPosWindow:Name_RBV
HXR:PC:04:NC:TargetPosWindow:TLastUp_RBV
HXR:PC:04:NC:TargetPosWindow:EU_RBV
HXR:PC:04:NC:ToleranceBallAuxAxis:Goal_RBV
HXR:PC:04:NC:ToleranceBallAuxAxis:Goal
HXR:PC:04:NC:ToleranceBallAuxAxis:Val_RBV
HXR:PC:04:NC:ToleranceBallAuxAxis:Acc_RBV
HXR:PC:04:NC:ToleranceBallAuxAxis:Desc_RBV
HXR:PC:04:NC:ToleranceBallAuxAxis:Name_RBV
HXR:PC:04:NC:ToleranceBallAuxAxis:TLastUp_RBV
HXR:PC:04:NC:ToleranceBallAuxAxis:EU_RBV
HXR:PC:04:NC:VeloJumpFactor:Goal_RBV
HXR:PC:04:NC:VeloJumpFactor:Goal
HXR:PC:04:NC:VeloJumpFactor:Val_RBV
HXR:PC:04:NC:VeloJumpFactor:Acc_RBV
HXR:PC:04:NC:VeloJumpFactor:Desc_RBV
HXR:PC:04:NC:VeloJumpFactor:Name_RBV
HXR:PC:04:NC:VeloJumpFactor:TLastUp_RBV
HXR:PC:04:NC:VeloJumpFactor:EU_RBV
HXR:PC:04:NC:VeloOverrideType:Goal_RBV
HXR:PC:04:NC:VeloOverrideType:Goal
HXR:PC:04:NC:VeloOverrideType:Val_RBV
HXR:PC:04:NC:VeloOverrideType:Acc_RBV
HXR:PC:04:NC:VeloOverrideType:Desc_RBV
HXR:PC:04:NC:VeloOverrideType:Name_RBV
HXR:PC:04:NC:VeloOverrideType:TLastUp_RBV
HXR:PC:04:NC:VeloOverrideType:EU_RBV
HXR:PC:04:NC:VeloThresh:Goal_RBV
HXR:PC:04:NC:VeloThresh:Goal
HXR:PC:04:NC:VeloThresh:Val_RBV
HXR:PC:04:NC:VeloThresh:Acc_RBV
HXR:PC:04:NC:VeloThresh:Desc_RBV
HXR:PC:04:NC:VeloThresh:Name_RBV
HXR:PC:04:NC:VeloThresh:TLastUp_RBV
HXR:PC:04:NC:VeloThresh:EU_RBV
HXR:PC:05:NC:AllowMotionCommandsExternalAxis:Goal_RBV
HXR:PC:05:NC:AllowMotionCommandsExternalAxis:Goal
HXR:PC:05:NC:AllowMotionCommandsExternalAxis:Val_RBV
HXR:PC:05:NC:AllowMotionCommandsExternalAxis:Acc_RBV
HXR:PC:05:NC:AllowMotionCommandsExternalAxis:Desc_RBV
HXR:PC:05:NC:AllowMotionCommandsExternalAxis:Name_RBV
HXR:PC:05:NC:AllowMotionCommandsExternalAxis:TLastUp_RBV
HXR:PC:05:NC:AllowMotionCommandsExternalAxis:EU_RBV
HXR:PC:05:NC:AllowMotionCommandsSlaveAxis:Goal_RBV
HXR:PC:05:NC:AllowMotionCommandsSlaveAxis:Goal
HXR:PC:05:NC:AllowMotionCommandsSlaveAxis:Val_RBV
HXR:PC:05:NC:AllowMotionCommandsSlaveAxis:Acc_RBV
HXR:PC:05:NC:AllowMotionCommandsSlaveAxis:Desc_RBV
HXR:PC:05:NC:AllowMotionCommandsSlaveAxis:Name_RBV
HXR:PC:05:NC:AllowMotionCommandsSlaveAxis:TLastUp_RBV
HXR:PC:05:NC:AllowMotionCommandsSlaveAxis:EU_RBV
HXR:PC:05:NC:AutoOffset:Goal_RBV
HXR:PC:05:NC:AutoOffset:Goal
HXR:PC:05:NC:AutoOffset:Val_RBV
HXR:PC:05:NC:AutoOffset:Acc_RBV
HXR:PC:05:NC:AutoOffset:Desc_RBV
HXR:PC:05:NC:AutoOffset:Name_RBV
HXR:PC:05:NC:AutoOffset:TLastUp_RBV
HXR:PC:05:NC:AutoOffset:EU_RBV
HXR:PC:05:NC:Backlash:Goal_RBV
HXR:PC:05:NC:Backlash:Goal
HXR:PC:05:NC:Backlash:Val_RBV
HXR:PC:05:NC:Backlash:Acc_RBV
HXR:PC:05:NC:Backlash:Desc_RBV
HXR:PC:05:NC:Backlash:Name_RBV
HXR:PC:05:NC:Backlash:TLastUp_RBV
HXR:PC:05:NC:Backlash:EU_RBV
HXR:PC:05:NC:ControllerMode:Goal_RBV
HXR:PC:05:NC:ControllerMode:Goal
HXR:PC:05:NC:ControllerMode:Val_RBV
HXR:PC:05:NC:ControllerMode:Acc_RBV
HXR:PC:05:NC:ControllerMode:Desc_RBV
HXR:PC:05:NC:ControllerMode:Name_RBV
HXR:PC:05:NC:ControllerMode:TLastUp_RBV
HXR:PC:05:NC:ControllerMode:EU_RBV
HXR:PC:05:NC:ControllerOutputLimit:Goal_RBV
HXR:PC:05:NC:ControllerOutputLimit:Goal
HXR:PC:05:NC:ControllerOutputLimit:Val_RBV
HXR:PC:05:NC:ControllerOutputLimit:Acc_RBV
HXR:PC:05:NC:ControllerOutputLimit:Desc_RBV
HXR:PC:05:NC:ControllerOutputLimit:Name_RBV
HXR:PC:05:NC:ControllerOutputLimit:TLastUp_RBV
HXR:PC:05:NC:ControllerOutputLimit:EU_RBV
HXR:PC:05:NC:CoupleSlaveActualValues:Goal_RBV
HXR:PC:05:NC:CoupleSlaveActualValues:Goal
HXR:PC:05:NC:CoupleSlaveActualValues:Val_RBV
HXR:PC:05:NC:CoupleSlaveActualValues:Acc_RBV
HXR:PC:05:NC:CoupleSlaveActualValues:Desc_RBV
HXR:PC:05:NC:CoupleSlaveActualValues:Name_RBV
HXR:PC:05:NC:CoupleSlaveActualValues:TLastUp_RBV
HXR:PC:05:NC:CoupleSlaveActualValues:EU_RBV
HXR:PC:05:NC:DeadBandPos:Goal_RBV
HXR:PC:05:NC:DeadBandPos:Goal
HXR:PC:05:NC:DeadBandPos:Val_RBV
HXR:PC:05:NC:DeadBandPos:Acc_RBV
HXR:PC:05:NC:DeadBandPos:Desc_RBV
HXR:PC:05:NC:DeadBandPos:Name_RBV
HXR:PC:05:NC:DeadBandPos:TLastUp_RBV
HXR:PC:05:NC:DeadBandPos:EU_RBV
HXR:PC:05:NC:DeadTimeComp:Goal_RBV
HXR:PC:05:NC:DeadTimeComp:Goal
HXR:PC:05:NC:DeadTimeComp:Val_RBV
HXR:PC:05:NC:DeadTimeComp:Acc_RBV
HXR:PC:05:NC:DeadTimeComp:Desc_RBV
HXR:PC:05:NC:DeadTimeComp:Name_RBV
HXR:PC:05:NC:DeadTimeComp:TLastUp_RBV
HXR:PC:05:NC:DeadTimeComp:EU_RBV
HXR:PC:05:NC:DefAcc:Goal_RBV
HXR:PC:05:NC:DefAcc:Goal
HXR:PC:05:NC:DefAcc:Val_RBV
HXR:PC:05:NC:DefAcc:Acc_RBV
HXR:PC:05:NC:DefAcc:Desc_RBV
HXR:PC:05:NC:DefAcc:Name_RBV
HXR:PC:05:NC:DefAcc:TLastUp_RBV
HXR:PC:05:NC:DefAcc:EU_RBV
HXR:PC:05:NC:DefDec:Goal_RBV
HXR:PC:05:NC:DefDec:Goal
HXR:PC:05:NC:DefDec:Val_RBV
HXR:PC:05:NC:DefDec:Acc_RBV
HXR:PC:05:NC:DefDec:Desc_RBV
HXR:PC:05:NC:DefDec:Name_RBV
HXR:PC:05:NC:DefDec:TLastUp_RBV
HXR:PC:05:NC:DefDec:EU_RBV
HXR:PC:05:NC:DefJerk:Goal_RBV
HXR:PC:05:NC:DefJerk:Goal
HXR:PC:05:NC:DefJerk:Val_RBV
HXR:PC:05:NC:DefJerk:Acc_RBV
HXR:PC:05:NC:DefJerk:Desc_RBV
HXR:PC:05:NC:DefJerk:Name_RBV
HXR:PC:05:NC:DefJerk:TLastUp_RBV
HXR:PC:05:NC:DefJerk:EU_RBV
HXR:PC:05:NC:DriftCompensation:Goal_RBV
HXR:PC:05:NC:DriftCompensation:Goal
HXR:PC:05:NC:DriftCompensation:Val_RBV
HXR:PC:05:NC:DriftCompensation:Acc_RBV
HXR:PC:05:NC:DriftCompensation:Desc_RBV
HXR:PC:05:NC:DriftCompensation:Name_RBV
HXR:PC:05:NC:DriftCompensation:TLastUp_RBV
HXR:PC:05:NC:DriftCompensation:EU_RBV
HXR:PC:05:NC:DriveMode:Goal_RBV
HXR:PC:05:NC:DriveMode:Goal
HXR:PC:05:NC:DriveMode:Val_RBV
HXR:PC:05:NC:DriveMode:Acc_RBV
HXR:PC:05:NC:DriveMode:Desc_RBV
HXR:PC:05:NC:DriveMode:Name_RBV
HXR:PC:05:NC:DriveMode:TLastUp_RBV
HXR:PC:05:NC:DriveMode:EU_RBV
HXR:PC:05:NC:EncoderMode:Goal_RBV
HXR:PC:05:NC:EncoderMode:Goal
HXR:PC:05:NC:EncoderMode:Val_RBV
HXR:PC:05:NC:EncoderMode:Acc_RBV
HXR:PC:05:NC:EncoderMode:Desc_RBV
HXR:PC:05:NC:EncoderMode:Name_RBV
HXR:PC:05:NC:EncoderMode:TLastUp_RBV
HXR:PC:05:NC:EncoderMode:EU_RBV
HXR:PC:05:NC:EncoderRefSys:Goal_RBV
HXR:PC:05:NC:EncoderRefSys:Goal
HXR:PC:05:NC:EncoderRefSys:Val_RBV
HXR:PC:05:NC:EncoderRefSys:Acc_RBV
HXR:PC:05:NC:EncoderRefSys:Desc_RBV
HXR:PC:05:NC:EncoderRefSys:Name_RBV
HXR:PC:05:NC:EncoderRefSys:TLastUp_RBV
HXR:PC:05:NC:EncoderRefSys:EU_RBV
HXR:PC:05:NC:EncoderSubMask:Goal_RBV
HXR:PC:05:NC:EncoderSubMask:Goal
HXR:PC:05:NC:EncoderSubMask:Val_RBV
HXR:PC:05:NC:EncoderSubMask:Acc_RBV
HXR:PC:05:NC:EncoderSubMask:Desc_RBV
HXR:PC:05:NC:EncoderSubMask:Name_RBV
HXR:PC:05:NC:EncoderSubMask:TLastUp_RBV
HXR:PC:05:NC:EncoderSubMask:EU_RBV
HXR:PC:05:NC:ErrPropDelay:Goal_RBV
HXR:PC:05:NC:ErrPropDelay:Goal
HXR:PC:05:NC:ErrPropDelay:Val_RBV
HXR:PC:05:NC:ErrPropDelay:Acc_RBV
HXR:PC:05:NC:ErrPropDelay:Desc_RBV
HXR:PC:05:NC:ErrPropDelay:Name_RBV
HXR:PC:05:NC:ErrPropDelay:TLastUp_RBV
HXR:PC:05:NC:ErrPropDelay:EU_RBV
HXR:PC:05:NC:ErrPropMode:Goal_RBV
HXR:PC:05:NC:ErrPropMode:Goal
HXR:PC:05:NC:ErrPropMode:Val_RBV
HXR:PC:05:NC:ErrPropMode:Acc_RBV
HXR:PC:05:NC:ErrPropMode:Desc_RBV
HXR:PC:05:NC:ErrPropMode:Name_RBV
HXR:PC:05:NC:ErrPropMode:TLastUp_RBV
HXR:PC:05:NC:ErrPropMode:EU_RBV
HXR:PC:05:NC:EvalDir:Goal_RBV
HXR:PC:05:NC:EvalDir:Goal
HXR:PC:05:NC:EvalDir:Val_RBV
HXR:PC:05:NC:EvalDir:Acc_RBV
HXR:PC:05:NC:EvalDir:Desc_RBV
HXR:PC:05:NC:EvalDir:Name_RBV
HXR:PC:05:NC:EvalDir:TLastUp_RBV
HXR:PC:05:NC:EvalDir:EU_RBV
HXR:PC:05:NC:FastAcc:Goal_RBV
HXR:PC:05:NC:FastAcc:Goal
HXR:PC:05:NC:FastAcc:Val_RBV
HXR:PC:05:NC:FastAcc:Acc_RBV
HXR:PC:05:NC:FastAcc:Desc_RBV
HXR:PC:05:NC:FastAcc:Name_RBV
HXR:PC:05:NC:FastAcc:TLastUp_RBV
HXR:PC:05:NC:FastAcc:EU_RBV
HXR:PC:05:NC:FastDec:Goal_RBV
HXR:PC:05:NC:FastDec:Goal
HXR:PC:05:NC:FastDec:Val_RBV
HXR:PC:05:NC:FastDec:Acc_RBV
HXR:PC:05:NC:FastDec:Desc_RBV
HXR:PC:05:NC:FastDec:Name_RBV
HXR:PC:05:NC:FastDec:TLastUp_RBV
HXR:PC:05:NC:FastDec:EU_RBV
HXR:PC:05:NC:FastJerk:Goal_RBV
HXR:PC:05:NC:FastJerk:Goal
HXR:PC:05:NC:FastJerk:Val_RBV
HXR:PC:05:NC:FastJerk:Acc_RBV
HXR:PC:05:NC:FastJerk:Desc_RBV
HXR:PC:05:NC:FastJerk:Name_RBV
HXR:PC:05:NC:FastJerk:TLastUp_RBV
HXR:PC:05:NC:FastJerk:EU_RBV
HXR:PC:05:NC:FastStopSignalType:Goal_RBV
HXR:PC:05:NC:FastStopSignalType:Goal
HXR:PC:05:NC:FastStopSignalType:Val_RBV
HXR:PC:05:NC:FastStopSignalType:Acc_RBV
HXR:PC:05:NC:FastStopSignalType:Desc_RBV
HXR:PC:05:NC:FastStopSignalType:Name_RBV
HXR:PC:05:NC:FastStopSignalType:TLastUp_RBV
HXR:PC:05:NC:FastStopSignalType:EU_RBV
HXR:PC:05:NC:FeedFwdAccFactor:Goal_RBV
HXR:PC:05:NC:FeedFwdAccFactor:Goal
HXR:PC:05:NC:FeedFwdAccFactor:Val_RBV
HXR:PC:05:NC:FeedFwdAccFactor:Acc_RBV
HXR:PC:05:NC:FeedFwdAccFactor:Desc_RBV
HXR:PC:05:NC:FeedFwdAccFactor:Name_RBV
HXR:PC:05:NC:FeedFwdAccFactor:TLastUp_RBV
HXR:PC:05:NC:FeedFwdAccFactor:EU_RBV
HXR:PC:05:NC:FeedFwdVeloWeight:Goal_RBV
HXR:PC:05:NC:FeedFwdVeloWeight:Goal
HXR:PC:05:NC:FeedFwdVeloWeight:Val_RBV
HXR:PC:05:NC:FeedFwdVeloWeight:Acc_RBV
HXR:PC:05:NC:FeedFwdVeloWeight:Desc_RBV
HXR:PC:05:NC:FeedFwdVeloWeight:Name_RBV
HXR:PC:05:NC:FeedFwdVeloWeight:TLastUp_RBV
HXR:PC:05:NC:FeedFwdVeloWeight:EU_RBV
HXR:PC:05:NC:FilterTimeActAcc:Goal_RBV
HXR:PC:05:NC:FilterTimeActAcc:Goal
HXR:PC:05:NC:FilterTimeActAcc:Val_RBV
HXR:PC:05:NC:FilterTimeActAcc:Acc_RBV
HXR:PC:05:NC:FilterTimeActAcc:Desc_RBV
HXR:PC:05:NC:FilterTimeActAcc:Name_RBV
HXR:PC:05:NC:FilterTimeActAcc:TLastUp_RBV
HXR:PC:05:NC:FilterTimeActAcc:EU_RBV
HXR:PC:05:NC:FilterTimeActPos:Goal_RBV
HXR:PC:05:NC:FilterTimeActPos:Goal
HXR:PC:05:NC:FilterTimeActPos:Val_RBV
HXR:PC:05:NC:FilterTimeActPos:Acc_RBV
HXR:PC:05:NC:FilterTimeActPos:Desc_RBV
HXR:PC:05:NC:FilterTimeActPos:Name_RBV
HXR:PC:05:NC:FilterTimeActPos:TLastUp_RBV
HXR:PC:05:NC:FilterTimeActPos:EU_RBV
HXR:PC:05:NC:FilterTimeActVelo:Goal_RBV
HXR:PC:05:NC:FilterTimeActVelo:Goal
HXR:PC:05:NC:FilterTimeActVelo:Val_RBV
HXR:PC:05:NC:FilterTimeActVelo:Acc_RBV
HXR:PC:05:NC:FilterTimeActVelo:Desc_RBV
HXR:PC:05:NC:FilterTimeActVelo:Name_RBV
HXR:PC:05:NC:FilterTimeActVelo:TLastUp_RBV
HXR:PC:05:NC:FilterTimeActVelo:EU_RBV
HXR:PC:05:NC:FilterTimePosCorr:Goal_RBV
HXR:PC:05:NC:FilterTimePosCorr:Goal
HXR:PC:05:NC:FilterTimePosCorr:Val_RBV
HXR:PC:05:NC:FilterTimePosCorr:Acc_RBV
HXR:PC:05:NC:FilterTimePosCorr:Desc_RBV
HXR:PC:05:NC:FilterTimePosCorr:Name_RBV
HXR:PC:05:NC:FilterTimePosCorr:TLastUp_RBV
HXR:PC:05:NC:FilterTimePosCorr:EU_RBV
HXR:PC:05:NC:FollowingErrCalc:Goal_RBV
HXR:PC:05:NC:FollowingErrCalc:Goal
HXR:PC:05:NC:FollowingErrCalc:Val_RBV
HXR:PC:05:NC:FollowingErrCalc:Acc_RBV
HXR:PC:05:NC:FollowingErrCalc:Desc_RBV
HXR:PC:05:NC:FollowingErrCalc:Name_RBV
HXR:PC:05:NC:FollowingErrCalc:TLastUp_RBV
HXR:PC:05:NC:FollowingErrCalc:EU_RBV
HXR:PC:05:NC:HomePos:Goal_RBV
HXR:PC:05:NC:HomePos:Goal
HXR:PC:05:NC:HomePos:Val_RBV
HXR:PC:05:NC:HomePos:Acc_RBV
HXR:PC:05:NC:HomePos:Desc_RBV
HXR:PC:05:NC:HomePos:Name_RBV
HXR:PC:05:NC:HomePos:TLastUp_RBV
HXR:PC:05:NC:HomePos:EU_RBV
HXR:PC:05:NC:HomingSensorSource:Goal_RBV
HXR:PC:05:NC:HomingSensorSource:Goal
HXR:PC:05:NC:HomingSensorSource:Val_RBV
HXR:PC:05:NC:HomingSensorSource:Acc_RBV
HXR:PC:05:NC:HomingSensorSource:Desc_RBV
HXR:PC:05:NC:HomingSensorSource:Name_RBV
HXR:PC:05:NC:HomingSensorSource:TLastUp_RBV
HXR:PC:05:NC:HomingSensorSource:EU_RBV
HXR:PC:05:NC:HomVelOffCam:Goal_RBV
HXR:PC:05:NC:HomVelOffCam:Goal
HXR:PC:05:NC:HomVelOffCam:Val_RBV
HXR:PC:05:NC:HomVelOffCam:Acc_RBV
HXR:PC:05:NC:HomVelOffCam:Desc_RBV
HXR:PC:05:NC:HomVelOffCam:Name_RBV
HXR:PC:05:NC:HomVelOffCam:TLastUp_RBV
HXR:PC:05:NC:HomVelOffCam:EU_RBV
HXR:PC:05:NC:HomVelToCam:Goal_RBV
HXR:PC:05:NC:HomVelToCam:Goal
HXR:PC:05:NC:HomVelToCam:Val_RBV
HXR:PC:05:NC:HomVelToCam:Acc_RBV
HXR:PC:05:NC:HomVelToCam:Desc_RBV
HXR:PC:05:NC:HomVelToCam:Name_RBV
HXR:PC:05:NC:HomVelToCam:TLastUp_RBV
HXR:PC:05:NC:HomVelToCam:EU_RBV
HXR:PC:05:NC:InTargetAlarm:Goal_RBV
HXR:PC:05:NC:InTargetAlarm:Goal
HXR:PC:05:NC:InTargetAlarm:Val_RBV
HXR:PC:05:NC:InTargetAlarm:Acc_RBV
HXR:PC:05:NC:InTargetAlarm:Desc_RBV
HXR:PC:05:NC:InTargetAlarm:Name_RBV
HXR:PC:05:NC:InTargetAlarm:TLastUp_RBV
HXR:PC:05:NC:InTargetAlarm:EU_RBV
HXR:PC:05:NC:InTargetTimeout:Goal_RBV
HXR:PC:05:NC:InTargetTimeout:Goal
HXR:PC:05:NC:InTargetTimeout:Val_RBV
HXR:PC:05:NC:InTargetTimeout:Acc_RBV
HXR:PC:05:NC:InTargetTimeout:Desc_RBV
HXR:PC:05:NC:InTargetTimeout:Name_RBV
HXR:PC:05:NC:InTargetTimeout:TLastUp_RBV
HXR:PC:05:NC:InTargetTimeout:EU_RBV
HXR:PC:05:NC:InputFilterTorqueDerivative:Goal_RBV
HXR:PC:05:NC:InputFilterTorqueDerivative:Goal
HXR:PC:05:NC:InputFilterTorqueDerivative:Val_RBV
HXR:PC:05:NC:InputFilterTorqueDerivative:Acc_RBV
HXR:PC:05:NC:InputFilterTorqueDerivative:Desc_RBV
HXR:PC:05:NC:InputFilterTorqueDerivative:Name_RBV
HXR:PC:05:NC:InputFilterTorqueDerivative:TLastUp_RBV
HXR:PC:05:NC:InputFilterTorqueDerivative:EU_RBV
HXR:PC:05:NC:InputFilterTimeTorque:Goal_RBV
HXR:PC:05:NC:InputFilterTimeTorque:Goal
HXR:PC:05:NC:InputFilterTimeTorque:Val_RBV
HXR:PC:05:NC:InputFilterTimeTorque:Acc_RBV
HXR:PC:05:NC:InputFilterTimeTorque:Desc_RBV
HXR:PC:05:NC:InputFilterTimeTorque:Name_RBV
HXR:PC:05:NC:InputFilterTimeTorque:TLastUp_RBV
HXR:PC:05:NC:InputFilterTimeTorque:EU_RBV
HXR:PC:05:NC:InputScaleTorque:Goal_RBV
HXR:PC:05:NC:InputScaleTorque:Goal
HXR:PC:05:NC:InputScaleTorque:Val_RBV
HXR:PC:05:NC:InputScaleTorque:Acc_RBV
HXR:PC:05:NC:InputScaleTorque:Desc_RBV
HXR:PC:05:NC:InputScaleTorque:Name_RBV
HXR:PC:05:NC:InputScaleTorque:TLastUp_RBV
HXR:PC:05:NC:InputScaleTorque:EU_RBV
HXR:PC:05:NC:InvDirHomSenSearch:Goal_RBV
HXR:PC:05:NC:InvDirHomSenSearch:Goal
HXR:PC:05:NC:InvDirHomSenSearch:Val_RBV
HXR:PC:05:NC:InvDirHomSenSearch:Acc_RBV
HXR:PC:05:NC:InvDirHomSenSearch:Desc_RBV
HXR:PC:05:NC:InvDirHomSenSearch:Name_RBV
HXR:PC:05:NC:InvDirHomSenSearch:TLastUp_RBV
HXR:PC:05:NC:InvDirHomSenSearch:EU_RBV
HXR:PC:05:NC:InvDirSyncImpSearch:Goal_RBV
HXR:PC:05:NC:InvDirSyncImpSearch:Goal
HXR:PC:05:NC:InvDirSyncImpSearch:Val_RBV
HXR:PC:05:NC:InvDirSyncImpSearch:Acc_RBV
HXR:PC:05:NC:InvDirSyncImpSearch:Desc_RBV
HXR:PC:05:NC:InvDirSyncImpSearch:Name_RBV
HXR:PC:05:NC:InvDirSyncImpSearch:TLastUp_RBV
HXR:PC:05:NC:InvDirSyncImpSearch:EU_RBV
HXR:PC:05:NC:InvEncDir:Goal_RBV
HXR:PC:05:NC:InvEncDir:Goal
HXR:PC:05:NC:InvEncDir:Val_RBV
HXR:PC:05:NC:InvEncDir:Acc_RBV
HXR:PC:05:NC:InvEncDir:Desc_RBV
HXR:PC:05:NC:InvEncDir:Name_RBV
HXR:PC:05:NC:InvEncDir:TLastUp_RBV
HXR:PC:05:NC:InvEncDir:EU_RBV
HXR:PC:05:NC:InvMotorPol:Goal_RBV
HXR:PC:05:NC:InvMotorPol:Goal
HXR:PC:05:NC:InvMotorPol:Val_RBV
HXR:PC:05:NC:InvMotorPol:Acc_RBV
HXR:PC:05:NC:InvMotorPol:Desc_RBV
HXR:PC:05:NC:InvMotorPol:Name_RBV
HXR:PC:05:NC:InvMotorPol:TLastUp_RBV
HXR:PC:05:NC:InvMotorPol:EU_RBV
HXR:PC:05:NC:JogIncBwd:Goal_RBV
HXR:PC:05:NC:JogIncBwd:Goal
HXR:PC:05:NC:JogIncBwd:Val_RBV
HXR:PC:05:NC:JogIncBwd:Acc_RBV
HXR:PC:05:NC:JogIncBwd:Desc_RBV
HXR:PC:05:NC:JogIncBwd:Name_RBV
HXR:PC:05:NC:JogIncBwd:TLastUp_RBV
HXR:PC:05:NC:JogIncBwd:EU_RBV
HXR:PC:05:NC:JogIncFwd:Goal_RBV
HXR:PC:05:NC:JogIncFwd:Goal
HXR:PC:05:NC:JogIncFwd:Val_RBV
HXR:PC:05:NC:JogIncFwd:Acc_RBV
HXR:PC:05:NC:JogIncFwd:Desc_RBV
HXR:PC:05:NC:JogIncFwd:Name_RBV
HXR:PC:05:NC:JogIncFwd:TLastUp_RBV
HXR:PC:05:NC:JogIncFwd:EU_RBV
HXR:PC:05:NC:ManVelFast:Goal_RBV
HXR:PC:05:NC:ManVelFast:Goal
HXR:PC:05:NC:ManVelFast:Val_RBV
HXR:PC:05:NC:ManVelFast:Acc_RBV
HXR:PC:05:NC:ManVelFast:Desc_RBV
HXR:PC:05:NC:ManVelFast:Name_RBV
HXR:PC:05:NC:ManVelFast:TLastUp_RBV
HXR:PC:05:NC:ManVelFast:EU_RBV
HXR:PC:05:NC:ManVelSlow:Goal_RBV
HXR:PC:05:NC:ManVelSlow:Goal
HXR:PC:05:NC:ManVelSlow:Val_RBV
HXR:PC:05:NC:ManVelSlow:Acc_RBV
HXR:PC:05:NC:ManVelSlow:Desc_RBV
HXR:PC:05:NC:ManVelSlow:Name_RBV
HXR:PC:05:NC:ManVelSlow:TLastUp_RBV
HXR:PC:05:NC:ManVelSlow:EU_RBV
HXR:PC:05:NC:MaxPosDevAuxAxis:Goal_RBV
HXR:PC:05:NC:MaxPosDevAuxAxis:Goal
HXR:PC:05:NC:MaxPosDevAuxAxis:Val_RBV
HXR:PC:05:NC:MaxPosDevAuxAxis:Acc_RBV
HXR:PC:05:NC:MaxPosDevAuxAxis:Desc_RBV
HXR:PC:05:NC:MaxPosDevAuxAxis:Name_RBV
HXR:PC:05:NC:MaxPosDevAuxAxis:TLastUp_RBV
HXR:PC:05:NC:MaxPosDevAuxAxis:EU_RBV
HXR:PC:05:NC:MaxAcc:Goal_RBV
HXR:PC:05:NC:MaxAcc:Goal
HXR:PC:05:NC:MaxAcc:Val_RBV
HXR:PC:05:NC:MaxAcc:Acc_RBV
HXR:PC:05:NC:MaxAcc:Desc_RBV
HXR:PC:05:NC:MaxAcc:Name_RBV
HXR:PC:05:NC:MaxAcc:TLastUp_RBV
HXR:PC:05:NC:MaxAcc:EU_RBV
HXR:PC:05:NC:MaxDec:Goal_RBV
HXR:PC:05:NC:MaxDec:Goal
HXR:PC:05:NC:MaxDec:Val_RBV
HXR:PC:05:NC:MaxDec:Acc_RBV
HXR:PC:05:NC:MaxDec:Desc_RBV
HXR:PC:05:NC:MaxDec:Name_RBV
HXR:PC:05:NC:MaxDec:TLastUp_RBV
HXR:PC:05:NC:MaxDec:EU_RBV
HXR:PC:05:NC:MaxDriveOutputLim:Goal_RBV
HXR:PC:05:NC:MaxDriveOutputLim:Goal
HXR:PC:05:NC:MaxDriveOutputLim:Val_RBV
HXR:PC:05:NC:MaxDriveOutputLim:Acc_RBV
HXR:PC:05:NC:MaxDriveOutputLim:Desc_RBV
HXR:PC:05:NC:MaxDriveOutputLim:Name_RBV
HXR:PC:05:NC:MaxDriveOutputLim:TLastUp_RBV
HXR:PC:05:NC:MaxDriveOutputLim:EU_RBV
HXR:PC:05:NC:MaxPos:Goal_RBV
HXR:PC:05:NC:MaxPos:Goal
HXR:PC:05:NC:MaxPos:Val_RBV
HXR:PC:05:NC:MaxPos:Acc_RBV
HXR:PC:05:NC:MaxPos:Desc_RBV
HXR:PC:05:NC:MaxPos:Name_RBV
HXR:PC:05:NC:MaxPos:TLastUp_RBV
HXR:PC:05:NC:MaxPos:EU_RBV
HXR:PC:05:NC:MaxPosLagFilterTime:Goal_RBV
HXR:PC:05:NC:MaxPosLagFilterTime:Goal
HXR:PC:05:NC:MaxPosLagFilterTime:Val_RBV
HXR:PC:05:NC:MaxPosLagFilterTime:Acc_RBV
HXR:PC:05:NC:MaxPosLagFilterTime:Desc_RBV
HXR:PC:05:NC:MaxPosLagFilterTime:Name_RBV
HXR:PC:05:NC:MaxPosLagFilterTime:TLastUp_RBV
HXR:PC:05:NC:MaxPosLagFilterTime:EU_RBV
HXR:PC:05:NC:MaxPosLagVal:Goal_RBV
HXR:PC:05:NC:MaxPosLagVal:Goal
HXR:PC:05:NC:MaxPosLagVal:Val_RBV
HXR:PC:05:NC:MaxPosLagVal:Acc_RBV
HXR:PC:05:NC:MaxPosLagVal:Desc_RBV
HXR:PC:05:NC:MaxPosLagVal:Name_RBV
HXR:PC:05:NC:MaxPosLagVal:TLastUp_RBV
HXR:PC:05:NC:MaxPosLagVal:EU_RBV
HXR:PC:05:NC:MaxVel:Goal_RBV
HXR:PC:05:NC:MaxVel:Goal
HXR:PC:05:NC:MaxVel:Val_RBV
HXR:PC:05:NC:MaxVel:Acc_RBV
HXR:PC:05:NC:MaxVel:Desc_RBV
HXR:PC:05:NC:MaxVel:Name_RBV
HXR:PC:05:NC:MaxVel:TLastUp_RBV
HXR:PC:05:NC:MaxVel:EU_RBV
HXR:PC:05:NC:MinDriveOutputLim:Goal_RBV
HXR:PC:05:NC:MinDriveOutputLim:Goal
HXR:PC:05:NC:MinDriveOutputLim:Val_RBV
HXR:PC:05:NC:MinDriveOutputLim:Acc_RBV
HXR:PC:05:NC:MinDriveOutputLim:Desc_RBV
HXR:PC:05:NC:MinDriveOutputLim:Name_RBV
HXR:PC:05:NC:MinDriveOutputLim:TLastUp_RBV
HXR:PC:05:NC:MinDriveOutputLim:EU_RBV
HXR:PC:05:NC:MinPos:Goal_RBV
HXR:PC:05:NC:MinPos:Goal
HXR:PC:05:NC:MinPos:Val_RBV
HXR:PC:05:NC:MinPos:Acc_RBV
HXR:PC:05:NC:MinPos:Desc_RBV
HXR:PC:05:NC:MinPos:Name_RBV
HXR:PC:05:NC:MinPos:TLastUp_RBV
HXR:PC:05:NC:MinPos:EU_RBV
HXR:PC:05:NC:ModuloFactor:Goal_RBV
HXR:PC:05:NC:ModuloFactor:Goal
HXR:PC:05:NC:ModuloFactor:Val_RBV
HXR:PC:05:NC:ModuloFactor:Acc_RBV
HXR:PC:05:NC:ModuloFactor:Desc_RBV
HXR:PC:05:NC:ModuloFactor:Name_RBV
HXR:PC:05:NC:ModuloFactor:TLastUp_RBV
HXR:PC:05:NC:ModuloFactor:EU_RBV
HXR:PC:05:NC:ModuloStartTolWin:Goal_RBV
HXR:PC:05:NC:ModuloStartTolWin:Goal
HXR:PC:05:NC:ModuloStartTolWin:Val_RBV
HXR:PC:05:NC:ModuloStartTolWin:Acc_RBV
HXR:PC:05:NC:ModuloStartTolWin:Desc_RBV
HXR:PC:05:NC:ModuloStartTolWin:Name_RBV
HXR:PC:05:NC:ModuloStartTolWin:TLastUp_RBV
HXR:PC:05:NC:ModuloStartTolWin:EU_RBV
HXR:PC:05:NC:MotionMon:Goal_RBV
HXR:PC:05:NC:MotionMon:Goal
HXR:PC:05:NC:MotionMon:Val_RBV
HXR:PC:05:NC:MotionMon:Acc_RBV
HXR:PC:05:NC:MotionMon:Desc_RBV
HXR:PC:05:NC:MotionMon:Name_RBV
HXR:PC:05:NC:MotionMon:TLastUp_RBV
HXR:PC:05:NC:MotionMon:EU_RBV
HXR:PC:05:NC:MotionMonTime:Goal_RBV
HXR:PC:05:NC:MotionMonTime:Goal
HXR:PC:05:NC:MotionMonTime:Val_RBV
HXR:PC:05:NC:MotionMonTime:Acc_RBV
HXR:PC:05:NC:MotionMonTime:Desc_RBV
HXR:PC:05:NC:MotionMonTime:Name_RBV
HXR:PC:05:NC:MotionMonTime:TLastUp_RBV
HXR:PC:05:NC:MotionMonTime:EU_RBV
HXR:PC:05:NC:MotionMonWindow:Goal_RBV
HXR:PC:05:NC:MotionMonWindow:Goal
HXR:PC:05:NC:MotionMonWindow:Val_RBV
HXR:PC:05:NC:MotionMonWindow:Acc_RBV
HXR:PC:05:NC:MotionMonWindow:Desc_RBV
HXR:PC:05:NC:MotionMonWindow:Name_RBV
HXR:PC:05:NC:MotionMonWindow:TLastUp_RBV
HXR:PC:05:NC:MotionMonWindow:EU_RBV
HXR:PC:05:NC:OffsetLimit:Goal_RBV
HXR:PC:05:NC:OffsetLimit:Goal
HXR:PC:05:NC:OffsetLimit:Val_RBV
HXR:PC:05:NC:OffsetLimit:Acc_RBV
HXR:PC:05:NC:OffsetLimit:Desc_RBV
HXR:PC:05:NC:OffsetLimit:Name_RBV
HXR:PC:05:NC:OffsetLimit:TLastUp_RBV
HXR:PC:05:NC:OffsetLimit:EU_RBV
HXR:PC:05:NC:OffsetTimer:Goal_RBV
HXR:PC:05:NC:OffsetTimer:Goal
HXR:PC:05:NC:OffsetTimer:Val_RBV
HXR:PC:05:NC:OffsetTimer:Acc_RBV
HXR:PC:05:NC:OffsetTimer:Desc_RBV
HXR:PC:05:NC:OffsetTimer:Name_RBV
HXR:PC:05:NC:OffsetTimer:TLastUp_RBV
HXR:PC:05:NC:OffsetTimer:EU_RBV
HXR:PC:05:NC:OutputDelayAcceleration:Goal_RBV
HXR:PC:05:NC:OutputDelayAcceleration:Goal
HXR:PC:05:NC:OutputDelayAcceleration:Val_RBV
HXR:PC:05:NC:OutputDelayAcceleration:Acc_RBV
HXR:PC:05:NC:OutputDelayAcceleration:Desc_RBV
HXR:PC:05:NC:OutputDelayAcceleration:Name_RBV
HXR:PC:05:NC:OutputDelayAcceleration:TLastUp_RBV
HXR:PC:05:NC:OutputDelayAcceleration:EU_RBV
HXR:PC:05:NC:OutputDelayTorqueOffset:Goal_RBV
HXR:PC:05:NC:OutputDelayTorqueOffset:Goal
HXR:PC:05:NC:OutputDelayTorqueOffset:Val_RBV
HXR:PC:05:NC:OutputDelayTorqueOffset:Acc_RBV
HXR:PC:05:NC:OutputDelayTorqueOffset:Desc_RBV
HXR:PC:05:NC:OutputDelayTorqueOffset:Name_RBV
HXR:PC:05:NC:OutputDelayTorqueOffset:TLastUp_RBV
HXR:PC:05:NC:OutputDelayTorqueOffset:EU_RBV
HXR:PC:05:NC:OutputDelayVelo:Goal_RBV
HXR:PC:05:NC:OutputDelayVelo:Goal
HXR:PC:05:NC:OutputDelayVelo:Val_RBV
HXR:PC:05:NC:OutputDelayVelo:Acc_RBV
HXR:PC:05:NC:OutputDelayVelo:Desc_RBV
HXR:PC:05:NC:OutputDelayVelo:Name_RBV
HXR:PC:05:NC:OutputDelayVelo:TLastUp_RBV
HXR:PC:05:NC:OutputDelayVelo:EU_RBV
HXR:PC:05:NC:OutputRatio:Goal_RBV
HXR:PC:05:NC:OutputRatio:Goal
HXR:PC:05:NC:OutputRatio:Val_RBV
HXR:PC:05:NC:OutputRatio:Acc_RBV
HXR:PC:05:NC:OutputRatio:Desc_RBV
HXR:PC:05:NC:OutputRatio:Name_RBV
HXR:PC:05:NC:OutputRatio:TLastUp_RBV
HXR:PC:05:NC:OutputRatio:EU_RBV
HXR:PC:05:NC:OutputScaleAcceleration:Goal_RBV
HXR:PC:05:NC:OutputScaleAcceleration:Goal
HXR:PC:05:NC:OutputScaleAcceleration:Val_RBV
HXR:PC:05:NC:OutputScaleAcceleration:Acc_RBV
HXR:PC:05:NC:OutputScaleAcceleration:Desc_RBV
HXR:PC:05:NC:OutputScaleAcceleration:Name_RBV
HXR:PC:05:NC:OutputScaleAcceleration:TLastUp_RBV
HXR:PC:05:NC:OutputScaleAcceleration:EU_RBV
HXR:PC:05:NC:OutputScalePos:Goal_RBV
HXR:PC:05:NC:OutputScalePos:Goal
HXR:PC:05:NC:OutputScalePos:Val_RBV
HXR:PC:05:NC:OutputScalePos:Acc_RBV
HXR:PC:05:NC:OutputScalePos:Desc_RBV
HXR:PC:05:NC:OutputScalePos:Name_RBV
HXR:PC:05:NC:OutputScalePos:TLastUp_RBV
HXR:PC:05:NC:OutputScalePos:EU_RBV
HXR:PC:05:NC:OutputScaleTorqueOffset:Goal_RBV
HXR:PC:05:NC:OutputScaleTorqueOffset:Goal
HXR:PC:05:NC:OutputScaleTorqueOffset:Val_RBV
HXR:PC:05:NC:OutputScaleTorqueOffset:Acc_RBV
HXR:PC:05:NC:OutputScaleTorqueOffset:Desc_RBV
HXR:PC:05:NC:OutputScaleTorqueOffset:Name_RBV
HXR:PC:05:NC:OutputScaleTorqueOffset:TLastUp_RBV
HXR:PC:05:NC:OutputScaleTorqueOffset:EU_RBV
HXR:PC:05:NC:OutputScaleTorqueSetpoint:Goal_RBV
HXR:PC:05:NC:OutputScaleTorqueSetpoint:Goal
HXR:PC:05:NC:OutputScaleTorqueSetpoint:Val_RBV
HXR:PC:05:NC:OutputScaleTorqueSetpoint:Acc_RBV
HXR:PC:05:NC:OutputScaleTorqueSetpoint:Desc_RBV
HXR:PC:05:NC:OutputScaleTorqueSetpoint:Name_RBV
HXR:PC:05:NC:OutputScaleTorqueSetpoint:TLastUp_RBV
HXR:PC:05:NC:OutputScaleTorqueSetpoint:EU_RBV
HXR:PC:05:NC:OutputScaleVelo:Goal_RBV
HXR:PC:05:NC:OutputScaleVelo:Goal
HXR:PC:05:NC:OutputScaleVelo:Val_RBV
HXR:PC:05:NC:OutputScaleVelo:Acc_RBV
HXR:PC:05:NC:OutputScaleVelo:Desc_RBV
HXR:PC:05:NC:OutputScaleVelo:Name_RBV
HXR:PC:05:NC:OutputScaleVelo:TLastUp_RBV
HXR:PC:05:NC:OutputScaleVelo:EU_RBV
HXR:PC:05:NC:PosBias:Goal_RBV
HXR:PC:05:NC:PosBias:Goal
HXR:PC:05:NC:PosBias:Val_RBV
HXR:PC:05:NC:PosBias:Acc_RBV
HXR:PC:05:NC:PosBias:Desc_RBV
HXR:PC:05:NC:PosBias:Name_RBV
HXR:PC:05:NC:PosBias:TLastUp_RBV
HXR:PC:05:NC:PosBias:EU_RBV
HXR:PC:05:NC:PosCorr:Goal_RBV
HXR:PC:05:NC:PosCorr:Goal
HXR:PC:05:NC:PosCorr:Val_RBV
HXR:PC:05:NC:PosCorr:Acc_RBV
HXR:PC:05:NC:PosCorr:Desc_RBV
HXR:PC:05:NC:PosCorr:Name_RBV
HXR:PC:05:NC:PosCorr:TLastUp_RBV
HXR:PC:05:NC:PosCorr:EU_RBV
HXR:PC:05:NC:PosLagMonOn:Goal_RBV
HXR:PC:05:NC:PosLagMonOn:Goal
HXR:PC:05:NC:PosLagMonOn:Val_RBV
HXR:PC:05:NC:PosLagMonOn:Acc_RBV
HXR:PC:05:NC:PosLagMonOn:Desc_RBV
HXR:PC:05:NC:PosLagMonOn:Name_RBV
HXR:PC:05:NC:PosLagMonOn:TLastUp_RBV
HXR:PC:05:NC:PosLagMonOn:EU_RBV
HXR:PC:05:NC:PosRangeMonOn:Goal_RBV
HXR:PC:05:NC:PosRangeMonOn:Goal
HXR:PC:05:NC:PosRangeMonOn:Val_RBV
HXR:PC:05:NC:PosRangeMonOn:Acc_RBV
HXR:PC:05:NC:PosRangeMonOn:Desc_RBV
HXR:PC:05:NC:PosRangeMonOn:Name_RBV
HXR:PC:05:NC:PosRangeMonOn:TLastUp_RBV
HXR:PC:05:NC:PosRangeMonOn:EU_RBV
HXR:PC:05:NC:PosRangeWindow:Goal_RBV
HXR:PC:05:NC:PosRangeWindow:Goal
HXR:PC:05:NC:PosRangeWindow:Val_RBV
HXR:PC:05:NC:PosRangeWindow:Acc_RBV
HXR:PC:05:NC:PosRangeWindow:Desc_RBV
HXR:PC:05:NC:PosRangeWindow:Name_RBV
HXR:PC:05:NC:PosRangeWindow:TLastUp_RBV
HXR:PC:05:NC:PosRangeWindow:EU_RBV
HXR:PC:05:NC:PropFactorMoving:Goal_RBV
HXR:PC:05:NC:PropFactorMoving:Goal
HXR:PC:05:NC:PropFactorMoving:Val_RBV
HXR:PC:05:NC:PropFactorMoving:Acc_RBV
HXR:PC:05:NC:PropFactorMoving:Desc_RBV
HXR:PC:05:NC:PropFactorMoving:Name_RBV
HXR:PC:05:NC:PropFactorMoving:TLastUp_RBV
HXR:PC:05:NC:PropFactorMoving:EU_RBV
HXR:PC:05:NC:PropFactorStandstill:Goal_RBV
HXR:PC:05:NC:PropFactorStandstill:Goal
HXR:PC:05:NC:PropFactorStandstill:Val_RBV
HXR:PC:05:NC:PropFactorStandstill:Acc_RBV
HXR:PC:05:NC:PropFactorStandstill:Desc_RBV
HXR:PC:05:NC:PropFactorStandstill:Name_RBV
HXR:PC:05:NC:PropFactorStandstill:TLastUp_RBV
HXR:PC:05:NC:PropFactorStandstill:EU_RBV
HXR:PC:05:NC:RapidTraverseVelo:Goal_RBV
HXR:PC:05:NC:RapidTraverseVelo:Goal
HXR:PC:05:NC:RapidTraverseVelo:Val_RBV
HXR:PC:05:NC:RapidTraverseVelo:Acc_RBV
HXR:PC:05:NC:RapidTraverseVelo:Desc_RBV
HXR:PC:05:NC:RapidTraverseVelo:Name_RBV
HXR:PC:05:NC:RapidTraverseVelo:TLastUp_RBV
HXR:PC:05:NC:RapidTraverseVelo:EU_RBV
HXR:PC:05:NC:ReferenceMode:Goal_RBV
HXR:PC:05:NC:ReferenceMode:Goal
HXR:PC:05:NC:ReferenceMode:Val_RBV
HXR:PC:05:NC:ReferenceMode:Acc_RBV
HXR:PC:05:NC:ReferenceMode:Desc_RBV
HXR:PC:05:NC:ReferenceMode:Name_RBV
HXR:PC:05:NC:ReferenceMode:TLastUp_RBV
HXR:PC:05:NC:ReferenceMode:EU_RBV
HXR:PC:05:NC:RefVel:Goal_RBV
HXR:PC:05:NC:RefVel:Goal
HXR:PC:05:NC:RefVel:Val_RBV
HXR:PC:05:NC:RefVel:Acc_RBV
HXR:PC:05:NC:RefVel:Desc_RBV
HXR:PC:05:NC:RefVel:Name_RBV
HXR:PC:05:NC:RefVel:TLastUp_RBV
HXR:PC:05:NC:RefVel:EU_RBV
HXR:PC:05:NC:ScaleFactDenom:Goal_RBV
HXR:PC:05:NC:ScaleFactDenom:Goal
HXR:PC:05:NC:ScaleFactDenom:Val_RBV
HXR:PC:05:NC:ScaleFactDenom:Acc_RBV
HXR:PC:05:NC:ScaleFactDenom:Desc_RBV
HXR:PC:05:NC:ScaleFactDenom:Name_RBV
HXR:PC:05:NC:ScaleFactDenom:TLastUp_RBV
HXR:PC:05:NC:ScaleFactDenom:EU_RBV
HXR:PC:05:NC:ScaleFactNum:Goal_RBV
HXR:PC:05:NC:ScaleFactNum:Goal
HXR:PC:05:NC:ScaleFactNum:Val_RBV
HXR:PC:05:NC:ScaleFactNum:Acc_RBV
HXR:PC:05:NC:ScaleFactNum:Desc_RBV
HXR:PC:05:NC:ScaleFactNum:Name_RBV
HXR:PC:05:NC:ScaleFactNum:TLastUp_RBV
HXR:PC:05:NC:ScaleFactNum:EU_RBV
HXR:PC:05:NC:SlaveCouplingFactor:Goal_RBV
HXR:PC:05:NC:SlaveCouplingFactor:Goal
HXR:PC:05:NC:SlaveCouplingFactor:Val_RBV
HXR:PC:05:NC:SlaveCouplingFactor:Acc_RBV
HXR:PC:05:NC:SlaveCouplingFactor:Desc_RBV
HXR:PC:05:NC:SlaveCouplingFactor:Name_RBV
HXR:PC:05:NC:SlaveCouplingFactor:TLastUp_RBV
HXR:PC:05:NC:SlaveCouplingFactor:EU_RBV
HXR:PC:05:NC:SmoothFilterOrder:Goal_RBV
HXR:PC:05:NC:SmoothFilterOrder:Goal
HXR:PC:05:NC:SmoothFilterOrder:Val_RBV
HXR:PC:05:NC:SmoothFilterOrder:Acc_RBV
HXR:PC:05:NC:SmoothFilterOrder:Desc_RBV
HXR:PC:05:NC:SmoothFilterOrder:Name_RBV
HXR:PC:05:NC:SmoothFilterOrder:TLastUp_RBV
HXR:PC:05:NC:SmoothFilterOrder:EU_RBV
HXR:PC:05:NC:SmoothFilterTime:Goal_RBV
HXR:PC:05:NC:SmoothFilterTime:Goal
HXR:PC:05:NC:SmoothFilterTime:Val_RBV
HXR:PC:05:NC:SmoothFilterTime:Acc_RBV
HXR:PC:05:NC:SmoothFilterTime:Desc_RBV
HXR:PC:05:NC:SmoothFilterTime:Name_RBV
HXR:PC:05:NC:SmoothFilterTime:TLastUp_RBV
HXR:PC:05:NC:SmoothFilterTime:EU_RBV
HXR:PC:05:NC:SmoothFilterType:Goal_RBV
HXR:PC:05:NC:SmoothFilterType:Goal
HXR:PC:05:NC:SmoothFilterType:Val_RBV
HXR:PC:05:NC:SmoothFilterType:Acc_RBV
HXR:PC:05:NC:SmoothFilterType:Desc_RBV
HXR:PC:05:NC:SmoothFilterType:Name_RBV
HXR:PC:05:NC:SmoothFilterType:TLastUp_RBV
HXR:PC:05:NC:SmoothFilterType:EU_RBV
HXR:PC:05:NC:SoftPosMaxOn:Goal_RBV
HXR:PC:05:NC:SoftPosMaxOn:Goal
HXR:PC:05:NC:SoftPosMaxOn:Val_RBV
HXR:PC:05:NC:SoftPosMaxOn:Acc_RBV
HXR:PC:05:NC:SoftPosMaxOn:Desc_RBV
HXR:PC:05:NC:SoftPosMaxOn:Name_RBV
HXR:PC:05:NC:SoftPosMaxOn:TLastUp_RBV
HXR:PC:05:NC:SoftPosMaxOn:EU_RBV
HXR:PC:05:NC:SoftPosMinOn:Goal_RBV
HXR:PC:05:NC:SoftPosMinOn:Goal
HXR:PC:05:NC:SoftPosMinOn:Val_RBV
HXR:PC:05:NC:SoftPosMinOn:Acc_RBV
HXR:PC:05:NC:SoftPosMinOn:Desc_RBV
HXR:PC:05:NC:SoftPosMinOn:Name_RBV
HXR:PC:05:NC:SoftPosMinOn:TLastUp_RBV
HXR:PC:05:NC:SoftPosMinOn:EU_RBV
HXR:PC:05:NC:TargetPosMon:Goal_RBV
HXR:PC:05:NC:TargetPosMon:Goal
HXR:PC:05:NC:TargetPosMon:Val_RBV
HXR:PC:05:NC:TargetPosMon:Acc_RBV
HXR:PC:05:NC:TargetPosMon:Desc_RBV
HXR:PC:05:NC:TargetPosMon:Name_RBV
HXR:PC:05:NC:TargetPosMon:TLastUp_RBV
HXR:PC:05:NC:TargetPosMon:EU_RBV
HXR:PC:05:NC:TargetPosMonTime:Goal_RBV
HXR:PC:05:NC:TargetPosMonTime:Goal
HXR:PC:05:NC:TargetPosMonTime:Val_RBV
HXR:PC:05:NC:TargetPosMonTime:Acc_RBV
HXR:PC:05:NC:TargetPosMonTime:Desc_RBV
HXR:PC:05:NC:TargetPosMonTime:Name_RBV
HXR:PC:05:NC:TargetPosMonTime:TLastUp_RBV
HXR:PC:05:NC:TargetPosMonTime:EU_RBV
HXR:PC:05:NC:TargetPosWindow:Goal_RBV
HXR:PC:05:NC:TargetPosWindow:Goal
HXR:PC:05:NC:TargetPosWindow:Val_RBV
HXR:PC:05:NC:TargetPosWindow:Acc_RBV
HXR:PC:05:NC:TargetPosWindow:Desc_RBV
HXR:PC:05:NC:TargetPosWindow:Name_RBV
HXR:PC:05:NC:TargetPosWindow:TLastUp_RBV
HXR:PC:05:NC:TargetPosWindow:EU_RBV
HXR:PC:05:NC:ToleranceBallAuxAxis:Goal_RBV
HXR:PC:05:NC:ToleranceBallAuxAxis:Goal
HXR:PC:05:NC:ToleranceBallAuxAxis:Val_RBV
HXR:PC:05:NC:ToleranceBallAuxAxis:Acc_RBV
HXR:PC:05:NC:ToleranceBallAuxAxis:Desc_RBV
HXR:PC:05:NC:ToleranceBallAuxAxis:Name_RBV
HXR:PC:05:NC:ToleranceBallAuxAxis:TLastUp_RBV
HXR:PC:05:NC:ToleranceBallAuxAxis:EU_RBV
HXR:PC:05:NC:VeloJumpFactor:Goal_RBV
HXR:PC:05:NC:VeloJumpFactor:Goal
HXR:PC:05:NC:VeloJumpFactor:Val_RBV
HXR:PC:05:NC:VeloJumpFactor:Acc_RBV
HXR:PC:05:NC:VeloJumpFactor:Desc_RBV
HXR:PC:05:NC:VeloJumpFactor:Name_RBV
HXR:PC:05:NC:VeloJumpFactor:TLastUp_RBV
HXR:PC:05:NC:VeloJumpFactor:EU_RBV
HXR:PC:05:NC:VeloOverrideType:Goal_RBV
HXR:PC:05:NC:VeloOverrideType:Goal
HXR:PC:05:NC:VeloOverrideType:Val_RBV
HXR:PC:05:NC:VeloOverrideType:Acc_RBV
HXR:PC:05:NC:VeloOverrideType:Desc_RBV
HXR:PC:05:NC:VeloOverrideType:Name_RBV
HXR:PC:05:NC:VeloOverrideType:TLastUp_RBV
HXR:PC:05:NC:VeloOverrideType:EU_RBV
HXR:PC:05:NC:VeloThresh:Goal_RBV
HXR:PC:05:NC:VeloThresh:Goal
HXR:PC:05:NC:VeloThresh:Val_RBV
HXR:PC:05:NC:VeloThresh:Acc_RBV
HXR:PC:05:NC:VeloThresh:Desc_RBV
HXR:PC:05:NC:VeloThresh:Name_RBV
HXR:PC:05:NC:VeloThresh:TLastUp_RBV
HXR:PC:05:NC:VeloThresh:EU_RBV
HXR:PC:06:NC:AllowMotionCommandsExternalAxis:Goal_RBV
HXR:PC:06:NC:AllowMotionCommandsExternalAxis:Goal
HXR:PC:06:NC:AllowMotionCommandsExternalAxis:Val_RBV
HXR:PC:06:NC:AllowMotionCommandsExternalAxis:Acc_RBV
HXR:PC:06:NC:AllowMotionCommandsExternalAxis:Desc_RBV
HXR:PC:06:NC:AllowMotionCommandsExternalAxis:Name_RBV
HXR:PC:06:NC:AllowMotionCommandsExternalAxis:TLastUp_RBV
HXR:PC:06:NC:AllowMotionCommandsExternalAxis:EU_RBV
HXR:PC:06:NC:AllowMotionCommandsSlaveAxis:Goal_RBV
HXR:PC:06:NC:AllowMotionCommandsSlaveAxis:Goal
HXR:PC:06:NC:AllowMotionCommandsSlaveAxis:Val_RBV
HXR:PC:06:NC:AllowMotionCommandsSlaveAxis:Acc_RBV
HXR:PC:06:NC:AllowMotionCommandsSlaveAxis:Desc_RBV
HXR:PC:06:NC:AllowMotionCommandsSlaveAxis:Name_RBV
HXR:PC:06:NC:AllowMotionCommandsSlaveAxis:TLastUp_RBV
HXR:PC:06:NC:AllowMotionCommandsSlaveAxis:EU_RBV
HXR:PC:06:NC:AutoOffset:Goal_RBV
HXR:PC:06:NC:AutoOffset:Goal
HXR:PC:06:NC:AutoOffset:Val_RBV
HXR:PC:06:NC:AutoOffset:Acc_RBV
HXR:PC:06:NC:AutoOffset:Desc_RBV
HXR:PC:06:NC:AutoOffset:Name_RBV
HXR:PC:06:NC:AutoOffset:TLastUp_RBV
HXR:PC:06:NC:AutoOffset:EU_RBV
HXR:PC:06:NC:Backlash:Goal_RBV
HXR:PC:06:NC:Backlash:Goal
HXR:PC:06:NC:Backlash:Val_RBV
HXR:PC:06:NC:Backlash:Acc_RBV
HXR:PC:06:NC:Backlash:Desc_RBV
HXR:PC:06:NC:Backlash:Name_RBV
HXR:PC:06:NC:Backlash:TLastUp_RBV
HXR:PC:06:NC:Backlash:EU_RBV
HXR:PC:06:NC:ControllerMode:Goal_RBV
HXR:PC:06:NC:ControllerMode:Goal
HXR:PC:06:NC:ControllerMode:Val_RBV
HXR:PC:06:NC:ControllerMode:Acc_RBV
HXR:PC:06:NC:ControllerMode:Desc_RBV
HXR:PC:06:NC:ControllerMode:Name_RBV
HXR:PC:06:NC:ControllerMode:TLastUp_RBV
HXR:PC:06:NC:ControllerMode:EU_RBV
HXR:PC:06:NC:ControllerOutputLimit:Goal_RBV
HXR:PC:06:NC:ControllerOutputLimit:Goal
HXR:PC:06:NC:ControllerOutputLimit:Val_RBV
HXR:PC:06:NC:ControllerOutputLimit:Acc_RBV
HXR:PC:06:NC:ControllerOutputLimit:Desc_RBV
HXR:PC:06:NC:ControllerOutputLimit:Name_RBV
HXR:PC:06:NC:ControllerOutputLimit:TLastUp_RBV
HXR:PC:06:NC:ControllerOutputLimit:EU_RBV
HXR:PC:06:NC:CoupleSlaveActualValues:Goal_RBV
HXR:PC:06:NC:CoupleSlaveActualValues:Goal
HXR:PC:06:NC:CoupleSlaveActualValues:Val_RBV
HXR:PC:06:NC:CoupleSlaveActualValues:Acc_RBV
HXR:PC:06:NC:CoupleSlaveActualValues:Desc_RBV
HXR:PC:06:NC:CoupleSlaveActualValues:Name_RBV
HXR:PC:06:NC:CoupleSlaveActualValues:TLastUp_RBV
HXR:PC:06:NC:CoupleSlaveActualValues:EU_RBV
HXR:PC:06:NC:DeadBandPos:Goal_RBV
HXR:PC:06:NC:DeadBandPos:Goal
HXR:PC:06:NC:DeadBandPos:Val_RBV
HXR:PC:06:NC:DeadBandPos:Acc_RBV
HXR:PC:06:NC:DeadBandPos:Desc_RBV
HXR:PC:06:NC:DeadBandPos:Name_RBV
HXR:PC:06:NC:DeadBandPos:TLastUp_RBV
HXR:PC:06:NC:DeadBandPos:EU_RBV
HXR:PC:06:NC:DeadTimeComp:Goal_RBV
HXR:PC:06:NC:DeadTimeComp:Goal
HXR:PC:06:NC:DeadTimeComp:Val_RBV
HXR:PC:06:NC:DeadTimeComp:Acc_RBV
HXR:PC:06:NC:DeadTimeComp:Desc_RBV
HXR:PC:06:NC:DeadTimeComp:Name_RBV
HXR:PC:06:NC:DeadTimeComp:TLastUp_RBV
HXR:PC:06:NC:DeadTimeComp:EU_RBV
HXR:PC:06:NC:DefAcc:Goal_RBV
HXR:PC:06:NC:DefAcc:Goal
HXR:PC:06:NC:DefAcc:Val_RBV
HXR:PC:06:NC:DefAcc:Acc_RBV
HXR:PC:06:NC:DefAcc:Desc_RBV
HXR:PC:06:NC:DefAcc:Name_RBV
HXR:PC:06:NC:DefAcc:TLastUp_RBV
HXR:PC:06:NC:DefAcc:EU_RBV
HXR:PC:06:NC:DefDec:Goal_RBV
HXR:PC:06:NC:DefDec:Goal
HXR:PC:06:NC:DefDec:Val_RBV
HXR:PC:06:NC:DefDec:Acc_RBV
HXR:PC:06:NC:DefDec:Desc_RBV
HXR:PC:06:NC:DefDec:Name_RBV
HXR:PC:06:NC:DefDec:TLastUp_RBV
HXR:PC:06:NC:DefDec:EU_RBV
HXR:PC:06:NC:DefJerk:Goal_RBV
HXR:PC:06:NC:DefJerk:Goal
HXR:PC:06:NC:DefJerk:Val_RBV
HXR:PC:06:NC:DefJerk:Acc_RBV
HXR:PC:06:NC:DefJerk:Desc_RBV
HXR:PC:06:NC:DefJerk:Name_RBV
HXR:PC:06:NC:DefJerk:TLastUp_RBV
HXR:PC:06:NC:DefJerk:EU_RBV
HXR:PC:06:NC:DriftCompensation:Goal_RBV
HXR:PC:06:NC:DriftCompensation:Goal
HXR:PC:06:NC:DriftCompensation:Val_RBV
HXR:PC:06:NC:DriftCompensation:Acc_RBV
HXR:PC:06:NC:DriftCompensation:Desc_RBV
HXR:PC:06:NC:DriftCompensation:Name_RBV
HXR:PC:06:NC:DriftCompensation:TLastUp_RBV
HXR:PC:06:NC:DriftCompensation:EU_RBV
HXR:PC:06:NC:DriveMode:Goal_RBV
HXR:PC:06:NC:DriveMode:Goal
HXR:PC:06:NC:DriveMode:Val_RBV
HXR:PC:06:NC:DriveMode:Acc_RBV
HXR:PC:06:NC:DriveMode:Desc_RBV
HXR:PC:06:NC:DriveMode:Name_RBV
HXR:PC:06:NC:DriveMode:TLastUp_RBV
HXR:PC:06:NC:DriveMode:EU_RBV
HXR:PC:06:NC:EncoderMode:Goal_RBV
HXR:PC:06:NC:EncoderMode:Goal
HXR:PC:06:NC:EncoderMode:Val_RBV
HXR:PC:06:NC:EncoderMode:Acc_RBV
HXR:PC:06:NC:EncoderMode:Desc_RBV
HXR:PC:06:NC:EncoderMode:Name_RBV
HXR:PC:06:NC:EncoderMode:TLastUp_RBV
HXR:PC:06:NC:EncoderMode:EU_RBV
HXR:PC:06:NC:EncoderRefSys:Goal_RBV
HXR:PC:06:NC:EncoderRefSys:Goal
HXR:PC:06:NC:EncoderRefSys:Val_RBV
HXR:PC:06:NC:EncoderRefSys:Acc_RBV
HXR:PC:06:NC:EncoderRefSys:Desc_RBV
HXR:PC:06:NC:EncoderRefSys:Name_RBV
HXR:PC:06:NC:EncoderRefSys:TLastUp_RBV
HXR:PC:06:NC:EncoderRefSys:EU_RBV
HXR:PC:06:NC:EncoderSubMask:Goal_RBV
HXR:PC:06:NC:EncoderSubMask:Goal
HXR:PC:06:NC:EncoderSubMask:Val_RBV
HXR:PC:06:NC:EncoderSubMask:Acc_RBV
HXR:PC:06:NC:EncoderSubMask:Desc_RBV
HXR:PC:06:NC:EncoderSubMask:Name_RBV
HXR:PC:06:NC:EncoderSubMask:TLastUp_RBV
HXR:PC:06:NC:EncoderSubMask:EU_RBV
HXR:PC:06:NC:ErrPropDelay:Goal_RBV
HXR:PC:06:NC:ErrPropDelay:Goal
HXR:PC:06:NC:ErrPropDelay:Val_RBV
HXR:PC:06:NC:ErrPropDelay:Acc_RBV
HXR:PC:06:NC:ErrPropDelay:Desc_RBV
HXR:PC:06:NC:ErrPropDelay:Name_RBV
HXR:PC:06:NC:ErrPropDelay:TLastUp_RBV
HXR:PC:06:NC:ErrPropDelay:EU_RBV
HXR:PC:06:NC:ErrPropMode:Goal_RBV
HXR:PC:06:NC:ErrPropMode:Goal
HXR:PC:06:NC:ErrPropMode:Val_RBV
HXR:PC:06:NC:ErrPropMode:Acc_RBV
HXR:PC:06:NC:ErrPropMode:Desc_RBV
HXR:PC:06:NC:ErrPropMode:Name_RBV
HXR:PC:06:NC:ErrPropMode:TLastUp_RBV
HXR:PC:06:NC:ErrPropMode:EU_RBV
HXR:PC:06:NC:EvalDir:Goal_RBV
HXR:PC:06:NC:EvalDir:Goal
HXR:PC:06:NC:EvalDir:Val_RBV
HXR:PC:06:NC:EvalDir:Acc_RBV
HXR:PC:06:NC:EvalDir:Desc_RBV
HXR:PC:06:NC:EvalDir:Name_RBV
HXR:PC:06:NC:EvalDir:TLastUp_RBV
HXR:PC:06:NC:EvalDir:EU_RBV
HXR:PC:06:NC:FastAcc:Goal_RBV
HXR:PC:06:NC:FastAcc:Goal
HXR:PC:06:NC:FastAcc:Val_RBV
HXR:PC:06:NC:FastAcc:Acc_RBV
HXR:PC:06:NC:FastAcc:Desc_RBV
HXR:PC:06:NC:FastAcc:Name_RBV
HXR:PC:06:NC:FastAcc:TLastUp_RBV
HXR:PC:06:NC:FastAcc:EU_RBV
HXR:PC:06:NC:FastDec:Goal_RBV
HXR:PC:06:NC:FastDec:Goal
HXR:PC:06:NC:FastDec:Val_RBV
HXR:PC:06:NC:FastDec:Acc_RBV
HXR:PC:06:NC:FastDec:Desc_RBV
HXR:PC:06:NC:FastDec:Name_RBV
HXR:PC:06:NC:FastDec:TLastUp_RBV
HXR:PC:06:NC:FastDec:EU_RBV
HXR:PC:06:NC:FastJerk:Goal_RBV
HXR:PC:06:NC:FastJerk:Goal
HXR:PC:06:NC:FastJerk:Val_RBV
HXR:PC:06:NC:FastJerk:Acc_RBV
HXR:PC:06:NC:FastJerk:Desc_RBV
HXR:PC:06:NC:FastJerk:Name_RBV
HXR:PC:06:NC:FastJerk:TLastUp_RBV
HXR:PC:06:NC:FastJerk:EU_RBV
HXR:PC:06:NC:FastStopSignalType:Goal_RBV
HXR:PC:06:NC:FastStopSignalType:Goal
HXR:PC:06:NC:FastStopSignalType:Val_RBV
HXR:PC:06:NC:FastStopSignalType:Acc_RBV
HXR:PC:06:NC:FastStopSignalType:Desc_RBV
HXR:PC:06:NC:FastStopSignalType:Name_RBV
HXR:PC:06:NC:FastStopSignalType:TLastUp_RBV
HXR:PC:06:NC:FastStopSignalType:EU_RBV
HXR:PC:06:NC:FeedFwdAccFactor:Goal_RBV
HXR:PC:06:NC:FeedFwdAccFactor:Goal
HXR:PC:06:NC:FeedFwdAccFactor:Val_RBV
HXR:PC:06:NC:FeedFwdAccFactor:Acc_RBV
HXR:PC:06:NC:FeedFwdAccFactor:Desc_RBV
HXR:PC:06:NC:FeedFwdAccFactor:Name_RBV
HXR:PC:06:NC:FeedFwdAccFactor:TLastUp_RBV
HXR:PC:06:NC:FeedFwdAccFactor:EU_RBV
HXR:PC:06:NC:FeedFwdVeloWeight:Goal_RBV
HXR:PC:06:NC:FeedFwdVeloWeight:Goal
HXR:PC:06:NC:FeedFwdVeloWeight:Val_RBV
HXR:PC:06:NC:FeedFwdVeloWeight:Acc_RBV
HXR:PC:06:NC:FeedFwdVeloWeight:Desc_RBV
HXR:PC:06:NC:FeedFwdVeloWeight:Name_RBV
HXR:PC:06:NC:FeedFwdVeloWeight:TLastUp_RBV
HXR:PC:06:NC:FeedFwdVeloWeight:EU_RBV
HXR:PC:06:NC:FilterTimeActAcc:Goal_RBV
HXR:PC:06:NC:FilterTimeActAcc:Goal
HXR:PC:06:NC:FilterTimeActAcc:Val_RBV
HXR:PC:06:NC:FilterTimeActAcc:Acc_RBV
HXR:PC:06:NC:FilterTimeActAcc:Desc_RBV
HXR:PC:06:NC:FilterTimeActAcc:Name_RBV
HXR:PC:06:NC:FilterTimeActAcc:TLastUp_RBV
HXR:PC:06:NC:FilterTimeActAcc:EU_RBV
HXR:PC:06:NC:FilterTimeActPos:Goal_RBV
HXR:PC:06:NC:FilterTimeActPos:Goal
HXR:PC:06:NC:FilterTimeActPos:Val_RBV
HXR:PC:06:NC:FilterTimeActPos:Acc_RBV
HXR:PC:06:NC:FilterTimeActPos:Desc_RBV
HXR:PC:06:NC:FilterTimeActPos:Name_RBV
HXR:PC:06:NC:FilterTimeActPos:TLastUp_RBV
HXR:PC:06:NC:FilterTimeActPos:EU_RBV
HXR:PC:06:NC:FilterTimeActVelo:Goal_RBV
HXR:PC:06:NC:FilterTimeActVelo:Goal
HXR:PC:06:NC:FilterTimeActVelo:Val_RBV
HXR:PC:06:NC:FilterTimeActVelo:Acc_RBV
HXR:PC:06:NC:FilterTimeActVelo:Desc_RBV
HXR:PC:06:NC:FilterTimeActVelo:Name_RBV
HXR:PC:06:NC:FilterTimeActVelo:TLastUp_RBV
HXR:PC:06:NC:FilterTimeActVelo:EU_RBV
HXR:PC:06:NC:FilterTimePosCorr:Goal_RBV
HXR:PC:06:NC:FilterTimePosCorr:Goal
HXR:PC:06:NC:FilterTimePosCorr:Val_RBV
HXR:PC:06:NC:FilterTimePosCorr:Acc_RBV
HXR:PC:06:NC:FilterTimePosCorr:Desc_RBV
HXR:PC:06:NC:FilterTimePosCorr:Name_RBV
HXR:PC:06:NC:FilterTimePosCorr:TLastUp_RBV
HXR:PC:06:NC:FilterTimePosCorr:EU_RBV
HXR:PC:06:NC:FollowingErrCalc:Goal_RBV
HXR:PC:06:NC:FollowingErrCalc:Goal
HXR:PC:06:NC:FollowingErrCalc:Val_RBV
HXR:PC:06:NC:FollowingErrCalc:Acc_RBV
HXR:PC:06:NC:FollowingErrCalc:Desc_RBV
HXR:PC:06:NC:FollowingErrCalc:Name_RBV
HXR:PC:06:NC:FollowingErrCalc:TLastUp_RBV
HXR:PC:06:NC:FollowingErrCalc:EU_RBV
HXR:PC:06:NC:HomePos:Goal_RBV
HXR:PC:06:NC:HomePos:Goal
HXR:PC:06:NC:HomePos:Val_RBV
HXR:PC:06:NC:HomePos:Acc_RBV
HXR:PC:06:NC:HomePos:Desc_RBV
HXR:PC:06:NC:HomePos:Name_RBV
HXR:PC:06:NC:HomePos:TLastUp_RBV
HXR:PC:06:NC:HomePos:EU_RBV
HXR:PC:06:NC:HomingSensorSource:Goal_RBV
HXR:PC:06:NC:HomingSensorSource:Goal
HXR:PC:06:NC:HomingSensorSource:Val_RBV
HXR:PC:06:NC:HomingSensorSource:Acc_RBV
HXR:PC:06:NC:HomingSensorSource:Desc_RBV
HXR:PC:06:NC:HomingSensorSource:Name_RBV
HXR:PC:06:NC:HomingSensorSource:TLastUp_RBV
HXR:PC:06:NC:HomingSensorSource:EU_RBV
HXR:PC:06:NC:HomVelOffCam:Goal_RBV
HXR:PC:06:NC:HomVelOffCam:Goal
HXR:PC:06:NC:HomVelOffCam:Val_RBV
HXR:PC:06:NC:HomVelOffCam:Acc_RBV
HXR:PC:06:NC:HomVelOffCam:Desc_RBV
HXR:PC:06:NC:HomVelOffCam:Name_RBV
HXR:PC:06:NC:HomVelOffCam:TLastUp_RBV
HXR:PC:06:NC:HomVelOffCam:EU_RBV
HXR:PC:06:NC:HomVelToCam:Goal_RBV
HXR:PC:06:NC:HomVelToCam:Goal
HXR:PC:06:NC:HomVelToCam:Val_RBV
HXR:PC:06:NC:HomVelToCam:Acc_RBV
HXR:PC:06:NC:HomVelToCam:Desc_RBV
HXR:PC:06:NC:HomVelToCam:Name_RBV
HXR:PC:06:NC:HomVelToCam:TLastUp_RBV
HXR:PC:06:NC:HomVelToCam:EU_RBV
HXR:PC:06:NC:InTargetAlarm:Goal_RBV
HXR:PC:06:NC:InTargetAlarm:Goal
HXR:PC:06:NC:InTargetAlarm:Val_RBV
HXR:PC:06:NC:InTargetAlarm:Acc_RBV
HXR:PC:06:NC:InTargetAlarm:Desc_RBV
HXR:PC:06:NC:InTargetAlarm:Name_RBV
HXR:PC:06:NC:InTargetAlarm:TLastUp_RBV
HXR:PC:06:NC:InTargetAlarm:EU_RBV
HXR:PC:06:NC:InTargetTimeout:Goal_RBV
HXR:PC:06:NC:InTargetTimeout:Goal
HXR:PC:06:NC:InTargetTimeout:Val_RBV
HXR:PC:06:NC:InTargetTimeout:Acc_RBV
HXR:PC:06:NC:InTargetTimeout:Desc_RBV
HXR:PC:06:NC:InTargetTimeout:Name_RBV
HXR:PC:06:NC:InTargetTimeout:TLastUp_RBV
HXR:PC:06:NC:InTargetTimeout:EU_RBV
HXR:PC:06:NC:InputFilterTorqueDerivative:Goal_RBV
HXR:PC:06:NC:InputFilterTorqueDerivative:Goal
HXR:PC:06:NC:InputFilterTorqueDerivative:Val_RBV
HXR:PC:06:NC:InputFilterTorqueDerivative:Acc_RBV
HXR:PC:06:NC:InputFilterTorqueDerivative:Desc_RBV
HXR:PC:06:NC:InputFilterTorqueDerivative:Name_RBV
HXR:PC:06:NC:InputFilterTorqueDerivative:TLastUp_RBV
HXR:PC:06:NC:InputFilterTorqueDerivative:EU_RBV
HXR:PC:06:NC:InputFilterTimeTorque:Goal_RBV
HXR:PC:06:NC:InputFilterTimeTorque:Goal
HXR:PC:06:NC:InputFilterTimeTorque:Val_RBV
HXR:PC:06:NC:InputFilterTimeTorque:Acc_RBV
HXR:PC:06:NC:InputFilterTimeTorque:Desc_RBV
HXR:PC:06:NC:InputFilterTimeTorque:Name_RBV
HXR:PC:06:NC:InputFilterTimeTorque:TLastUp_RBV
HXR:PC:06:NC:InputFilterTimeTorque:EU_RBV
HXR:PC:06:NC:InputScaleTorque:Goal_RBV
HXR:PC:06:NC:InputScaleTorque:Goal
HXR:PC:06:NC:InputScaleTorque:Val_RBV
HXR:PC:06:NC:InputScaleTorque:Acc_RBV
HXR:PC:06:NC:InputScaleTorque:Desc_RBV
HXR:PC:06:NC:InputScaleTorque:Name_RBV
HXR:PC:06:NC:InputScaleTorque:TLastUp_RBV
HXR:PC:06:NC:InputScaleTorque:EU_RBV
HXR:PC:06:NC:InvDirHomSenSearch:Goal_RBV
HXR:PC:06:NC:InvDirHomSenSearch:Goal
HXR:PC:06:NC:InvDirHomSenSearch:Val_RBV
HXR:PC:06:NC:InvDirHomSenSearch:Acc_RBV
HXR:PC:06:NC:InvDirHomSenSearch:Desc_RBV
HXR:PC:06:NC:InvDirHomSenSearch:Name_RBV
HXR:PC:06:NC:InvDirHomSenSearch:TLastUp_RBV
HXR:PC:06:NC:InvDirHomSenSearch:EU_RBV
HXR:PC:06:NC:InvDirSyncImpSearch:Goal_RBV
HXR:PC:06:NC:InvDirSyncImpSearch:Goal
HXR:PC:06:NC:InvDirSyncImpSearch:Val_RBV
HXR:PC:06:NC:InvDirSyncImpSearch:Acc_RBV
HXR:PC:06:NC:InvDirSyncImpSearch:Desc_RBV
HXR:PC:06:NC:InvDirSyncImpSearch:Name_RBV
HXR:PC:06:NC:InvDirSyncImpSearch:TLastUp_RBV
HXR:PC:06:NC:InvDirSyncImpSearch:EU_RBV
HXR:PC:06:NC:InvEncDir:Goal_RBV
HXR:PC:06:NC:InvEncDir:Goal
HXR:PC:06:NC:InvEncDir:Val_RBV
HXR:PC:06:NC:InvEncDir:Acc_RBV
HXR:PC:06:NC:InvEncDir:Desc_RBV
HXR:PC:06:NC:InvEncDir:Name_RBV
HXR:PC:06:NC:InvEncDir:TLastUp_RBV
HXR:PC:06:NC:InvEncDir:EU_RBV
HXR:PC:06:NC:InvMotorPol:Goal_RBV
HXR:PC:06:NC:InvMotorPol:Goal
HXR:PC:06:NC:InvMotorPol:Val_RBV
HXR:PC:06:NC:InvMotorPol:Acc_RBV
HXR:PC:06:NC:InvMotorPol:Desc_RBV
HXR:PC:06:NC:InvMotorPol:Name_RBV
HXR:PC:06:NC:InvMotorPol:TLastUp_RBV
HXR:PC:06:NC:InvMotorPol:EU_RBV
HXR:PC:06:NC:JogIncBwd:Goal_RBV
HXR:PC:06:NC:JogIncBwd:Goal
HXR:PC:06:NC:JogIncBwd:Val_RBV
HXR:PC:06:NC:JogIncBwd:Acc_RBV
HXR:PC:06:NC:JogIncBwd:Desc_RBV
HXR:PC:06:NC:JogIncBwd:Name_RBV
HXR:PC:06:NC:JogIncBwd:TLastUp_RBV
HXR:PC:06:NC:JogIncBwd:EU_RBV
HXR:PC:06:NC:JogIncFwd:Goal_RBV
HXR:PC:06:NC:JogIncFwd:Goal
HXR:PC:06:NC:JogIncFwd:Val_RBV
HXR:PC:06:NC:JogIncFwd:Acc_RBV
HXR:PC:06:NC:JogIncFwd:Desc_RBV
HXR:PC:06:NC:JogIncFwd:Name_RBV
HXR:PC:06:NC:JogIncFwd:TLastUp_RBV
HXR:PC:06:NC:JogIncFwd:EU_RBV
HXR:PC:06:NC:ManVelFast:Goal_RBV
HXR:PC:06:NC:ManVelFast:Goal
HXR:PC:06:NC:ManVelFast:Val_RBV
HXR:PC:06:NC:ManVelFast:Acc_RBV
HXR:PC:06:NC:ManVelFast:Desc_RBV
HXR:PC:06:NC:ManVelFast:Name_RBV
HXR:PC:06:NC:ManVelFast:TLastUp_RBV
HXR:PC:06:NC:ManVelFast:EU_RBV
HXR:PC:06:NC:ManVelSlow:Goal_RBV
HXR:PC:06:NC:ManVelSlow:Goal
HXR:PC:06:NC:ManVelSlow:Val_RBV
HXR:PC:06:NC:ManVelSlow:Acc_RBV
HXR:PC:06:NC:ManVelSlow:Desc_RBV
HXR:PC:06:NC:ManVelSlow:Name_RBV
HXR:PC:06:NC:ManVelSlow:TLastUp_RBV
HXR:PC:06:NC:ManVelSlow:EU_RBV
HXR:PC:06:NC:MaxPosDevAuxAxis:Goal_RBV
HXR:PC:06:NC:MaxPosDevAuxAxis:Goal
HXR:PC:06:NC:MaxPosDevAuxAxis:Val_RBV
HXR:PC:06:NC:MaxPosDevAuxAxis:Acc_RBV
HXR:PC:06:NC:MaxPosDevAuxAxis:Desc_RBV
HXR:PC:06:NC:MaxPosDevAuxAxis:Name_RBV
HXR:PC:06:NC:MaxPosDevAuxAxis:TLastUp_RBV
HXR:PC:06:NC:MaxPosDevAuxAxis:EU_RBV
HXR:PC:06:NC:MaxAcc:Goal_RBV
HXR:PC:06:NC:MaxAcc:Goal
HXR:PC:06:NC:MaxAcc:Val_RBV
HXR:PC:06:NC:MaxAcc:Acc_RBV
HXR:PC:06:NC:MaxAcc:Desc_RBV
HXR:PC:06:NC:MaxAcc:Name_RBV
HXR:PC:06:NC:MaxAcc:TLastUp_RBV
HXR:PC:06:NC:MaxAcc:EU_RBV
HXR:PC:06:NC:MaxDec:Goal_RBV
HXR:PC:06:NC:MaxDec:Goal
HXR:PC:06:NC:MaxDec:Val_RBV
HXR:PC:06:NC:MaxDec:Acc_RBV
HXR:PC:06:NC:MaxDec:Desc_RBV
HXR:PC:06:NC:MaxDec:Name_RBV
HXR:PC:06:NC:MaxDec:TLastUp_RBV
HXR:PC:06:NC:MaxDec:EU_RBV
HXR:PC:06:NC:MaxDriveOutputLim:Goal_RBV
HXR:PC:06:NC:MaxDriveOutputLim:Goal
HXR:PC:06:NC:MaxDriveOutputLim:Val_RBV
HXR:PC:06:NC:MaxDriveOutputLim:Acc_RBV
HXR:PC:06:NC:MaxDriveOutputLim:Desc_RBV
HXR:PC:06:NC:MaxDriveOutputLim:Name_RBV
HXR:PC:06:NC:MaxDriveOutputLim:TLastUp_RBV
HXR:PC:06:NC:MaxDriveOutputLim:EU_RBV
HXR:PC:06:NC:MaxPos:Goal_RBV
HXR:PC:06:NC:MaxPos:Goal
HXR:PC:06:NC:MaxPos:Val_RBV
HXR:PC:06:NC:MaxPos:Acc_RBV
HXR:PC:06:NC:MaxPos:Desc_RBV
HXR:PC:06:NC:MaxPos:Name_RBV
HXR:PC:06:NC:MaxPos:TLastUp_RBV
HXR:PC:06:NC:MaxPos:EU_RBV
HXR:PC:06:NC:MaxPosLagFilterTime:Goal_RBV
HXR:PC:06:NC:MaxPosLagFilterTime:Goal
HXR:PC:06:NC:MaxPosLagFilterTime:Val_RBV
HXR:PC:06:NC:MaxPosLagFilterTime:Acc_RBV
HXR:PC:06:NC:MaxPosLagFilterTime:Desc_RBV
HXR:PC:06:NC:MaxPosLagFilterTime:Name_RBV
HXR:PC:06:NC:MaxPosLagFilterTime:TLastUp_RBV
HXR:PC:06:NC:MaxPosLagFilterTime:EU_RBV
HXR:PC:06:NC:MaxPosLagVal:Goal_RBV
HXR:PC:06:NC:MaxPosLagVal:Goal
HXR:PC:06:NC:MaxPosLagVal:Val_RBV
HXR:PC:06:NC:MaxPosLagVal:Acc_RBV
HXR:PC:06:NC:MaxPosLagVal:Desc_RBV
HXR:PC:06:NC:MaxPosLagVal:Name_RBV
HXR:PC:06:NC:MaxPosLagVal:TLastUp_RBV
HXR:PC:06:NC:MaxPosLagVal:EU_RBV
HXR:PC:06:NC:MaxVel:Goal_RBV
HXR:PC:06:NC:MaxVel:Goal
HXR:PC:06:NC:MaxVel:Val_RBV
HXR:PC:06:NC:MaxVel:Acc_RBV
HXR:PC:06:NC:MaxVel:Desc_RBV
HXR:PC:06:NC:MaxVel:Name_RBV
HXR:PC:06:NC:MaxVel:TLastUp_RBV
HXR:PC:06:NC:MaxVel:EU_RBV
HXR:PC:06:NC:MinDriveOutputLim:Goal_RBV
HXR:PC:06:NC:MinDriveOutputLim:Goal
HXR:PC:06:NC:MinDriveOutputLim:Val_RBV
HXR:PC:06:NC:MinDriveOutputLim:Acc_RBV
HXR:PC:06:NC:MinDriveOutputLim:Desc_RBV
HXR:PC:06:NC:MinDriveOutputLim:Name_RBV
HXR:PC:06:NC:MinDriveOutputLim:TLastUp_RBV
HXR:PC:06:NC:MinDriveOutputLim:EU_RBV
HXR:PC:06:NC:MinPos:Goal_RBV
HXR:PC:06:NC:MinPos:Goal
HXR:PC:06:NC:MinPos:Val_RBV
HXR:PC:06:NC:MinPos:Acc_RBV
HXR:PC:06:NC:MinPos:Desc_RBV
HXR:PC:06:NC:MinPos:Name_RBV
HXR:PC:06:NC:MinPos:TLastUp_RBV
HXR:PC:06:NC:MinPos:EU_RBV
HXR:PC:06:NC:ModuloFactor:Goal_RBV
HXR:PC:06:NC:ModuloFactor:Goal
HXR:PC:06:NC:ModuloFactor:Val_RBV
HXR:PC:06:NC:ModuloFactor:Acc_RBV
HXR:PC:06:NC:ModuloFactor:Desc_RBV
HXR:PC:06:NC:ModuloFactor:Name_RBV
HXR:PC:06:NC:ModuloFactor:TLastUp_RBV
HXR:PC:06:NC:ModuloFactor:EU_RBV
HXR:PC:06:NC:ModuloStartTolWin:Goal_RBV
HXR:PC:06:NC:ModuloStartTolWin:Goal
HXR:PC:06:NC:ModuloStartTolWin:Val_RBV
HXR:PC:06:NC:ModuloStartTolWin:Acc_RBV
HXR:PC:06:NC:ModuloStartTolWin:Desc_RBV
HXR:PC:06:NC:ModuloStartTolWin:Name_RBV
HXR:PC:06:NC:ModuloStartTolWin:TLastUp_RBV
HXR:PC:06:NC:ModuloStartTolWin:EU_RBV
HXR:PC:06:NC:MotionMon:Goal_RBV
HXR:PC:06:NC:MotionMon:Goal
HXR:PC:06:NC:MotionMon:Val_RBV
HXR:PC:06:NC:MotionMon:Acc_RBV
HXR:PC:06:NC:MotionMon:Desc_RBV
HXR:PC:06:NC:MotionMon:Name_RBV
HXR:PC:06:NC:MotionMon:TLastUp_RBV
HXR:PC:06:NC:MotionMon:EU_RBV
HXR:PC:06:NC:MotionMonTime:Goal_RBV
HXR:PC:06:NC:MotionMonTime:Goal
HXR:PC:06:NC:MotionMonTime:Val_RBV
HXR:PC:06:NC:MotionMonTime:Acc_RBV
HXR:PC:06:NC:MotionMonTime:Desc_RBV
HXR:PC:06:NC:MotionMonTime:Name_RBV
HXR:PC:06:NC:MotionMonTime:TLastUp_RBV
HXR:PC:06:NC:MotionMonTime:EU_RBV
HXR:PC:06:NC:MotionMonWindow:Goal_RBV
HXR:PC:06:NC:MotionMonWindow:Goal
HXR:PC:06:NC:MotionMonWindow:Val_RBV
HXR:PC:06:NC:MotionMonWindow:Acc_RBV
HXR:PC:06:NC:MotionMonWindow:Desc_RBV
HXR:PC:06:NC:MotionMonWindow:Name_RBV
HXR:PC:06:NC:MotionMonWindow:TLastUp_RBV
HXR:PC:06:NC:MotionMonWindow:EU_RBV
HXR:PC:06:NC:OffsetLimit:Goal_RBV
HXR:PC:06:NC:OffsetLimit:Goal
HXR:PC:06:NC:OffsetLimit:Val_RBV
HXR:PC:06:NC:OffsetLimit:Acc_RBV
HXR:PC:06:NC:OffsetLimit:Desc_RBV
HXR:PC:06:NC:OffsetLimit:Name_RBV
HXR:PC:06:NC:OffsetLimit:TLastUp_RBV
HXR:PC:06:NC:OffsetLimit:EU_RBV
HXR:PC:06:NC:OffsetTimer:Goal_RBV
HXR:PC:06:NC:OffsetTimer:Goal
HXR:PC:06:NC:OffsetTimer:Val_RBV
HXR:PC:06:NC:OffsetTimer:Acc_RBV
HXR:PC:06:NC:OffsetTimer:Desc_RBV
HXR:PC:06:NC:OffsetTimer:Name_RBV
HXR:PC:06:NC:OffsetTimer:TLastUp_RBV
HXR:PC:06:NC:OffsetTimer:EU_RBV
HXR:PC:06:NC:OutputDelayAcceleration:Goal_RBV
HXR:PC:06:NC:OutputDelayAcceleration:Goal
HXR:PC:06:NC:OutputDelayAcceleration:Val_RBV
HXR:PC:06:NC:OutputDelayAcceleration:Acc_RBV
HXR:PC:06:NC:OutputDelayAcceleration:Desc_RBV
HXR:PC:06:NC:OutputDelayAcceleration:Name_RBV
HXR:PC:06:NC:OutputDelayAcceleration:TLastUp_RBV
HXR:PC:06:NC:OutputDelayAcceleration:EU_RBV
HXR:PC:06:NC:OutputDelayTorqueOffset:Goal_RBV
HXR:PC:06:NC:OutputDelayTorqueOffset:Goal
HXR:PC:06:NC:OutputDelayTorqueOffset:Val_RBV
HXR:PC:06:NC:OutputDelayTorqueOffset:Acc_RBV
HXR:PC:06:NC:OutputDelayTorqueOffset:Desc_RBV
HXR:PC:06:NC:OutputDelayTorqueOffset:Name_RBV
HXR:PC:06:NC:OutputDelayTorqueOffset:TLastUp_RBV
HXR:PC:06:NC:OutputDelayTorqueOffset:EU_RBV
HXR:PC:06:NC:OutputDelayVelo:Goal_RBV
HXR:PC:06:NC:OutputDelayVelo:Goal
HXR:PC:06:NC:OutputDelayVelo:Val_RBV
HXR:PC:06:NC:OutputDelayVelo:Acc_RBV
HXR:PC:06:NC:OutputDelayVelo:Desc_RBV
HXR:PC:06:NC:OutputDelayVelo:Name_RBV
HXR:PC:06:NC:OutputDelayVelo:TLastUp_RBV
HXR:PC:06:NC:OutputDelayVelo:EU_RBV
HXR:PC:06:NC:OutputRatio:Goal_RBV
HXR:PC:06:NC:OutputRatio:Goal
HXR:PC:06:NC:OutputRatio:Val_RBV
HXR:PC:06:NC:OutputRatio:Acc_RBV
HXR:PC:06:NC:OutputRatio:Desc_RBV
HXR:PC:06:NC:OutputRatio:Name_RBV
HXR:PC:06:NC:OutputRatio:TLastUp_RBV
HXR:PC:06:NC:OutputRatio:EU_RBV
HXR:PC:06:NC:OutputScaleAcceleration:Goal_RBV
HXR:PC:06:NC:OutputScaleAcceleration:Goal
HXR:PC:06:NC:OutputScaleAcceleration:Val_RBV
HXR:PC:06:NC:OutputScaleAcceleration:Acc_RBV
HXR:PC:06:NC:OutputScaleAcceleration:Desc_RBV
HXR:PC:06:NC:OutputScaleAcceleration:Name_RBV
HXR:PC:06:NC:OutputScaleAcceleration:TLastUp_RBV
HXR:PC:06:NC:OutputScaleAcceleration:EU_RBV
HXR:PC:06:NC:OutputScalePos:Goal_RBV
HXR:PC:06:NC:OutputScalePos:Goal
HXR:PC:06:NC:OutputScalePos:Val_RBV
HXR:PC:06:NC:OutputScalePos:Acc_RBV
HXR:PC:06:NC:OutputScalePos:Desc_RBV
HXR:PC:06:NC:OutputScalePos:Name_RBV
HXR:PC:06:NC:OutputScalePos:TLastUp_RBV
HXR:PC:06:NC:OutputScalePos:EU_RBV
HXR:PC:06:NC:OutputScaleTorqueOffset:Goal_RBV
HXR:PC:06:NC:OutputScaleTorqueOffset:Goal
HXR:PC:06:NC:OutputScaleTorqueOffset:Val_RBV
HXR:PC:06:NC:OutputScaleTorqueOffset:Acc_RBV
HXR:PC:06:NC:OutputScaleTorqueOffset:Desc_RBV
HXR:PC:06:NC:OutputScaleTorqueOffset:Name_RBV
HXR:PC:06:NC:OutputScaleTorqueOffset:TLastUp_RBV
HXR:PC:06:NC:OutputScaleTorqueOffset:EU_RBV
HXR:PC:06:NC:OutputScaleTorqueSetpoint:Goal_RBV
HXR:PC:06:NC:OutputScaleTorqueSetpoint:Goal
HXR:PC:06:NC:OutputScaleTorqueSetpoint:Val_RBV
HXR:PC:06:NC:OutputScaleTorqueSetpoint:Acc_RBV
HXR:PC:06:NC:OutputScaleTorqueSetpoint:Desc_RBV
HXR:PC:06:NC:OutputScaleTorqueSetpoint:Name_RBV
HXR:PC:06:NC:OutputScaleTorqueSetpoint:TLastUp_RBV
HXR:PC:06:NC:OutputScaleTorqueSetpoint:EU_RBV
HXR:PC:06:NC:OutputScaleVelo:Goal_RBV
HXR:PC:06:NC:OutputScaleVelo:Goal
HXR:PC:06:NC:OutputScaleVelo:Val_RBV
HXR:PC:06:NC:OutputScaleVelo:Acc_RBV
HXR:PC:06:NC:OutputScaleVelo:Desc_RBV
HXR:PC:06:NC:OutputScaleVelo:Name_RBV
HXR:PC:06:NC:OutputScaleVelo:TLastUp_RBV
HXR:PC:06:NC:OutputScaleVelo:EU_RBV
HXR:PC:06:NC:PosBias:Goal_RBV
HXR:PC:06:NC:PosBias:Goal
HXR:PC:06:NC:PosBias:Val_RBV
HXR:PC:06:NC:PosBias:Acc_RBV
HXR:PC:06:NC:PosBias:Desc_RBV
HXR:PC:06:NC:PosBias:Name_RBV
HXR:PC:06:NC:PosBias:TLastUp_RBV
HXR:PC:06:NC:PosBias:EU_RBV
HXR:PC:06:NC:PosCorr:Goal_RBV
HXR:PC:06:NC:PosCorr:Goal
HXR:PC:06:NC:PosCorr:Val_RBV
HXR:PC:06:NC:PosCorr:Acc_RBV
HXR:PC:06:NC:PosCorr:Desc_RBV
HXR:PC:06:NC:PosCorr:Name_RBV
HXR:PC:06:NC:PosCorr:TLastUp_RBV
HXR:PC:06:NC:PosCorr:EU_RBV
HXR:PC:06:NC:PosLagMonOn:Goal_RBV
HXR:PC:06:NC:PosLagMonOn:Goal
HXR:PC:06:NC:PosLagMonOn:Val_RBV
HXR:PC:06:NC:PosLagMonOn:Acc_RBV
HXR:PC:06:NC:PosLagMonOn:Desc_RBV
HXR:PC:06:NC:PosLagMonOn:Name_RBV
HXR:PC:06:NC:PosLagMonOn:TLastUp_RBV
HXR:PC:06:NC:PosLagMonOn:EU_RBV
HXR:PC:06:NC:PosRangeMonOn:Goal_RBV
HXR:PC:06:NC:PosRangeMonOn:Goal
HXR:PC:06:NC:PosRangeMonOn:Val_RBV
HXR:PC:06:NC:PosRangeMonOn:Acc_RBV
HXR:PC:06:NC:PosRangeMonOn:Desc_RBV
HXR:PC:06:NC:PosRangeMonOn:Name_RBV
HXR:PC:06:NC:PosRangeMonOn:TLastUp_RBV
HXR:PC:06:NC:PosRangeMonOn:EU_RBV
HXR:PC:06:NC:PosRangeWindow:Goal_RBV
HXR:PC:06:NC:PosRangeWindow:Goal
HXR:PC:06:NC:PosRangeWindow:Val_RBV
HXR:PC:06:NC:PosRangeWindow:Acc_RBV
HXR:PC:06:NC:PosRangeWindow:Desc_RBV
HXR:PC:06:NC:PosRangeWindow:Name_RBV
HXR:PC:06:NC:PosRangeWindow:TLastUp_RBV
HXR:PC:06:NC:PosRangeWindow:EU_RBV
HXR:PC:06:NC:PropFactorMoving:Goal_RBV
HXR:PC:06:NC:PropFactorMoving:Goal
HXR:PC:06:NC:PropFactorMoving:Val_RBV
HXR:PC:06:NC:PropFactorMoving:Acc_RBV
HXR:PC:06:NC:PropFactorMoving:Desc_RBV
HXR:PC:06:NC:PropFactorMoving:Name_RBV
HXR:PC:06:NC:PropFactorMoving:TLastUp_RBV
HXR:PC:06:NC:PropFactorMoving:EU_RBV
HXR:PC:06:NC:PropFactorStandstill:Goal_RBV
HXR:PC:06:NC:PropFactorStandstill:Goal
HXR:PC:06:NC:PropFactorStandstill:Val_RBV
HXR:PC:06:NC:PropFactorStandstill:Acc_RBV
HXR:PC:06:NC:PropFactorStandstill:Desc_RBV
HXR:PC:06:NC:PropFactorStandstill:Name_RBV
HXR:PC:06:NC:PropFactorStandstill:TLastUp_RBV
HXR:PC:06:NC:PropFactorStandstill:EU_RBV
HXR:PC:06:NC:RapidTraverseVelo:Goal_RBV
HXR:PC:06:NC:RapidTraverseVelo:Goal
HXR:PC:06:NC:RapidTraverseVelo:Val_RBV
HXR:PC:06:NC:RapidTraverseVelo:Acc_RBV
HXR:PC:06:NC:RapidTraverseVelo:Desc_RBV
HXR:PC:06:NC:RapidTraverseVelo:Name_RBV
HXR:PC:06:NC:RapidTraverseVelo:TLastUp_RBV
HXR:PC:06:NC:RapidTraverseVelo:EU_RBV
HXR:PC:06:NC:ReferenceMode:Goal_RBV
HXR:PC:06:NC:ReferenceMode:Goal
HXR:PC:06:NC:ReferenceMode:Val_RBV
HXR:PC:06:NC:ReferenceMode:Acc_RBV
HXR:PC:06:NC:ReferenceMode:Desc_RBV
HXR:PC:06:NC:ReferenceMode:Name_RBV
HXR:PC:06:NC:ReferenceMode:TLastUp_RBV
HXR:PC:06:NC:ReferenceMode:EU_RBV
HXR:PC:06:NC:RefVel:Goal_RBV
HXR:PC:06:NC:RefVel:Goal
HXR:PC:06:NC:RefVel:Val_RBV
HXR:PC:06:NC:RefVel:Acc_RBV
HXR:PC:06:NC:RefVel:Desc_RBV
HXR:PC:06:NC:RefVel:Name_RBV
HXR:PC:06:NC:RefVel:TLastUp_RBV
HXR:PC:06:NC:RefVel:EU_RBV
HXR:PC:06:NC:ScaleFactDenom:Goal_RBV
HXR:PC:06:NC:ScaleFactDenom:Goal
HXR:PC:06:NC:ScaleFactDenom:Val_RBV
HXR:PC:06:NC:ScaleFactDenom:Acc_RBV
HXR:PC:06:NC:ScaleFactDenom:Desc_RBV
HXR:PC:06:NC:ScaleFactDenom:Name_RBV
HXR:PC:06:NC:ScaleFactDenom:TLastUp_RBV
HXR:PC:06:NC:ScaleFactDenom:EU_RBV
HXR:PC:06:NC:ScaleFactNum:Goal_RBV
HXR:PC:06:NC:ScaleFactNum:Goal
HXR:PC:06:NC:ScaleFactNum:Val_RBV
HXR:PC:06:NC:ScaleFactNum:Acc_RBV
HXR:PC:06:NC:ScaleFactNum:Desc_RBV
HXR:PC:06:NC:ScaleFactNum:Name_RBV
HXR:PC:06:NC:ScaleFactNum:TLastUp_RBV
HXR:PC:06:NC:ScaleFactNum:EU_RBV
HXR:PC:06:NC:SlaveCouplingFactor:Goal_RBV
HXR:PC:06:NC:SlaveCouplingFactor:Goal
HXR:PC:06:NC:SlaveCouplingFactor:Val_RBV
HXR:PC:06:NC:SlaveCouplingFactor:Acc_RBV
HXR:PC:06:NC:SlaveCouplingFactor:Desc_RBV
HXR:PC:06:NC:SlaveCouplingFactor:Name_RBV
HXR:PC:06:NC:SlaveCouplingFactor:TLastUp_RBV
HXR:PC:06:NC:SlaveCouplingFactor:EU_RBV
HXR:PC:06:NC:SmoothFilterOrder:Goal_RBV
HXR:PC:06:NC:SmoothFilterOrder:Goal
HXR:PC:06:NC:SmoothFilterOrder:Val_RBV
HXR:PC:06:NC:SmoothFilterOrder:Acc_RBV
HXR:PC:06:NC:SmoothFilterOrder:Desc_RBV
HXR:PC:06:NC:SmoothFilterOrder:Name_RBV
HXR:PC:06:NC:SmoothFilterOrder:TLastUp_RBV
HXR:PC:06:NC:SmoothFilterOrder:EU_RBV
HXR:PC:06:NC:SmoothFilterTime:Goal_RBV
HXR:PC:06:NC:SmoothFilterTime:Goal
HXR:PC:06:NC:SmoothFilterTime:Val_RBV
HXR:PC:06:NC:SmoothFilterTime:Acc_RBV
HXR:PC:06:NC:SmoothFilterTime:Desc_RBV
HXR:PC:06:NC:SmoothFilterTime:Name_RBV
HXR:PC:06:NC:SmoothFilterTime:TLastUp_RBV
HXR:PC:06:NC:SmoothFilterTime:EU_RBV
HXR:PC:06:NC:SmoothFilterType:Goal_RBV
HXR:PC:06:NC:SmoothFilterType:Goal
HXR:PC:06:NC:SmoothFilterType:Val_RBV
HXR:PC:06:NC:SmoothFilterType:Acc_RBV
HXR:PC:06:NC:SmoothFilterType:Desc_RBV
HXR:PC:06:NC:SmoothFilterType:Name_RBV
HXR:PC:06:NC:SmoothFilterType:TLastUp_RBV
HXR:PC:06:NC:SmoothFilterType:EU_RBV
HXR:PC:06:NC:SoftPosMaxOn:Goal_RBV
HXR:PC:06:NC:SoftPosMaxOn:Goal
HXR:PC:06:NC:SoftPosMaxOn:Val_RBV
HXR:PC:06:NC:SoftPosMaxOn:Acc_RBV
HXR:PC:06:NC:SoftPosMaxOn:Desc_RBV
HXR:PC:06:NC:SoftPosMaxOn:Name_RBV
HXR:PC:06:NC:SoftPosMaxOn:TLastUp_RBV
HXR:PC:06:NC:SoftPosMaxOn:EU_RBV
HXR:PC:06:NC:SoftPosMinOn:Goal_RBV
HXR:PC:06:NC:SoftPosMinOn:Goal
HXR:PC:06:NC:SoftPosMinOn:Val_RBV
HXR:PC:06:NC:SoftPosMinOn:Acc_RBV
HXR:PC:06:NC:SoftPosMinOn:Desc_RBV
HXR:PC:06:NC:SoftPosMinOn:Name_RBV
HXR:PC:06:NC:SoftPosMinOn:TLastUp_RBV
HXR:PC:06:NC:SoftPosMinOn:EU_RBV
HXR:PC:06:NC:TargetPosMon:Goal_RBV
HXR:PC:06:NC:TargetPosMon:Goal
HXR:PC:06:NC:TargetPosMon:Val_RBV
HXR:PC:06:NC:TargetPosMon:Acc_RBV
HXR:PC:06:NC:TargetPosMon:Desc_RBV
HXR:PC:06:NC:TargetPosMon:Name_RBV
HXR:PC:06:NC:TargetPosMon:TLastUp_RBV
HXR:PC:06:NC:TargetPosMon:EU_RBV
HXR:PC:06:NC:TargetPosMonTime:Goal_RBV
HXR:PC:06:NC:TargetPosMonTime:Goal
HXR:PC:06:NC:TargetPosMonTime:Val_RBV
HXR:PC:06:NC:TargetPosMonTime:Acc_RBV
HXR:PC:06:NC:TargetPosMonTime:Desc_RBV
HXR:PC:06:NC:TargetPosMonTime:Name_RBV
HXR:PC:06:NC:TargetPosMonTime:TLastUp_RBV
HXR:PC:06:NC:TargetPosMonTime:EU_RBV
HXR:PC:06:NC:TargetPosWindow:Goal_RBV
HXR:PC:06:NC:TargetPosWindow:Goal
HXR:PC:06:NC:TargetPosWindow:Val_RBV
HXR:PC:06:NC:TargetPosWindow:Acc_RBV
HXR:PC:06:NC:TargetPosWindow:Desc_RBV
HXR:PC:06:NC:TargetPosWindow:Name_RBV
HXR:PC:06:NC:TargetPosWindow:TLastUp_RBV
HXR:PC:06:NC:TargetPosWindow:EU_RBV
HXR:PC:06:NC:ToleranceBallAuxAxis:Goal_RBV
HXR:PC:06:NC:ToleranceBallAuxAxis:Goal
HXR:PC:06:NC:ToleranceBallAuxAxis:Val_RBV
HXR:PC:06:NC:ToleranceBallAuxAxis:Acc_RBV
HXR:PC:06:NC:ToleranceBallAuxAxis:Desc_RBV
HXR:PC:06:NC:ToleranceBallAuxAxis:Name_RBV
HXR:PC:06:NC:ToleranceBallAuxAxis:TLastUp_RBV
HXR:PC:06:NC:ToleranceBallAuxAxis:EU_RBV
HXR:PC:06:NC:VeloJumpFactor:Goal_RBV
HXR:PC:06:NC:VeloJumpFactor:Goal
HXR:PC:06:NC:VeloJumpFactor:Val_RBV
HXR:PC:06:NC:VeloJumpFactor:Acc_RBV
HXR:PC:06:NC:VeloJumpFactor:Desc_RBV
HXR:PC:06:NC:VeloJumpFactor:Name_RBV
HXR:PC:06:NC:VeloJumpFactor:TLastUp_RBV
HXR:PC:06:NC:VeloJumpFactor:EU_RBV
HXR:PC:06:NC:VeloOverrideType:Goal_RBV
HXR:PC:06:NC:VeloOverrideType:Goal
HXR:PC:06:NC:VeloOverrideType:Val_RBV
HXR:PC:06:NC:VeloOverrideType:Acc_RBV
HXR:PC:06:NC:VeloOverrideType:Desc_RBV
HXR:PC:06:NC:VeloOverrideType:Name_RBV
HXR:PC:06:NC:VeloOverrideType:TLastUp_RBV
HXR:PC:06:NC:VeloOverrideType:EU_RBV
HXR:PC:06:NC:VeloThresh:Goal_RBV
HXR:PC:06:NC:VeloThresh:Goal
HXR:PC:06:NC:VeloThresh:Val_RBV
HXR:PC:06:NC:VeloThresh:Acc_RBV
HXR:PC:06:NC:VeloThresh:Desc_RBV
HXR:PC:06:NC:VeloThresh:Name_RBV
HXR:PC:06:NC:VeloThresh:TLastUp_RBV
HXR:PC:06:NC:VeloThresh:EU_RBV
HXR:PC:01:SelG:Brake:01:HardChNum_RBV
HXR:PC:01:SelG:Brake:01:HardChNum
HXR:PC:01:SelG:Brake:01:SoftChNum_RBV
HXR:PC:01:SelG:Brake:01:SoftChNum
HXR:PC:01:SelG:Brake:01:ID_RBV
HXR:PC:01:SelG:Brake:01:ID
HXR:PC:01:SelG:DI:01:HardChNum_RBV
HXR:PC:01:SelG:DI:01:HardChNum
HXR:PC:01:SelG:DI:01:SoftChNum_RBV
HXR:PC:01:SelG:DI:01:SoftChNum
HXR:PC:01:SelG:DI:01:ID_RBV
HXR:PC:01:SelG:DI:01:ID
HXR:PC:01:SelG:DI:02:HardChNum_RBV
HXR:PC:01:SelG:DI:02:HardChNum
HXR:PC:01:SelG:DI:02:SoftChNum_RBV
HXR:PC:01:SelG:DI:02:SoftChNum
HXR:PC:01:SelG:DI:02:ID_RBV
HXR:PC:01:SelG:DI:02:ID
HXR:PC:01:SelG:DI:03:HardChNum_RBV
HXR:PC:01:SelG:DI:03:HardChNum
HXR:PC:01:SelG:DI:03:SoftChNum_RBV
HXR:PC:01:SelG:DI:03:SoftChNum
HXR:PC:01:SelG:DI:03:ID_RBV
HXR:PC:01:SelG:DI:03:ID
HXR:PC:01:SelG:FastStop:01:HardChNum_RBV
HXR:PC:01:SelG:FastStop:01:HardChNum
HXR:PC:01:SelG:FastStop:01:SoftChNum_RBV
HXR:PC:01:SelG:FastStop:01:SoftChNum
HXR:PC:01:SelG:FastStop:01:ID_RBV
HXR:PC:01:SelG:FastStop:01:ID
HXR:PC:01:SelG:AxisID_RBV
HXR:PC:01:SelG:AxisID
HXR:PC:01:SelG:DriveID_RBV
HXR:PC:01:SelG:DriveID
HXR:PC:01:SelG:EncoderIdentity_RBV
HXR:PC:01:SelG:EncoderIdentity
HXR:PC:02:SelG:Brake:01:HardChNum_RBV
HXR:PC:02:SelG:Brake:01:HardChNum
HXR:PC:02:SelG:Brake:01:SoftChNum_RBV
HXR:PC:02:SelG:Brake:01:SoftChNum
HXR:PC:02:SelG:Brake:01:ID_RBV
HXR:PC:02:SelG:Brake:01:ID
HXR:PC:02:SelG:DI:01:HardChNum_RBV
HXR:PC:02:SelG:DI:01:HardChNum
HXR:PC:02:SelG:DI:01:SoftChNum_RBV
HXR:PC:02:SelG:DI:01:SoftChNum
HXR:PC:02:SelG:DI:01:ID_RBV
HXR:PC:02:SelG:DI:01:ID
HXR:PC:02:SelG:DI:02:HardChNum_RBV
HXR:PC:02:SelG:DI:02:HardChNum
HXR:PC:02:SelG:DI:02:SoftChNum_RBV
HXR:PC:02:SelG:DI:02:SoftChNum
HXR:PC:02:SelG:DI:02:ID_RBV
HXR:PC:02:SelG:DI:02:ID
HXR:PC:02:SelG:DI:03:HardChNum_RBV
HXR:PC:02:SelG:DI:03:HardChNum
HXR:PC:02:SelG:DI:03:SoftChNum_RBV
HXR:PC:02:SelG:DI:03:SoftChNum
HXR:PC:02:SelG:DI:03:ID_RBV
HXR:PC:02:SelG:DI:03:ID
HXR:PC:02:SelG:FastStop:01:HardChNum_RBV
HXR:PC:02:SelG:FastStop:01:HardChNum
HXR:PC:02:SelG:FastStop:01:SoftChNum_RBV
HXR:PC:02:SelG:FastStop:01:SoftChNum
HXR:PC:02:SelG:FastStop:01:ID_RBV
HXR:PC:02:SelG:FastStop:01:ID
HXR:PC:02:SelG:AxisID_RBV
HXR:PC:02:SelG:AxisID
HXR:PC:02:SelG:DriveID_RBV
HXR:PC:02:SelG:DriveID
HXR:PC:02:SelG:EncoderIdentity_RBV
HXR:PC:02:SelG:EncoderIdentity
HXR:PC:03:SelG:Brake:01:HardChNum_RBV
HXR:PC:03:SelG:Brake:01:HardChNum
HXR:PC:03:SelG:Brake:01:SoftChNum_RBV
HXR:PC:03:SelG:Brake:01:SoftChNum
HXR:PC:03:SelG:Brake:01:ID_RBV
HXR:PC:03:SelG:Brake:01:ID
HXR:PC:03:SelG:DI:01:HardChNum_RBV
HXR:PC:03:SelG:DI:01:HardChNum
HXR:PC:03:SelG:DI:01:SoftChNum_RBV
HXR:PC:03:SelG:DI:01:SoftChNum
HXR:PC:03:SelG:DI:01:ID_RBV
HXR:PC:03:SelG:DI:01:ID
HXR:PC:03:SelG:DI:02:HardChNum_RBV
HXR:PC:03:SelG:DI:02:HardChNum
HXR:PC:03:SelG:DI:02:SoftChNum_RBV
HXR:PC:03:SelG:DI:02:SoftChNum
HXR:PC:03:SelG:DI:02:ID_RBV
HXR:PC:03:SelG:DI:02:ID
HXR:PC:03:SelG:DI:03:HardChNum_RBV
HXR:PC:03:SelG:DI:03:HardChNum
HXR:PC:03:SelG:DI:03:SoftChNum_RBV
HXR:PC:03:SelG:DI:03:SoftChNum
HXR:PC:03:SelG:DI:03:ID_RBV
HXR:PC:03:SelG:DI:03:ID
HXR:PC:03:SelG:FastStop:01:HardChNum_RBV
HXR:PC:03:SelG:FastStop:01:HardChNum
HXR:PC:03:SelG:FastStop:01:SoftChNum_RBV
HXR:PC:03:SelG:FastStop:01:SoftChNum
HXR:PC:03:SelG:FastStop:01:ID_RBV
HXR:PC:03:SelG:FastStop:01:ID
HXR:PC:03:SelG:AxisID_RBV
HXR:PC:03:SelG:AxisID
HXR:PC:03:SelG:DriveID_RBV
HXR:PC:03:SelG:DriveID
HXR:PC:03:SelG:EncoderIdentity_RBV
HXR:PC:03:SelG:EncoderIdentity
HXR:PC:04:SelG:Brake:01:HardChNum_RBV
HXR:PC:04:SelG:Brake:01:HardChNum
HXR:PC:04:SelG:Brake:01:SoftChNum_RBV
HXR:PC:04:SelG:Brake:01:SoftChNum
HXR:PC:04:SelG:Brake:01:ID_RBV
HXR:PC:04:SelG:Brake:01:ID
HXR:PC:04:SelG:DI:01:HardChNum_RBV
HXR:PC:04:SelG:DI:01:HardChNum
HXR:PC:04:SelG:DI:01:SoftChNum_RBV
HXR:PC:04:SelG:DI:01:SoftChNum
HXR:PC:04:SelG:DI:01:ID_RBV
HXR:PC:04:SelG:DI:01:ID
HXR:PC:04:SelG:DI:02:HardChNum_RBV
HXR:PC:04:SelG:DI:02:HardChNum
HXR:PC:04:SelG:DI:02:SoftChNum_RBV
HXR:PC:04:SelG:DI:02:SoftChNum
HXR:PC:04:SelG:DI:02:ID_RBV
HXR:PC:04:SelG:DI:02:ID
HXR:PC:04:SelG:DI:03:HardChNum_RBV
HXR:PC:04:SelG:DI:03:HardChNum
HXR:PC:04:SelG:DI:03:SoftChNum_RBV
HXR:PC:04:SelG:DI:03:SoftChNum
HXR:PC:04:SelG:DI:03:ID_RBV
HXR:PC:04:SelG:DI:03:ID
HXR:PC:04:SelG:FastStop:01:HardChNum_RBV
HXR:PC:04:SelG:FastStop:01:HardChNum
HXR:PC:04:SelG:FastStop:01:SoftChNum_RBV
HXR:PC:04:SelG:FastStop:01:SoftChNum
HXR:PC:04:SelG:FastStop:01:ID_RBV
HXR:PC:04:SelG:FastStop:01:ID
HXR:PC:04:SelG:AxisID_RBV
HXR:PC:04:SelG:AxisID
HXR:PC:04:SelG:DriveID_RBV
HXR:PC:04:SelG:DriveID
HXR:PC:04:SelG:EncoderIdentity_RBV
HXR:PC:04:SelG:EncoderIdentity
HXR:PC:05:SelG:Brake:01:HardChNum_RBV
HXR:PC:05:SelG:Brake:01:HardChNum
HXR:PC:05:SelG:Brake:01:SoftChNum_RBV
HXR:PC:05:SelG:Brake:01:SoftChNum
HXR:PC:05:SelG:Brake:01:ID_RBV
HXR:PC:05:SelG:Brake:01:ID
HXR:PC:05:SelG:DI:01:HardChNum_RBV
HXR:PC:05:SelG:DI:01:HardChNum
HXR:PC:05:SelG:DI:01:SoftChNum_RBV
HXR:PC:05:SelG:DI:01:SoftChNum
HXR:PC:05:SelG:DI:01:ID_RBV
HXR:PC:05:SelG:DI:01:ID
HXR:PC:05:SelG:DI:02:HardChNum_RBV
HXR:PC:05:SelG:DI:02:HardChNum
HXR:PC:05:SelG:DI:02:SoftChNum_RBV
HXR:PC:05:SelG:DI:02:SoftChNum
HXR:PC:05:SelG:DI:02:ID_RBV
HXR:PC:05:SelG:DI:02:ID
HXR:PC:05:SelG:DI:03:HardChNum_RBV
HXR:PC:05:SelG:DI:03:HardChNum
HXR:PC:05:SelG:DI:03:SoftChNum_RBV
HXR:PC:05:SelG:DI:03:SoftChNum
HXR:PC:05:SelG:DI:03:ID_RBV
HXR:PC:05:SelG:DI:03:ID
HXR:PC:05:SelG:FastStop:01:HardChNum_RBV
HXR:PC:05:SelG:FastStop:01:HardChNum
HXR:PC:05:SelG:FastStop:01:SoftChNum_RBV
HXR:PC:05:SelG:FastStop:01:SoftChNum
HXR:PC:05:SelG:FastStop:01:ID_RBV
HXR:PC:05:SelG:FastStop:01:ID
HXR:PC:05:SelG:AxisID_RBV
HXR:PC:05:SelG:AxisID
HXR:PC:05:SelG:DriveID_RBV
HXR:PC:05:SelG:DriveID
HXR:PC:05:SelG:EncoderIdentity_RBV
HXR:PC:05:SelG:EncoderIdentity
HXR:PC:06:SelG:Brake:01:HardChNum_RBV
HXR:PC:06:SelG:Brake:01:HardChNum
HXR:PC:06:SelG:Brake:01:SoftChNum_RBV
HXR:PC:06:SelG:Brake:01:SoftChNum
HXR:PC:06:SelG:Brake:01:ID_RBV
HXR:PC:06:SelG:Brake:01:ID
HXR:PC:06:SelG:DI:01:HardChNum_RBV
HXR:PC:06:SelG:DI:01:HardChNum
HXR:PC:06:SelG:DI:01:SoftChNum_RBV
HXR:PC:06:SelG:DI:01:SoftChNum
HXR:PC:06:SelG:DI:01:ID_RBV
HXR:PC:06:SelG:DI:01:ID
HXR:PC:06:SelG:DI:02:HardChNum_RBV
HXR:PC:06:SelG:DI:02:HardChNum
HXR:PC:06:SelG:DI:02:SoftChNum_RBV
HXR:PC:06:SelG:DI:02:SoftChNum
HXR:PC:06:SelG:DI:02:ID_RBV
HXR:PC:06:SelG:DI:02:ID
HXR:PC:06:SelG:DI:03:HardChNum_RBV
HXR:PC:06:SelG:DI:03:HardChNum
HXR:PC:06:SelG:DI:03:SoftChNum_RBV
HXR:PC:06:SelG:DI:03:SoftChNum
HXR:PC:06:SelG:DI:03:ID_RBV
HXR:PC:06:SelG:DI:03:ID
HXR:PC:06:SelG:FastStop:01:HardChNum_RBV
HXR:PC:06:SelG:FastStop:01:HardChNum
HXR:PC:06:SelG:FastStop:01:SoftChNum_RBV
HXR:PC:06:SelG:FastStop:01:SoftChNum
HXR:PC:06:SelG:FastStop:01:ID_RBV
HXR:PC:06:SelG:FastStop:01:ID
HXR:PC:06:SelG:AxisID_RBV
HXR:PC:06:SelG:AxisID
HXR:PC:06:SelG:DriveID_RBV
HXR:PC:06:SelG:DriveID
HXR:PC:06:SelG:EncoderIdentity_RBV
HXR:PC:06:SelG:EncoderIdentity
HXR:PC:LinkSel:Update_RBV
HXR:PC:LinkSel:Update
HXR:PC:LinkSel:SelGr:AxiId_RBV
HXR:PC:LinkSel:SelGr:AxiId
HXR:PC:LinkSel:SelGr:DrvId_RBV
HXR:PC:LinkSel:SelGr:DrvId
HXR:PC:LinkSel:SelGr:EncId_RBV
HXR:PC:LinkSel:SelGr:EncId
HXR:PC:LinkSel:SelGr:Br:HardChNum_RBV
HXR:PC:LinkSel:SelGr:Br:HardChNum
HXR:PC:LinkSel:SelGr:Br:SoftChNum_RBV
HXR:PC:LinkSel:SelGr:Br:SoftChNum
HXR:PC:LinkSel:SelGr:Br:ID_RBV
HXR:PC:LinkSel:SelGr:Br:ID
HXR:PC:LinkSel:SelGr:DI:HardChNum_RBV
HXR:PC:LinkSel:SelGr:DI:HardChNum
HXR:PC:LinkSel:SelGr:DI:SoftChNum_RBV
HXR:PC:LinkSel:SelGr:DI:SoftChNum
HXR:PC:LinkSel:SelGr:DI:ID_RBV
HXR:PC:LinkSel:SelGr:DI:ID
HXR:PC:LinkSel:SelGr:FS:HardChNum_RBV
HXR:PC:LinkSel:SelGr:FS:HardChNum
HXR:PC:LinkSel:SelGr:FS:SoftChNum_RBV
HXR:PC:LinkSel:SelGr:FS:SoftChNum
HXR:PC:LinkSel:SelGr:FS:ID_RBV
HXR:PC:LinkSel:SelGr:FS:ID
